Archive member included to satisfy reference by file (symbol)

..\..\..\..\..\..\..\..\Program Files (x86)\GNU Tools ARM Embedded\5.3 2016q1\arm-none-eabi\lib\armv7-m\libstdc++_nano.a(si_class_type_info.o)
                              ..\obj\SI4703.o (vtable for __cxxabiv1::__si_class_type_info)
..\..\..\..\..\..\..\..\Program Files (x86)\GNU Tools ARM Embedded\5.3 2016q1\arm-none-eabi\lib\armv7-m\libstdc++_nano.a(vmi_class_type_info.o)
                              ..\obj\EntController.o (vtable for __cxxabiv1::__vmi_class_type_info)
..\..\..\..\..\..\..\..\Program Files (x86)\GNU Tools ARM Embedded\5.3 2016q1\arm-none-eabi\lib\armv7-m\libstdc++_nano.a(tinfo.o)
                              ..\..\..\..\..\..\..\..\Program Files (x86)\GNU Tools ARM Embedded\5.3 2016q1\arm-none-eabi\lib\armv7-m\libstdc++_nano.a(si_class_type_info.o) (std::type_info::__is_function_p() const)
..\..\..\..\..\..\..\..\Program Files (x86)\GNU Tools ARM Embedded\5.3 2016q1\arm-none-eabi\lib\armv7-m\libstdc++_nano.a(class_type_info.o)
                              ..\..\..\..\..\..\..\..\Program Files (x86)\GNU Tools ARM Embedded\5.3 2016q1\arm-none-eabi\lib\armv7-m\libstdc++_nano.a(si_class_type_info.o) (__cxxabiv1::__class_type_info::__do_upcast(__cxxabiv1::__class_type_info const*, void**) const)
..\..\..\..\..\..\..\..\Program Files (x86)\GNU Tools ARM Embedded\5.3 2016q1\arm-none-eabi\lib\armv7-m\libstdc++_nano.a(guard.o)
                              ..\obj\EntController.o (__cxa_guard_acquire)
..\..\..\..\..\..\..\..\Program Files (x86)\GNU Tools ARM Embedded\5.3 2016q1\arm-none-eabi\lib\armv7-m\libstdc++_nano.a(del_op.o)
                              ..\..\..\..\..\..\..\..\Program Files (x86)\GNU Tools ARM Embedded\5.3 2016q1\arm-none-eabi\lib\armv7-m\libstdc++_nano.a(si_class_type_info.o) (operator delete(void*))
c:/program files (x86)/gnu tools arm embedded/5.3 2016q1/bin/../lib/gcc/arm-none-eabi/5.3.1/armv7-m\libgcc.a(_arm_addsubdf3.o)
                              ..\obj\DS18B20.o (__aeabi_dadd)
c:/program files (x86)/gnu tools arm embedded/5.3 2016q1/bin/../lib/gcc/arm-none-eabi/5.3.1/armv7-m\libgcc.a(_arm_muldivdf3.o)
                              ..\obj\DS18B20.o (__aeabi_dmul)
c:/program files (x86)/gnu tools arm embedded/5.3 2016q1/bin/../lib/gcc/arm-none-eabi/5.3.1/armv7-m\libgcc.a(_arm_fixdfsi.o)
                              ..\obj\DS18B20.o (__aeabi_d2iz)
c:/program files (x86)/gnu tools arm embedded/5.3 2016q1/bin/../lib/gcc/arm-none-eabi/5.3.1/armv7-m\libgcc.a(_arm_truncdfsf2.o)
                              ..\obj\DS18B20.o (__aeabi_d2f)
c:/program files (x86)/gnu tools arm embedded/5.3 2016q1/bin/../lib/gcc/arm-none-eabi/5.3.1/armv7-m\libgcc.a(_arm_addsubsf3.o)
                              ..\obj\SpaController.o (__aeabi_fsub)
c:/program files (x86)/gnu tools arm embedded/5.3 2016q1/bin/../lib/gcc/arm-none-eabi/5.3.1/armv7-m\libgcc.a(_arm_muldivsf3.o)
                              ..\obj\DS18B20.o (__aeabi_fmul)
c:/program files (x86)/gnu tools arm embedded/5.3 2016q1/bin/../lib/gcc/arm-none-eabi/5.3.1/armv7-m\libgcc.a(_arm_cmpsf2.o)
                              ..\obj\SpaController.o (__aeabi_fcmplt)
c:/program files (x86)/gnu tools arm embedded/5.3 2016q1/bin/../lib/gcc/arm-none-eabi/5.3.1/armv7-m\libgcc.a(_arm_fixsfsi.o)
                              ..\obj\SpaController.o (__aeabi_f2iz)
c:/program files (x86)/gnu tools arm embedded/5.3 2016q1/bin/../lib/gcc/arm-none-eabi/5.3.1/armv7-m\libgcc.a(_arm_fixunssfsi.o)
                              ..\obj\DS18B20.o (__aeabi_f2uiz)
c:/program files (x86)/gnu tools arm embedded/5.3 2016q1/bin/../lib/gcc/arm-none-eabi/5.3.1/armv7-m\libgcc.a(unwind-arm.o)
                              ..\obj\TemperatureSensor.o (__aeabi_unwind_cpp_pr0)
c:/program files (x86)/gnu tools arm embedded/5.3 2016q1/bin/../lib/gcc/arm-none-eabi/5.3.1/armv7-m\libgcc.a(libunwind.o)
                              c:/program files (x86)/gnu tools arm embedded/5.3 2016q1/bin/../lib/gcc/arm-none-eabi/5.3.1/armv7-m\libgcc.a(unwind-arm.o) (restore_core_regs)
c:/program files (x86)/gnu tools arm embedded/5.3 2016q1/bin/../lib/gcc/arm-none-eabi/5.3.1/armv7-m\libgcc.a(pr-support.o)
                              c:/program files (x86)/gnu tools arm embedded/5.3 2016q1/bin/../lib/gcc/arm-none-eabi/5.3.1/armv7-m\libgcc.a(unwind-arm.o) (__gnu_unwind_execute)
..\..\..\..\..\..\..\..\Program Files (x86)\GNU Tools ARM Embedded\5.3 2016q1\arm-none-eabi\lib\armv7-m\libg.a(lib_a-malloc.o)
                              ..\..\..\..\..\..\..\..\Program Files (x86)\GNU Tools ARM Embedded\5.3 2016q1\arm-none-eabi\lib\armv7-m\libstdc++_nano.a(del_op.o) (free)
..\..\..\..\..\..\..\..\Program Files (x86)\GNU Tools ARM Embedded\5.3 2016q1\arm-none-eabi\lib\armv7-m\libg.a(lib_a-mallocr.o)
                              ..\..\..\..\..\..\..\..\Program Files (x86)\GNU Tools ARM Embedded\5.3 2016q1\arm-none-eabi\lib\armv7-m\libg.a(lib_a-malloc.o) (_malloc_r)
[...]
Memory Configuration

Name             Origin             Length             Attributes
rom              0x08000000         0x00010000         xr
ram              0x20000000         0x00005000         xrw
*default*        0x00000000         0xffffffff

Linker script and memory map

                0x20005000                _eram = 0x20005000

.text           0x08000000     0xd236
 *(.isr_vector)
 .isr_vector    0x08000000      0x10c ..\obj\startup_stm32f10x_md.o
                0x08000000                g_pfnVectors
 *(.text*)
 .text          0x0800010c      0x134 ..\obj\u8g_pb.o
                0x0800010c                u8g_pb_Clear
                0x08000120                u8g_pb_IsYIntersection
                0x0800014c                u8g_pb_IsXIntersection
                0x08000160                u8g_pb_IsIntersection
                0x080001c0                u8g_pb_GetPageBox
                0x080001d4                u8g_pb_Is8PixelVisible
                0x0800022c                u8g_pb_WriteBuffer
 .text          0x08000240        0x4 ..\obj\u8g_com_arduino_st7920_custom.o
                0x08000240                u8g_com_arduino_st7920_custom_fn
 .text          0x08000244      0x48c ..\obj\printf.o
                0x08000244                SetOutputUart
                0x08000250                PrintChar
                0x08000290                PutChar
                0x08000298                PutString
                0x080002b8                PutUnsignedInt
                0x0800030c                PutSignedInt
                0x0800039c                PutHexa
                0x08000404                vsnprintf
                0x0800056c                snprintf
                0x0800058c                vsprintf
                0x08000598                sprintf
                0x080005b8                fputc
                0x080005e0                fputs
                0x08000618                vfprintf
                0x08000664                vprintf
                0x08000678                printf
                0x080006a0                fprintf
                0x080006c0                puts
 .text          0x080006d0       0x4c ..\obj\syscalls.o
                0x080006d0                _sbrk
                0x080006ec                link
                0x080006f4                _close
                0x080006fc                _fstat
                0x08000708                _isatty
                0x0800070c                _lseek
                0x08000710                _read
                0x08000714                _write
                0x08000718                abort
 .text          0x0800071c      0x1b8 ..\obj\u8g_dev_st7920_128x64.o
                0x0800071c                u8g_dev_st7920_128x64_fn
                0x080007f8                u8g_dev_st7920_128x64_4x_fn
 .text          0x080008d4      0x148 ..\obj\u8g_com_api.o
                0x080008d4                u8g_InitCom
                0x080008e4                u8g_StopCom
                0x080008f4                u8g_SetChipSelect
                0x08000904                u8g_SetResetLow
                0x08000914                u8g_SetResetHigh
                0x08000924                u8g_SetAddress
                0x08000934                u8g_WriteByte
                0x08000944                u8g_WriteSequence
                0x08000950                u8g_WriteSequenceP
                0x0800095c                u8g_WriteEscSeqP
 .text          0x08000a1c      0x160 ..\obj\TemperatureSensor.o
                0x08000a1c                TemperatureSensor::Reset()
                0x08000a40                TemperatureSensor::IsAvailable()
                0x08000a4c                TemperatureSensor::StartConversion()
                0x08000a88                TemperatureSensor::Init(unsigned long, GPIO_TypeDef*, unsigned short)
                0x08000ac4                TemperatureSensor::ReadTemperature()
                0x08000b0c                TemperatureSensor::TempIsValid()
                0x08000b14                TemperatureSensor::GetTemperature(char (&) [7])
                0x08000b48                TemperatureSensor::GetTemperature()
 .text          0x08000b7c      0x19c ..\obj\radio.o
                0x08000b7c                RADIO::init(bool)
                0x08000b80                RADIO::term()
                0x08000b84                RADIO::setVolume(unsigned char)
                0x08000b88                RADIO::getVolume()
                0x08000b8c                RADIO::setBassBoost(bool)
                0x08000b90                RADIO::getBassBoost()
                0x08000b94                RADIO::setMono(bool)
                0x08000b98                RADIO::getMono()
                0x08000b9c                RADIO::setMute(bool)
                0x08000ba0                RADIO::getMute()
                0x08000ba4                RADIO::setSoftMute(bool)
                0x08000ba8                RADIO::getSoftMute()
                0x08000bac                RADIO::setBand(RADIO_BAND)
                0x08000bd0                RADIO::setFrequency(unsigned short)
                0x08000bd4                RADIO::seekUp(bool)
                0x08000bd4                RADIO::seekDown(bool)
                0x08000bd8                RADIO::getBand()
                0x08000bdc                RADIO::getFrequency()
                0x08000be0                RADIO::getMinFrequency()
                0x08000be4                RADIO::getMaxFrequency()
                0x08000be8                RADIO::getFrequencyStep()
                0x08000bec                RADIO::checkRDS(unsigned short*, unsigned short*, unsigned short*, unsigned short*)
                0x08000bf0                RADIO::getRadioInfo(RADIO_INFO*)
                0x08000c00                RADIO::getAudioInfo(AUDIO_INFO*)
                0x08000c1c                RADIO::formatFrequency(char*, unsigned char)
                0x08000cbc                RADIO::RADIO()
                0x08000cbc                RADIO::RADIO()
                0x08000cdc                RADIO::int16_to_s(char*, unsigned short)
 .text          0x08000d18      0x5bc ..\obj\DS18B20.o
                0x08000d18                DS18B20::Reset()
                0x08000dac                DS18B20::Init(unsigned long, GPIO_TypeDef*, unsigned short)
                0x08000df8                DS18B20::BitRead()
                0x08000e48                DS18B20::ByteRead()
                0x08000e6c                DS18B20::BitWrite(unsigned char)
                0x08000ecc                DS18B20::ByteWrite(unsigned char)
                0x08000eec                DS18B20::AlarmSearch()
                0x08000ef0                DS18B20::ROMRead()
                0x08000f40                DS18B20::ROMMatch()
                0x08000f88                DS18B20::ROMSkip()
                0x08000fa8                DS18B20::TempConvert()
                0x08000fc8                DS18B20::ScratchpadCopy()
                0x08000ff0                DS18B20::ScratchpadSet(char, char, unsigned char)
                0x0800105c                DS18B20::SetPrecision(unsigned char)
                0x08001078                DS18B20::TempRead(float*)
                0x0800114c                DS18B20::TempReadSimple(DS18B20::simple_float*)
                0x08001220                DS18B20::EEROMRecall()
                0x08001258                DS18B20::PowerSupplyRead()
                0x08001284                DS18B20::ScratchpadRead(unsigned char*)
 .text          0x080012d4       0x10 ..\obj\u8g_state.o
                0x080012d4                u8g_state_dummy_cb
                0x080012d8                u8g_SetHardwareBackup
                0x080012e0                u8g_backup_spi
 .text          0x080012e4      0x5f8 ..\obj\Display.o
                0x080012e4                Display::SetDisplayState(bool)
                0x080012f4                Display::DrawSecondScreen()
                0x08001354                Display::SetActiveScreen(Display::Screens)
                0x0800135c                Display::SetTemp(unsigned char, char const*)
                0x08001388                Display::SetHeatingState(bool)
                0x08001390                Display::SetErrorText(char const*)
                0x080013b4                Display::ClearErrorText()
                0x080013c4                Display::SetNoWaterAvailable(bool)
                0x080013cc                Display::SetNoTempAvailable(bool)
                0x080013d4                Display::SetStatusBar(char const*)
                0x080013f8                Display::ClearStatusBar()
                0x08001410                Display::SetAudioState(bool)
                0x08001418                Display::SetAudioSource(char const*)
                0x0800143c                Display::SetRadioState(bool)
                0x08001444                Display::SetRadioStereo(bool)
                0x0800144c                Display::SetRadioChannel(unsigned short)
                0x08001488                Display::SetRadioSignalstrength(char)
                0x08001490                Display::WriteText(unsigned char, char const*)
                0x080014c0                Display::WriteHLine(unsigned char, unsigned char, unsigned char, unsigned char)
                0x080014dc                Display::WriteVLine(unsigned char, unsigned char, unsigned char, unsigned char)
                0x080014f8                Display::ClearSecondScreen()
                0x08001540                Display::Init()
                0x080015cc                Display::DrawWaterIcon()
                0x08001628                Display::DrawFrostIcon()
                0x08001680                Display::DrawSignalStrength()
                0x08001764                Display::DrawMainScreen()
                0x080018ac                Display::Draw()
 .text          0x080018dc      0x478 ..\obj\u8g_ll_api.o
                0x080018dc                u8g_call_dev_fn
                0x080018e8                u8g_InitLL
                0x08001914                u8g_FirstPageLL
                0x0800194c                u8g_NextPageLL
                0x08001988                u8g_SetContrastLL
                0x0800199c                u8g_DrawPixelLL
                0x080019b4                u8g_Draw8PixelLL
                0x080019dc                u8g_Draw4TPixelLL
                0x08001a04                u8g_GetWidthLL
                0x08001a1c                u8g_GetHeightLL
                0x08001a34                u8g_GetModeLL
                0x08001a44                u8g_UpdateDimension
                0x08001a90                u8g_Begin
                0x08001aa8                u8g_Init
                0x08001af4                u8g_InitComFn
                0x08001b48                u8g_FirstPage
                0x08001b50                u8g_NextPage
                0x08001b68                u8g_SetContrast
                0x08001b80                u8g_SleepOn
                0x08001b90                u8g_SleepOff
                0x08001ba0                u8g_DrawPixel
                0x08001bbc                u8g_Draw8Pixel
                0x08001be4                u8g_Draw4TPixel
                0x08001c0c                u8g_Draw8ColorPixel
                0x08001c38                u8g_SetColorEntry
                0x08001c60                u8g_SetColorIndex
                0x08001c68                u8g_SetHiColor
                0x08001c74                u8g_SetHiColorByRGB
                0x08001c94                u8g_SetRGB
                0x08001ce4                u8g_GetColorIndex
                0x08001cec                u8g_GetDefaultForegroundColor
                0x08001d00                u8g_SetDefaultForegroundColor
                0x08001d2c                u8g_GetDefaultBackgroundColor
                0x08001d30                u8g_SetDefaultBackgroundColor
                0x08001d38                u8g_GetDefaultMidColor
                0x08001d44                u8g_SetDefaultMidColor
 .text          0x08001d54       0x5c ..\obj\u8g_page.o
                0x08001d54                u8g_page_First
                0x08001d64                u8g_page_Init
                0x08001d74                u8g_page_Next
 .text          0x08001db0      0x2d8 ..\obj\stm32f10x_gpio.o
                0x08001db0                GPIO_DeInit
                0x08001e8c                GPIO_AFIODeInit
                0x08001ea4                GPIO_Init
                0x08001f5c                GPIO_StructInit
                0x08001f6c                GPIO_ReadInputDataBit
                0x08001f78                GPIO_ReadInputData
                0x08001f80                GPIO_ReadOutputDataBit
                0x08001f8c                GPIO_ReadOutputData
                0x08001f94                GPIO_SetBits
                0x08001f98                GPIO_ResetBits
                0x08001f9c                GPIO_WriteBit
                0x08001fa8                GPIO_Write
                0x08001fac                GPIO_PinLockConfig
                0x08001fbc                GPIO_EventOutputConfig
                0x08001fd8                GPIO_EventOutputCmd
                0x08001fe4                GPIO_PinRemapConfig
                0x08002050                GPIO_EXTILineConfig
                0x0800207c                GPIO_ETH_MediaInterfaceConfig
 .text          0x08002088      0x37c ..\obj\stm32f10x_rcc.o
                0x08002088                RCC_DeInit
                0x080020c8                RCC_HSEConfig
                0x08002100                RCC_WaitForHSEStartUp
                0x08002134                RCC_AdjustHSICalibrationValue
                0x08002148                RCC_HSICmd
                0x08002154                RCC_PLLConfig
                0x08002168                RCC_PLLCmd
                0x08002174                RCC_SYSCLKConfig
                0x08002188                RCC_GetSYSCLKSource
                0x08002198                RCC_HCLKConfig
                0x080021ac                RCC_PCLK1Config
                0x080021c0                RCC_PCLK2Config
                0x080021d4                RCC_ITConfig
                0x080021f0                RCC_USBCLKConfig
                0x080021fc                RCC_ADCCLKConfig
                0x08002210                RCC_LSEConfig
                0x08002230                RCC_LSICmd
                0x0800223c                RCC_RTCCLKConfig
                0x0800224c                RCC_RTCCLKCmd
                0x08002258                RCC_GetClocksFreq
                0x080022f0                RCC_AHBPeriphClockCmd
                0x0800230c                RCC_APB2PeriphClockCmd
                0x08002328                RCC_APB1PeriphClockCmd
                0x08002344                RCC_APB2PeriphResetCmd
                0x08002360                RCC_APB1PeriphResetCmd
                0x0800237c                RCC_BackupResetCmd
                0x08002388                RCC_ClockSecuritySystemCmd
                0x08002394                RCC_MCOConfig
                0x080023a0                RCC_GetFlagStatus
                0x080023d4                RCC_ClearFlag
                0x080023e4                RCC_GetITStatus
                0x080023f8                RCC_ClearITPendingBit
 .text          0x08002404      0x278 ..\obj\Keypad.o
                0x08002404                Keypad::McpInit()
                0x080024d4                Keypad::Init()
                0x080024f4                Keypad::IsKeypadWorking()
                0x080024f8                Keypad::RegisterForCallback(KeypadInterrupt&)
                0x08002524                Keypad::ReadKeys()
                0x08002570                Keypad::SetKeyCheckEnabled(bool)
                0x08002578                Keypad::CheckKeysPressed()
 .text          0x0800267c      0x3c8 ..\obj\mcp23017.o
                0x0800267c                mcp23017::I2C_init()
                0x0800270c                mcp23017::WaitWithTimeout(unsigned long)
                0x0800273c                mcp23017::Read(char, char&)
                0x080027e8                mcp23017::Write(char, char)
                0x08002864                mcp23017::Init(I2C_TypeDef*, unsigned long, GPIO_TypeDef*, unsigned long, unsigned short, unsigned short, unsigned short, bool)
                0x080028b8                mcp23017::Direction(mcp23017::Port, char)
                0x080028d4                mcp23017::ConfigurePullUps(mcp23017::Port, char)
                0x080028f0                mcp23017::ConfigureBanked(mcp23017::Bank)
                0x08002924                mcp23017::InterruptEnable(mcp23017::Port, char)
                0x08002940                mcp23017::MirrorInterrupts(bool)
                0x08002988                mcp23017::InterruptPolarity(mcp23017::Polarity)
                0x080029d4                mcp23017::DefaultValue(mcp23017::Port, char)
                0x080029f0                mcp23017::InterruptControl(mcp23017::Port, char)
                0x08002a0c                mcp23017::Write(mcp23017::Port, char)
                0x08002a28                mcp23017::Read(mcp23017::Port, char&)
 .text.Reset_Handler
                0x08002a44       0x44 ..\obj\startup_stm32f10x_md.o
                0x08002a44                Reset_Handler
 *fill*         0x08002a88        0x8 
 .text.Default_Handler
                0x08002a90       0x14 ..\obj\startup_stm32f10x_md.o
                0x08002a90                EXTI2_IRQHandler
                0x08002a90                DebugMon_Handler
                0x08002a90                TIM1_CC_IRQHandler
                0x08002a90                HardFault_Handler
                0x08002a90                PVD_IRQHandler
                0x08002a90                PendSV_Handler
                0x08002a90                NMI_Handler
                0x08002a90                EXTI3_IRQHandler
                0x08002a90                EXTI0_IRQHandler
                0x08002a90                I2C2_EV_IRQHandler
                0x08002a90                UsageFault_Handler
                0x08002a90                ADC1_2_IRQHandler
                0x08002a90                SPI1_IRQHandler
                0x08002a90                TAMPER_IRQHandler
                0x08002a90                DMA1_Channel4_IRQHandler
                0x08002a90                USART3_IRQHandler
                0x08002a90                RTC_IRQHandler
                0x08002a90                DMA1_Channel7_IRQHandler
                0x08002a90                CAN1_RX1_IRQHandler
                0x08002a90                TIM4_IRQHandler
                0x08002a90                I2C1_EV_IRQHandler
                0x08002a90                DMA1_Channel6_IRQHandler
                0x08002a90                TIM3_IRQHandler
                0x08002a90                RCC_IRQHandler
                0x08002a90                TIM1_TRG_COM_IRQHandler
                0x08002a90                DMA1_Channel1_IRQHandler
                0x08002a90                Default_Handler
                0x08002a90                EXTI15_10_IRQHandler
                0x08002a90                EXTI9_5_IRQHandler
                0x08002a90                SPI2_IRQHandler
                0x08002a90                MemManage_Handler
                0x08002a90                SVC_Handler
                0x08002a90                DMA1_Channel5_IRQHandler
                0x08002a90                EXTI4_IRQHandler
                0x08002a90                USB_LP_CAN1_RX0_IRQHandler
                0x08002a90                USB_HP_CAN1_TX_IRQHandler
                0x08002a90                DMA1_Channel3_IRQHandler
                0x08002a90                TIM1_UP_IRQHandler
                0x08002a90                WWDG_IRQHandler
                0x08002a90                TIM2_IRQHandler
                0x08002a90                TIM1_BRK_IRQHandler
                0x08002a90                EXTI1_IRQHandler
                0x08002a90                RTCAlarm_IRQHandler
                0x08002a90                USART2_IRQHandler
                0x08002a90                I2C2_ER_IRQHandler
                0x08002a90                DMA1_Channel2_IRQHandler
                0x08002a90                CAN1_SCE_IRQHandler
                0x08002a90                FLASH_IRQHandler
                0x08002a90                BusFault_Handler
                0x08002a90                I2C1_ER_IRQHandler
                0x08002a90                USBWakeUp_IRQHandler
 .text          0x08002aa4      0x5c8 ..\obj\SI4703.o
                0x08002aa4                SI4703::SI4703()
                0x08002aa4                SI4703::SI4703()
                0x08002abc                SI4703::_readRegisters()
                0x08002b98                SI4703::getFrequency()
                0x08002bb4                SI4703::checkRDS(unsigned short*, unsigned short*, unsigned short*, unsigned short*)
                0x08002be0                SI4703::_saveRegisters()
                0x08002c74                SI4703::init(bool)
                0x08002dd0                SI4703::setPower(bool)
                0x08002e14                SI4703::_waitEnd()
                0x08002e50                SI4703::setFrequency(unsigned short)
                0x08002ea0                SI4703::_seek(bool)
                0x08002ed0                SI4703::seekUp(bool)
                0x08002ef4                SI4703::seekDown(bool)
                0x08002f18                SI4703::setVolume(unsigned char)
                0x08002f44                SI4703::setMono(bool)
                0x08002f78                SI4703::setMute(bool)
                0x08002fa8                SI4703::setSoftMute(bool)
                0x08002fdc                SI4703::setBand(RADIO_BAND)
                0x08002ff8                SI4703::getRadioInfo(RADIO_INFO*)
                0x08003038                SI4703::getAudioInfo(AUDIO_INFO*)
 .text          0x0800306c      0x3d8 ..\obj\u8g_rect.o
                0x0800306c                u8g_draw_hline
                0x080030e0                u8g_draw_vline
                0x08003154                u8g_DrawHLine
                0x08003180                u8g_DrawVLine
                0x080031ac                u8g_DrawFrame
                0x0800320c                u8g_draw_box
                0x08003238                u8g_DrawBox
                0x0800326c                u8g_DrawRFrame
                0x08003364                u8g_DrawRBox
 .text          0x08003444      0x168 ..\obj\RelayBoard.o
                0x08003444                RelayBoard::Init()
                0x08003500                RelayBoard::SwitchRelay(RelayBoard::Relays, bool)
                0x08003564                RelayBoard::ResetToSafety()
                0x08003588                RelayBoard::ResetAudio()
 .text          0x080035ac        0x4 ..\obj\u8g_com_null.o
                0x080035ac                u8g_com_null_fn
 .text          0x080035b0      0x5d8 ..\obj\EntController.o
                0x080035b0                EntController::RdsReceiveTime(unsigned char, unsigned char)
                0x080035b4                non-virtual thunk to EntController::RdsReceiveTime(unsigned char, unsigned char)
                0x080035bc                EntController::RdsReceiveText(char*)
                0x080035c8                non-virtual thunk to EntController::RdsReceiveText(char*)
                0x080035d0                EntController::RdsReceiveServiceName(char*)
                0x080035f8                non-virtual thunk to EntController::RdsReceiveServiceName(char*)
                0x08003654                EntController::EntController()
                0x08003654                EntController::EntController()
                0x080036d4                EntController::RotateAudioOutput()
                0x080036e0                EntController::MoveTV(bool)
                0x0800373c                EntController::Init()
                0x080037b0                EntController::ChangeChannel(bool, bool)
                0x080037f4                EntController::SetAudioOut(EntController::AudioOutput)
                0x08003930                EntController::Monitor()
                0x08003a50                EntController::TogglePower()
                0x08003a74                EntController::ToggleTV()
                0x08003a80                EntController::ChangeVolume(bool)
                0x08003ad4                EntController::KeypadKeysPressed(unsigned short, bool)
 .text          0x08003b88      0x15c ..\obj\delay.o
                0x08003b88                TimerInit
                0x08003bec                SysTick_Handler
                0x08003bfc                SetSysTick
                0x08003c08                GetSysTick
                0x08003c14                SysTickDelay1ms
                0x08003c24                SysTickDelayMs
                0x08003c40                DwtDelayUs
                0x08003c70                DwtDelay1ms
                0x08003ca0                DwtDelayMs
 .text          0x08003ce4      0x150 ..\obj\u8g_arm_uart.o
                0x08003ce4                u8g_Delay
                0x08003ce8                u8g_MicroDelay
                0x08003cf0                u8g_10MicroDelay
                0x08003cf8                init_UART3
                0x08003d80                UART_write_byte
                0x08003d9c                u8g_com_uart_fn
 .text          0x08003e34      0x108 ..\obj\u8g_line.o
                0x08003e34                u8g_DrawLine
 .text          0x08003f3c      0x1a4 ..\obj\usart.o
                0x08003f3c                USART1_Init
                0x08003ff0                USART2_Init
                0x08004074                USART2_SetTX
                0x080040a4                usart_string_append
                0x080040c0                usart_clear_string
                0x080040cc                usart_get_string
                0x080040d4                usart_get_string_length
 .text          0x080040e0      0x20c ..\obj\u8g_pb32h1.o
                0x080040e0                u8g_pb32h1_Clear
                0x080040f4                u8g_pb32h1_Init
                0x08004108                u8g_pb32h1_set_pixel
                0x08004140                u8g_pb32h1_SetPixel
                0x08004168                u8g_pb32h1_Set8PixelStd
                0x080041b4                u8g_pb32h1_Set8PixelOpt2
                0x08004218                u8g_dev_pb32h1_base_fn
 .text          0x080042ec      0x1d4 ..\obj\u8g_pb8h1.o
                0x080042ec                u8g_pb8h1_Init
                0x080042f4                u8g_pb8h1_set_pixel
                0x0800432c                u8g_pb8h1_SetPixel
                0x08004354                u8g_pb8h1_Set8PixelStd
                0x080043a0                u8g_pb8h1_Set8PixelOpt2
                0x08004404                u8g_dev_pb8h1_base_fn
 .text          0x080044c0       0x30 ..\obj\main.o
                0x080044c0                USART1_IRQHandler
 .text.startup  0x080044f0      0x104 ..\obj\main.o
                0x080044f0                main
 .text          0x080045f4      0x744 ..\obj\SpaController.o
                0x080045f4                SpaController::SpaController()
                0x080045f4                SpaController::SpaController()
                0x08004648                SpaController::SwitchHeater(bool)
                0x0800469c                SpaController::CheckTemp(float)
                0x08004718                SpaController::IsWater()
                0x08004730                SpaController::WriteFloatToDisplay(float, char)
                0x08004780                SpaController::Init()
                0x08004848                SpaController::IncrementTemp()
                0x08004878                SpaController::DecrementTemp()
                0x080048a8                SpaController::ToggleJets()
                0x080048e4                SpaController::ToggleGas()
                0x08004920                SpaController::ToggleHeat()
                0x08004950                SpaController::ToggleCirc()
                0x0800498c                SpaController::ToggleLED1()
                0x080049b8                SpaController::ToggleLED2()
                0x080049e4                SpaController::SwitchOff()
                0x08004a44                SpaController::Monitor()
                0x08004b60                SpaController::TogglePower()
                0x08004c20                SpaController::KeypadKeysPressed(unsigned short, bool)
 .text          0x08004d38      0x40c ..\obj\stm32f10x_usart.o
                0x08004d38                USART_DeInit
                0x08004de8                USART_Init
                0x08004ea4                USART_StructInit
                0x08004ebc                USART_ClockInit
                0x08004ee0                USART_ClockStructInit
                0x08004eec                USART_Cmd
                0x08004f08                USART_ITConfig
                0x08004f40                USART_DMACmd
                0x08004f54                USART_SetAddress
                0x08004f6c                USART_WakeUpConfig
                0x08004f84                USART_ReceiverWakeUpCmd
                0x08004fa0                USART_LINBreakDetectLengthConfig
                0x08004fb8                USART_LINCmd
                0x08004fd4                USART_SendData
                0x08004fdc                USART_ReceiveData
                0x08004fe4                USART_SendBreak
                0x08004ff0                USART_SetGuardTime
                0x08005004                USART_SetPrescaler
                0x08005018                USART_SmartCardCmd
                0x08005034                USART_SmartCardNACKCmd
                0x08005050                USART_HalfDuplexCmd
                0x0800506c                USART_OverSampling8Cmd
                0x08005088                USART_OneBitMethodCmd
                0x080050a4                USART_IrDAConfig
                0x080050bc                USART_IrDACmd
                0x080050d8                USART_GetFlagStatus
                0x080050e4                USART_ClearFlag
                0x080050ec                USART_GetITStatus
                0x08005134                USART_ClearITPendingBit
 .text          0x08005144      0xce0 ..\obj\u8g_font.o
                0x08005154                u8g_font_calc_vref_font
                0x08005158                u8g_font_calc_vref_bottom
                0x08005160                u8g_font_calc_vref_top
                0x0800516c                u8g_font_calc_vref_center
                0x08005184                u8g_font_get_charP
                0x080051a0                u8g_font_get_char
                0x080051a4                u8g_font_GetCapitalAHeight
                0x080051a8                u8g_font_GetEncoding65Pos
                0x080051ac                u8g_font_GetEncoding97Pos
                0x080051b0                u8g_font_GetFontStartEncoding
                0x080051b4                u8g_font_GetFontEndEncoding
                0x080051b8                u8g_font_GetLowerGDescent
                0x080051c0                u8g_font_GetFontAscent
                0x080051c8                u8g_font_GetFontDescent
                0x080051d0                u8g_font_GetFontXAscent
                0x080051d8                u8g_font_GetFontXDescent
                0x080051e0                u8g_font_GetSize
                0x0800523c                u8g_GetFontBBXWidth
                0x08005244                u8g_GetFontBBXHeight
                0x0800524c                u8g_GetFontBBXOffX
                0x08005254                u8g_GetFontBBXOffY
                0x0800525c                u8g_GetFontCapitalAHeight
                0x08005264                u8g_GetGlyph
                0x080053e4                u8g_IsGlyph
                0x080053f4                u8g_GetGlyphDeltaX
                0x08005404                u8g_draw_glyph
                0x080054b8                u8g_DrawGlyph
                0x080054dc                u8g_draw_glyph90
                0x08005598                u8g_DrawGlyph90
                0x080055bc                u8g_draw_glyph180
                0x08005684                u8g_DrawGlyph180
                0x080056a8                u8g_draw_glyph270
                0x08005764                u8g_DrawGlyph270
                0x08005788                u8g_DrawStr
                0x080057c8                u8g_DrawStr90
                0x08005808                u8g_DrawStr180
                0x08005848                u8g_DrawStr270
                0x08005888                u8g_DrawStrDir
                0x080058c4                u8g_DrawStrP
                0x08005904                u8g_DrawStr90P
                0x08005958                u8g_DrawStr180P
                0x080059ac                u8g_DrawStr270P
                0x08005a00                u8g_DrawStrFontBBX
                0x08005a24                u8g_DrawGlyphFontBBX
                0x08005a48                u8g_UpdateRefHeight
                0x08005aa8                u8g_SetFontRefHeightText
                0x08005ab4                u8g_SetFontRefHeightExtendedText
                0x08005ac0                u8g_SetFontRefHeightAll
                0x08005acc                u8g_SetFontLineSpacingFactor
                0x08005ad4                u8g_SetFontPosBaseline
                0x08005ae0                u8g_SetFontPosBottom
                0x08005aec                u8g_SetFontPosTop
                0x08005af8                u8g_SetFontPosCenter
                0x08005b04                u8g_font_calc_str_pixel_width
                0x08005b5c                u8g_GetStrPixelWidth
                0x08005b68                u8g_GetStrPixelWidthP
                0x08005b74                u8g_GetStrX
                0x08005b84                u8g_GetStrXP
                0x08005b94                u8g_GetStrWidth
                0x08005bbc                u8g_GetStrWidthP
                0x08005be4                u8g_font_box_min
                0x08005c00                u8g_font_box_left_gA
                0x08005c04                u8g_font_box_all_gA
                0x08005c08                u8g_GetStrMinBox
                0x08005c68                u8g_GetStrAMinBox
                0x08005cdc                u8g_SetFont
                0x08005cf8                u8g_draw_aa_glyph
                0x08005dac                u8g_DrawAAGlyph
                0x08005dd0                u8g_DrawAAStr
 .text          0x08005e24       0x58 ..\obj\u8g_clip.o
                0x08005e24                u8g_IsBBXIntersection
 .text          0x08005e7c       0xd8 ..\obj\LEDS.o
                0x08005e7c                LEDS::Init()
                0x08005ef0                LEDS::SwitchLed(LEDS::Leds, bool)
 .text          0x08005f54      0x538 ..\obj\OVC3860.o
                0x08005f54                OVC3860::Init(unsigned long, GPIO_TypeDef*, unsigned short)
                0x08005fa4                OVC3860::Reset()
                0x08005fc4                OVC3860::SetPower(bool)
                0x08005ffc                OVC3860::PlayPause()
                0x0800601c                OVC3860::Stop()
                0x0800603c                OVC3860::PlayPrevious()
                0x0800605c                OVC3860::PlayNext()
                0x0800607c                OVC3860::VolumeUp()
                0x0800609c                OVC3860::VolumeDown()
                0x080060bc                OVC3860::SetVolume(unsigned char)
                0x08006104                OVC3860::ReceiveByte(char*, unsigned long)
                0x0800613c                OVC3860::ReceiveAndCompare(unsigned char const*, int, unsigned long, bool)
                0x080061d8                OVC3860::EnterConfigMode()
                0x08006288                OVC3860::ExitConfigMode()
                0x080062f0                OVC3860::SetBluetoothName()
                0x080063ac                OVC3860::CompareBluetoothName()
                0x08006454                OVC3860::CheckBluetoothName()
 .text          0x0800648c      0x2b0 ..\obj\RDSParser.o
                0x0800648c                RDSParser::RDSParser()
                0x0800648c                RDSParser::RDSParser()
                0x080064a4                RDSParser::init()
                0x080064ec                RDSParser::registerForCallback(RDSParserInterrupt&)
                0x08006510                RDSParser::processData(unsigned short, unsigned short, unsigned short, unsigned short)
 .text          0x0800673c       0xc4 ..\obj\misc.o
                0x0800673c                NVIC_PriorityGroupConfig
                0x08006750                NVIC_Init
                0x080067bc                NVIC_SetVectorTable
                0x080067d0                NVIC_SystemLPConfig
                0x080067e8                SysTick_CLKSourceConfig
 .text          0x08006800      0x40c ..\obj\stm32f10x_i2c.o
                0x08006800                I2C_DeInit
                0x0800683c                I2C_Init
                0x08006920                I2C_StructInit
                0x08006940                I2C_Cmd
                0x0800695c                I2C_DMACmd
                0x08006978                I2C_DMALastTransferCmd
                0x08006994                I2C_GenerateSTART
                0x080069b0                I2C_GenerateSTOP
                0x080069cc                I2C_AcknowledgeConfig
                0x080069e8                I2C_OwnAddress2Config
                0x080069fc                I2C_DualAddressCmd
                0x08006a18                I2C_GeneralCallCmd
                0x08006a34                I2C_ITConfig
                0x08006a48                I2C_SendData
                0x08006a4c                I2C_ReceiveData
                0x08006a54                I2C_Send7bitAddress
                0x08006a6c                I2C_ReadRegister
                0x08006a84                I2C_SoftwareResetCmd
                0x08006aa0                I2C_SMBusAlertConfig
                0x08006ac0                I2C_TransmitPEC
                0x08006adc                I2C_PECPositionConfig
                0x08006afc                I2C_NACKPositionConfig
                0x08006b00                I2C_CalculatePEC
                0x08006b1c                I2C_GetPEC
                0x08006b24                I2C_ARPCmd
                0x08006b40                I2C_StretchClockCmd
                0x08006b5c                I2C_FastModeDutyCycleConfig
                0x08006b7c                I2C_CheckEvent
                0x08006b98                I2C_GetLastEvent
                0x08006ba8                I2C_GetFlagStatus
                0x08006be0                I2C_ClearFlag
                0x08006be8                I2C_GetITStatus
                0x08006c04                I2C_ClearITPendingBit
 .text          0x08006c0c      0x15c ..\obj\system_stm32f10x.o
                0x08006c0c                SystemInit
                0x08006d10                SystemCoreClockUpdate
 .text          0x08006d68      0x2d8 ..\obj\u8g_circle.o
                0x08006ed8                u8g_draw_circle
                0x08006f44                u8g_DrawCircle
                0x08006f8c                u8g_draw_disc
                0x08006ff8                u8g_DrawDisc
 .text._ZN10__cxxabiv120__si_class_type_infoD2Ev
                0x08007040       0x14 ..\..\..\..\..\..\..\..\Program Files (x86)\GNU Tools ARM Embedded\5.3 2016q1\arm-none-eabi\lib\armv7-m\libstdc++_nano.a(si_class_type_info.o)
                0x08007040                __cxxabiv1::__si_class_type_info::~__si_class_type_info()
                0x08007040                __cxxabiv1::__si_class_type_info::~__si_class_type_info()
 .text._ZN10__cxxabiv120__si_class_type_infoD0Ev
                0x08007054       0x12 ..\..\..\..\..\..\..\..\Program Files (x86)\GNU Tools ARM Embedded\5.3 2016q1\arm-none-eabi\lib\armv7-m\libstdc++_nano.a(si_class_type_info.o)
                0x08007054                __cxxabiv1::__si_class_type_info::~__si_class_type_info()
 .text._ZNK10__cxxabiv120__si_class_type_info12__do_dyncastEiNS_17__class_type_info10__sub_kindEPKS1_PKvS4_S6_RNS1_16__dyncast_resultE
                0x08007066       0x7c ..\..\..\..\..\..\..\..\Program Files (x86)\GNU Tools ARM Embedded\5.3 2016q1\arm-none-eabi\lib\armv7-m\libstdc++_nano.a(si_class_type_info.o)
                0x08007066                __cxxabiv1::__si_class_type_info::__do_dyncast(int, __cxxabiv1::__class_type_info::__sub_kind, __cxxabiv1::__class_type_info const*, void const*, __cxxabiv1::__class_type_info const*, void const*, __cxxabiv1::__class_type_info::__dyncast_result&) const
 .text._ZNK10__cxxabiv120__si_class_type_info20__do_find_public_srcEiPKvPKNS_17__class_type_infoES2_
                0x080070e2       0x38 ..\..\..\..\..\..\..\..\Program Files (x86)\GNU Tools ARM Embedded\5.3 2016q1\arm-none-eabi\lib\armv7-m\libstdc++_nano.a(si_class_type_info.o)
                0x080070e2                __cxxabiv1::__si_class_type_info::__do_find_public_src(int, void const*, __cxxabiv1::__class_type_info const*, void const*) const
 .text._ZNK10__cxxabiv120__si_class_type_info11__do_upcastEPKNS_17__class_type_infoEPKvRNS1_15__upcast_resultE
                0x0800711a       0x2a ..\..\..\..\..\..\..\..\Program Files (x86)\GNU Tools ARM Embedded\5.3 2016q1\arm-none-eabi\lib\armv7-m\libstdc++_nano.a(si_class_type_info.o)
                0x0800711a                __cxxabiv1::__si_class_type_info::__do_upcast(__cxxabiv1::__class_type_info const*, void const*, __cxxabiv1::__class_type_info::__upcast_result&) const
 .text._ZN10__cxxabiv121__vmi_class_type_infoD2Ev
                0x08007144       0x14 ..\..\..\..\..\..\..\..\Program Files (x86)\GNU Tools ARM Embedded\5.3 2016q1\arm-none-eabi\lib\armv7-m\libstdc++_nano.a(vmi_class_type_info.o)
                0x08007144                __cxxabiv1::__vmi_class_type_info::~__vmi_class_type_info()
                0x08007144                __cxxabiv1::__vmi_class_type_info::~__vmi_class_type_info()
 .text._ZN10__cxxabiv121__vmi_class_type_infoD0Ev
                0x08007158       0x12 ..\..\..\..\..\..\..\..\Program Files (x86)\GNU Tools ARM Embedded\5.3 2016q1\arm-none-eabi\lib\armv7-m\libstdc++_nano.a(vmi_class_type_info.o)
                0x08007158                __cxxabiv1::__vmi_class_type_info::~__vmi_class_type_info()
 .text._ZNK10__cxxabiv121__vmi_class_type_info20__do_find_public_srcEiPKvPKNS_17__class_type_infoES2_
                0x0800716a       0x74 ..\..\..\..\..\..\..\..\Program Files (x86)\GNU Tools ARM Embedded\5.3 2016q1\arm-none-eabi\lib\armv7-m\libstdc++_nano.a(vmi_class_type_info.o)
                0x0800716a                __cxxabiv1::__vmi_class_type_info::__do_find_public_src(int, void const*, __cxxabiv1::__class_type_info const*, void const*) const
 .text._ZNK10__cxxabiv117__class_type_info17__find_public_srcEiPKvPKS0_S2_
                0x080071de       0x2a ..\..\..\..\..\..\..\..\Program Files (x86)\GNU Tools ARM Embedded\5.3 2016q1\arm-none-eabi\lib\armv7-m\libstdc++_nano.a(vmi_class_type_info.o)
                0x080071de                __cxxabiv1::__class_type_info::__find_public_src(int, void const*, __cxxabiv1::__class_type_info const*, void const*) const
 .text._ZNK10__cxxabiv121__vmi_class_type_info12__do_dyncastEiNS_17__class_type_info10__sub_kindEPKS1_PKvS4_S6_RNS1_16__dyncast_resultE
                0x08007208      0x28e ..\..\..\..\..\..\..\..\Program Files (x86)\GNU Tools ARM Embedded\5.3 2016q1\arm-none-eabi\lib\armv7-m\libstdc++_nano.a(vmi_class_type_info.o)
                0x08007208                __cxxabiv1::__vmi_class_type_info::__do_dyncast(int, __cxxabiv1::__class_type_info::__sub_kind, __cxxabiv1::__class_type_info const*, void const*, __cxxabiv1::__class_type_info const*, void const*, __cxxabiv1::__class_type_info::__dyncast_result&) const
 .text._ZNK10__cxxabiv121__vmi_class_type_info11__do_upcastEPKNS_17__class_type_infoEPKvRNS1_15__upcast_resultE
                0x08007496      0x12c ..\..\..\..\..\..\..\..\Program Files (x86)\GNU Tools ARM Embedded\5.3 2016q1\arm-none-eabi\lib\armv7-m\libstdc++_nano.a(vmi_class_type_info.o)
                0x08007496                __cxxabiv1::__vmi_class_type_info::__do_upcast(__cxxabiv1::__class_type_info const*, void const*, __cxxabiv1::__class_type_info::__upcast_result&) const
 .text._ZNSt9type_infoD2Ev
                0x080075c2        0x2 ..\..\..\..\..\..\..\..\Program Files (x86)\GNU Tools ARM Embedded\5.3 2016q1\arm-none-eabi\lib\armv7-m\libstdc++_nano.a(tinfo.o)
                0x080075c2                std::type_info::~type_info()
                0x080075c2                std::type_info::~type_info()
 .text._ZNKSt9type_info15__is_function_pEv
                0x080075c4        0x4 ..\..\..\..\..\..\..\..\Program Files (x86)\GNU Tools ARM Embedded\5.3 2016q1\arm-none-eabi\lib\armv7-m\libstdc++_nano.a(tinfo.o)
                0x080075c4                std::type_info::__is_pointer_p() const
                0x080075c4                std::type_info::__is_function_p() const
 .text._ZNKSt9type_infoeqERKS_
                0x080075c8       0x2c ..\..\..\..\..\..\..\..\Program Files (x86)\GNU Tools ARM Embedded\5.3 2016q1\arm-none-eabi\lib\armv7-m\libstdc++_nano.a(tinfo.o)
                0x080075c8                std::type_info::operator==(std::type_info const&) const
 .text._ZNK10__cxxabiv117__class_type_info11__do_upcastEPKS0_PPv
                0x080075f4       0x34 ..\..\..\..\..\..\..\..\Program Files (x86)\GNU Tools ARM Embedded\5.3 2016q1\arm-none-eabi\lib\armv7-m\libstdc++_nano.a(class_type_info.o)
                0x080075f4                __cxxabiv1::__class_type_info::__do_upcast(__cxxabiv1::__class_type_info const*, void**) const
 .text._ZNK10__cxxabiv117__class_type_info20__do_find_public_srcEiPKvPKS0_S2_
                0x08007628        0xc ..\..\..\..\..\..\..\..\Program Files (x86)\GNU Tools ARM Embedded\5.3 2016q1\arm-none-eabi\lib\armv7-m\libstdc++_nano.a(class_type_info.o)
                0x08007628                __cxxabiv1::__class_type_info::__do_find_public_src(int, void const*, __cxxabiv1::__class_type_info const*, void const*) const
 .text._ZN10__cxxabiv117__class_type_infoD2Ev
                0x08007634       0x14 ..\..\..\..\..\..\..\..\Program Files (x86)\GNU Tools ARM Embedded\5.3 2016q1\arm-none-eabi\lib\armv7-m\libstdc++_nano.a(class_type_info.o)
                0x08007634                __cxxabiv1::__class_type_info::~__class_type_info()
                0x08007634                __cxxabiv1::__class_type_info::~__class_type_info()
 .text._ZN10__cxxabiv117__class_type_infoD0Ev
                0x08007648       0x12 ..\..\..\..\..\..\..\..\Program Files (x86)\GNU Tools ARM Embedded\5.3 2016q1\arm-none-eabi\lib\armv7-m\libstdc++_nano.a(class_type_info.o)
                0x08007648                __cxxabiv1::__class_type_info::~__class_type_info()
 .text._ZNK10__cxxabiv117__class_type_info11__do_upcastEPKS0_PKvRNS0_15__upcast_resultE
                0x0800765a       0x18 ..\..\..\..\..\..\..\..\Program Files (x86)\GNU Tools ARM Embedded\5.3 2016q1\arm-none-eabi\lib\armv7-m\libstdc++_nano.a(class_type_info.o)
                0x0800765a                __cxxabiv1::__class_type_info::__do_upcast(__cxxabiv1::__class_type_info const*, void const*, __cxxabiv1::__class_type_info::__upcast_result&) const
 .text._ZNK10__cxxabiv117__class_type_info12__do_dyncastEiNS0_10__sub_kindEPKS0_PKvS3_S5_RNS0_16__dyncast_resultE
                0x08007672       0x38 ..\..\..\..\..\..\..\..\Program Files (x86)\GNU Tools ARM Embedded\5.3 2016q1\arm-none-eabi\lib\armv7-m\libstdc++_nano.a(class_type_info.o)
                0x08007672                __cxxabiv1::__class_type_info::__do_dyncast(int, __cxxabiv1::__class_type_info::__sub_kind, __cxxabiv1::__class_type_info const*, void const*, __cxxabiv1::__class_type_info const*, void const*, __cxxabiv1::__class_type_info::__dyncast_result&) const
 .text._ZNK10__cxxabiv117__class_type_info10__do_catchEPKSt9type_infoPPvj
                0x080076aa       0x2a ..\..\..\..\..\..\..\..\Program Files (x86)\GNU Tools ARM Embedded\5.3 2016q1\arm-none-eabi\lib\armv7-m\libstdc++_nano.a(class_type_info.o)
                0x080076aa                __cxxabiv1::__class_type_info::__do_catch(std::type_info const*, void**, unsigned int) const
 .text.__cxa_guard_acquire
                0x080076d4       0x18 ..\..\..\..\..\..\..\..\Program Files (x86)\GNU Tools ARM Embedded\5.3 2016q1\arm-none-eabi\lib\armv7-m\libstdc++_nano.a(guard.o)
                0x080076d4                __cxa_guard_acquire
 .text.__cxa_guard_release
                0x080076ec        0x6 ..\..\..\..\..\..\..\..\Program Files (x86)\GNU Tools ARM Embedded\5.3 2016q1\arm-none-eabi\lib\armv7-m\libstdc++_nano.a(guard.o)
                0x080076ec                __cxa_guard_release
 .text._ZdlPv   0x080076f2        0x4 ..\..\..\..\..\..\..\..\Program Files (x86)\GNU Tools ARM Embedded\5.3 2016q1\arm-none-eabi\lib\armv7-m\libstdc++_nano.a(del_op.o)
                0x080076f2                operator delete(void*)
 *fill*         0x080076f6        0x2 
 .text          0x080076f8      0x370 c:/program files (x86)/gnu tools arm embedded/5.3 2016q1/bin/../lib/gcc/arm-none-eabi/5.3.1/armv7-m\libgcc.a(_arm_addsubdf3.o)
                0x080076f8                __aeabi_drsub
                0x08007700                __aeabi_dsub
                0x08007700                __subdf3
                0x08007704                __aeabi_dadd
                0x08007704                __adddf3
                0x0800797c                __floatunsidf
                0x0800797c                __aeabi_ui2d
                0x0800799c                __floatsidf
                0x0800799c                __aeabi_i2d
                0x080079c0                __aeabi_f2d
                0x080079c0                __extendsfdf2
                0x080079fc                __floatundidf
                0x080079fc                __aeabi_ul2d
                0x08007a0c                __floatdidf
                0x08007a0c                __aeabi_l2d
 .text          0x08007a68      0x424 c:/program files (x86)/gnu tools arm embedded/5.3 2016q1/bin/../lib/gcc/arm-none-eabi/5.3.1/armv7-m\libgcc.a(_arm_muldivdf3.o)
                0x08007a68                __aeabi_dmul
                0x08007a68                __muldf3
                0x08007cbc                __divdf3
                0x08007cbc                __aeabi_ddiv
 .text          0x08007e8c       0x50 c:/program files (x86)/gnu tools arm embedded/5.3 2016q1/bin/../lib/gcc/arm-none-eabi/5.3.1/armv7-m\libgcc.a(_arm_fixdfsi.o)
                0x08007e8c                __aeabi_d2iz
                0x08007e8c                __fixdfsi
 .text          0x08007edc       0xa0 c:/program files (x86)/gnu tools arm embedded/5.3 2016q1/bin/../lib/gcc/arm-none-eabi/5.3.1/armv7-m\libgcc.a(_arm_truncdfsf2.o)
                0x08007edc                __truncdfsf2
                0x08007edc                __aeabi_d2f
 .text          0x08007f7c      0x21c c:/program files (x86)/gnu tools arm embedded/5.3 2016q1/bin/../lib/gcc/arm-none-eabi/5.3.1/armv7-m\libgcc.a(_arm_addsubsf3.o)
                0x08007f7c                __aeabi_frsub
                0x08007f84                __subsf3
                0x08007f84                __aeabi_fsub
                0x08007f88                __aeabi_fadd
                0x08007f88                __addsf3
                0x080080e8                __aeabi_ui2f
                0x080080e8                __floatunsisf
                0x080080f0                __aeabi_i2f
                0x080080f0                __floatsisf
                0x0800810c                __aeabi_ul2f
                0x0800810c                __floatundisf
                0x0800811c                __aeabi_l2f
                0x0800811c                __floatdisf
 .text          0x08008198      0x2a0 c:/program files (x86)/gnu tools arm embedded/5.3 2016q1/bin/../lib/gcc/arm-none-eabi/5.3.1/armv7-m\libgcc.a(_arm_muldivsf3.o)
                0x08008198                __mulsf3
                0x08008198                __aeabi_fmul
                0x08008300                __aeabi_fdiv
                0x08008300                __divsf3
 .text          0x08008438       0xec c:/program files (x86)/gnu tools arm embedded/5.3 2016q1/bin/../lib/gcc/arm-none-eabi/5.3.1/armv7-m\libgcc.a(_arm_cmpsf2.o)
                0x08008438                __gesf2
                0x08008438                __gtsf2
                0x08008440                __lesf2
                0x08008440                __ltsf2
                0x08008448                __nesf2
                0x08008448                __eqsf2
                0x08008448                __cmpsf2
                0x080084a8                __aeabi_cfrcmple
                0x080084b0                __aeabi_cfcmpeq
                0x080084b0                __aeabi_cfcmple
                0x080084c0                __aeabi_fcmpeq
                0x080084d4                __aeabi_fcmplt
                0x080084e8                __aeabi_fcmple
                0x080084fc                __aeabi_fcmpge
                0x08008510                __aeabi_fcmpgt
 .text          0x08008524       0x4c c:/program files (x86)/gnu tools arm embedded/5.3 2016q1/bin/../lib/gcc/arm-none-eabi/5.3.1/armv7-m\libgcc.a(_arm_fixsfsi.o)
                0x08008524                __aeabi_f2iz
                0x08008524                __fixsfsi
 .text          0x08008570       0x40 c:/program files (x86)/gnu tools arm embedded/5.3 2016q1/bin/../lib/gcc/arm-none-eabi/5.3.1/armv7-m\libgcc.a(_arm_fixunssfsi.o)
                0x08008570                __fixunssfsi
                0x08008570                __aeabi_f2uiz
 .text          0x080085b0      0x9e4 c:/program files (x86)/gnu tools arm embedded/5.3 2016q1/bin/../lib/gcc/arm-none-eabi/5.3.1/armv7-m\libgcc.a(unwind-arm.o)
                0x08008870                _Unwind_GetCFA
                0x08008874                __gnu_Unwind_RaiseException
                0x080088d4                __gnu_Unwind_ForcedUnwind
                0x080088e8                __gnu_Unwind_Resume
                0x0800892c                __gnu_Unwind_Resume_or_Rethrow
                0x08008940                _Unwind_Complete
                0x08008944                _Unwind_DeleteException
                0x08008950                _Unwind_VRS_Get
                0x0800899c                _Unwind_VRS_Set
                0x080089ec                __gnu_Unwind_Backtrace
                0x08008d38                __aeabi_unwind_cpp_pr0
                0x08008d3c                __aeabi_unwind_cpp_pr1
                0x08008d40                __aeabi_unwind_cpp_pr2
                0x08008d44                _Unwind_VRS_Pop
 .text          0x08008f94      0x1ac c:/program files (x86)/gnu tools arm embedded/5.3 2016q1/bin/../lib/gcc/arm-none-eabi/5.3.1/armv7-m\libgcc.a(libunwind.o)
                0x08008f94                __restore_core_regs
                0x08008f94                restore_core_regs
                0x08008fac                __gnu_Unwind_Restore_VFP
                0x08008fb4                __gnu_Unwind_Save_VFP
                0x08008fbc                __gnu_Unwind_Restore_VFP_D
                0x08008fc4                __gnu_Unwind_Save_VFP_D
                0x08008fcc                __gnu_Unwind_Restore_VFP_D_16_to_31
                0x08008fd4                __gnu_Unwind_Save_VFP_D_16_to_31
                0x08008fdc                __gnu_Unwind_Restore_WMMXD
                0x08009020                __gnu_Unwind_Save_WMMXD
                0x08009064                __gnu_Unwind_Restore_WMMXC
                0x08009078                __gnu_Unwind_Save_WMMXC
                0x0800908c                ___Unwind_RaiseException
                0x0800908c                _Unwind_RaiseException
                0x080090b0                _Unwind_Resume
                0x080090b0                ___Unwind_Resume
                0x080090d4                _Unwind_Resume_or_Rethrow
                0x080090d4                ___Unwind_Resume_or_Rethrow
                0x080090f8                _Unwind_ForcedUnwind
                0x080090f8                ___Unwind_ForcedUnwind
                0x0800911c                ___Unwind_Backtrace
                0x0800911c                _Unwind_Backtrace
 .text          0x08009140      0x354 c:/program files (x86)/gnu tools arm embedded/5.3 2016q1/bin/../lib/gcc/arm-none-eabi/5.3.1/armv7-m\libgcc.a(pr-support.o)
                0x08009198                __gnu_unwind_execute
                0x0800943c                __gnu_unwind_frame
                0x08009464                _Unwind_GetRegionStart
                0x08009470                _Unwind_GetLanguageSpecificData
                0x08009484                _Unwind_GetTextRelBase
                0x0800948c                _Unwind_GetDataRelBase
 .text.free     0x08009494       0x10 ..\..\..\..\..\..\..\..\Program Files (x86)\GNU Tools ARM Embedded\5.3 2016q1\arm-none-eabi\lib\armv7-m\libg.a(lib_a-malloc.o)
                0x08009494                free
 .text.memcmp   0x080094a4       0x64 ..\..\..\..\..\..\..\..\Program Files (x86)\GNU Tools ARM Embedded\5.3 2016q1\arm-none-eabi\lib\armv7-m\libg.a(lib_a-memcmp.o)
                0x080094a4                memcmp
 .text          0x08009508       0xec ..\..\..\..\..\..\..\..\Program Files (x86)\GNU Tools ARM Embedded\5.3 2016q1\arm-none-eabi\lib\armv7-m\libg.a(lib_a-memcpy.o)
                0x08009508                memcpy
 .text.memset   0x080095f4       0x9c ..\..\..\..\..\..\..\..\Program Files (x86)\GNU Tools ARM Embedded\5.3 2016q1\arm-none-eabi\lib\armv7-m\libg.a(lib_a-memset.o)
                0x080095f4                memset
 .text.__malloc_lock
                0x08009690        0x4 ..\..\..\..\..\..\..\..\Program Files (x86)\GNU Tools ARM Embedded\5.3 2016q1\arm-none-eabi\lib\armv7-m\libg.a(lib_a-mlock.o)
                0x08009690                __malloc_lock
 .text.__malloc_unlock
                0x08009694        0x4 ..\..\..\..\..\..\..\..\Program Files (x86)\GNU Tools ARM Embedded\5.3 2016q1\arm-none-eabi\lib\armv7-m\libg.a(lib_a-mlock.o)
                0x08009694                __malloc_unlock
 .text._sbrk_r  0x08009698       0x24 ..\..\..\..\..\..\..\..\Program Files (x86)\GNU Tools ARM Embedded\5.3 2016q1\arm-none-eabi\lib\armv7-m\libg.a(lib_a-sbrkr.o)
                0x08009698                _sbrk_r
 .text          0x080096bc      0x1bc ..\..\..\..\..\..\..\..\Program Files (x86)\GNU Tools ARM Embedded\5.3 2016q1\arm-none-eabi\lib\armv7-m\libg.a(lib_a-strcmp.o)
                0x080096bc                strcmp
 .text.strcpy   0x08009878       0xbc ..\..\..\..\..\..\..\..\Program Files (x86)\GNU Tools ARM Embedded\5.3 2016q1\arm-none-eabi\lib\armv7-m\libg.a(lib_a-strcpy.o)
                0x08009878                strcpy
 .text.strlen   0x08009934       0x5c ..\..\..\..\..\..\..\..\Program Files (x86)\GNU Tools ARM Embedded\5.3 2016q1\arm-none-eabi\lib\armv7-m\libg.a(lib_a-strlen-stub.o)
                0x08009934                strlen
 .text._malloc_trim_r
                0x08009990       0x9c ..\..\..\..\..\..\..\..\Program Files (x86)\GNU Tools ARM Embedded\5.3 2016q1\arm-none-eabi\lib\armv7-m\libg.a(lib_a-freer.o)
                0x08009990                _malloc_trim_r
 .text._free_r  0x08009a2c      0x1d0 ..\..\..\..\..\..\..\..\Program Files (x86)\GNU Tools ARM Embedded\5.3 2016q1\arm-none-eabi\lib\armv7-m\libg.a(lib_a-freer.o)
                0x08009a2c                _free_r
 *(.init)
 *(.fini)
 *crtbegin.o(.ctors)
 *crtbegin?.o(.ctors)
 *(EXCLUDE_FILE(*crtend.o *crtend?.o) .ctors)
 *(SORT(.ctors.*))
 *(.ctors)
 *crtbegin.o(.dtors)
 *crtbegin?.o(.dtors)
 *(EXCLUDE_FILE(*crtend.o *crtend?.o) .dtors)
 *(SORT(.dtors.*))
 *(.dtors)
 *(.rodata*)
 .rodata.str1.4
                0x08009bfc       0x24 ..\obj\printf.o
 .rodata        0x08009c20       0x17 ..\obj\u8g_dev_st7920_128x64.o
 *fill*         0x08009c37        0x1 
 .rodata.str1.4
                0x08009c38        0xb ..\obj\TemperatureSensor.o
 *fill*         0x08009c43        0x1 
 .rodata        0x08009c44       0x7c ..\obj\radio.o
                0x08009c44                vtable for RADIO
                0x08009cb0                typeinfo name for RADIO
                0x08009cb8                typeinfo for RADIO
 .rodata.str1.4
                0x08009cc0        0x5 ..\obj\radio.o
 *fill*         0x08009cc5        0x3 
 .rodata.str1.4
                0x08009cc8       0x3c ..\obj\Display.o
 .rodata.str1.4
                0x08009d04       0x11 ..\obj\Keypad.o
 *fill*         0x08009d15        0x3 
 .rodata        0x08009d18       0xb0 ..\obj\mcp23017.o
                0x08009d18                mcp23017::IOCON_AB
                0x08009d28                mcp23017::IODIR_AB
                0x08009d38                mcp23017::GPPU_AB
                0x08009d48                mcp23017::GPINTEN_AB
                0x08009d58                mcp23017::DEFVAL_AB
                0x08009d68                mcp23017::INTCON_AB
                0x08009d78                mcp23017::OLAT_AB
                0x08009d88                mcp23017::GPIO_AB
                0x08009d98                mcp23017::INTCAP_AB
                0x08009da8                mcp23017::INTF_AB
                0x08009db8                mcp23017::IPOL_AB
 .rodata        0x08009dc8       0x80 ..\obj\SI4703.o
                0x08009dc8                vtable for SI4703
                0x08009e34                typeinfo name for SI4703
                0x08009e3c                typeinfo for SI4703
 .rodata.str1.4
                0x08009e48       0xa9 ..\obj\RelayBoard.o
 *fill*         0x08009ef1        0x3 
 .rodata        0x08009ef4     0x2e79 ..\obj\u8g_fonts.o
                0x08009ef4                u8g_font_unifont_0_8
                0x0800af84                u8g_font_7x13
                0x0800b7f4                u8g_font_6x12
                0x0800bf84                u8g_font_6x10
                0x0800c6d0                u8g_font_5x8
 *fill*         0x0800cd6d        0x3 
 .rodata._ZTS15KeypadInterrupt
                0x0800cd70       0x12 ..\obj\EntController.o
                0x0800cd70                typeinfo name for KeypadInterrupt
 *fill*         0x0800cd82        0x2 
 .rodata._ZTI15KeypadInterrupt
                0x0800cd84        0x8 ..\obj\EntController.o
                0x0800cd84                typeinfo for KeypadInterrupt
 .rodata._ZTS18RDSParserInterrupt
                0x0800cd8c       0x15 ..\obj\EntController.o
                0x0800cd8c                typeinfo name for RDSParserInterrupt
 *fill*         0x0800cda1        0x3 
 .rodata._ZTI18RDSParserInterrupt
                0x0800cda4        0x8 ..\obj\EntController.o
                0x0800cda4                typeinfo for RDSParserInterrupt
 .rodata        0x0800cdac       0x5c ..\obj\EntController.o
                0x0800cdac                vtable for EntController
                0x0800cdd8                typeinfo name for EntController
                0x0800cde8                typeinfo for EntController
 .rodata.str1.4
                0x0800ce08       0x56 ..\obj\EntController.o
 *fill*         0x0800ce5e        0x2 
 .rodata.str1.4
                0x0800ce60       0x5e ..\obj\main.o
 *fill*         0x0800cebe        0x2 
 .rodata        0x0800cec0       0x28 ..\obj\SpaController.o
                0x0800cec0                vtable for SpaController
                0x0800cecc                typeinfo name for SpaController
                0x0800cedc                typeinfo for SpaController
 .rodata.str1.4
                0x0800cee8       0x9a ..\obj\SpaController.o
                                 0xa2 (size before relaxing)
 *fill*         0x0800cf82        0x2 
 .rodata.str1.4
                0x0800cf84       0x69 ..\obj\LEDS.o
                                 0x99 (size before relaxing)
 *fill*         0x0800cfed        0x3 
 .rodata        0x0800cff0       0x2c ..\obj\OVC3860.o
                0x0800cff0                OVC3860::STARTUP_BYTES
                0x0800cff4                OVC3860::ENTERCONFIG_BYTES
                0x0800d000                OVC3860::CONFIGMODE_BYTES
                0x0800d004                OVC3860::EXITCONFIG_BYTES
                0x0800d008                OVC3860::EXITCONFIG_RESPONSE_BYTES
                0x0800d00c                OVC3860::SEND_BLUETOOTH_NAME
                0x0800d010                OVC3860::SEND_RESPONSE_BLUETOOTH_NAME
                0x0800d014                OVC3860::REQUEST_BLUETOOTH_NAME
                0x0800d018                OVC3860::RESPONSE_BLUETOOTH_NAME
 .rodata.str1.4
                0x0800d01c       0xd0 ..\obj\OVC3860.o
 .rodata.str1.4
                0x0800d0ec       0x18 ..\obj\RDSParser.o
                                 0x19 (size before relaxing)
 .rodata._ZTVN10__cxxabiv120__si_class_type_infoE
                0x0800d104       0x2c ..\..\..\..\..\..\..\..\Program Files (x86)\GNU Tools ARM Embedded\5.3 2016q1\arm-none-eabi\lib\armv7-m\libstdc++_nano.a(si_class_type_info.o)
                0x0800d104                vtable for __cxxabiv1::__si_class_type_info
 .rodata._ZTIN10__cxxabiv120__si_class_type_infoE
                0x0800d130        0xc ..\..\..\..\..\..\..\..\Program Files (x86)\GNU Tools ARM Embedded\5.3 2016q1\arm-none-eabi\lib\armv7-m\libstdc++_nano.a(si_class_type_info.o)
                0x0800d130                typeinfo for __cxxabiv1::__si_class_type_info
 .rodata._ZTSN10__cxxabiv120__si_class_type_infoE
                0x0800d13c       0x25 ..\..\..\..\..\..\..\..\Program Files (x86)\GNU Tools ARM Embedded\5.3 2016q1\arm-none-eabi\lib\armv7-m\libstdc++_nano.a(si_class_type_info.o)
                0x0800d13c                typeinfo name for __cxxabiv1::__si_class_type_info
 *fill*         0x0800d161        0x3 
 .rodata._ZTIN10__cxxabiv121__vmi_class_type_infoE
                0x0800d164        0xc ..\..\..\..\..\..\..\..\Program Files (x86)\GNU Tools ARM Embedded\5.3 2016q1\arm-none-eabi\lib\armv7-m\libstdc++_nano.a(vmi_class_type_info.o)
                0x0800d164                typeinfo for __cxxabiv1::__vmi_class_type_info
 .rodata._ZTSN10__cxxabiv121__vmi_class_type_infoE
                0x0800d170       0x26 ..\..\..\..\..\..\..\..\Program Files (x86)\GNU Tools ARM Embedded\5.3 2016q1\arm-none-eabi\lib\armv7-m\libstdc++_nano.a(vmi_class_type_info.o)
                0x0800d170                typeinfo name for __cxxabiv1::__vmi_class_type_info
 *fill*         0x0800d196        0x2 
 .rodata._ZTVN10__cxxabiv121__vmi_class_type_infoE
                0x0800d198       0x2c ..\..\..\..\..\..\..\..\Program Files (x86)\GNU Tools ARM Embedded\5.3 2016q1\arm-none-eabi\lib\armv7-m\libstdc++_nano.a(vmi_class_type_info.o)
                0x0800d198                vtable for __cxxabiv1::__vmi_class_type_info
 .rodata._ZTISt9type_info
                0x0800d1c4        0x8 ..\..\..\..\..\..\..\..\Program Files (x86)\GNU Tools ARM Embedded\5.3 2016q1\arm-none-eabi\lib\armv7-m\libstdc++_nano.a(tinfo.o)
                0x0800d1c4                typeinfo for std::type_info
 .rodata._ZTSSt9type_info
                0x0800d1cc        0xd ..\..\..\..\..\..\..\..\Program Files (x86)\GNU Tools ARM Embedded\5.3 2016q1\arm-none-eabi\lib\armv7-m\libstdc++_nano.a(tinfo.o)
                0x0800d1cc                typeinfo name for std::type_info
 *fill*         0x0800d1d9        0x3 
 .rodata._ZTVN10__cxxabiv117__class_type_infoE
                0x0800d1dc       0x2c ..\..\..\..\..\..\..\..\Program Files (x86)\GNU Tools ARM Embedded\5.3 2016q1\arm-none-eabi\lib\armv7-m\libstdc++_nano.a(class_type_info.o)
                0x0800d1dc                vtable for __cxxabiv1::__class_type_info
 .rodata._ZTIN10__cxxabiv117__class_type_infoE
                0x0800d208        0xc ..\..\..\..\..\..\..\..\Program Files (x86)\GNU Tools ARM Embedded\5.3 2016q1\arm-none-eabi\lib\armv7-m\libstdc++_nano.a(class_type_info.o)
                0x0800d208                typeinfo for __cxxabiv1::__class_type_info
 .rodata._ZTSN10__cxxabiv117__class_type_infoE
                0x0800d214       0x22 ..\..\..\..\..\..\..\..\Program Files (x86)\GNU Tools ARM Embedded\5.3 2016q1\arm-none-eabi\lib\armv7-m\libstdc++_nano.a(class_type_info.o)
                0x0800d214                typeinfo name for __cxxabiv1::__class_type_info
 *(.eh_fram e*)

.glue_7         0x0800d238        0x0
 .glue_7        0x0800d238        0x0 linker stubs

.glue_7t        0x0800d238        0x0
 .glue_7t       0x0800d238        0x0 linker stubs

.vfp11_veneer   0x0800d238        0x0
 .vfp11_veneer  0x0800d238        0x0 linker stubs

.v4_bx          0x0800d238        0x0
 .v4_bx         0x0800d238        0x0 linker stubs

.iplt           0x0800d238        0x0
 .iplt          0x0800d238        0x0 ..\obj\stm32f10x_fsmc.o

.ARM.extab      0x0800d238       0x84
 *(.ARM.extab* .gnu.linkonce.armextab.*)
 .ARM.extab     0x0800d238        0xc ..\obj\main.o
 .ARM.extab     0x0800d244        0xc ..\obj\SpaController.o
 .ARM.extab     0x0800d250       0x54 ..\obj\OVC3860.o
 .ARM.extab     0x0800d2a4       0x18 c:/program files (x86)/gnu tools arm embedded/5.3 2016q1/bin/../lib/gcc/arm-none-eabi/5.3.1/armv7-m\libgcc.a(pr-support.o)
                0x0800d2bc                __exidx_start = .

.ARM.exidx      0x0800d2bc      0x450
 *(.ARM.exidx* .gnu.linkonce.armexidx.*)
 .ARM.exidx     0x0800d2bc       0x28 ..\obj\TemperatureSensor.o
                                 0x40 (size before relaxing)
 .ARM.exidx     0x0800d2e4       0x10 ..\obj\radio.o
                                 0xd0 (size before relaxing)
 .ARM.exidx     0x0800d2f4       0x78 ..\obj\DS18B20.o
                                 0x98 (size before relaxing)
 .ARM.exidx     0x0800d36c       0x58 ..\obj\Display.o
                                 0xd8 (size before relaxing)
 .ARM.exidx     0x0800d3c4       0x30 ..\obj\Keypad.o
                                 0x38 (size before relaxing)
 .ARM.exidx     0x0800d3f4       0x48 ..\obj\mcp23017.o
                                 0x78 (size before relaxing)
 .ARM.exidx     0x0800d43c       0x70 ..\obj\SI4703.o
                                 0x98 (size before relaxing)
 .ARM.exidx     0x0800d4ac       0x20 ..\obj\RelayBoard.o
 .ARM.exidx     0x0800d4cc       0x78 ..\obj\EntController.o
                                 0x98 (size before relaxing)
 .ARM.exidx.text.startup
                0x0800d54c        0x8 ..\obj\main.o
 .ARM.exidx     0x0800d544        0x8 ..\obj\main.o
 .ARM.exidx     0x0800d554       0x58 ..\obj\SpaController.o
                                 0x90 (size before relaxing)
 .ARM.exidx     0x0800d5ac       0x10 ..\obj\LEDS.o
 .ARM.exidx     0x0800d5bc       0x88 ..\obj\OVC3860.o
 .ARM.exidx     0x0800d644       0x18 ..\obj\RDSParser.o
                                 0x20 (size before relaxing)
 .ARM.exidx     0x0800d65c       0x78 c:/program files (x86)/gnu tools arm embedded/5.3 2016q1/bin/../lib/gcc/arm-none-eabi/5.3.1/armv7-m\libgcc.a(unwind-arm.o)
                                 0xd8 (size before relaxing)
 .ARM.exidx     0x0800d6d4       0x38 c:/program files (x86)/gnu tools arm embedded/5.3 2016q1/bin/../lib/gcc/arm-none-eabi/5.3.1/armv7-m\libgcc.a(pr-support.o)
                                 0x48 (size before relaxing)
                0x0800d70c                __exidx_end = .
                0x0800d70c                __etext = .
                0x0800d70c                _sidata = __etext

.rel.dyn        0x0800d70c        0x0
 .rel.iplt      0x0800d70c        0x0 ..\obj\stm32f10x_fsmc.o

.data           0x20000000      0x924 load address 0x0800d70c
                0x20000000                __data_start__ = .
                0x20000000                _sdata = __data_start__
 *(vtable)
 *(.data*)
 .data          0x20000000      0x430 ..\obj\printf.o
                0x20000000                outputUart
                0x20000004                _impure_ptr
                0x20000008                r
 .data          0x20000430       0x9c ..\obj\u8g_dev_st7920_128x64.o
                0x20000430                u8g_dev_st7920_128x64_4x_custom
                0x2000043c                u8g_dev_st7920_128x64_4x_8bit
                0x20000448                u8g_dev_st7920_128x64_4x_hw_spi
                0x20000454                u8g_dev_st7920_128x64_4x_sw_spi
                0x20000460                u8g_dev_st7920_128x64_4x_pb
                0x2000046c                u8g_dev_st7920_128x64_custom
                0x20000478                u8g_dev_st7920_128x64_custom_pb
                0x20000484                u8g_dev_st7920_128x64_8bit
                0x20000490                u8g_dev_st7920_128x64_8bit_pb
                0x2000049c                u8g_dev_st7920_128x64_hw_spi
                0x200004a8                u8g_dev_st7920_128x64_hw_spi_pb
                0x200004b4                u8g_dev_st7920_128x64_sw_spi
                0x200004c0                u8g_dev_st7920_128x64_sw_spi_pb
 .data          0x200004cc       0x14 ..\obj\stm32f10x_rcc.o
 .data          0x200004e0       0x20 ..\obj\OVC3860.o
                0x200004e0                OVC3860::AT_RESET
                0x200004e4                OVC3860::AT_PLAYPAUSE
                0x200004e8                OVC3860::AT_STOP
                0x200004ec                OVC3860::AT_PREVIOUS
                0x200004f0                OVC3860::AT_NEXT
                0x200004f4                OVC3860::AT_VOLUP
                0x200004f8                OVC3860::AT_VOLDOWN
                0x200004fc                OVC3860::BLUETOOTH_NAME
 .data          0x20000500       0x14 ..\obj\system_stm32f10x.o
                0x20000500                AHBPrescTable
                0x20000510                SystemCoreClock
 .data.__malloc_av_
                0x20000514      0x408 ..\..\..\..\..\..\..\..\Program Files (x86)\GNU Tools ARM Embedded\5.3 2016q1\arm-none-eabi\lib\armv7-m\libg.a(lib_a-mallocr.o)
                0x20000514                __malloc_av_
 .data.__malloc_trim_threshold
                0x2000091c        0x4 ..\..\..\..\..\..\..\..\Program Files (x86)\GNU Tools ARM Embedded\5.3 2016q1\arm-none-eabi\lib\armv7-m\libg.a(lib_a-mallocr.o)
                0x2000091c                __malloc_trim_threshold
 .data.__malloc_sbrk_base
                0x20000920        0x4 ..\..\..\..\..\..\..\..\Program Files (x86)\GNU Tools ARM Embedded\5.3 2016q1\arm-none-eabi\lib\armv7-m\libg.a(lib_a-mallocr.o)
                0x20000920                __malloc_sbrk_base
                0x20000924                . = ALIGN (0x4)
                [!provide]                PROVIDE (__preinit_array_start, .)
 *(.preinit_array)
                [!provide]                PROVIDE (__preinit_array_end, .)
                0x20000924                . = ALIGN (0x4)
                [!provide]                PROVIDE (__init_array_start, .)
 *(SORT(.init_array.*))
 *(.init_array)
                [!provide]                PROVIDE (__init_array_end, .)
                0x20000924                . = ALIGN (0x4)
                [!provide]                PROVIDE (__fini_array_start, .)
 *(SORT(.fini_array.*))
 *(.fini_array)
                [!provide]                PROVIDE (__fini_array_end, .)
 *(.jcr*)
                0x20000924                . = ALIGN (0x4)
                0x20000924                __data_end__ = .
                0x20000924                _edata = __data_end__

.igot.plt       0x20000924        0x0 load address 0x0800e030
 .igot.plt      0x20000924        0x0 ..\obj\stm32f10x_fsmc.o

.bss            0x20000924      0x7e8 load address 0x0800e030
                0x20000924                . = ALIGN (0x4)
                0x20000924                __bss_start__ = .
                0x20000924                _sbss = __bss_start__
 *(.bss*)
 .bss           0x20000924        0x4 ..\obj\syscalls.o
 .bss           0x20000928      0x400 ..\obj\u8g_dev_st7920_128x64.o
                0x20000928                u8g_dev_st7920_128x64_4x_buf
                0x20000b28                u8g_dev_st7920_128x64_custom_buf
                0x20000ba8                u8g_dev_st7920_128x64_8bit_buf
                0x20000c28                u8g_dev_st7920_128x64_hw_spi_buf
                0x20000ca8                u8g_dev_st7920_128x64_sw_spi_buf
 .bss._ZZN7Display11getInstanceEvE8instance
                0x20000d28      0x108 ..\obj\EntController.o
                0x20000d28                Display::getInstance()::instance
 .bss._ZZN10RelayBoard11getInstanceEvE8instance
                0x20000e30       0x20 ..\obj\EntController.o
                0x20000e30                RelayBoard::getInstance()::instance
 .bss._ZZN4LEDS11getInstanceEvE8instance
                0x20000e50       0x20 ..\obj\EntController.o
                0x20000e50                LEDS::getInstance()::instance
 .bss._ZGVZN6Keypad11getInstanceEvE8instance
                0x20000e70        0x4 ..\obj\EntController.o
                0x20000e70                guard variable for Keypad::getInstance()::instance
 .bss._ZZN6Keypad11getInstanceEvE8instance
                0x20000e74       0x64 ..\obj\EntController.o
                0x20000e74                Keypad::getInstance()::instance
 .bss           0x20000ed8        0x4 ..\obj\delay.o
 .bss           0x20000edc        0x8 ..\obj\u8g_arm_uart.o
                0x20000edc                control
 .bss           0x20000ee4        0x4 ..\obj\usart.o
                0x20000ee4                received_count
 .bss.__malloc_top_pad
                0x20000ee8        0x4 ..\..\..\..\..\..\..\..\Program Files (x86)\GNU Tools ARM Embedded\5.3 2016q1\arm-none-eabi\lib\armv7-m\libg.a(lib_a-mallocr.o)
                0x20000ee8                __malloc_top_pad
 .bss.__malloc_current_mallinfo
                0x20000eec       0x28 ..\..\..\..\..\..\..\..\Program Files (x86)\GNU Tools ARM Embedded\5.3 2016q1\arm-none-eabi\lib\armv7-m\libg.a(lib_a-mallocr.o)
                0x20000eec                __malloc_current_mallinfo
 *(COMMON)
 COMMON         0x20000f14      0x1f4 ..\obj\usart.o
                0x20000f14                received_string
 COMMON         0x20001108        0x4 ..\..\..\..\..\..\..\..\Program Files (x86)\GNU Tools ARM Embedded\5.3 2016q1\arm-none-eabi\lib\armv7-m\libg.a(lib_a-reent.o)
                0x20001108                errno
                0x2000110c                . = ALIGN (0x4)
                0x2000110c                __bss_end__ = .
                0x2000110c                _ebss = __bss_end__

.heap           0x2000110c        0x0
                0x2000110c                __end__ = .
                0x2000110c                _end = __end__
                0x2000110c                end = __end__
 *(.heap*)
                0x2000110c                __HeapLimit = .

.co_stack       0x2000110c        0x4 load address 0x0800e818
                0x20001110                . = ALIGN (0x8)
 *fill*         0x2000110c        0x4 
 *(.co_stack .co_stack.*)
                0x20005000                __StackTop = (ORIGIN (ram) + LENGTH (ram))
                0x20004ffc                __StackLimit = (__StackTop - SIZEOF (.co_stack))
                [!provide]                PROVIDE (__stack, __StackTop)
                0x00000001                ASSERT ((__StackLimit >= __HeapLimit), region ram  overflowed with stack)
LOAD ..\obj\stm32f10x_fsmc.o
LOAD ..\obj\u8g_dev_uc1611_dogxl240.o
LOAD ..\obj\u8g_com_arduino_hw_usart_spi.o
LOAD ..\obj\u8g_pb.o
LOAD ..\obj\u8g_com_atxmega_st7920_hw_spi.o
LOAD ..\obj\u8g_com_msp430_hw_spi.o
LOAD ..\obj\u8g_pb8v1.o
LOAD ..\obj\u8g_com_arduino_st7920_custom.o
LOAD ..\obj\u8g_com_arduino_common.o
LOAD ..\obj\u8g_dev_ili9325d_320x240.o
LOAD ..\obj\stm32f10x_pwr.o
LOAD ..\obj\u8g_com_i2c.o
LOAD ..\obj\printf.o
LOAD ..\obj\u8g_com_raspberrypi_hw_spi.o
LOAD ..\obj\stm32f10x_cec.o
LOAD ..\obj\u8g_dev_pcf8812_96x65.o
LOAD ..\obj\syscalls.o
LOAD ..\obj\u8g_dev_st7920_128x64.o
LOAD ..\obj\u8g_pb16h2.o
LOAD ..\obj\u8g_cursor.o
LOAD ..\obj\u8g_com_arduino_st7920_spi.o
LOAD ..\obj\u8g_com_api.o
LOAD ..\obj\u8g_com_arduino_port_d_wr.o
LOAD ..\obj\TemperatureSensor.o
LOAD ..\obj\u8g_dev_tls8204_84x48.o
LOAD ..\obj\u8g_ellipse.o
LOAD ..\obj\u8g_bitmap.o
LOAD ..\obj\radio.o
LOAD ..\obj\stm32f10x_crc.o
LOAD ..\obj\stm32f10x_dac.o
LOAD ..\obj\DS18B20.o
LOAD ..\obj\u8g_dev_t6963_240x128.o
LOAD ..\obj\u8g_dev_st7565_lm6059.o
LOAD ..\obj\u8g_state.o
LOAD ..\obj\u8g_dev_pcd8544_84x48.o
LOAD ..\obj\u8g_com_io.o
LOAD ..\obj\Display.o
LOAD ..\obj\u8g_ll_api.o
LOAD ..\obj\u8g_dev_st7565_dogm132.o
LOAD ..\obj\u8g_page.o
LOAD ..\obj\stm32f10x_gpio.o
LOAD ..\obj\stm32f10x_rcc.o
LOAD ..\obj\Keypad.o
LOAD ..\obj\u8g_pb16v2.o
LOAD ..\obj\u8g_com_arduino_attiny85_hw_spi.o
LOAD ..\obj\stm32f10x_sdio.o
LOAD ..\obj\u8g_dev_uc1601_c128032.o
LOAD ..\obj\mcp23017.o
LOAD ..\obj\u8g_dev_ssd1353_160x128.o
LOAD ..\obj\startup_stm32f10x_md.o
LOAD ..\obj\u8g_pbxh24.o
LOAD ..\obj\SI4703.o
LOAD ..\obj\u8g_com_arduino_std_sw_spi.o
LOAD ..\obj\u8g_dev_ssd1325_nhd27oled_gr.o
LOAD ..\obj\u8g_dev_ssd1306_128x64.o
LOAD ..\obj\stm32f10x_can.o
LOAD ..\obj\u8g_pb14v1.o
LOAD ..\obj\u8g_rect.o
LOAD ..\obj\u8g_dev_st7565_nhd_c12864.o
LOAD ..\obj\stm32f10x_iwdg.o
LOAD ..\obj\RelayBoard.o
LOAD ..\obj\u8g_dev_lc7981_320x64.o
LOAD ..\obj\u8g_dev_lc7981_160x80.o
LOAD ..\obj\stm32f10x_tim.o
LOAD ..\obj\u8g_com_arduino_fast_parallel.o
LOAD ..\obj\u8g_fonts.o
LOAD ..\obj\u8g_com_null.o
LOAD ..\obj\u8g_com_arduino_ssd_i2c.o
LOAD ..\obj\u8g_dev_flipdisc_2x7.o
LOAD ..\obj\u8g_com_atmega_sw_spi.o
LOAD ..\obj\EntController.o
LOAD ..\obj\u8g_pb16v1.o
LOAD ..\obj\u8g_pb8h1f.o
LOAD ..\obj\u8g_pb16h1.o
LOAD ..\obj\delay.o
LOAD ..\obj\u8g_dev_st7920_202x32.o
LOAD ..\obj\u8g_dev_ks0108_128x64.o
LOAD ..\obj\u8g_dev_lc7981_240x64.o
LOAD ..\obj\u8g_com_atmega_st7920_spi.o
LOAD ..\obj\u8g_dev_st7920_192x32.o
LOAD ..\obj\u8g_delay.o
LOAD ..\obj\u8g_arm_uart.o
LOAD ..\obj\u8g_com_atxmega_hw_spi.o
LOAD ..\obj\stm32f10x_dma.o
LOAD ..\obj\u8g_dev_ld7032_60x32.o
LOAD ..\obj\u8g_com_api_16gr.o
LOAD ..\obj\u8g_dev_ssd1322_nhd31oled_gr.o
LOAD ..\obj\u8g_com_atmega_parallel.o
LOAD ..\obj\u8g_dev_ssd1325_nhd27oled_gr_new.o
LOAD ..\obj\stm32f10x_dbgmcu.o
LOAD ..\obj\u8g_line.o
LOAD ..\obj\chessengine.o
LOAD ..\obj\u8g_com_arduino_t6963.o
LOAD ..\obj\u8g_dev_uc1611_dogm240.o
LOAD ..\obj\u8g_dev_ssd1306_64x48.o
LOAD ..\obj\u8g_com_atmega_hw_spi.o
LOAD ..\obj\u8g_dev_st7565_dogm128.o
LOAD ..\obj\u8g_dev_ssd1306_128x32.o
LOAD ..\obj\stm32f10x_spi.o
LOAD ..\obj\usart.o
LOAD ..\obj\stm32f10x_wwdg.o
LOAD ..\obj\u8g_dev_lc7981_240x128.o
LOAD ..\obj\u8g_dev_ht1632.o
LOAD ..\obj\u8g_com_atmega_st7920_hw_spi.o
LOAD ..\obj\u8g_u8toa.o
LOAD ..\obj\u8g_dev_ssd1325_nhd27oled_bw.o
LOAD ..\obj\u8g_dev_sbn1661_122x32.o
LOAD ..\obj\u8g_dev_st7565_64128n.o
LOAD ..\obj\u8g_pb32h1.o
LOAD ..\obj\u8g_pb8h1.o
LOAD ..\obj\main.o
LOAD ..\obj\stm32f10x_rtc.o
LOAD ..\obj\u8g_dev_uc1701_mini12864.o
LOAD ..\obj\SpaController.o
LOAD ..\obj\stm32f10x_usart.o
LOAD ..\obj\u8g_dev_ssd1309_128x64.o
LOAD ..\obj\u8g_dev_uc1701_dogs102.o
LOAD ..\obj\u8g_dev_ssd1327_96x96_gr.o
LOAD ..\obj\stm32f10x_adc.o
LOAD ..\obj\u8g_com_arduino_st7920_hw_spi.o
LOAD ..\obj\u8g_font.o
LOAD ..\obj\u8g_clip.o
LOAD ..\obj\u8g_pb8h2.o
LOAD ..\obj\u8g_dev_null.o
LOAD ..\obj\u8g_com_arduino_uc_i2c.o
LOAD ..\obj\u8g_pbxh16.o
LOAD ..\obj\u8g_pb8v2.o
LOAD ..\obj\LEDS.o
LOAD ..\obj\OVC3860.o
LOAD ..\obj\RDSParser.o
LOAD ..\obj\u8g_com_raspberrypi_ssd_i2c.o
LOAD ..\obj\u8g_polygon.o
LOAD ..\obj\u8g_virtual_screen.o
LOAD ..\obj\misc.o
LOAD ..\obj\stm32f10x_i2c.o
LOAD ..\obj\u8g_dev_uc1610_dogxl160.o
LOAD ..\obj\u8g_pb8h8.o
LOAD ..\obj\system_stm32f10x.o
LOAD ..\obj\u8g_dev_uc1608_240x128.o
LOAD ..\obj\u8g_dev_st7687_c144mvgd.o
LOAD ..\obj\u8g_dev_a2_micro_printer.o
LOAD ..\obj\u8g_dev_t6963_128x64.o
LOAD ..\obj\stm32f10x_bkp.o
LOAD ..\obj\u8g_com_arduino_no_en_parallel.o
LOAD ..\obj\stm32f10x_flash.o
LOAD ..\obj\u8g_com_psoc5_ssd_hw_parallel.o
LOAD ..\obj\u8g_dev_ssd1351_128x128.o
LOAD ..\obj\u8g_com_arduino_hw_spi.o
LOAD ..\obj\u8g_dev_st7565_lm6063.o
LOAD ..\obj\u8g_dev_t6963_240x64.o
LOAD ..\obj\u8g_dev_uc1608_240x64.o
LOAD ..\obj\u8g_circle.o
LOAD ..\obj\u8g_dev_gprof.o
LOAD ..\obj\u8g_u16toa.o
LOAD ..\obj\u8g_com_arduino_parallel.o
LOAD ..\obj\u8g_rot.o
LOAD ..\obj\u8g_dev_ssd1322_nhd31oled_bw.o
LOAD ..\obj\u8g_scale.o
LOAD ..\obj\u8g_dev_st7565_nhd_c12832.o
LOAD ..\obj\u8g_dev_ssd1325_nhd27oled_bw_new.o
LOAD ..\obj\u8g_dev_t6963_128x128.o
LOAD ..\obj\u8g_com_arduino_sw_spi.o
LOAD ..\obj\stm32f10x_exti.o
LOAD ..\obj\u8g_com_std_sw_spi.o
LOAD ..\..\..\..\..\..\..\..\Program Files (x86)\GNU Tools ARM Embedded\5.3 2016q1\arm-none-eabi\lib\armv7-m\libstdc++_nano.a
LOAD ..\..\..\..\..\..\..\..\Program Files (x86)\GNU Tools ARM Embedded\5.3 2016q1\arm-none-eabi\lib\armv7-m\libsupc++_nano.a
LOAD ..\..\..\..\..\..\..\..\Program Files (x86)\GNU Tools ARM Embedded\5.3 2016q1\arm-none-eabi\lib\armv7-m\libnosys.a
START GROUP
LOAD c:/program files (x86)/gnu tools arm embedded/5.3 2016q1/bin/../lib/gcc/arm-none-eabi/5.3.1/armv7-m\libgcc.a
LOAD ..\..\..\..\..\..\..\..\Program Files (x86)\GNU Tools ARM Embedded\5.3 2016q1\arm-none-eabi\lib\armv7-m\libg.a
LOAD ..\..\..\..\..\..\..\..\Program Files (x86)\GNU Tools ARM Embedded\5.3 2016q1\arm-none-eabi\lib\armv7-m\libc.a
END GROUP
OUTPUT(JacuzziV2.elf elf32-littlearm)

.debug_info     0x00000000    0x2577d
 .debug_info    0x00000000      0x878 ..\obj\u8g_pb.o
 .debug_info    0x00000878      0x43b ..\obj\u8g_com_arduino_st7920_custom.o
 .debug_info    0x00000cb3     0x154a ..\obj\printf.o
 .debug_info    0x000021fd      0x3cf ..\obj\syscalls.o
 .debug_info    0x000025cc      0xb46 ..\obj\u8g_dev_st7920_128x64.o
 .debug_info    0x00003112      0x9fc ..\obj\u8g_com_api.o
 .debug_info    0x00003b0e      0xa85 ..\obj\TemperatureSensor.o
 .debug_info    0x00004593      0xd52 ..\obj\radio.o
 .debug_info    0x000052e5     0x1539 ..\obj\DS18B20.o
 .debug_info    0x0000681e      0x45c ..\obj\u8g_state.o
 .debug_info    0x00006c7a     0x1c12 ..\obj\Display.o
 .debug_info    0x0000888c     0x1afe ..\obj\u8g_ll_api.o
 .debug_info    0x0000a38a      0x19c ..\obj\u8g_page.o
 .debug_info    0x0000a526      0x88f ..\obj\stm32f10x_gpio.o
 .debug_info    0x0000adb5      0x942 ..\obj\stm32f10x_rcc.o
 .debug_info    0x0000b6f7     0x1283 ..\obj\Keypad.o
 .debug_info    0x0000c97a     0x15de ..\obj\mcp23017.o
 .debug_info    0x0000df58       0xcf ..\obj\startup_stm32f10x_md.o
 .debug_info    0x0000e027     0x1759 ..\obj\SI4703.o
 .debug_info    0x0000f780      0xd27 ..\obj\u8g_rect.o
 .debug_info    0x000104a7      0xff3 ..\obj\RelayBoard.o
 .debug_info    0x0001149a      0x159 ..\obj\u8g_fonts.o
 .debug_info    0x000115f3      0x436 ..\obj\u8g_com_null.o
 .debug_info    0x00011a29     0x333b ..\obj\EntController.o
 .debug_info    0x00014d64      0x9ed ..\obj\delay.o
 .debug_info    0x00015751      0xa00 ..\obj\u8g_arm_uart.o
 .debug_info    0x00016151      0x505 ..\obj\u8g_line.o
 .debug_info    0x00016656      0x846 ..\obj\usart.o
 .debug_info    0x00016e9c      0x8a0 ..\obj\u8g_pb32h1.o
 .debug_info    0x0001773c      0x7d6 ..\obj\u8g_pb8h1.o
 .debug_info    0x00017f12     0x1f7d ..\obj\main.o
 .debug_info    0x00019e8f     0x318e ..\obj\SpaController.o
 .debug_info    0x0001d01d      0xb26 ..\obj\stm32f10x_usart.o
 .debug_info    0x0001db43     0x2adf ..\obj\u8g_font.o
 .debug_info    0x00020622      0x4f5 ..\obj\u8g_clip.o
 .debug_info    0x00020b17      0xd3a ..\obj\LEDS.o
 .debug_info    0x00021851     0x15a5 ..\obj\OVC3860.o
 .debug_info    0x00022df6      0x950 ..\obj\RDSParser.o
 .debug_info    0x00023746      0x55c ..\obj\misc.o
 .debug_info    0x00023ca2      0xb2b ..\obj\stm32f10x_i2c.o
 .debug_info    0x000247cd      0x4c4 ..\obj\system_stm32f10x.o
 .debug_info    0x00024c91      0xaec ..\obj\u8g_circle.o

.debug_abbrev   0x00000000     0x68e8
 .debug_abbrev  0x00000000      0x216 ..\obj\u8g_pb.o
 .debug_abbrev  0x00000216      0x106 ..\obj\u8g_com_arduino_st7920_custom.o
 .debug_abbrev  0x0000031c      0x434 ..\obj\printf.o
 .debug_abbrev  0x00000750      0x147 ..\obj\syscalls.o
 .debug_abbrev  0x00000897      0x192 ..\obj\u8g_dev_st7920_128x64.o
 .debug_abbrev  0x00000a29      0x1ee ..\obj\u8g_com_api.o
 .debug_abbrev  0x00000c17      0x275 ..\obj\TemperatureSensor.o
 .debug_abbrev  0x00000e8c      0x2ec ..\obj\radio.o
 .debug_abbrev  0x00001178      0x3fa ..\obj\DS18B20.o
 .debug_abbrev  0x00001572      0x14b ..\obj\u8g_state.o
 .debug_abbrev  0x000016bd      0x41c ..\obj\Display.o
 .debug_abbrev  0x00001ad9      0x37b ..\obj\u8g_ll_api.o
 .debug_abbrev  0x00001e54       0xf3 ..\obj\u8g_page.o
 .debug_abbrev  0x00001f47      0x200 ..\obj\stm32f10x_gpio.o
 .debug_abbrev  0x00002147      0x26e ..\obj\stm32f10x_rcc.o
 .debug_abbrev  0x000023b5      0x39c ..\obj\Keypad.o
 .debug_abbrev  0x00002751      0x332 ..\obj\mcp23017.o
 .debug_abbrev  0x00002a83       0x12 ..\obj\startup_stm32f10x_md.o
 .debug_abbrev  0x00002a95      0x490 ..\obj\SI4703.o
 .debug_abbrev  0x00002f25      0x152 ..\obj\u8g_rect.o
 .debug_abbrev  0x00003077      0x2fe ..\obj\RelayBoard.o
 .debug_abbrev  0x00003375       0x6c ..\obj\u8g_fonts.o
 .debug_abbrev  0x000033e1      0x106 ..\obj\u8g_com_null.o
 .debug_abbrev  0x000034e7      0x5f0 ..\obj\EntController.o
 .debug_abbrev  0x00003ad7      0x2bc ..\obj\delay.o
 .debug_abbrev  0x00003d93      0x275 ..\obj\u8g_arm_uart.o
 .debug_abbrev  0x00004008      0x157 ..\obj\u8g_line.o
 .debug_abbrev  0x0000415f      0x1d6 ..\obj\usart.o
 .debug_abbrev  0x00004335      0x222 ..\obj\u8g_pb32h1.o
 .debug_abbrev  0x00004557      0x1bc ..\obj\u8g_pb8h1.o
 .debug_abbrev  0x00004713      0x4ce ..\obj\main.o
 .debug_abbrev  0x00004be1      0x5f5 ..\obj\SpaController.o
 .debug_abbrev  0x000051d6      0x1e4 ..\obj\stm32f10x_usart.o
 .debug_abbrev  0x000053ba      0x3fd ..\obj\u8g_font.o
 .debug_abbrev  0x000057b7      0x14f ..\obj\u8g_clip.o
 .debug_abbrev  0x00005906      0x2be ..\obj\LEDS.o
 .debug_abbrev  0x00005bc4      0x37a ..\obj\OVC3860.o
 .debug_abbrev  0x00005f3e      0x291 ..\obj\RDSParser.o
 .debug_abbrev  0x000061cf      0x156 ..\obj\misc.o
 .debug_abbrev  0x00006325      0x240 ..\obj\stm32f10x_i2c.o
 .debug_abbrev  0x00006565      0x16e ..\obj\system_stm32f10x.o
 .debug_abbrev  0x000066d3      0x215 ..\obj\u8g_circle.o

.debug_loc      0x00000000    0x10284
 .debug_loc     0x00000000      0x7bf ..\obj\u8g_pb.o
 .debug_loc     0x000007bf       0x21 ..\obj\u8g_com_arduino_st7920_custom.o
 .debug_loc     0x000007e0      0xf60 ..\obj\printf.o
 .debug_loc     0x00001740       0xe7 ..\obj\syscalls.o
 .debug_loc     0x00001827      0x3ce ..\obj\u8g_dev_st7920_128x64.o
 .debug_loc     0x00001bf5      0x622 ..\obj\u8g_com_api.o
 .debug_loc     0x00002217      0x1d5 ..\obj\TemperatureSensor.o
 .debug_loc     0x000023ec      0x38f ..\obj\radio.o
 .debug_loc     0x0000277b      0xc38 ..\obj\DS18B20.o
 .debug_loc     0x000033b3       0x42 ..\obj\u8g_state.o
 .debug_loc     0x000033f5      0x65d ..\obj\Display.o
 .debug_loc     0x00003a52     0x1c60 ..\obj\u8g_ll_api.o
 .debug_loc     0x000056b2       0xd1 ..\obj\u8g_page.o
 .debug_loc     0x00005783      0x5d7 ..\obj\stm32f10x_gpio.o
 .debug_loc     0x00005d5a      0x739 ..\obj\stm32f10x_rcc.o
 .debug_loc     0x00006493      0x2a5 ..\obj\Keypad.o
 .debug_loc     0x00006738      0x773 ..\obj\mcp23017.o
 .debug_loc     0x00006eab      0x87e ..\obj\SI4703.o
 .debug_loc     0x00007729      0xafc ..\obj\u8g_rect.o
 .debug_loc     0x00008225      0x15b ..\obj\RelayBoard.o
 .debug_loc     0x00008380       0x21 ..\obj\u8g_com_null.o
 .debug_loc     0x000083a1      0x91d ..\obj\EntController.o
 .debug_loc     0x00008cbe      0x12f ..\obj\delay.o
 .debug_loc     0x00008ded      0x1c9 ..\obj\u8g_arm_uart.o
 .debug_loc     0x00008fb6      0x33e ..\obj\u8g_line.o
 .debug_loc     0x000092f4       0x79 ..\obj\usart.o
 .debug_loc     0x0000936d      0x678 ..\obj\u8g_pb32h1.o
 .debug_loc     0x000099e5      0x4d8 ..\obj\u8g_pb8h1.o
 .debug_loc     0x00009ebd       0x24 ..\obj\main.o
 .debug_loc     0x00009ee1      0xbd6 ..\obj\SpaController.o
 .debug_loc     0x0000aab7      0x84f ..\obj\stm32f10x_usart.o
 .debug_loc     0x0000b306     0x2d15 ..\obj\u8g_font.o
 .debug_loc     0x0000e01b      0x2b0 ..\obj\u8g_clip.o
 .debug_loc     0x0000e2cb       0xed ..\obj\LEDS.o
 .debug_loc     0x0000e3b8      0x782 ..\obj\OVC3860.o
 .debug_loc     0x0000eb3a      0x635 ..\obj\RDSParser.o
 .debug_loc     0x0000f16f      0x193 ..\obj\misc.o
 .debug_loc     0x0000f302      0x6a0 ..\obj\stm32f10x_i2c.o
 .debug_loc     0x0000f9a2       0xbc ..\obj\system_stm32f10x.o
 .debug_loc     0x0000fa5e      0x826 ..\obj\u8g_circle.o

.debug_aranges  0x00000000      0x548
 .debug_aranges
                0x00000000       0x20 ..\obj\u8g_pb.o
 .debug_aranges
                0x00000020       0x20 ..\obj\u8g_com_arduino_st7920_custom.o
 .debug_aranges
                0x00000040       0x20 ..\obj\printf.o
 .debug_aranges
                0x00000060       0x20 ..\obj\syscalls.o
 .debug_aranges
                0x00000080       0x20 ..\obj\u8g_dev_st7920_128x64.o
 .debug_aranges
                0x000000a0       0x20 ..\obj\u8g_com_api.o
 .debug_aranges
                0x000000c0       0x20 ..\obj\TemperatureSensor.o
 .debug_aranges
                0x000000e0       0x20 ..\obj\radio.o
 .debug_aranges
                0x00000100       0x20 ..\obj\DS18B20.o
 .debug_aranges
                0x00000120       0x20 ..\obj\u8g_state.o
 .debug_aranges
                0x00000140       0x20 ..\obj\Display.o
 .debug_aranges
                0x00000160       0x20 ..\obj\u8g_ll_api.o
 .debug_aranges
                0x00000180       0x20 ..\obj\u8g_page.o
 .debug_aranges
                0x000001a0       0x20 ..\obj\stm32f10x_gpio.o
 .debug_aranges
                0x000001c0       0x20 ..\obj\stm32f10x_rcc.o
 .debug_aranges
                0x000001e0       0x20 ..\obj\Keypad.o
 .debug_aranges
                0x00000200       0x20 ..\obj\mcp23017.o
 .debug_aranges
                0x00000220       0x28 ..\obj\startup_stm32f10x_md.o
 .debug_aranges
                0x00000248       0x20 ..\obj\SI4703.o
 .debug_aranges
                0x00000268       0x20 ..\obj\u8g_rect.o
 .debug_aranges