Archive member included because of file (symbol)

C:\Program Files (x86)\GNU Tools ARM Embedded\4.9 2015q3\arm-none-eabi\lib\armv7-m\libstdc++_nano.a(si_class_type_info.o)
                              ..\obj\EntController.o (vtable for __cxxabiv1::__si_class_type_info)
C:\Program Files (x86)\GNU Tools ARM Embedded\4.9 2015q3\arm-none-eabi\lib\armv7-m\libstdc++_nano.a(tinfo.o)
                              C:\Program Files (x86)\GNU Tools ARM Embedded\4.9 2015q3\arm-none-eabi\lib\armv7-m\libstdc++_nano.a(si_class_type_info.o) (std::type_info::__is_pointer_p() const)
C:\Program Files (x86)\GNU Tools ARM Embedded\4.9 2015q3\arm-none-eabi\lib\armv7-m\libstdc++_nano.a(class_type_info.o)
                              C:\Program Files (x86)\GNU Tools ARM Embedded\4.9 2015q3\arm-none-eabi\lib\armv7-m\libstdc++_nano.a(si_class_type_info.o) (__cxxabiv1::__class_type_info::__do_upcast(__cxxabiv1::__class_type_info const*, void**) const)
C:\Program Files (x86)\GNU Tools ARM Embedded\4.9 2015q3\arm-none-eabi\lib\armv7-m\libstdc++_nano.a(del_op.o)
                              C:\Program Files (x86)\GNU Tools ARM Embedded\4.9 2015q3\arm-none-eabi\lib\armv7-m\libstdc++_nano.a(si_class_type_info.o) (operator delete(void*))
c:/program files (x86)/gnu tools arm embedded/4.9 2015q3/bin/../lib/gcc/arm-none-eabi/4.9.3/armv7-m\libgcc.a(_arm_addsubdf3.o)
                              ..\obj\DS18B20.o (__aeabi_dadd)
c:/program files (x86)/gnu tools arm embedded/4.9 2015q3/bin/../lib/gcc/arm-none-eabi/4.9.3/armv7-m\libgcc.a(_arm_muldivdf3.o)
                              ..\obj\DS18B20.o (__aeabi_dmul)
c:/program files (x86)/gnu tools arm embedded/4.9 2015q3/bin/../lib/gcc/arm-none-eabi/4.9.3/armv7-m\libgcc.a(_arm_fixdfsi.o)
                              ..\obj\DS18B20.o (__aeabi_d2iz)
c:/program files (x86)/gnu tools arm embedded/4.9 2015q3/bin/../lib/gcc/arm-none-eabi/4.9.3/armv7-m\libgcc.a(_arm_truncdfsf2.o)
                              ..\obj\DS18B20.o (__aeabi_d2f)
c:/program files (x86)/gnu tools arm embedded/4.9 2015q3/bin/../lib/gcc/arm-none-eabi/4.9.3/armv7-m\libgcc.a(_arm_addsubsf3.o)
                              ..\obj\DS18B20.o (__aeabi_i2f)
c:/program files (x86)/gnu tools arm embedded/4.9 2015q3/bin/../lib/gcc/arm-none-eabi/4.9.3/armv7-m\libgcc.a(_arm_muldivsf3.o)
                              ..\obj\DS18B20.o (__aeabi_fmul)
c:/program files (x86)/gnu tools arm embedded/4.9 2015q3/bin/../lib/gcc/arm-none-eabi/4.9.3/armv7-m\libgcc.a(_arm_fixunssfsi.o)
                              ..\obj\DS18B20.o (__aeabi_f2uiz)
c:/program files (x86)/gnu tools arm embedded/4.9 2015q3/bin/../lib/gcc/arm-none-eabi/4.9.3/armv7-m\libgcc.a(unwind-arm.o)
                              ..\obj\DS18B20.o (__aeabi_unwind_cpp_pr0)
c:/program files (x86)/gnu tools arm embedded/4.9 2015q3/bin/../lib/gcc/arm-none-eabi/4.9.3/armv7-m\libgcc.a(libunwind.o)
                              c:/program files (x86)/gnu tools arm embedded/4.9 2015q3/bin/../lib/gcc/arm-none-eabi/4.9.3/armv7-m\libgcc.a(unwind-arm.o) (restore_core_regs)
c:/program files (x86)/gnu tools arm embedded/4.9 2015q3/bin/../lib/gcc/arm-none-eabi/4.9.3/armv7-m\libgcc.a(pr-support.o)
                              c:/program files (x86)/gnu tools arm embedded/4.9 2015q3/bin/../lib/gcc/arm-none-eabi/4.9.3/armv7-m\libgcc.a(unwind-arm.o) (__gnu_unwind_execute)
C:\Program Files (x86)\GNU Tools ARM Embedded\4.9 2015q3\arm-none-eabi\lib\armv7-m\libg.a(lib_a-malloc.o)
                              C:\Program Files (x86)\GNU Tools ARM Embedded\4.9 2015q3\arm-none-eabi\lib\armv7-m\libstdc++_nano.a(del_op.o) (free)
C:\Program Files (x86)\GNU Tools ARM Embedded\4.9 2015q3\arm-none-eabi\lib\armv7-m\libg.a(lib_a-mallocr.o)
                              C:\Program Files (x86)\GNU Tools ARM Embedded\4.9 2015q3\arm-none-eabi\lib\armv7-m\libg.a(lib_a-malloc.o) (_malloc_r)
C:\Program Files (x86)\GNU Tools ARM Embedded\4.9 2015q3\arm-none-eabi\lib\armv7-m\libg.a(lib_a-memcpy.o)
                              c:/program files (x86)/gnu tools arm embedded/4.9 2015q3/bin/../lib/gcc/arm-none-eabi/4.9.3/armv7-m\libgcc.a(unwind-arm.o) (memcpy)
C:\Program Files (x86)\GNU Tools ARM Embedded\4.9 2015q3\arm-none-eabi\lib\armv7-m\libg.a(lib_a-mlock.o)
                              C:\Program Files (x86)\GNU Tools ARM Embedded\4.9 2015q3\arm-none-eabi\lib\armv7-m\libg.a(lib_a-mallocr.o) (__malloc_lock)
C:\Program Files (x86)\GNU Tools ARM Embedded\4.9 2015q3\arm-none-eabi\lib\armv7-m\libg.a(lib_a-sbrkr.o)
                              C:\Program Files (x86)\GNU Tools ARM Embedded\4.9 2015q3\arm-none-eabi\lib\armv7-m\libg.a(lib_a-mallocr.o) (_sbrk_r)
C:\Program Files (x86)\GNU Tools ARM Embedded\4.9 2015q3\arm-none-eabi\lib\armv7-m\libg.a(lib_a-freer.o)
                              C:\Program Files (x86)\GNU Tools ARM Embedded\4.9 2015q3\arm-none-eabi\lib\armv7-m\libg.a(lib_a-malloc.o) (_free_r)
C:\Program Files (x86)\GNU Tools ARM Embedded\4.9 2015q3\arm-none-eabi\lib\armv7-m\libg.a(lib_a-reent.o)
[...]
Memory Configuration

Name             Origin             Length             Attributes
rom              0x08000000         0x00010000         xr
ram              0x20000000         0x00005000         xrw
*default*        0x00000000         0xffffffff

Linker script and memory map

                0x20005000                _eram = 0x20005000

.text           0x08000000     0xb02a
 *(.isr_vector)
 .isr_vector    0x08000000      0x10c ..\obj\startup_stm32f10x_md.o
                0x08000000                g_pfnVectors
 *(.text*)
 .text          0x0800010c      0x13c ..\obj\u8g_pb.o
                0x0800010c                u8g_pb_Clear
                0x08000120                u8g_pb_IsYIntersection
                0x08000150                u8g_pb_IsXIntersection
                0x08000164                u8g_pb_IsIntersection
                0x080001c4                u8g_pb_GetPageBox
                0x080001d8                u8g_pb_Is8PixelVisible
                0x08000234                u8g_pb_WriteBuffer
 .text          0x08000248        0x4 ..\obj\u8g_com_arduino_st7920_custom.o
                0x08000248                u8g_com_arduino_st7920_custom_fn
 .text          0x0800024c      0x494 ..\obj\printf.o
                0x0800024c                SetOutputUart
                0x08000258                PrintChar
                0x08000274                PutChar
                0x0800027c                PutString
                0x080002a0                PutUnsignedInt
                0x080002f4                PutSignedInt
                0x08000390                PutHexa
                0x080003f8                vsnprintf
                0x08000570                snprintf
                0x08000590                vsprintf
                0x080005a4                sprintf
                0x080005c4                fputc
                0x080005ec                fputs
                0x08000628                vfprintf
                0x08000674                vprintf
                0x08000688                printf
                0x080006b0                fprintf
                0x080006d0                puts
 .text          0x080006e0       0x4c ..\obj\syscalls.o
                0x080006e0                _sbrk
                0x080006fc                link
                0x08000704                _close
                0x0800070c                _fstat
                0x08000718                _isatty
                0x0800071c                _lseek
                0x08000720                _read
                0x08000724                _write
                0x08000728                abort
 .text          0x0800072c      0x1b8 ..\obj\u8g_dev_st7920_128x64.o
                0x0800072c                u8g_dev_st7920_128x64_fn
                0x08000808                u8g_dev_st7920_128x64_4x_fn
 .text          0x080008e4      0x164 ..\obj\u8g_com_api.o
                0x080008e4                u8g_InitCom
                0x080008f4                u8g_StopCom
                0x08000908                u8g_SetChipSelect
                0x08000918                u8g_SetResetLow
                0x0800092c                u8g_SetResetHigh
                0x08000940                u8g_SetAddress
                0x08000950                u8g_WriteByte
                0x08000960                u8g_WriteSequence
                0x08000970                u8g_WriteSequenceP
                0x08000980                u8g_WriteEscSeqP
 .text          0x08000a48      0x66c ..\obj\si4703.o
                0x08000a48                si4703_readRegisters
                0x08000af8                si4703_updateRegisters
                0x08000b90                si4703_init
                0x08000ce8                si4703_setChannel
                0x08000d6c                si4703_getChannel
                0x08000d94                si4703_isStereo
                0x08000da8                si4703_getSignalStrength
                0x08000dbc                si4703_seek
                0x08000e48                si4703_setVolume
                0x08000e7c                si4703_initRDS
                0x08000eb4                strcmp
                0x08000ee0                strcpy1
                0x08000ef4                si4703_checkRDS
                0x08001028                si4703_readRDS
 .text          0x080010b4      0x5d8 ..\obj\DS18B20.o
                0x080010b4                DS18B20::DelayNus(unsigned long)
                0x080010c8                DS18B20::Reset()
                0x08001170                DS18B20::Init(unsigned long, GPIO_TypeDef*, unsigned short)
                0x080011cc                DS18B20::BitRead()
                0x0800123c                DS18B20::ByteRead()
                0x08001260                DS18B20::BitWrite(unsigned char)
                0x080012e0                DS18B20::ByteWrite(unsigned char)
                0x08001300                DS18B20::AlarmSearch()
                0x08001304                DS18B20::ROMRead()
                0x08001338                DS18B20::ROMMatch()
                0x08001380                DS18B20::ROMSkip()
                0x080013a0                DS18B20::TempConvert()
                0x080013d8                DS18B20::ScratchpadCopy()
                0x0800140c                DS18B20::ScratchpadSet(char, char, unsigned char)
                0x08001478                DS18B20::SetPrecision(unsigned char)
                0x08001494                DS18B20::TempRead(float*)
                0x08001540                DS18B20::TempReadSimple(DS18B20::simple_float*)
                0x080015e8                DS18B20::EEROMRecall()
                0x0800162c                DS18B20::PowerSupplyRead()
                0x08001658                DS18B20::ScratchpadRead(unsigned char*)
 .text          0x0800168c       0x10 ..\obj\u8g_state.o
                0x0800168c                u8g_state_dummy_cb
                0x08001690                u8g_SetHardwareBackup
                0x08001698                u8g_backup_spi
 .text          0x0800169c      0x488 ..\obj\u8g_ll_api.o
                0x0800169c                u8g_call_dev_fn
                0x080016a8                u8g_InitLL
                0x080016d4                u8g_FirstPageLL
                0x0800170c                u8g_NextPageLL
                0x08001748                u8g_SetContrastLL
                0x0800175c                u8g_DrawPixelLL
                0x08001778                u8g_Draw8PixelLL
                0x080017a0                u8g_Draw4TPixelLL
                0x080017c8                u8g_GetWidthLL
                0x080017e0                u8g_GetHeightLL
                0x080017f8                u8g_GetModeLL
                0x08001808                u8g_UpdateDimension
                0x08001854                u8g_Begin
                0x0800186c                u8g_Init
                0x080018b8                u8g_InitComFn
                0x0800190c                u8g_FirstPage
                0x08001914                u8g_NextPage
                0x0800192c                u8g_SetContrast
                0x08001944                u8g_SleepOn
                0x08001958                u8g_SleepOff
                0x0800196c                u8g_DrawPixel
                0x08001988                u8g_Draw8Pixel
                0x080019b0                u8g_Draw4TPixel
                0x080019d8                u8g_Draw8ColorPixel
                0x08001a04                u8g_SetColorEntry
                0x08001a2c                u8g_SetColorIndex
                0x08001a34                u8g_SetHiColor
                0x08001a40                u8g_SetHiColorByRGB
                0x08001a5c                u8g_SetRGB
                0x08001ab4                u8g_GetColorIndex
                0x08001abc                u8g_GetDefaultForegroundColor
                0x08001ad0                u8g_SetDefaultForegroundColor
                0x08001afc                u8g_GetDefaultBackgroundColor
                0x08001b00                u8g_SetDefaultBackgroundColor
                0x08001b08                u8g_GetDefaultMidColor
                0x08001b14                u8g_SetDefaultMidColor
 .text          0x08001b24      0x2e4 ..\obj\stm32f10x_gpio.o
                0x08001b24                GPIO_DeInit
                0x08001c00                GPIO_AFIODeInit
                0x08001c18                GPIO_Init
                0x08001cd4                GPIO_StructInit
                0x08001ce4                GPIO_ReadInputDataBit
                0x08001cf0                GPIO_ReadInputData
                0x08001cf8                GPIO_ReadOutputDataBit
                0x08001d04                GPIO_ReadOutputData
                0x08001d0c                GPIO_SetBits
                0x08001d10                GPIO_ResetBits
                0x08001d14                GPIO_WriteBit
                0x08001d20                GPIO_Write
                0x08001d24                GPIO_PinLockConfig
                0x08001d34                GPIO_EventOutputConfig
                0x08001d54                GPIO_EventOutputCmd
                0x08001d60                GPIO_PinRemapConfig
                0x08001dcc                GPIO_EXTILineConfig
                0x08001dfc                GPIO_ETH_MediaInterfaceConfig
 .text          0x08001e08       0x60 ..\obj\u8g_page.o
                0x08001e08                u8g_page_First
                0x08001e18                u8g_page_Init
                0x08001e2c                u8g_page_Next
 .text          0x08001e68      0x21c ..\obj\Keypad.o
                0x08001e68                Keypad::Init()
                0x08001f00                Keypad::RegisterForCallback(KeypadInterrupt&)
                0x08001f30                Keypad::ReadKeys()
                0x08001f4c                Keypad::SetKeyCheckEnabled(bool)
                0x08001f54                Keypad::CheckKeysPressed()
 .text          0x08002084      0x368 ..\obj\stm32f10x_rcc.o
                0x08002084                RCC_DeInit
                0x080020c4                RCC_HSEConfig
                0x080020fc                RCC_WaitForHSEStartUp
                0x08002130                RCC_AdjustHSICalibrationValue
                0x08002144                RCC_HSICmd
                0x08002150                RCC_PLLConfig
                0x08002164                RCC_PLLCmd
                0x08002170                RCC_SYSCLKConfig
                0x08002184                RCC_GetSYSCLKSource
                0x08002194                RCC_HCLKConfig
                0x080021a8                RCC_PCLK1Config
                0x080021bc                RCC_PCLK2Config
                0x080021d0                RCC_ITConfig
                0x080021e8                RCC_USBCLKConfig
                0x080021f4                RCC_ADCCLKConfig
                0x08002208                RCC_LSEConfig
                0x08002228                RCC_LSICmd
                0x08002234                RCC_RTCCLKConfig
                0x08002244                RCC_RTCCLKCmd
                0x08002250                RCC_GetClocksFreq
                0x080022ec                RCC_AHBPeriphClockCmd
                0x08002304                RCC_APB2PeriphClockCmd
                0x0800231c                RCC_APB1PeriphClockCmd
                0x08002334                RCC_APB2PeriphResetCmd
                0x0800234c                RCC_APB1PeriphResetCmd
                0x08002364                RCC_BackupResetCmd
                0x08002370                RCC_ClockSecuritySystemCmd
                0x0800237c                RCC_MCOConfig
                0x08002388                RCC_GetFlagStatus
                0x080023bc                RCC_ClearFlag
                0x080023cc                RCC_GetITStatus
                0x080023e0                RCC_ClearITPendingBit
 .text          0x080023ec      0x36c ..\obj\mcp23017.o
                0x080023ec                mcp23017::I2C_init()
                0x0800247c                mcp23017::Read(char)
                0x08002524                mcp23017::Write(char, char)
                0x0800259c                mcp23017::Init(I2C_TypeDef*, unsigned long, GPIO_TypeDef*, unsigned long, unsigned short, unsigned short, unsigned short, bool)
                0x080025ec                mcp23017::Direction(mcp23017::Port, char)
                0x08002608                mcp23017::ConfigurePullUps(mcp23017::Port, char)
                0x08002628                mcp23017::ConfigureBanked(mcp23017::Bank)
                0x08002658                mcp23017::InterruptEnable(mcp23017::Port, char)
                0x08002678                mcp23017::MirrorInterrupts(bool)
                0x080026ac                mcp23017::InterruptPolarity(mcp23017::Polarity)
                0x080026e0                mcp23017::DefaultValue(mcp23017::Port, char)
                0x08002700                mcp23017::InterruptControl(mcp23017::Port, char)
                0x08002720                mcp23017::Write(mcp23017::Port, char)
                0x08002740                mcp23017::Read(mcp23017::Port)
 .text.Reset_Handler
                0x08002758       0x44 ..\obj\startup_stm32f10x_md.o
                0x08002758                Reset_Handler
 *fill*         0x0800279c        0x4 
 .text.Default_Handler
                0x080027a0       0x14 ..\obj\startup_stm32f10x_md.o
                0x080027a0                EXTI2_IRQHandler
                0x080027a0                DebugMon_Handler
                0x080027a0                TIM1_CC_IRQHandler
                0x080027a0                HardFault_Handler
                0x080027a0                PVD_IRQHandler
                0x080027a0                PendSV_Handler
                0x080027a0                NMI_Handler
                0x080027a0                EXTI3_IRQHandler
                0x080027a0                EXTI0_IRQHandler
                0x080027a0                I2C2_EV_IRQHandler
                0x080027a0                UsageFault_Handler
                0x080027a0                ADC1_2_IRQHandler
                0x080027a0                SPI1_IRQHandler
                0x080027a0                TAMPER_IRQHandler
                0x080027a0                DMA1_Channel4_IRQHandler
                0x080027a0                USART3_IRQHandler
                0x080027a0                RTC_IRQHandler
                0x080027a0                DMA1_Channel7_IRQHandler
                0x080027a0                CAN1_RX1_IRQHandler
                0x080027a0                TIM4_IRQHandler
                0x080027a0                I2C1_EV_IRQHandler
                0x080027a0                DMA1_Channel6_IRQHandler
                0x080027a0                TIM3_IRQHandler
                0x080027a0                RCC_IRQHandler
                0x080027a0                TIM1_TRG_COM_IRQHandler
                0x080027a0                DMA1_Channel1_IRQHandler
                0x080027a0                Default_Handler
                0x080027a0                EXTI15_10_IRQHandler
                0x080027a0                EXTI9_5_IRQHandler
                0x080027a0                SPI2_IRQHandler
                0x080027a0                MemManage_Handler
                0x080027a0                SVC_Handler
                0x080027a0                DMA1_Channel5_IRQHandler
                0x080027a0                EXTI4_IRQHandler
                0x080027a0                USB_LP_CAN1_RX0_IRQHandler
                0x080027a0                USB_HP_CAN1_TX_IRQHandler
                0x080027a0                DMA1_Channel3_IRQHandler
                0x080027a0                TIM1_UP_IRQHandler
                0x080027a0                WWDG_IRQHandler
                0x080027a0                TIM2_IRQHandler
                0x080027a0                TIM1_BRK_IRQHandler
                0x080027a0                EXTI1_IRQHandler
                0x080027a0                RTCAlarm_IRQHandler
                0x080027a0                USART2_IRQHandler
                0x080027a0                I2C2_ER_IRQHandler
                0x080027a0                DMA1_Channel2_IRQHandler
                0x080027a0                CAN1_SCE_IRQHandler
                0x080027a0                FLASH_IRQHandler
                0x080027a0                BusFault_Handler
                0x080027a0                I2C1_ER_IRQHandler
                0x080027a0                USBWakeUp_IRQHandler
 .text          0x080027b4      0x3fc ..\obj\u8g_rect.o
                0x080027b4                u8g_draw_hline
                0x08002828                u8g_draw_vline
                0x0800289c                u8g_DrawHLine
                0x080028c8                u8g_DrawVLine
                0x080028f4                u8g_DrawFrame
                0x08002954                u8g_draw_box
                0x08002980                u8g_DrawBox
                0x080029b4                u8g_DrawRFrame
                0x08002ac4                u8g_DrawRBox
 .text          0x08002bb0       0xd8 ..\obj\RelayBoard.o
                0x08002bb0                RelayBoard::Init()
                0x08002c24                RelayBoard::SwitchRelay(RelayBoard::Relays, bool)
 .text          0x08002c88        0x4 ..\obj\u8g_com_null.o
                0x08002c88                u8g_com_null_fn
 .text          0x08002c8c       0x38 ..\obj\EntController.o
                0x08002c8c                EntController::KeypadKeysPressed(unsigned short, bool)
                0x08002ca8                EntController::EntController(Keypad&, RelayBoard&)
                0x08002ca8                EntController::EntController(Keypad&, RelayBoard&)
                0x08002cbc                EntController::Init()
 .text          0x08002cc4      0x118 ..\obj\delay.o
                0x08002cc4                SysTick_Init
                0x08002d18                TimeTick_Decrement
                0x08002d2c                delay_setSysTick
                0x08002d38                delay_getSysTick
                0x08002d44                delay_sys_nus
                0x08002d48                delay_sys_1ms
                0x08002d5c                delay_sys_nms
                0x08002d7c                SysCtlDelay
                0x08002d84                delay_nus
                0x08002d98                delay_1ms
                0x08002db0                delay_nms
 .text          0x08002ddc       0xc8 ..\obj\ovc3860.o
                0x08002ddc                ovc3860_init
                0x08002de4                ovc3860_playPause
                0x08002e04                ovc3860_stop
                0x08002e24                ovc3860_playPrevious
                0x08002e44                ovc3860_playNext
                0x08002e64                ovc3860_volUp
                0x08002e84                ovc3860_volDown
 .text          0x08002ea4      0x1cc ..\obj\u8g_arm_uart.o
                0x08002ea4                u8g_Delay
                0x08002ee0                u8g_MicroDelay
                0x08002ef8                u8g_10MicroDelay
                0x08002f18                init_UART3
                0x08002fa0                UART_write_byte
                0x08002fbc                u8g_com_uart_fn
 .text          0x08003070      0x104 ..\obj\u8g_line.o
                0x08003070                u8g_DrawLine
 .text          0x08003174      0x174 ..\obj\usart.o
                0x08003174                USART1_Init
                0x08003228                USART2_Init
                0x080032ac                usart_string_append
                0x080032c8                usart_clear_string
                0x080032d4                usart_get_string
                0x080032dc                usart_get_string_length
 .text          0x080032e8      0x210 ..\obj\u8g_pb32h1.o
                0x080032e8                u8g_pb32h1_Clear
                0x080032fc                u8g_pb32h1_Init
                0x08003310                u8g_pb32h1_set_pixel
                0x08003348                u8g_pb32h1_SetPixel
                0x08003374                u8g_pb32h1_Set8PixelStd
                0x080033c0                u8g_pb32h1_Set8PixelOpt2
                0x08003424                u8g_dev_pb32h1_base_fn
 .text          0x080034f8      0x1d8 ..\obj\u8g_pb8h1.o
                0x080034f8                u8g_pb8h1_Init
                0x08003500                u8g_pb8h1_set_pixel
                0x08003538                u8g_pb8h1_SetPixel
                0x08003564                u8g_pb8h1_Set8PixelStd
                0x080035b0                u8g_pb8h1_Set8PixelOpt2
                0x08003614                u8g_dev_pb8h1_base_fn
 .text          0x080036d0      0x2e4 ..\obj\main.o
                0x080036d0                drawWaterIcon()
                0x08003730                drawFrostIcon()
                0x08003790                drawSignalStrength(int)
                0x08003868                draw()
                0x08003980                SysTick_Handler
                0x08003984                USART1_IRQHandler
 .text.startup  0x080039b4      0x324 ..\obj\main.o
                0x080039b4                main
 .text          0x08003cd8      0x1bc ..\obj\SpaController.o
                0x08003cd8                SpaController::KeypadKeysPressed(unsigned short, bool)
                0x08003de4                SpaController::SpaController(Keypad&, RelayBoard&)
                0x08003de4                SpaController::SpaController(Keypad&, RelayBoard&)
                0x08003df8                SpaController::Init()
                0x08003e1c                SpaController::ToggleJets()
                0x08003e30                SpaController::ToggleGas()
                0x08003e44                SpaController::ToggleHeat()
                0x08003e58                SpaController::ToggleCirc()
                0x08003e6c                SpaController::ToggleLED1()
                0x08003e80                SpaController::ToggleLED2()
 .text          0x08003e94      0x414 ..\obj\stm32f10x_usart.o
                0x08003e94                USART_DeInit
                0x08003f44                USART_Init
                0x08004000                USART_StructInit
                0x08004018                USART_ClockInit
                0x0800403c                USART_ClockStructInit
                0x08004048                USART_Cmd
                0x08004064                USART_ITConfig
                0x080040a0                USART_DMACmd
                0x080040b4                USART_SetAddress
                0x080040cc                USART_WakeUpConfig
                0x080040e4                USART_ReceiverWakeUpCmd
                0x08004100                USART_LINBreakDetectLengthConfig
                0x08004118                USART_LINCmd
                0x08004134                USART_SendData
                0x0800413c                USART_ReceiveData
                0x08004144                USART_SendBreak
                0x08004150                USART_SetGuardTime
                0x08004164                USART_SetPrescaler
                0x08004178                USART_SmartCardCmd
                0x08004194                USART_SmartCardNACKCmd
                0x080041b0                USART_HalfDuplexCmd
                0x080041cc                USART_OverSampling8Cmd
                0x080041e8                USART_OneBitMethodCmd
                0x08004204                USART_IrDAConfig
                0x0800421c                USART_IrDACmd
                0x08004238                USART_GetFlagStatus
                0x08004244                USART_ClearFlag
                0x0800424c                USART_GetITStatus
                0x08004298                USART_ClearITPendingBit
 .text          0x080042a8      0xcd8 ..\obj\u8g_font.o
                0x080042b8                u8g_font_calc_vref_font
                0x080042bc                u8g_font_calc_vref_bottom
                0x080042c4                u8g_font_calc_vref_top
                0x080042d0                u8g_font_calc_vref_center
                0x080042e8                u8g_font_get_char
                0x080042ec                u8g_font_get_charP
                0x08004308                u8g_font_GetCapitalAHeight
                0x0800430c                u8g_font_GetEncoding65Pos
                0x08004310                u8g_font_GetEncoding97Pos
                0x08004314                u8g_font_GetFontStartEncoding
                0x08004318                u8g_font_GetFontEndEncoding
                0x0800431c                u8g_font_GetLowerGDescent
                0x08004324                u8g_font_GetFontAscent
                0x0800432c                u8g_font_GetFontDescent
                0x08004334                u8g_font_GetFontXAscent
                0x0800433c                u8g_font_GetFontXDescent
                0x08004344                u8g_font_GetSize
                0x080043a0                u8g_GetFontBBXWidth
                0x080043a8                u8g_GetFontBBXHeight
                0x080043b0                u8g_GetFontBBXOffX
                0x080043b8                u8g_GetFontBBXOffY
                0x080043c0                u8g_GetFontCapitalAHeight
                0x080043c8                u8g_GetGlyph
                0x08004548                u8g_IsGlyph
                0x08004558                u8g_GetGlyphDeltaX
                0x08004568                u8g_draw_glyph
                0x0800461c                u8g_DrawGlyph
                0x08004640                u8g_draw_glyph90
                0x080046fc                u8g_DrawGlyph90
                0x08004720                u8g_draw_glyph180
                0x080047e8                u8g_DrawGlyph180
                0x0800480c                u8g_draw_glyph270
                0x080048c8                u8g_DrawGlyph270
                0x080048ec                u8g_DrawStr
                0x08004930                u8g_DrawStr90
                0x08004974                u8g_DrawStr180
                0x080049b8                u8g_DrawStr270
                0x080049fc                u8g_DrawStrDir
                0x08004a38                u8g_DrawStrP
                0x08004a7c                u8g_DrawStr90P
                0x08004ac0                u8g_DrawStr180P
                0x08004b04                u8g_DrawStr270P
                0x08004b48                u8g_DrawStrFontBBX
                0x08004b74                u8g_DrawGlyphFontBBX
                0x08004ba0                u8g_UpdateRefHeight
                0x08004bf8                u8g_SetFontRefHeightText
                0x08004c04                u8g_SetFontRefHeightExtendedText
                0x08004c10                u8g_SetFontRefHeightAll
                0x08004c1c                u8g_SetFontLineSpacingFactor
                0x08004c24                u8g_SetFontPosBaseline
                0x08004c30                u8g_SetFontPosBottom
                0x08004c3c                u8g_SetFontPosTop
                0x08004c48                u8g_SetFontPosCenter
                0x08004c54                u8g_font_calc_str_pixel_width
                0x08004cac                u8g_GetStrPixelWidth
                0x08004cb8                u8g_GetStrPixelWidthP
                0x08004cc4                u8g_GetStrX
                0x08004cd4                u8g_GetStrXP
                0x08004ce4                u8g_GetStrWidth
                0x08004d0c                u8g_GetStrWidthP
                0x08004d34                u8g_font_box_min
                0x08004d54                u8g_font_box_left_gA
                0x08004d58                u8g_font_box_all_gA
                0x08004d5c                u8g_GetStrMinBox
                0x08004dbc                u8g_GetStrAMinBox
                0x08004e34                u8g_SetFont
                0x08004e50                u8g_draw_aa_glyph
                0x08004f04                u8g_DrawAAGlyph
                0x08004f28                u8g_DrawAAStr
 .text          0x08004f80       0x58 ..\obj\u8g_clip.o
                0x08004f80                u8g_IsBBXIntersection
 .text          0x08004fd8       0xc8 ..\obj\misc.o
                0x08004fd8                NVIC_PriorityGroupConfig
                0x08004fec                NVIC_Init
                0x0800505c                NVIC_SetVectorTable
                0x08005070                NVIC_SystemLPConfig
                0x08005088                SysTick_CLKSourceConfig
 .text          0x080050a0      0x42c ..\obj\stm32f10x_i2c.o
                0x080050a0                I2C_DeInit
                0x080050dc                I2C_Init
                0x080051c0                I2C_StructInit
                0x080051e4                I2C_Cmd
                0x08005200                I2C_DMACmd
                0x0800521c                I2C_DMALastTransferCmd
                0x08005238                I2C_GenerateSTART
                0x08005254                I2C_GenerateSTOP
                0x08005270                I2C_AcknowledgeConfig
                0x0800528c                I2C_OwnAddress2Config
                0x080052a0                I2C_DualAddressCmd
                0x080052bc                I2C_GeneralCallCmd
                0x080052d8                I2C_ITConfig
                0x080052ec                I2C_SendData
                0x080052f0                I2C_ReceiveData
                0x080052f8                I2C_Send7bitAddress
                0x08005310                I2C_ReadRegister
                0x08005328                I2C_SoftwareResetCmd
                0x08005344                I2C_NACKPositionConfig
                0x08005364                I2C_SMBusAlertConfig
                0x08005384                I2C_TransmitPEC
                0x080053a0                I2C_PECPositionConfig
                0x080053c0                I2C_CalculatePEC
                0x080053dc                I2C_GetPEC
                0x080053e4                I2C_ARPCmd
                0x08005400                I2C_StretchClockCmd
                0x0800541c                I2C_FastModeDutyCycleConfig
                0x0800543c                I2C_CheckEvent
                0x08005458                I2C_GetLastEvent
                0x08005468                I2C_GetFlagStatus
                0x080054a0                I2C_ClearFlag
                0x080054a8                I2C_GetITStatus
                0x080054c4                I2C_ClearITPendingBit
 .text          0x080054cc      0x15c ..\obj\system_stm32f10x.o
                0x080054cc                SystemInit
                0x080055d0                SystemCoreClockUpdate
 .text          0x08005628      0x2e8 ..\obj\u8g_circle.o
                0x08005798                u8g_draw_circle
                0x0800580c                u8g_DrawCircle
                0x08005854                u8g_draw_disc
                0x080058c8                u8g_DrawDisc
 .text._ZN10__cxxabiv120__si_class_type_infoD2Ev
                0x08005910       0x14 C:\Program Files (x86)\GNU Tools ARM Embedded\4.9 2015q3\arm-none-eabi\lib\armv7-m\libstdc++_nano.a(si_class_type_info.o)
                0x08005910                __cxxabiv1::__si_class_type_info::~__si_class_type_info()
                0x08005910                __cxxabiv1::__si_class_type_info::~__si_class_type_info()
 .text._ZN10__cxxabiv120__si_class_type_infoD0Ev
                0x08005924       0x12 C:\Program Files (x86)\GNU Tools ARM Embedded\4.9 2015q3\arm-none-eabi\lib\armv7-m\libstdc++_nano.a(si_class_type_info.o)
                0x08005924                __cxxabiv1::__si_class_type_info::~__si_class_type_info()
 .text._ZNK10__cxxabiv120__si_class_type_info20__do_find_public_srcEiPKvPKNS_17__class_type_infoES2_
                0x08005936       0x38 C:\Program Files (x86)\GNU Tools ARM Embedded\4.9 2015q3\arm-none-eabi\lib\armv7-m\libstdc++_nano.a(si_class_type_info.o)
                0x08005936                __cxxabiv1::__si_class_type_info::__do_find_public_src(int, void const*, __cxxabiv1::__class_type_info const*, void const*) const
 .text._ZNK10__cxxabiv120__si_class_type_info12__do_dyncastEiNS_17__class_type_info10__sub_kindEPKS1_PKvS4_S6_RNS1_16__dyncast_resultE
                0x0800596e       0x7c C:\Program Files (x86)\GNU Tools ARM Embedded\4.9 2015q3\arm-none-eabi\lib\armv7-m\libstdc++_nano.a(si_class_type_info.o)
                0x0800596e                __cxxabiv1::__si_class_type_info::__do_dyncast(int, __cxxabiv1::__class_type_info::__sub_kind, __cxxabiv1::__class_type_info const*, void const*, __cxxabiv1::__class_type_info const*, void const*, __cxxabiv1::__class_type_info::__dyncast_result&) const
 .text._ZNK10__cxxabiv120__si_class_type_info11__do_upcastEPKNS_17__class_type_infoEPKvRNS1_15__upcast_resultE
                0x080059ea       0x2a C:\Program Files (x86)\GNU Tools ARM Embedded\4.9 2015q3\arm-none-eabi\lib\armv7-m\libstdc++_nano.a(si_class_type_info.o)
                0x080059ea                __cxxabiv1::__si_class_type_info::__do_upcast(__cxxabiv1::__class_type_info const*, void const*, __cxxabiv1::__class_type_info::__upcast_result&) const
 .text._ZNSt9type_infoD2Ev
                0x08005a14        0x2 C:\Program Files (x86)\GNU Tools ARM Embedded\4.9 2015q3\arm-none-eabi\lib\armv7-m\libstdc++_nano.a(tinfo.o)
                0x08005a14                std::type_info::~type_info()
                0x08005a14                std::type_info::~type_info()
 .text._ZNKSt9type_info14__is_pointer_pEv
                0x08005a16        0x4 C:\Program Files (x86)\GNU Tools ARM Embedded\4.9 2015q3\arm-none-eabi\lib\armv7-m\libstdc++_nano.a(tinfo.o)
                0x08005a16                std::type_info::__is_pointer_p() const
 .text._ZNKSt9type_info15__is_function_pEv
                0x08005a1a        0x4 C:\Program Files (x86)\GNU Tools ARM Embedded\4.9 2015q3\arm-none-eabi\lib\armv7-m\libstdc++_nano.a(tinfo.o)
                0x08005a1a                std::type_info::__is_function_p() const
 .text._ZNKSt9type_infoeqERKS_
                0x08005a1e       0x2c C:\Program Files (x86)\GNU Tools ARM Embedded\4.9 2015q3\arm-none-eabi\lib\armv7-m\libstdc++_nano.a(tinfo.o)
                0x08005a1e                std::type_info::operator==(std::type_info const&) const
 .text._ZNK10__cxxabiv117__class_type_info11__do_upcastEPKS0_PPv
                0x08005a4a       0x34 C:\Program Files (x86)\GNU Tools ARM Embedded\4.9 2015q3\arm-none-eabi\lib\armv7-m\libstdc++_nano.a(class_type_info.o)
                0x08005a4a                __cxxabiv1::__class_type_info::__do_upcast(__cxxabiv1::__class_type_info const*, void**) const
 .text._ZNK10__cxxabiv117__class_type_info20__do_find_public_srcEiPKvPKS0_S2_
                0x08005a7e        0xc C:\Program Files (x86)\GNU Tools ARM Embedded\4.9 2015q3\arm-none-eabi\lib\armv7-m\libstdc++_nano.a(class_type_info.o)
                0x08005a7e                __cxxabiv1::__class_type_info::__do_find_public_src(int, void const*, __cxxabiv1::__class_type_info const*, void const*) const
 *fill*         0x08005a8a        0x2 
 .text._ZN10__cxxabiv117__class_type_infoD2Ev
                0x08005a8c       0x14 C:\Program Files (x86)\GNU Tools ARM Embedded\4.9 2015q3\arm-none-eabi\lib\armv7-m\libstdc++_nano.a(class_type_info.o)
                0x08005a8c                __cxxabiv1::__class_type_info::~__class_type_info()
                0x08005a8c                __cxxabiv1::__class_type_info::~__class_type_info()
 .text._ZN10__cxxabiv117__class_type_infoD0Ev
                0x08005aa0       0x12 C:\Program Files (x86)\GNU Tools ARM Embedded\4.9 2015q3\arm-none-eabi\lib\armv7-m\libstdc++_nano.a(class_type_info.o)
                0x08005aa0                __cxxabiv1::__class_type_info::~__class_type_info()
 .text._ZNK10__cxxabiv117__class_type_info11__do_upcastEPKS0_PKvRNS0_15__upcast_resultE
                0x08005ab2       0x18 C:\Program Files (x86)\GNU Tools ARM Embedded\4.9 2015q3\arm-none-eabi\lib\armv7-m\libstdc++_nano.a(class_type_info.o)
                0x08005ab2                __cxxabiv1::__class_type_info::__do_upcast(__cxxabiv1::__class_type_info const*, void const*, __cxxabiv1::__class_type_info::__upcast_result&) const
 .text._ZNK10__cxxabiv117__class_type_info10__do_catchEPKSt9type_infoPPvj
                0x08005aca       0x2a C:\Program Files (x86)\GNU Tools ARM Embedded\4.9 2015q3\arm-none-eabi\lib\armv7-m\libstdc++_nano.a(class_type_info.o)
                0x08005aca                __cxxabiv1::__class_type_info::__do_catch(std::type_info const*, void**, unsigned int) const
 .text._ZNK10__cxxabiv117__class_type_info12__do_dyncastEiNS0_10__sub_kindEPKS0_PKvS3_S5_RNS0_16__dyncast_resultE
                0x08005af4       0x38 C:\Program Files (x86)\GNU Tools ARM Embedded\4.9 2015q3\arm-none-eabi\lib\armv7-m\libstdc++_nano.a(class_type_info.o)
                0x08005af4                __cxxabiv1::__class_type_info::__do_dyncast(int, __cxxabiv1::__class_type_info::__sub_kind, __cxxabiv1::__class_type_info const*, void const*, __cxxabiv1::__class_type_info const*, void const*, __cxxabiv1::__class_type_info::__dyncast_result&) const
 .text._ZdlPv   0x08005b2c        0x4 C:\Program Files (x86)\GNU Tools ARM Embedded\4.9 2015q3\arm-none-eabi\lib\armv7-m\libstdc++_nano.a(del_op.o)
                0x08005b2c                operator delete(void*)
 .text          0x08005b30      0x370 c:/program files (x86)/gnu tools arm embedded/4.9 2015q3/bin/../lib/gcc/arm-none-eabi/4.9.3/armv7-m\libgcc.a(_arm_addsubdf3.o)
                0x08005b30                __aeabi_drsub
                0x08005b38                __aeabi_dsub
                0x08005b38                __subdf3
                0x08005b3c                __aeabi_dadd
                0x08005b3c                __adddf3
                0x08005db4                __floatunsidf
                0x08005db4                __aeabi_ui2d
                0x08005dd4                __floatsidf
                0x08005dd4                __aeabi_i2d
                0x08005df8                __aeabi_f2d
                0x08005df8                __extendsfdf2
                0x08005e34                __floatundidf
                0x08005e34                __aeabi_ul2d
                0x08005e44                __floatdidf
                0x08005e44                __aeabi_l2d
 .text          0x08005ea0      0x424 c:/program files (x86)/gnu tools arm embedded/4.9 2015q3/bin/../lib/gcc/arm-none-eabi/4.9.3/armv7-m\libgcc.a(_arm_muldivdf3.o)
                0x08005ea0                __aeabi_dmul
                0x08005ea0                __muldf3
                0x080060f4                __divdf3
                0x080060f4                __aeabi_ddiv
 .text          0x080062c4       0x50 c:/program files (x86)/gnu tools arm embedded/4.9 2015q3/bin/../lib/gcc/arm-none-eabi/4.9.3/armv7-m\libgcc.a(_arm_fixdfsi.o)
                0x080062c4                __aeabi_d2iz
                0x080062c4                __fixdfsi
 .text          0x08006314       0xa0 c:/program files (x86)/gnu tools arm embedded/4.9 2015q3/bin/../lib/gcc/arm-none-eabi/4.9.3/armv7-m\libgcc.a(_arm_truncdfsf2.o)
                0x08006314                __truncdfsf2
                0x08006314                __aeabi_d2f
 .text          0x080063b4      0x21c c:/program files (x86)/gnu tools arm embedded/4.9 2015q3/bin/../lib/gcc/arm-none-eabi/4.9.3/armv7-m\libgcc.a(_arm_addsubsf3.o)
                0x080063b4                __aeabi_frsub
                0x080063bc                __subsf3
                0x080063bc                __aeabi_fsub
                0x080063c0                __aeabi_fadd
                0x080063c0                __addsf3
                0x08006520                __aeabi_ui2f
                0x08006520                __floatunsisf
                0x08006528                __aeabi_i2f
                0x08006528                __floatsisf
                0x08006544                __aeabi_ul2f
                0x08006544                __floatundisf
                0x08006554                __aeabi_l2f
                0x08006554                __floatdisf
 .text          0x080065d0      0x2a0 c:/program files (x86)/gnu tools arm embedded/4.9 2015q3/bin/../lib/gcc/arm-none-eabi/4.9.3/armv7-m\libgcc.a(_arm_muldivsf3.o)
                0x080065d0                __mulsf3
                0x080065d0                __aeabi_fmul
                0x08006738                __aeabi_fdiv
                0x08006738                __divsf3
 .text          0x08006870       0x40 c:/program files (x86)/gnu tools arm embedded/4.9 2015q3/bin/../lib/gcc/arm-none-eabi/4.9.3/armv7-m\libgcc.a(_arm_fixunssfsi.o)
                0x08006870                __fixunssfsi
                0x08006870                __aeabi_f2uiz
 .text          0x080068b0      0xa54 c:/program files (x86)/gnu tools arm embedded/4.9 2015q3/bin/../lib/gcc/arm-none-eabi/4.9.3/armv7-m\libgcc.a(unwind-arm.o)
                0x08006b90                _Unwind_GetCFA
                0x08006b94                __gnu_Unwind_RaiseException
                0x08006bf4                __gnu_Unwind_ForcedUnwind
                0x08006c08                __gnu_Unwind_Resume
                0x08006c4c                __gnu_Unwind_Resume_or_Rethrow
                0x08006c60                _Unwind_Complete
                0x08006c64                _Unwind_DeleteException
                0x08006c70                _Unwind_VRS_Get
                0x08006cc0                _Unwind_VRS_Set
                0x08006d10                __gnu_Unwind_Backtrace
                0x08007054                __aeabi_unwind_cpp_pr0
                0x08007058                __aeabi_unwind_cpp_pr1
                0x0800705c                __aeabi_unwind_cpp_pr2
                0x08007060                _Unwind_VRS_Pop
 .text          0x08007304      0x1ac c:/program files (x86)/gnu tools arm embedded/4.9 2015q3/bin/../lib/gcc/arm-none-eabi/4.9.3/armv7-m\libgcc.a(libunwind.o)
                0x08007304                __restore_core_regs
                0x08007304                restore_core_regs
                0x0800731c                __gnu_Unwind_Restore_VFP
                0x08007324                __gnu_Unwind_Save_VFP
                0x0800732c                __gnu_Unwind_Restore_VFP_D
                0x08007334                __gnu_Unwind_Save_VFP_D
                0x0800733c                __gnu_Unwind_Restore_VFP_D_16_to_31
                0x08007344                __gnu_Unwind_Save_VFP_D_16_to_31
                0x0800734c                __gnu_Unwind_Restore_WMMXD
                0x08007390                __gnu_Unwind_Save_WMMXD
                0x080073d4                __gnu_Unwind_Restore_WMMXC
                0x080073e8                __gnu_Unwind_Save_WMMXC
                0x080073fc                ___Unwind_RaiseException
                0x080073fc                _Unwind_RaiseException
                0x08007420                _Unwind_Resume
                0x08007420                ___Unwind_Resume
                0x08007444                _Unwind_Resume_or_Rethrow
                0x08007444                ___Unwind_Resume_or_Rethrow
                0x08007468                _Unwind_ForcedUnwind
                0x08007468                ___Unwind_ForcedUnwind
                0x0800748c                ___Unwind_Backtrace
                0x0800748c                _Unwind_Backtrace
 .text          0x080074b0      0x37c c:/program files (x86)/gnu tools arm embedded/4.9 2015q3/bin/../lib/gcc/arm-none-eabi/4.9.3/armv7-m\libgcc.a(pr-support.o)
                0x08007508                __gnu_unwind_execute
                0x080077d4                __gnu_unwind_frame
                0x080077fc                _Unwind_GetRegionStart
                0x08007808                _Unwind_GetLanguageSpecificData
                0x0800781c                _Unwind_GetDataRelBase
                0x08007824                _Unwind_GetTextRelBase
 .text.free     0x0800782c       0x10 C:\Program Files (x86)\GNU Tools ARM Embedded\4.9 2015q3\arm-none-eabi\lib\armv7-m\libg.a(lib_a-malloc.o)
                0x0800782c                free
 .text          0x0800783c       0xec C:\Program Files (x86)\GNU Tools ARM Embedded\4.9 2015q3\arm-none-eabi\lib\armv7-m\libg.a(lib_a-memcpy.o)
                0x0800783c                memcpy
 .text.__malloc_lock
                0x08007928        0x4 C:\Program Files (x86)\GNU Tools ARM Embedded\4.9 2015q3\arm-none-eabi\lib\armv7-m\libg.a(lib_a-mlock.o)
                0x08007928                __malloc_lock
 .text.__malloc_unlock
                0x0800792c        0x4 C:\Program Files (x86)\GNU Tools ARM Embedded\4.9 2015q3\arm-none-eabi\lib\armv7-m\libg.a(lib_a-mlock.o)
                0x0800792c                __malloc_unlock
 .text._sbrk_r  0x08007930       0x24 C:\Program Files (x86)\GNU Tools ARM Embedded\4.9 2015q3\arm-none-eabi\lib\armv7-m\libg.a(lib_a-sbrkr.o)
                0x08007930                _sbrk_r
 .text._malloc_trim_r
                0x08007954       0x9c C:\Program Files (x86)\GNU Tools ARM Embedded\4.9 2015q3\arm-none-eabi\lib\armv7-m\libg.a(lib_a-freer.o)
                0x08007954                _malloc_trim_r
 .text._free_r  0x080079f0      0x1b0 C:\Program Files (x86)\GNU Tools ARM Embedded\4.9 2015q3\arm-none-eabi\lib\armv7-m\libg.a(lib_a-freer.o)
                0x080079f0                _free_r
 *(.init)
 *(.fini)
 *crtbegin.o(.ctors)
 *crtbegin?.o(.ctors)
 *(EXCLUDE_FILE(*crtend.o *crtend?.o) .ctors)
 *(SORT(.ctors.*))
 *(.ctors)
 *crtbegin.o(.dtors)
 *crtbegin?.o(.dtors)
 *(EXCLUDE_FILE(*crtend.o *crtend?.o) .dtors)
 *(SORT(.dtors.*))
 *(.dtors)
 *(.rodata*)
 .rodata.str1.4
                0x08007ba0       0x24 ..\obj\printf.o
 .rodata        0x08007bc4       0x17 ..\obj\u8g_dev_st7920_128x64.o
 *fill*         0x08007bdb        0x1 
 .rodata.str1.4
                0x08007bdc       0xba ..\obj\Keypad.o
 *fill*         0x08007c96        0x2 
 .rodata        0x08007c98       0xb0 ..\obj\mcp23017.o
                0x08007c98                mcp23017::IOCON_AB
                0x08007ca8                mcp23017::IODIR_AB
                0x08007cb8                mcp23017::GPPU_AB
                0x08007cc8                mcp23017::GPINTEN_AB
                0x08007cd8                mcp23017::DEFVAL_AB
                0x08007ce8                mcp23017::INTCON_AB
                0x08007cf8                mcp23017::OLAT_AB
                0x08007d08                mcp23017::GPIO_AB
                0x08007d18                mcp23017::INTCAP_AB
                0x08007d28                mcp23017::INTF_AB
                0x08007d38                mcp23017::IPOL_AB
 .rodata.str1.4
                0x08007d48       0xa9 ..\obj\RelayBoard.o
 *fill*         0x08007df1        0x3 
 .rodata        0x08007df4     0x2e79 ..\obj\u8g_fonts.o
                0x08007df4                u8g_font_unifont_0_8
                0x08008e84                u8g_font_7x13
                0x080096f4                u8g_font_6x12
                0x08009e84                u8g_font_6x10
                0x0800a5d0                u8g_font_5x8
 *fill*         0x0800ac6d        0x3 
 .rodata._ZTI15KeypadInterrupt
                0x0800ac70        0x8 ..\obj\EntController.o
                0x0800ac70                typeinfo for KeypadInterrupt
 .rodata._ZTS15KeypadInterrupt
                0x0800ac78       0x12 ..\obj\EntController.o
                0x0800ac78                typeinfo name for KeypadInterrupt
 *fill*         0x0800ac8a        0x6 
 .rodata        0x0800ac90       0x28 ..\obj\EntController.o
                0x0800ac90                vtable for EntController
                0x0800ac9c                typeinfo name for EntController
                0x0800acac                typeinfo for EntController
 .rodata.str1.4
                0x0800acb8       0x2b ..\obj\EntController.o
                                 0x3b (size before relaxing)
 *fill*         0x0800ace3        0x1 
 .rodata.str1.4
                0x0800ace4       0x30 ..\obj\ovc3860.o
 .rodata.str1.4
                0x0800ad14      0x1a2 ..\obj\main.o
                                0x1aa (size before relaxing)
 *fill*         0x0800aeb6        0x2 
 .rodata        0x0800aeb8       0x28 ..\obj\SpaController.o
                0x0800aeb8                vtable for SpaController
                0x0800aec4                typeinfo name for SpaController
                0x0800aed4                typeinfo for SpaController
 .rodata.str1.4
                0x0800aee0       0x74 ..\obj\SpaController.o
                                 0x84 (size before relaxing)
 *fill*         0x0800af54        0x4 
 .rodata._ZTVN10__cxxabiv120__si_class_type_infoE
                0x0800af58       0x2c C:\Program Files (x86)\GNU Tools ARM Embedded\4.9 2015q3\arm-none-eabi\lib\armv7-m\libstdc++_nano.a(si_class_type_info.o)
                0x0800af58                vtable for __cxxabiv1::__si_class_type_info
 .rodata._ZTIN10__cxxabiv120__si_class_type_infoE
                0x0800af84        0xc C:\Program Files (x86)\GNU Tools ARM Embedded\4.9 2015q3\arm-none-eabi\lib\armv7-m\libstdc++_nano.a(si_class_type_info.o)
                0x0800af84                typeinfo for __cxxabiv1::__si_class_type_info
 .rodata._ZTSN10__cxxabiv120__si_class_type_infoE
                0x0800af90       0x25 C:\Program Files (x86)\GNU Tools ARM Embedded\4.9 2015q3\arm-none-eabi\lib\armv7-m\libstdc++_nano.a(si_class_type_info.o)
                0x0800af90                typeinfo name for __cxxabiv1::__si_class_type_info
 *fill*         0x0800afb5        0x3 
 .rodata._ZTISt9type_info
                0x0800afb8        0x8 C:\Program Files (x86)\GNU Tools ARM Embedded\4.9 2015q3\arm-none-eabi\lib\armv7-m\libstdc++_nano.a(tinfo.o)
                0x0800afb8                typeinfo for std::type_info
 .rodata._ZTSSt9type_info
                0x0800afc0        0xd C:\Program Files (x86)\GNU Tools ARM Embedded\4.9 2015q3\arm-none-eabi\lib\armv7-m\libstdc++_nano.a(tinfo.o)
                0x0800afc0                typeinfo name for std::type_info
 *fill*         0x0800afcd        0x3 
 .rodata._ZTVN10__cxxabiv117__class_type_infoE
                0x0800afd0       0x2c C:\Program Files (x86)\GNU Tools ARM Embedded\4.9 2015q3\arm-none-eabi\lib\armv7-m\libstdc++_nano.a(class_type_info.o)
                0x0800afd0                vtable for __cxxabiv1::__class_type_info
 .rodata._ZTIN10__cxxabiv117__class_type_infoE
                0x0800affc        0xc C:\Program Files (x86)\GNU Tools ARM Embedded\4.9 2015q3\arm-none-eabi\lib\armv7-m\libstdc++_nano.a(class_type_info.o)
                0x0800affc                typeinfo for __cxxabiv1::__class_type_info
 .rodata._ZTSN10__cxxabiv117__class_type_infoE
                0x0800b008       0x22 C:\Program Files (x86)\GNU Tools ARM Embedded\4.9 2015q3\arm-none-eabi\lib\armv7-m\libstdc++_nano.a(class_type_info.o)
                0x0800b008                typeinfo name for __cxxabiv1::__class_type_info
 *(.eh_fram e*)

.glue_7         0x0800b02c        0x0
 .glue_7        0x00000000        0x0 linker stubs

.glue_7t        0x0800b02c        0x0
 .glue_7t       0x00000000        0x0 linker stubs

.vfp11_veneer   0x0800b02c        0x0
 .vfp11_veneer  0x00000000        0x0 linker stubs

.v4_bx          0x0800b02c        0x0
 .v4_bx         0x00000000        0x0 linker stubs

.iplt           0x0800b02c        0x0
 .iplt          0x00000000        0x0 ..\obj\u8g_dev_uc1611_dogxl240.o

.ARM.extab      0x0800b02c       0x24
 *(.ARM.extab* .gnu.linkonce.armextab.*)
 .ARM.extab     0x0800b02c        0xc ..\obj\main.o
 .ARM.extab     0x0800b038       0x18 c:/program files (x86)/gnu tools arm embedded/4.9 2015q3/bin/../lib/gcc/arm-none-eabi/4.9.3/armv7-m\libgcc.a(pr-support.o)
                0x0800b050                __exidx_start = .

.ARM.exidx      0x0800b050      0x1f8
 *(.ARM.exidx* .gnu.linkonce.armexidx.*)
 .ARM.exidx     0x0800b050       0x70 ..\obj\DS18B20.o
                                 0xa0 (size before relaxing)
 .ARM.exidx     0x0800b0c0       0x30 ..\obj\Keypad.o
                                 0x28 (size before relaxing)
 .ARM.exidx     0x0800b0f0       0x48 ..\obj\mcp23017.o
                                 0x70 (size before relaxing)
 .ARM.exidx     0x0800b138       0x18 ..\obj\RelayBoard.o
                                 0x10 (size before relaxing)
 .ARM.exidx     0x0800b150        0x0 ..\obj\EntController.o
                                 0x18 (size before relaxing)
 .ARM.exidx     0x0800b150       0x20 ..\obj\main.o
                                 0x30 (size before relaxing)
 .ARM.exidx.text.startup
                0x0800b170        0x8 ..\obj\main.o
 .ARM.exidx     0x0800b178       0x20 ..\obj\SpaController.o
                                 0x48 (size before relaxing)
 .ARM.exidx     0x0800b198       0x78 c:/program files (x86)/gnu tools arm embedded/4.9 2015q3/bin/../lib/gcc/arm-none-eabi/4.9.3/armv7-m\libgcc.a(unwind-arm.o)
                                 0xd8 (size before relaxing)
 .ARM.exidx     0x0800b210       0x38 c:/program files (x86)/gnu tools arm embedded/4.9 2015q3/bin/../lib/gcc/arm-none-eabi/4.9.3/armv7-m\libgcc.a(pr-support.o)
                                 0x48 (size before relaxing)
                0x0800b248                __exidx_end = .
                0x0800b248                __etext = .
                0x0800b248                _sidata = __etext

.rel.dyn        0x0800b248        0x0
 .rel.iplt      0x00000000        0x0 ..\obj\u8g_dev_uc1611_dogxl240.o

.data           0x20000000      0x91c load address 0x0800b248
                0x20000000                __data_start__ = .
                0x20000000                _sdata = __data_start__
 *(vtable)
 *(.data*)
 .data          0x20000000      0x430 ..\obj\printf.o
                0x20000000                outputUart
                0x20000004                _impure_ptr
                0x20000008                r
 .data          0x20000430       0x9c ..\obj\u8g_dev_st7920_128x64.o
                0x20000430                u8g_dev_st7920_128x64_4x_custom
                0x2000043c                u8g_dev_st7920_128x64_4x_8bit
                0x20000448                u8g_dev_st7920_128x64_4x_hw_spi
                0x20000454                u8g_dev_st7920_128x64_4x_sw_spi
                0x20000460                u8g_dev_st7920_128x64_4x_pb
                0x2000046c                u8g_dev_st7920_128x64_custom
                0x20000478                u8g_dev_st7920_128x64_custom_pb
                0x20000484                u8g_dev_st7920_128x64_8bit
                0x20000490                u8g_dev_st7920_128x64_8bit_pb
                0x2000049c                u8g_dev_st7920_128x64_hw_spi
                0x200004a8                u8g_dev_st7920_128x64_hw_spi_pb
                0x200004b4                u8g_dev_st7920_128x64_sw_spi
                0x200004c0                u8g_dev_st7920_128x64_sw_spi_pb
 .data          0x200004cc       0x14 ..\obj\stm32f10x_rcc.o
 .data          0x200004e0       0x18 ..\obj\ovc3860.o
                0x200004e0                ovc3860_AT_PLAYPAUSE
                0x200004e4                ovc3860_AT_STOP
                0x200004e8                ovc3860_AT_PREVIOUS
                0x200004ec                ovc3860_AT_NEXT
                0x200004f0                ovc3860_AT_VOLUP
                0x200004f4                ovc3860_AT_VOLDOWN
 .data          0x200004f8       0x14 ..\obj\system_stm32f10x.o
                0x200004f8                AHBPrescTable
                0x20000508                SystemCoreClock
 .data.__malloc_av_
                0x2000050c      0x408 C:\Program Files (x86)\GNU Tools ARM Embedded\4.9 2015q3\arm-none-eabi\lib\armv7-m\libg.a(lib_a-mallocr.o)
                0x2000050c                __malloc_av_
 .data.__malloc_trim_threshold
                0x20000914        0x4 C:\Program Files (x86)\GNU Tools ARM Embedded\4.9 2015q3\arm-none-eabi\lib\armv7-m\libg.a(lib_a-mallocr.o)
                0x20000914                __malloc_trim_threshold
 .data.__malloc_sbrk_base
                0x20000918        0x4 C:\Program Files (x86)\GNU Tools ARM Embedded\4.9 2015q3\arm-none-eabi\lib\armv7-m\libg.a(lib_a-mallocr.o)
                0x20000918                __malloc_sbrk_base
                0x2000091c                . = ALIGN (0x4)
                0x2000091c                PROVIDE (__preinit_array_start, .)
 *(.preinit_array)
                0x2000091c                PROVIDE (__preinit_array_end, .)
                0x2000091c                . = ALIGN (0x4)
                0x2000091c                PROVIDE (__init_array_start, .)
 *(SORT(.init_array.*))
 *(.init_array)
                0x2000091c                PROVIDE (__init_array_end, .)
                0x2000091c                . = ALIGN (0x4)
                0x2000091c                PROVIDE (__fini_array_start, .)
 *(SORT(.fini_array.*))
 *(.fini_array)
                0x2000091c                PROVIDE (__fini_array_end, .)
 *(.jcr*)
                0x2000091c                . = ALIGN (0x4)
                0x2000091c                __data_end__ = .
                0x2000091c                _edata = __data_end__

.igot.plt       0x2000091c        0x0 load address 0x0800bb64
 .igot.plt      0x00000000        0x0 ..\obj\u8g_dev_uc1611_dogxl240.o

.bss            0x2000091c      0x79c load address 0x0800bb64
                0x2000091c                . = ALIGN (0x4)
                0x2000091c                __bss_start__ = .
                0x2000091c                _sbss = __bss_start__
 *(.bss*)
 .bss           0x2000091c        0x4 ..\obj\syscalls.o
 .bss           0x20000920      0x400 ..\obj\u8g_dev_st7920_128x64.o
                0x20000920                u8g_dev_st7920_128x64_4x_buf
                0x20000b20                u8g_dev_st7920_128x64_custom_buf
                0x20000ba0                u8g_dev_st7920_128x64_8bit_buf
                0x20000c20                u8g_dev_st7920_128x64_hw_spi_buf
                0x20000ca0                u8g_dev_st7920_128x64_sw_spi_buf
 .bss           0x20000d20        0x4 ..\obj\DS18B20.o
                0x20000d20                DS18B20::ulHclk
 .bss           0x20000d24        0x8 ..\obj\delay.o
 .bss           0x20000d2c        0x5 ..\obj\u8g_arm_uart.o
                0x20000d30                control
 *fill*         0x20000d31        0x3 
 .bss           0x20000d34        0x4 ..\obj\usart.o
                0x20000d34                received_count
 .bss           0x20000d38      0x15a ..\obj\main.o
                0x20000d74                chTemp1
                0x20000d7c                chTemp2
                0x20000d84                chTempSet
                0x20000d8a                si4703_PSNvalid
                0x20000d8c                si4703_programServiceName
                0x20000d96                bStereo
                0x20000d98                chChannel
                0x20000da0                iChannel
                0x20000da4                temp1
                0x20000dbc                leds
                0x20000dd8                relayBoard
                0x20000df8                keypad
                0x20000e58                iStrength
                0x20000e5c                si4703_registers
                0x20000e7c                si4703_PSName2
                0x20000e88                si4703_PSName1
 *fill*         0x20000e92        0x2 
 .bss.__malloc_top_pad
                0x20000e94        0x4 C:\Program Files (x86)\GNU Tools ARM Embedded\4.9 2015q3\arm-none-eabi\lib\armv7-m\libg.a(lib_a-mallocr.o)
                0x20000e94                __malloc_top_pad
 .bss.__malloc_current_mallinfo
                0x20000e98       0x28 C:\Program Files (x86)\GNU Tools ARM Embedded\4.9 2015q3\arm-none-eabi\lib\armv7-m\libg.a(lib_a-mallocr.o)
                0x20000e98                __malloc_current_mallinfo
 *(COMMON)
 COMMON         0x20000ec0      0x1f4 ..\obj\usart.o
                0x20000ec0                received_string
 COMMON         0x200010b4        0x4 C:\Program Files (x86)\GNU Tools ARM Embedded\4.9 2015q3\arm-none-eabi\lib\armv7-m\libg.a(lib_a-reent.o)
                0x200010b4                errno
                0x200010b8                . = ALIGN (0x4)
                0x200010b8                __bss_end__ = .
                0x200010b8                _ebss = __bss_end__

.heap           0x200010b8        0x0
                0x200010b8                __end__ = .
                0x200010b8                _end = __end__
                0x200010b8                end = __end__
 *(.heap*)
                0x200010b8                __HeapLimit = .

.co_stack       0x200010b8        0x0
                0x200010b8                . = ALIGN (0x8)
 *(.co_stack .co_stack.*)
                0x20005000                __StackTop = (ORIGIN (ram) + 0x5000)
                0x20005000                __StackLimit = (__StackTop - SIZEOF (.co_stack))
                0x20005000                PROVIDE (__stack, __StackTop)
                0x00000001                ASSERT ((__StackLimit >= __HeapLimit), region ram  overflowed with stack)
LOAD ..\obj\u8g_dev_uc1611_dogxl240.o
LOAD ..\obj\stm32f10x_fsmc.o
LOAD ..\obj\u8g_com_arduino_hw_usart_spi.o
LOAD ..\obj\u8g_pb.o
LOAD ..\obj\u8g_com_atxmega_st7920_hw_spi.o
LOAD ..\obj\u8g_com_msp430_hw_spi.o
LOAD ..\obj\u8g_com_arduino_st7920_custom.o
LOAD ..\obj\u8g_pb8v1.o
LOAD ..\obj\u8g_com_arduino_common.o
LOAD ..\obj\u8g_dev_ili9325d_320x240.o
LOAD ..\obj\stm32f10x_pwr.o
LOAD ..\obj\u8g_com_i2c.o
LOAD ..\obj\printf.o
LOAD ..\obj\u8g_com_raspberrypi_hw_spi.o
LOAD ..\obj\stm32f10x_cec.o
LOAD ..\obj\u8g_dev_pcf8812_96x65.o
LOAD ..\obj\syscalls.o
LOAD ..\obj\u8g_dev_st7920_128x64.o
LOAD ..\obj\u8g_pb16h2.o
LOAD ..\obj\u8g_cursor.o
LOAD ..\obj\u8g_com_arduino_st7920_spi.o
LOAD ..\obj\u8g_com_api.o
LOAD ..\obj\u8g_com_arduino_port_d_wr.o
LOAD ..\obj\u8g_dev_tls8204_84x48.o
LOAD ..\obj\u8g_ellipse.o
LOAD ..\obj\u8g_bitmap.o
LOAD ..\obj\stm32f10x_crc.o
LOAD ..\obj\si4703.o
LOAD ..\obj\stm32f10x_dac.o
LOAD ..\obj\DS18B20.o
LOAD ..\obj\u8g_dev_t6963_240x128.o
LOAD ..\obj\u8g_state.o
LOAD ..\obj\u8g_dev_st7565_lm6059.o
LOAD ..\obj\u8g_com_io.o
LOAD ..\obj\u8g_dev_pcd8544_84x48.o
LOAD ..\obj\u8g_ll_api.o
LOAD ..\obj\u8g_dev_st7565_dogm132.o
LOAD ..\obj\stm32f10x_gpio.o
LOAD ..\obj\u8g_page.o
LOAD ..\obj\Keypad.o
LOAD ..\obj\stm32f10x_rcc.o
LOAD ..\obj\u8g_pb16v2.o
LOAD ..\obj\u8g_com_arduino_attiny85_hw_spi.o
LOAD ..\obj\stm32f10x_sdio.o
LOAD ..\obj\u8g_dev_uc1601_c128032.o
LOAD ..\obj\mcp23017.o
LOAD ..\obj\u8g_dev_ssd1353_160x128.o
LOAD ..\obj\startup_stm32f10x_md.o
LOAD ..\obj\u8g_pbxh24.o
LOAD ..\obj\u8g_com_arduino_std_sw_spi.o
LOAD ..\obj\u8g_dev_ssd1306_128x64.o
LOAD ..\obj\u8g_dev_ssd1325_nhd27oled_gr.o
LOAD ..\obj\stm32f10x_can.o
LOAD ..\obj\u8g_pb14v1.o
LOAD ..\obj\u8g_rect.o
LOAD ..\obj\u8g_dev_st7565_nhd_c12864.o
LOAD ..\obj\stm32f10x_iwdg.o
LOAD ..\obj\RelayBoard.o
LOAD ..\obj\u8g_dev_lc7981_320x64.o
LOAD ..\obj\u8g_dev_lc7981_160x80.o
LOAD ..\obj\stm32f10x_tim.o
LOAD ..\obj\u8g_com_arduino_fast_parallel.o
LOAD ..\obj\u8g_fonts.o
LOAD ..\obj\u8g_com_null.o
LOAD ..\obj\u8g_com_arduino_ssd_i2c.o
LOAD ..\obj\u8g_dev_flipdisc_2x7.o
LOAD ..\obj\u8g_com_atmega_sw_spi.o
LOAD ..\obj\EntController.o
LOAD ..\obj\u8g_pb16v1.o
LOAD ..\obj\u8g_pb8h1f.o
LOAD ..\obj\u8g_pb16h1.o
LOAD ..\obj\delay.o
LOAD ..\obj\u8g_dev_st7920_202x32.o
LOAD ..\obj\u8g_dev_ks0108_128x64.o
LOAD ..\obj\u8g_dev_lc7981_240x64.o
LOAD ..\obj\u8g_com_atmega_st7920_spi.o
LOAD ..\obj\u8g_dev_st7920_192x32.o
LOAD ..\obj\ovc3860.o
LOAD ..\obj\u8g_delay.o
LOAD ..\obj\u8g_arm_uart.o
LOAD ..\obj\u8g_com_atxmega_hw_spi.o
LOAD ..\obj\stm32f10x_dma.o
LOAD ..\obj\u8g_dev_ld7032_60x32.o
LOAD ..\obj\u8g_com_api_16gr.o
LOAD ..\obj\u8g_dev_ssd1322_nhd31oled_gr.o
LOAD ..\obj\u8g_dev_ssd1325_nhd27oled_gr_new.o
LOAD ..\obj\u8g_com_atmega_parallel.o
LOAD ..\obj\u8g_line.o
LOAD ..\obj\stm32f10x_dbgmcu.o
LOAD ..\obj\chessengine.o
LOAD ..\obj\u8g_com_arduino_t6963.o
LOAD ..\obj\u8g_dev_uc1611_dogm240.o
LOAD ..\obj\u8g_dev_ssd1306_64x48.o
LOAD ..\obj\u8g_com_atmega_hw_spi.o
LOAD ..\obj\u8g_dev_st7565_dogm128.o
LOAD ..\obj\u8g_dev_ssd1306_128x32.o
LOAD ..\obj\stm32f10x_spi.o
LOAD ..\obj\usart.o
LOAD ..\obj\stm32f10x_wwdg.o
LOAD ..\obj\u8g_dev_lc7981_240x128.o
LOAD ..\obj\u8g_dev_ht1632.o
LOAD ..\obj\u8g_u8toa.o
LOAD ..\obj\u8g_com_atmega_st7920_hw_spi.o
LOAD ..\obj\u8g_dev_sbn1661_122x32.o
LOAD ..\obj\u8g_dev_ssd1325_nhd27oled_bw.o
LOAD ..\obj\u8g_dev_st7565_64128n.o
LOAD ..\obj\u8g_pb32h1.o
LOAD ..\obj\u8g_pb8h1.o
LOAD ..\obj\main.o
LOAD ..\obj\stm32f10x_rtc.o
LOAD ..\obj\SpaController.o
LOAD ..\obj\u8g_dev_uc1701_mini12864.o
LOAD ..\obj\stm32f10x_usart.o
LOAD ..\obj\u8g_dev_ssd1309_128x64.o
LOAD ..\obj\u8g_dev_uc1701_dogs102.o
LOAD ..\obj\stm32f10x_adc.o
LOAD ..\obj\u8g_dev_ssd1327_96x96_gr.o
LOAD ..\obj\u8g_com_arduino_st7920_hw_spi.o
LOAD ..\obj\u8g_font.o
LOAD ..\obj\u8g_clip.o
LOAD ..\obj\u8g_pb8h2.o
LOAD ..\obj\u8g_dev_null.o
LOAD ..\obj\u8g_com_arduino_uc_i2c.o
LOAD ..\obj\u8g_pb8v2.o
LOAD ..\obj\u8g_pbxh16.o
LOAD ..\obj\u8g_com_raspberrypi_ssd_i2c.o
LOAD ..\obj\u8g_polygon.o
LOAD ..\obj\u8g_virtual_screen.o
LOAD ..\obj\misc.o
LOAD ..\obj\stm32f10x_i2c.o
LOAD ..\obj\u8g_dev_uc1610_dogxl160.o
LOAD ..\obj\u8g_pb8h8.o
LOAD ..\obj\system_stm32f10x.o
LOAD ..\obj\u8g_dev_uc1608_240x128.o
LOAD ..\obj\u8g_dev_st7687_c144mvgd.o
LOAD ..\obj\u8g_dev_a2_micro_printer.o
LOAD ..\obj\u8g_dev_t6963_128x64.o
LOAD ..\obj\stm32f10x_bkp.o
LOAD ..\obj\u8g_com_arduino_no_en_parallel.o
LOAD ..\obj\stm32f10x_flash.o
LOAD ..\obj\u8g_com_psoc5_ssd_hw_parallel.o
LOAD ..\obj\u8g_dev_ssd1351_128x128.o
LOAD ..\obj\u8g_com_arduino_hw_spi.o
LOAD ..\obj\u8g_dev_st7565_lm6063.o
LOAD ..\obj\u8g_dev_t6963_240x64.o
LOAD ..\obj\u8g_dev_uc1608_240x64.o
LOAD ..\obj\u8g_circle.o
LOAD ..\obj\u8g_dev_gprof.o
LOAD ..\obj\u8g_u16toa.o
LOAD ..\obj\u8g_com_arduino_parallel.o
LOAD ..\obj\u8g_rot.o
LOAD ..\obj\u8g_dev_ssd1322_nhd31oled_bw.o
LOAD ..\obj\u8g_scale.o
LOAD ..\obj\u8g_dev_st7565_nhd_c12832.o
LOAD ..\obj\u8g_dev_ssd1325_nhd27oled_bw_new.o
LOAD ..\obj\u8g_dev_t6963_128x128.o
LOAD ..\obj\u8g_com_arduino_sw_spi.o
LOAD ..\obj\stm32f10x_exti.o
LOAD ..\obj\u8g_com_std_sw_spi.o
LOAD C:\Program Files (x86)\GNU Tools ARM Embedded\4.9 2015q3\arm-none-eabi\lib\armv7-m\libstdc++_nano.a
LOAD C:\Program Files (x86)\GNU Tools ARM Embedded\4.9 2015q3\arm-none-eabi\lib\armv7-m\libsupc++_nano.a
LOAD C:\Program Files (x86)\GNU Tools ARM Embedded\4.9 2015q3\arm-none-eabi\lib\armv7-m\libnosys.a
START GROUP
LOAD c:/program files (x86)/gnu tools arm embedded/4.9 2015q3/bin/../lib/gcc/arm-none-eabi/4.9.3/armv7-m\libgcc.a
LOAD C:\Program Files (x86)\GNU Tools ARM Embedded\4.9 2015q3\arm-none-eabi\lib\armv7-m\libg.a
LOAD C:\Program Files (x86)\GNU Tools ARM Embedded\4.9 2015q3\arm-none-eabi\lib\armv7-m\libc.a
END GROUP
OUTPUT(JacuzziV2.elf elf32-littlearm)

.debug_info     0x00000000    0x1b381
 .debug_info    0x00000000      0x890 ..\obj\u8g_pb.o
 .debug_info    0x00000890      0x434 ..\obj\u8g_com_arduino_st7920_custom.o
 .debug_info    0x00000cc4     0x1517 ..\obj\printf.o
 .debug_info    0x000021db      0x3ed ..\obj\syscalls.o
 .debug_info    0x000025c8      0xbe8 ..\obj\u8g_dev_st7920_128x64.o
 .debug_info    0x000031b0      0xa0d ..\obj\u8g_com_api.o
 .debug_info    0x00003bbd      0xfa9 ..\obj\si4703.o
 .debug_info    0x00004b66     0x160d ..\obj\DS18B20.o
 .debug_info    0x00006173      0x468 ..\obj\u8g_state.o
 .debug_info    0x000065db     0x1aab ..\obj\u8g_ll_api.o
 .debug_info    0x00008086      0x887 ..\obj\stm32f10x_gpio.o
 .debug_info    0x0000890d      0x195 ..\obj\u8g_page.o
 .debug_info    0x00008aa2     0x1081 ..\obj\Keypad.o
 .debug_info    0x00009b23      0x92e ..\obj\stm32f10x_rcc.o
 .debug_info    0x0000a451     0x144f ..\obj\mcp23017.o
 .debug_info    0x0000b8a0       0xcb ..\obj\startup_stm32f10x_md.o
 .debug_info    0x0000b96b      0xd88 ..\obj\u8g_rect.o
 .debug_info    0x0000c6f3      0xc45 ..\obj\RelayBoard.o
 .debug_info    0x0000d338      0x14d ..\obj\u8g_fonts.o
 .debug_info    0x0000d485      0x42f ..\obj\u8g_com_null.o
 .debug_info    0x0000d8b4      0xf80 ..\obj\EntController.o
 .debug_info    0x0000e834      0x781 ..\obj\delay.o
 .debug_info    0x0000efb5      0x2f4 ..\obj\ovc3860.o
 .debug_info    0x0000f2a9      0xa3f ..\obj\u8g_arm_uart.o
 .debug_info    0x0000fce8      0x504 ..\obj\u8g_line.o
 .debug_info    0x000101ec      0x858 ..\obj\usart.o
 .debug_info    0x00010a44      0x8cf ..\obj\u8g_pb32h1.o
 .debug_info    0x00011313      0x80b ..\obj\u8g_pb8h1.o
 .debug_info    0x00011b1e     0x28c0 ..\obj\main.o
 .debug_info    0x000143de     0x141c ..\obj\SpaController.o
 .debug_info    0x000157fa      0xb3c ..\obj\stm32f10x_usart.o
 .debug_info    0x00016336     0x2abc ..\obj\u8g_font.o
 .debug_info    0x00018df2      0x4ee ..\obj\u8g_clip.o
 .debug_info    0x000192e0      0x543 ..\obj\misc.o
 .debug_info    0x00019823      0xb99 ..\obj\stm32f10x_i2c.o
 .debug_info    0x0001a3bc      0x4a1 ..\obj\system_stm32f10x.o
 .debug_info    0x0001a85d      0xb24 ..\obj\u8g_circle.o

.debug_abbrev   0x00000000     0x50ed
 .debug_abbrev  0x00000000      0x211 ..\obj\u8g_pb.o
 .debug_abbrev  0x00000211      0x106 ..\obj\u8g_com_arduino_st7920_custom.o
 .debug_abbrev  0x00000317      0x445 ..\obj\printf.o
 .debug_abbrev  0x0000075c       0xf1 ..\obj\syscalls.o
 .debug_abbrev  0x0000084d      0x1bc ..\obj\u8g_dev_st7920_128x64.o
 .debug_abbrev  0x00000a09      0x1ee ..\obj\u8g_com_api.o
 .debug_abbrev  0x00000bf7      0x36b ..\obj\si4703.o
 .debug_abbrev  0x00000f62      0x463 ..\obj\DS18B20.o
 .debug_abbrev  0x000013c5      0x139 ..\obj\u8g_state.o
 .debug_abbrev  0x000014fe      0x374 ..\obj\u8g_ll_api.o
 .debug_abbrev  0x00001872      0x203 ..\obj\stm32f10x_gpio.o
 .debug_abbrev  0x00001a75       0xf3 ..\obj\u8g_page.o
 .debug_abbrev  0x00001b68      0x367 ..\obj\Keypad.o
 .debug_abbrev  0x00001ecf      0x25e ..\obj\stm32f10x_rcc.o
 .debug_abbrev  0x0000212d      0x2c6 ..\obj\mcp23017.o
 .debug_abbrev  0x000023f3       0x12 ..\obj\startup_stm32f10x_md.o
 .debug_abbrev  0x00002405      0x185 ..\obj\u8g_rect.o
 .debug_abbrev  0x0000258a      0x263 ..\obj\RelayBoard.o
 .debug_abbrev  0x000027ed       0x6c ..\obj\u8g_fonts.o
 .debug_abbrev  0x00002859      0x106 ..\obj\u8g_com_null.o
 .debug_abbrev  0x0000295f      0x35c ..\obj\EntController.o
 .debug_abbrev  0x00002cbb      0x2b8 ..\obj\delay.o
 .debug_abbrev  0x00002f73       0xec ..\obj\ovc3860.o
 .debug_abbrev  0x0000305f      0x273 ..\obj\u8g_arm_uart.o
 .debug_abbrev  0x000032d2      0x157 ..\obj\u8g_line.o
 .debug_abbrev  0x00003429      0x1e3 ..\obj\usart.o
 .debug_abbrev  0x0000360c      0x239 ..\obj\u8g_pb32h1.o
 .debug_abbrev  0x00003845      0x1d3 ..\obj\u8g_pb8h1.o
 .debug_abbrev  0x00003a18      0x4e7 ..\obj\main.o
 .debug_abbrev  0x00003eff      0x3be ..\obj\SpaController.o
 .debug_abbrev  0x000042bd      0x1f8 ..\obj\stm32f10x_usart.o
 .debug_abbrev  0x000044b5      0x412 ..\obj\u8g_font.o
 .debug_abbrev  0x000048c7      0x14f ..\obj\u8g_clip.o
 .debug_abbrev  0x00004a16      0x154 ..\obj\misc.o
 .debug_abbrev  0x00004b6a      0x1ed ..\obj\stm32f10x_i2c.o
 .debug_abbrev  0x00004d57      0x16c ..\obj\system_stm32f10x.o
 .debug_abbrev  0x00004ec3      0x22a ..\obj\u8g_circle.o

.debug_loc      0x00000000     0xd656
 .debug_loc     0x00000000      0x918 ..\obj\u8g_pb.o
 .debug_loc     0x00000918       0x21 ..\obj\u8g_com_arduino_st7920_custom.o
 .debug_loc     0x00000939     0x1045 ..\obj\printf.o
 .debug_loc     0x0000197e      0x108 ..\obj\syscalls.o
 .debug_loc     0x00001a86      0x3ce ..\obj\u8g_dev_st7920_128x64.o
 .debug_loc     0x00001e54      0x661 ..\obj\u8g_com_api.o
 .debug_loc     0x000024b5      0x748 ..\obj\si4703.o
 .debug_loc     0x00002bfd      0xcf9 ..\obj\DS18B20.o
 .debug_loc     0x000038f6       0x42 ..\obj\u8g_state.o
 .debug_loc     0x00003938     0x1979 ..\obj\u8g_ll_api.o
 .debug_loc     0x000052b1      0x5d0 ..\obj\stm32f10x_gpio.o
 .debug_loc     0x00005881       0xd1 ..\obj\u8g_page.o
 .debug_loc     0x00005952      0x1ec ..\obj\Keypad.o
 .debug_loc     0x00005b3e      0x7fb ..\obj\stm32f10x_rcc.o
 .debug_loc     0x00006339      0x659 ..\obj\mcp23017.o
 .debug_loc     0x00006992      0xa79 ..\obj\u8g_rect.o
 .debug_loc     0x0000740b       0xed ..\obj\RelayBoard.o
 .debug_loc     0x000074f8       0x21 ..\obj\u8g_com_null.o
 .debug_loc     0x00007519       0x8f ..\obj\EntController.o
 .debug_loc     0x000075a8       0xdb ..\obj\delay.o
 .debug_loc     0x00007683      0x21a ..\obj\u8g_arm_uart.o
 .debug_loc     0x0000789d      0x32c ..\obj\u8g_line.o
 .debug_loc     0x00007bc9       0x58 ..\obj\usart.o
 .debug_loc     0x00007c21      0x6ba ..\obj\u8g_pb32h1.o
 .debug_loc     0x000082db      0x4fc ..\obj\u8g_pb8h1.o
 .debug_loc     0x000087d7       0xb7 ..\obj\main.o
 .debug_loc     0x0000888e      0x2e5 ..\obj\SpaController.o
 .debug_loc     0x00008b73      0x82e ..\obj\stm32f10x_usart.o
 .debug_loc     0x000093a1     0x2dcf ..\obj\u8g_font.o
 .debug_loc     0x0000c170      0x378 ..\obj\u8g_clip.o
 .debug_loc     0x0000c4e8      0x18e ..\obj\misc.o
 .debug_loc     0x0000c676      0x73c ..\obj\stm32f10x_i2c.o
 .debug_loc     0x0000cdb2       0xbc ..\obj\system_stm32f10x.o
 .debug_loc     0x0000ce6e      0x7e8 ..\obj\u8g_circle.o

.debug_aranges  0x00000000      0x4a8
 .debug_aranges
                0x00000000       0x20 ..\obj\u8g_pb.o
 .debug_aranges
                0x00000020       0x20 ..\obj\u8g_com_arduino_st7920_custom.o
 .debug_aranges
                0x00000040       0x20 ..\obj\printf.o
 .debug_aranges
                0x00000060       0x20 ..\obj\syscalls.o
 .debug_aranges
                0x00000080       0x20 ..\obj\u8g_dev_st7920_128x64.o
 .debug_aranges
                0x000000a0       0x20 ..\obj\u8g_com_api.o
 .debug_aranges
                0x000000c0       0x20 ..\obj\si4703.o
 .debug_aranges
                0x000000e0       0x20 ..\obj\DS18B20.o
 .debug_aranges
                0x00000100       0x20 ..\obj\u8g_state.o
 .debug_aranges
                0x00000120       0x20 ..\obj\u8g_ll_api.o
 .debug_aranges
                0x00000140       0x20 ..\obj\stm32f10x_gpio.o
 .debug_aranges
                0x00000160       0x20 ..\obj\u8g_page.o
 .debug_aranges
                0x00000180       0x20 ..\obj\Keypad.o
 .debug_aranges
                0x000001a0       0x20 ..\obj\stm32f10x_rcc.o
 .debug_aranges
                0x000001c0       0x20 ..\obj\mcp23017.o
 .debug_aranges
                0x000001e0       0x28 ..\obj\startup_stm32f10x_md.o
 .debug_aranges
                0x00000208       0x20 ..\obj\u8g_rect.o
 .debug_aranges
                0x00000228       0x20 ..\obj\RelayBoard.o
 .debug_aranges
                0x00000248       0x18 ..\obj\u8g_fonts.o
 .debug_aranges
                0x00000260       0x20 ..\obj\u8g_com_null.o
 .debug_aranges
                0x00000280       0x20 ..\obj\EntController.o
 .debug_aranges
                0x000002a0       0x20 ..\obj\delay.o
 .debug_aranges
                0x000002c0       0x20 ..\obj\ovc3860.o
 .debug_aranges
                0x000002e0       0x20 ..\obj\u8g_arm_uart.o
 .debug_aranges
                0x00000300       0x20 ..\obj\u8g_line.o
 .debug_aranges
                0x00000320       0x20 ..\obj\usart.o
 .debug_aranges
                0x00000340       0x20 ..\obj\u8g_pb32h1.o
 .debug_aranges
                0x00000360       0x20 ..\obj\u8g_pb8h1.o
 .debug_aranges
                0x00000380       0x28 ..\obj\main.o
 .debug_aranges
                0x000003a8       0x20 ..\obj\SpaController.o
 .debug_aranges
                0x000003c8       0x20 ..\obj\stm32f10x_usart.o
 .debug_aranges
                0x000003e8       0x20 ..\obj\u8g_font.o
 .debug_aranges
                0x00000408       0x20 ..\obj\u8g_clip.o
 .debug_aranges
                0x00000428       0x20 ..\obj\misc.o
 .debug_aranges
                0x00000448       0x20 ..\obj\stm32f10x_i2c.o
 .debug_aranges
                0x00000468       0x20 ..\obj\system_stm32f10x.o
 .debug_aranges
                0x00000488       0x20 ..\obj\u8g_circle.o

.debug_ranges   0x00000000      0x8b8
 .debug_ranges  0x00000000       0x40 ..\obj\u8g_pb.o
 .debug_ranges  0x00000040       0x80 ..\obj\printf.o
 .debug_ranges  0x000000c0       0x20 ..\obj\u8g_com_api.o
 .debug_ranges  0x000000e0       0x48 ..\obj\si4703.o
 .debug_ranges  0x00000128       0xd8 ..\obj\DS18B20.o
 .debug_ranges  0x00000200      0x198 ..\obj\u8g_ll_api.o
 .debug_ranges  0x00000398       0x78 ..\obj\Keypad.o
 .debug_ranges  0x00000410       0x20 ..\obj\stm32f10x_rcc.o
 .debug_ranges  0x00000430       0x58 ..\obj\mcp23017.o
 .debug_ranges  0x00000488       0x20 ..\obj\startup_stm32f10x_md.o
 .debug_ranges  0x000004a8       0x30 ..\obj\u8g_rect.o
 .debug_ranges  0x000004d8       0x50 ..\obj\delay.o
 .debug_ranges  0x00000528       0x48 ..\obj\main.o
 .debug_ranges  0x00000570       0x90 ..\obj\SpaController.o
 .debug_ranges  0x00000600      0x1e8 ..\obj\u8g_font.o
 .debug_ranges  0x000007e8       0x58 ..\obj\u8g_clip.o
 .debug_ranges  0x00000840       0x28 ..\obj\system_stm32f10x.o
 .debug_ranges  0x00000868       0x50 ..\obj\u8g_circle.o

.debug_line     0x00000000     0x61da
 .debug_line    0x00000000      0x1c9 ..\obj\u8g_pb.o
 .debug_line    0x000001c9      0x154 ..\obj\u8g_com_arduino_st7920_custom.o
 .debug_line    0x0000031d      0x4d1 ..\obj\printf.o
 .debug_line    0x000007ee      0x118 ..\obj\syscalls.o
 .debug_line    0x00000906      0x1f0 ..\obj\u8g_dev_st7920_128x64.o
 .debug_line    0x00000af6      0x1c4 ..\obj\u8g_com_api.o
 .debug_line    0x00000cba      0x446 ..\obj\si4703.o
 .debug_line    0x00001100      0x466 ..\obj\DS18B20.o
 .debug_line    0x00001566      0x145 ..\obj\u8g_state.o
 .debug_line    0x000016ab      0x354 ..\obj\u8g_ll_api.o
 .debug_line    0x000019ff      0x314 ..\obj\stm32f10x_gpio.o
 .debug_line    0x00001d13      0x167 ..\obj\u8g_page.o
 .debug_line    0x00001e7a      0x383 ..\obj\Keypad.o
 .debug_line    0x000021fd      0x32e ..\obj\stm32f10x_rcc.o
 .debug_line    0x0000252b      0x349 ..\obj\mcp23017.o
 .debug_line    0x00002874       0xcd ..\obj\startup_stm32f10x_md.o
 .debug_line    0x00002941      0x221 ..\obj\u8g_rect.o
 .debug_line    0x00002b62      0x2bf ..\obj\RelayBoard.o
 .debug_line    0x00002e21      0x15f ..\obj\u8g_fonts.o
 .debug_line    0x00002f80      0x144 ..\obj\u8g_com_null.o
 .debug_line    0x000030c4      0x30d ..\obj\EntController.o
 .debug_line    0x000033d1      0x26b ..\obj\delay.o
 .debug_line    0x0000363c      0x24f ..\obj\ovc3860.o
 .debug_line    0x0000388b      0x341 ..\obj\u8g_arm_uart.o
 .debug_line    0x00003bcc      0x1a3 ..\obj\u8g_line.o
 .debug_line    0x00003d6f      0x2a2 ..\obj\usart.o
 .debug_line    0x00004011      0x208 ..\obj\u8g_pb32h1.o
 .debug_line    0x00004219      0x1e5 ..\obj\u8g_pb8h1.o
 .debug_line    0x000043fe      0x4a0 ..\obj\main.o
 .debug_line    0x0000489e      0x386 ..\obj\SpaController.o
 .debug_line    0x00004c24      0x363 ..\obj\stm32f10x_usart.o
 .debug_line    0x00004f87      0x706 ..\obj\u8g_font.o
 .debug_line    0x0000568d      0x17d ..\obj\u8g_clip.o
 .debug_line    0x0000580a      0x20e ..\obj\misc.o
 .debug_line    0x00005a18      0x36c ..\obj\stm32f10x_i2c.o
 .debug_line    0x00005d84      0x248 ..\obj\system_stm32f10x.o
 .debug_line    0x00005fcc      0x20e ..\obj\u8g_circle.o

.debug_str      0x00000000     0x50b4
 .debug_str     0x00000000      0x3c3 ..\obj\u8g_pb.o
                                0x49c (size before relaxing)
 .debug_str     0x000003c3       0x80 ..\obj\u8g_com_arduino_st7920_custom.o
                                0x3c0 (size before relaxing)
 .debug_str     0x00000443      0x58a ..\obj\printf.o
                                0x750 (size before relaxing)
 .debug_str     0x000009cd      0x160 ..\obj\syscalls.o
                                0x2da (size before relaxing)
 .debug_str     0x00000b2d      0x33d ..\obj\u8g_dev_st7920_128x64.o
                                0x6e7 (size before relaxing)
 .debug_str     0x00000e6a       0xa8 ..\obj\u8g_com_api.o
                                0x468 (size before relaxing)
 .debug_str     0x00000f12      0x48e ..\obj\si4703.o
                                0x6cf (size before relaxing)
 .debug_str     0x000013a0      0x674 ..\obj\DS18B20.o
                                0x908 (size before relaxing)
 .debug_str     0x00001a14       0x7d ..\obj\u8g_state.o
                                0x3bd (size before relaxing)
 .debug_str     0x00001a91      0x2fc ..\obj\u8g_ll_api.o
                                0x663 (size before relaxing)
 .debug_str     0x00001d8d      0x256 ..\obj\stm32f10x_gpio.o
                                0x54c (size before relaxing)
 .debug_str     0x00001fe3       0x65 ..\obj\u8g_page.o
                                0x1bd (size before relaxing)
 .debug_str     0x00002048      0x85d ..\obj\Keypad.o
                                0xb04 (size before relaxing)
 .debug_str     0x000028a5      0x41a ..\obj\stm32f10x_rcc.o
                                0x636 (size before relaxing)
 .debug_str     0x00002cbf      0x218 ..\obj\mcp23017.o
                                0xc98 (size before relaxing)
 .debug_str     0x00002ed7       0xf0 ..\obj\u8g_rect.o
                                0x43f (size before relaxing)
 .debug_str     0x00002fc7       0xe9 ..\obj\RelayBoard.o
                                0x8f0 (size before relaxing)
 .debug_str     0x000030b0       0x9b ..\obj\u8g_fonts.o
                                0x1a3 (size before relaxing)
 .debug_str     0x0000314b       0x4e ..\obj\u8g_com_null.o
                                0x39e (size before relaxing)
 .debug_str     0x00003199      0x156 ..\obj\EntController.o
                                0xc7b (size before relaxing)
 .debug_str     0x000032ef      0x437 ..\obj\delay.o
                                0x60b (size before relaxing)
 .debug_str     0x00003726      0x123 ..\obj\ovc3860.o
                                0x28a (size before relaxing)
 .debug_str     0x00003849      0x12e ..\obj\u8g_arm_uart.o
                                0x70b (size before relaxing)
 .debug_str     0x00003977       0x5e ..\obj\u8g_line.o
                                0x3ac (size before relaxing)
 .debug_str     0x000039d5      0x16f ..\obj\usart.o
                                0x815 (size before relaxing)
 .debug_str     0x00003b44       0xc3 ..\obj\u8g_pb32h1.o
                                0x4de (size before relaxing)
 .debug_str     0x00003c07       0xa0 ..\obj\u8g_pb8h1.o
                                0x4b7 (size before relaxing)
 .debug_str     0x00003ca7      0x1f3 ..\obj\main.o
                               0x17de (size before relaxing)
 .debug_str     0x00003e9a      0x1f7 ..\obj\SpaController.o
                                0xdf7 (size before relaxing)
 .debug_str     0x00004091      0x365 ..\obj\stm32f10x_usart.o
                                0x6ec (size before relaxing)
 .debug_str     0x000043f6      0x71e ..\obj\u8g_font.o
                                0xb29 (size before relaxing)
 .debug_str     0x00004b14       0x5c ..\obj\u8g_clip.o
                                0x3b2 (size before relaxing)
 .debug_str     0x00004b70      0x10f ..\obj\misc.o
                                0x3da (size before relaxing)
 .debug_str     0x00004c7f      0x2c5 ..\obj\stm32f10x_i2c.o
                                0x6ab (size before relaxing)
 .debug_str     0x00004f44       0xcc ..\obj\system_stm32f10x.o
                                0x30c (size before relaxing)
 .debug_str     0x00005010       0xa4 ..\obj\u8g_circle.o
                                0x43e (size before relaxing)

.comment        0x00000000       0x70
 .comment       0x00000000       0x70 ..\obj\u8g_pb.o
                                 0x71 (size before relaxing)
 .comment       0x00000000       0x71 ..\obj\u8g_com_arduino_st7920_custom.o
 .comment       0x00000000       0x71 ..\obj\printf.o
 .comment       0x00000000       0x71 ..\obj\syscalls.o
 .comment       0x00000000       0x71 ..\obj\u8g_dev_st7920_128x64.o
 .comment       0x00000000       0x71 ..\obj\u8g_com_api.o
 .comment       0x00000000       0x71 ..\obj\si4703.o
 .comment       0x00000000       0x71 ..\obj\DS18B20.o
 .comment       0x00000000       0x71 ..\obj\u8g_state.o
 .comment       0x00000000       0x71 ..\obj\u8g_ll_api.o
 .comment       0x00000000       0x71 ..\obj\stm32f10x_gpio.o
 .comment       0x00000000       0x71 ..\obj\u8g_page.o
 .comment       0x00000000       0x71 ..\obj\Keypad.o
 .comment       0x00000000       0x71 ..\obj\stm32f10x_rcc.o
 .comment       0x00000000       0x71 ..\obj\mcp23017.o
 .comment       0x00000000       0x71 ..\obj\u8g_rect.o
 .comment       0x00000000       0x71 ..\obj\RelayBoard.o
 .comment       0x00000000       0x71 ..\obj\u8g_fonts.o
 .comment       0x00000000       0x71 ..\obj\u8g_com_null.o
 .comment       0x00000000       0x71 ..\obj\EntController.o
 .comment       0x00000000       0x71 ..\obj\delay.o
 .comment       0x00000000       0x71 ..\obj\ovc3860.o
 .comment       0x00000000       0x71 ..\obj\u8g_arm_uart.o
 .comment       0x00000000       0x71 ..\obj\u8g_line.o
 .comment       0x00000000       0x71 ..\obj\usart.o
 .comment       0x00000000       0x71 ..\obj\u8g_pb32h1.o
 .comment       0x00000000       0x71 ..\obj\u8g_pb8h1.o
 .comment       0x00000000       0x71 ..\obj\main.o
 .comment       0x00000000       0x71 ..\obj\SpaController.o
 .comment       0x00000000       0x71 ..\obj\stm32f10x_usart.o
 .comment       0x00000000       0x71 ..\obj\u8g_font.o
 .comment       0x00000000       0x71 ..\obj\u8g_clip.o
 .comment       0x00000000       0x71 ..\obj\misc.o
 .comment       0x00000000       0x71 ..\obj\stm32f10x_i2c.o
 .comment       0x00000000       0x71 ..\obj\system_stm32f10x.o
 .comment       0x00000000       0x71 ..\obj\u8g_circle.o

.ARM.attributes
                0x00000000       0x31
 .ARM.attributes
                0x00000000       0x33 ..\obj\u8g_pb.o
 .ARM.attributes
                0x00000033       0x33 ..\obj\u8g_com_arduino_st7920_custom.o
 .ARM.attributes
                0x00000066       0x33 ..\obj\printf.o
 .ARM.attributes
                0x00000099       0x33 ..\obj\syscalls.o
 .ARM.attributes
                0x000000cc       0x33 ..\obj\u8g_dev_st7920_128x64.o
 .ARM.attributes
                0x000000ff       0x33 ..\obj\u8g_com_api.o
 .ARM.attributes
                0x00000132       0x33 ..\obj\si4703.o
 .ARM.attributes
                0x00000165       0x33 ..\obj\DS18B20.o
 .ARM.attributes
                0x00000198       0x33 ..\obj\u8g_state.o
 .ARM.attributes
                0x000001cb       0x33 ..\obj\u8g_ll_api.o
 .ARM.attributes
                0x000001fe       0x33 ..\obj\stm32f10x_gpio.o
 .ARM.attributes
                0x00000231       0x33 ..\obj\u8g_page.o
 .ARM.attributes
                0x00000264       0x33 ..\obj\Keypad.o
 .ARM.attributes
                0x00000297       0x33 ..\obj\stm32f10x_rcc.o
 .ARM.attributes
                0x000002ca       0x33 ..\obj\mcp23017.o
 .ARM.attributes
                0x000002fd       0x21 ..\obj\startup_stm32f10x_md.o
 .ARM.attributes
                0x0000031e       0x33 ..\obj\u8g_rect.o
 .ARM.attributes
                0x00000351       0x33 ..\obj\RelayBoard.o
 .ARM.attributes
                0x00000384       0x33 ..\obj\u8g_fonts.o
 .ARM.attributes
                0x000003b7       0x33 ..\obj\u8g_com_null.o
 .ARM.attributes
                0x000003ea       0x33 ..\obj\EntController.o
 .ARM.attributes
                0x0000041d       0x33 ..\obj\delay.o
 .ARM.attributes
                0x00000450       0x33 ..\obj\ovc3860.o
 .ARM.attributes
                0x00000483       0x33 ..\obj\u8g_arm_uart.o
 .ARM.attributes
                0x000004b6       0x33 ..\obj\u8g_line.o
 .ARM.attributes
                0x000004e9       0x33 ..\obj\usart.o
 .ARM.attributes
                0x0000051c       0x33 ..\obj\u8g_pb32h1.o
 .ARM.attributes
                0x0000054f       0x33 ..\obj\u8g_pb8h1.o
 .ARM.attributes
                0x00000582       0x33 ..\obj\main.o
 .ARM.attributes
                0x000005b5       0x33 ..\obj\SpaController.o
 .ARM.attributes
                0x000005e8       0x33 ..\obj\stm32f10x_usart.o
 .ARM.attributes
                0x0000061b       0x33 ..\obj\u8g_font.o
 .ARM.attributes
                0x0000064e       0x33 ..\obj\u8g_clip.o
 .ARM.attributes
                0x00000681       0x33 ..\obj\misc.o
 .ARM.attributes
                0x000006b4       0x33 ..\obj\stm32f10x_i2c.o
 .ARM.attributes
                0x000006e7       0x33 ..\obj\system_stm32f10x.o
 .ARM.attributes
                0x0000071a       0x33 ..\obj\u8g_circle.o
 .ARM.attributes
                0x0000074d       0x2d C:\Program Files (x86)\GNU Tools ARM Embedded\4.9 2015q3\arm-none-eabi\lib\armv7-m\libstdc++_nano.a(si_class_type_info.o)
 .ARM.attributes
                0x0000077a       0x2d C:\Program Files (x86)\GNU Tools ARM Embedded\4.9 2015q3\arm-none-eabi\lib\armv7-m\libstdc++_nano.a(tinfo.o)
 .ARM.attributes
                0x000007a7       0x2d C:\Program Files (x86)\GNU Tools ARM Embedded\4.9 2015q3\arm-none-eabi\lib\armv7-m\libstdc++_nano.a(class_type_info.o)
 .ARM.attributes
                0x000007d4       0x2d C:\Program Files (x86)\GNU Tools ARM Embedded\4.9 2015q3\arm-none-eabi\lib\armv7-m\libstdc++_nano.a(del_op.o)
 .ARM.attributes
                0x00000801       0x1d c:/program files (x86)/gnu tools arm embedded/4.9 2015q3/bin/../lib/gcc/arm-none-eabi/4.9.3/armv7-m\libgcc.a(_arm_addsubdf3.o)
 .ARM.attributes
                0x0000081e       0x1d c:/program files (x86)/gnu tools arm embedded/4.9 2015q3/bin/../lib/gcc/arm-none-eabi/4.9.3/armv7-m\libgcc.a(_arm_muldivdf3.o)
 .ARM.attributes
                0x0000083b       0x1d c:/program files (x86)/gnu tools arm embedded/4.9 2015q3/bin/../lib/gcc/arm-none-eabi/4.9.3/armv7-m\libgcc.a(_arm_fixdfsi.o)
 .ARM.attributes
                0x00000858       0x1d c:/program files (x86)/gnu tools arm embedded/4.9 2015q3/bin/../lib/gcc/arm-none-eabi/4.9.3/armv7-m\libgcc.a(_arm_truncdfsf2.o)
 .ARM.attributes
                0x00000875       0x1d c:/program files (x86)/gnu tools arm embedded/4.9 2015q3/bin/../lib/gcc/arm-none-eabi/4.9.3/armv7-m\libgcc.a(_arm_addsubsf3.o)
 .ARM.attributes
                0x00000892       0x1d c:/program files (x86)/gnu tools arm embedded/4.9 2015q3/bin/../lib/gcc/arm-none-eabi/4.9.3/armv7-m\libgcc.a(_arm_muldivsf3.o)
 .ARM.attributes
                0x000008af       0x1d c:/program files (x86)/gnu tools arm embedded/4.9 2015q3/bin/../lib/gcc/arm-none-eabi/4.9.3/armv7-m\libgcc.a(_arm_fixunssfsi.o)
 .ARM.attributes
                0x000008cc       0x2d C:\Program Files (x86)\GNU Tools ARM Embedded\4.9 2015q3\arm-none-eabi\lib\armv7-m\libg.a(lib_a-malloc.o)
 .ARM.attributes
                0x000008f9       0x2d C:\Program Files (x86)\GNU Tools ARM Embedded\4.9 2015q3\arm-none-eabi\lib\armv7-m\libg.a(lib_a-mallocr.o)
 .ARM.attributes
                0x00000926       0x2d C:\Program Files (x86)\GNU Tools ARM Embedded\4.9 2015q3\arm-none-eabi\lib\armv7-m\libg.a(lib_a-mlock.o)
 .ARM.attributes
                0x00000953       0x2d C:\Program Files (x86)\GNU Tools ARM Embedded\4.9 2015q3\arm-none-eabi\lib\armv7-m\libg.a(lib_a-sbrkr.o)
 .ARM.attributes
                0x00000980       0x2d C:\Program Files (x86)\GNU Tools ARM Embedded\4.9 2015q3\arm-none-eabi\lib\armv7-m\libg.a(lib_a-freer.o)
 .ARM.attributes
                0x000009ad       0x2d C:\Program Files (x86)\GNU Tools ARM Embedded\4.9 2015q3\arm-none-eabi\lib\armv7-m\libg.a(lib_a-reent.o)

.debug_frame    0x00000000     0x3088
 .debug_frame   0x00000000       0xc8 ..\obj\u8g_pb.o
 .debug_frame   0x000000c8       0x20 ..\obj\u8g_com_arduino_st7920_custom.o
 .debug_frame   0x000000e8      0x26c ..\obj\printf.o
 .debug_frame   0x00000354       0xa0 ..\obj\syscalls.o
 .debug_frame   0x000003f4       0x90 ..\obj\u8g_dev_st7920_128x64.o
 .debug_frame   0x00000484      0x12c ..\obj\u8g_com_api.o
 .debug_frame   0x000005b0      0x1a0 ..\obj\si4703.o
 .debug_frame   0x00000750      0x268 ..\obj\DS18B20.o
 .debug_frame   0x000009b8       0x40 ..\obj\u8g_state.o
 .debug_frame   0x000009f8      0x3d8 ..\obj\u8g_ll_api.o
 .debug_frame   0x00000dd0      0x1b0 ..\obj\stm32f10x_gpio.o
 .debug_frame   0x00000f80       0x58 ..\obj\u8g_page.o
 .debug_frame   0x00000fd8       0xa0 ..\obj\Keypad.o
 .debug_frame   0x00001078      0x224 ..\obj\stm32f10x_rcc.o
 .debug_frame   0x0000129c      0x1c0 ..\obj\mcp23017.o
 .debug_frame   0x0000145c      0x1d8 ..\obj\u8g_rect.o
 .debug_frame   0x00001634       0x60 ..\obj\RelayBoard.o
 .debug_frame   0x00001694       0x20 ..\obj\u8g_com_null.o
 .debug_frame   0x000016b4       0x4c ..\obj\EntController.o
 .debug_frame   0x00001700       0xe0 ..\obj\delay.o
 .debug_frame   0x000017e0       0xc8 ..\obj\ovc3860.o
 .debug_frame   0x000018a8       0xcc ..\obj\u8g_arm_uart.o
 .debug_frame   0x00001974       0x3c ..\obj\u8g_line.o
 .debug_frame   0x000019b0       0xa4 ..\obj\usart.o
 .debug_frame   0x00001a54       0xf8 ..\obj\u8g_pb32h1.o
 .debug_frame   0x00001b4c       0xe0 ..\obj\u8g_pb8h1.o
 .debug_frame   0x00001c2c       0xdc ..\obj\main.o
 .debug_frame   0x00001d08      0x100 ..\obj\SpaController.o
 .debug_frame   0x00001e08      0x258 ..\obj\stm32f10x_usart.o
 .debug_frame   0x00002060      0x784 ..\obj\u8g_font.o
 .debug_frame   0x000027e4       0x44 ..\obj\u8g_clip.o
 .debug_frame   0x00002828       0x6c ..\obj\misc.o
 .debug_frame   0x00002894      0x26c ..\obj\stm32f10x_i2c.o
 .debug_frame   0x00002b00       0x48 ..\obj\system_stm32f10x.o
 .debug_frame   0x00002b48      0x138 ..\obj\u8g_circle.o
 .debug_frame   0x00002c80       0xd4 C:\Program Files (x86)\GNU Tools ARM Embedded\4.9 2015q3\arm-none-eabi\lib\armv7-m\libstdc++_nano.a(si_class_type_info.o)
 .debug_frame   0x00002d54       0x90 C:\Program Files (x86)\GNU Tools ARM Embedded\4.9 2015q3\arm-none-eabi\lib\armv7-m\libstdc++_nano.a(tinfo.o)
 .debug_frame   0x00002de4       0xd8 C:\Program Files (x86)\GNU Tools ARM Embedded\4.9 2015q3\arm-none-eabi\lib\armv7-m\libstdc++_nano.a(class_type_info.o)
 .debug_frame   0x00002ebc       0x20 C:\Program Files (x86)\GNU Tools ARM Embedded\4.9 2015q3\arm-none-eabi\lib\armv7-m\libstdc++_nano.a(del_op.o)
 .debug_frame   0x00002edc       0x30 C:\Program Files (x86)\GNU Tools ARM Embedded\4.9 2015q3\arm-none-eabi\lib\armv7-m\libg.a(lib_a-malloc.o)