Archive member included because of file (symbol)

C:\Program Files (x86)\GNU Tools ARM Embedded\4.9 2015q3\arm-none-eabi\lib\armv7-m\libstdc++_nano.a(si_class_type_info.o)
                              ..\obj\EntController.o (vtable for __cxxabiv1::__si_class_type_info)
C:\Program Files (x86)\GNU Tools ARM Embedded\4.9 2015q3\arm-none-eabi\lib\armv7-m\libstdc++_nano.a(tinfo.o)
                              C:\Program Files (x86)\GNU Tools ARM Embedded\4.9 2015q3\arm-none-eabi\lib\armv7-m\libstdc++_nano.a(si_class_type_info.o) (std::type_info::__is_pointer_p() const)
C:\Program Files (x86)\GNU Tools ARM Embedded\4.9 2015q3\arm-none-eabi\lib\armv7-m\libstdc++_nano.a(class_type_info.o)
                              C:\Program Files (x86)\GNU Tools ARM Embedded\4.9 2015q3\arm-none-eabi\lib\armv7-m\libstdc++_nano.a(si_class_type_info.o) (__cxxabiv1::__class_type_info::__do_upcast(__cxxabiv1::__class_type_info const*, void**) const)
C:\Program Files (x86)\GNU Tools ARM Embedded\4.9 2015q3\arm-none-eabi\lib\armv7-m\libstdc++_nano.a(guard.o)
                              ..\obj\EntController.o (__cxa_guard_acquire)
C:\Program Files (x86)\GNU Tools ARM Embedded\4.9 2015q3\arm-none-eabi\lib\armv7-m\libstdc++_nano.a(del_op.o)
                              C:\Program Files (x86)\GNU Tools ARM Embedded\4.9 2015q3\arm-none-eabi\lib\armv7-m\libstdc++_nano.a(si_class_type_info.o) (operator delete(void*))
c:/program files (x86)/gnu tools arm embedded/4.9 2015q3/bin/../lib/gcc/arm-none-eabi/4.9.3/armv7-m\libgcc.a(_arm_addsubdf3.o)
                              ..\obj\DS18B20.o (__aeabi_dadd)
c:/program files (x86)/gnu tools arm embedded/4.9 2015q3/bin/../lib/gcc/arm-none-eabi/4.9.3/armv7-m\libgcc.a(_arm_muldivdf3.o)
                              ..\obj\DS18B20.o (__aeabi_dmul)
c:/program files (x86)/gnu tools arm embedded/4.9 2015q3/bin/../lib/gcc/arm-none-eabi/4.9.3/armv7-m\libgcc.a(_arm_fixdfsi.o)
                              ..\obj\DS18B20.o (__aeabi_d2iz)
c:/program files (x86)/gnu tools arm embedded/4.9 2015q3/bin/../lib/gcc/arm-none-eabi/4.9.3/armv7-m\libgcc.a(_arm_truncdfsf2.o)
                              ..\obj\DS18B20.o (__aeabi_d2f)
c:/program files (x86)/gnu tools arm embedded/4.9 2015q3/bin/../lib/gcc/arm-none-eabi/4.9.3/armv7-m\libgcc.a(_arm_addsubsf3.o)
                              ..\obj\SpaController.o (__aeabi_fsub)
c:/program files (x86)/gnu tools arm embedded/4.9 2015q3/bin/../lib/gcc/arm-none-eabi/4.9.3/armv7-m\libgcc.a(_arm_muldivsf3.o)
                              ..\obj\DS18B20.o (__aeabi_fmul)
c:/program files (x86)/gnu tools arm embedded/4.9 2015q3/bin/../lib/gcc/arm-none-eabi/4.9.3/armv7-m\libgcc.a(_arm_cmpsf2.o)
                              ..\obj\SpaController.o (__aeabi_fcmplt)
c:/program files (x86)/gnu tools arm embedded/4.9 2015q3/bin/../lib/gcc/arm-none-eabi/4.9.3/armv7-m\libgcc.a(_arm_fixsfsi.o)
                              ..\obj\SpaController.o (__aeabi_f2iz)
c:/program files (x86)/gnu tools arm embedded/4.9 2015q3/bin/../lib/gcc/arm-none-eabi/4.9.3/armv7-m\libgcc.a(_arm_fixunssfsi.o)
                              ..\obj\DS18B20.o (__aeabi_f2uiz)
c:/program files (x86)/gnu tools arm embedded/4.9 2015q3/bin/../lib/gcc/arm-none-eabi/4.9.3/armv7-m\libgcc.a(unwind-arm.o)
                              ..\obj\DS18B20.o (__aeabi_unwind_cpp_pr0)
c:/program files (x86)/gnu tools arm embedded/4.9 2015q3/bin/../lib/gcc/arm-none-eabi/4.9.3/armv7-m\libgcc.a(libunwind.o)
                              c:/program files (x86)/gnu tools arm embedded/4.9 2015q3/bin/../lib/gcc/arm-none-eabi/4.9.3/armv7-m\libgcc.a(unwind-arm.o) (restore_core_regs)
c:/program files (x86)/gnu tools arm embedded/4.9 2015q3/bin/../lib/gcc/arm-none-eabi/4.9.3/armv7-m\libgcc.a(pr-support.o)
                              c:/program files (x86)/gnu tools arm embedded/4.9 2015q3/bin/../lib/gcc/arm-none-eabi/4.9.3/armv7-m\libgcc.a(unwind-arm.o) (__gnu_unwind_execute)
C:\Program Files (x86)\GNU Tools ARM Embedded\4.9 2015q3\arm-none-eabi\lib\armv7-m\libg.a(lib_a-malloc.o)
                              C:\Program Files (x86)\GNU Tools ARM Embedded\4.9 2015q3\arm-none-eabi\lib\armv7-m\libstdc++_nano.a(del_op.o) (free)
C:\Program Files (x86)\GNU Tools ARM Embedded\4.9 2015q3\arm-none-eabi\lib\armv7-m\libg.a(lib_a-mallocr.o)
                              C:\Program Files (x86)\GNU Tools ARM Embedded\4.9 2015q3\arm-none-eabi\lib\armv7-m\libg.a(lib_a-malloc.o) (_malloc_r)
C:\Program Files (x86)\GNU Tools ARM Embedded\4.9 2015q3\arm-none-eabi\lib\armv7-m\libg.a(lib_a-memcpy.o)
                              c:/program files (x86)/gnu tools arm embedded/4.9 2015q3/bin/../lib/gcc/arm-none-eabi/4.9.3/armv7-m\libgcc.a(unwind-arm.o) (memcpy)
C:\Program Files (x86)\GNU Tools ARM Embedded\4.9 2015q3\arm-none-eabi\lib\armv7-m\libg.a(lib_a-memset.o)
                              ..\obj\Display.o (memset)
C:\Program Files (x86)\GNU Tools ARM Embedded\4.9 2015q3\arm-none-eabi\lib\armv7-m\libg.a(lib_a-mlock.o)
[...]
Memory Configuration

Name             Origin             Length             Attributes
rom              0x08000000         0x00010000         xr
ram              0x20000000         0x00005000         xrw
*default*        0x00000000         0xffffffff

Linker script and memory map

                0x20005000                _eram = 0x20005000

.text           0x08000000     0xbdd2
 *(.isr_vector)
 .isr_vector    0x08000000      0x10c ..\obj\startup_stm32f10x_md.o
                0x08000000                g_pfnVectors
 *(.text*)
 .text          0x0800010c      0x13c ..\obj\u8g_pb.o
                0x0800010c                u8g_pb_Clear
                0x08000120                u8g_pb_IsYIntersection
                0x08000150                u8g_pb_IsXIntersection
                0x08000164                u8g_pb_IsIntersection
                0x080001c4                u8g_pb_GetPageBox
                0x080001d8                u8g_pb_Is8PixelVisible
                0x08000234                u8g_pb_WriteBuffer
 .text          0x08000248        0x4 ..\obj\u8g_com_arduino_st7920_custom.o
                0x08000248                u8g_com_arduino_st7920_custom_fn
 .text          0x0800024c      0x494 ..\obj\printf.o
                0x0800024c                SetOutputUart
                0x08000258                PrintChar
                0x08000274                PutChar
                0x0800027c                PutString
                0x080002a0                PutUnsignedInt
                0x080002f4                PutSignedInt
                0x08000390                PutHexa
                0x080003f8                vsnprintf
                0x08000570                snprintf
                0x08000590                vsprintf
                0x080005a4                sprintf
                0x080005c4                fputc
                0x080005ec                fputs
                0x08000628                vfprintf
                0x08000674                vprintf
                0x08000688                printf
                0x080006b0                fprintf
                0x080006d0                puts
 .text          0x080006e0       0x4c ..\obj\syscalls.o
                0x080006e0                _sbrk
                0x080006fc                link
                0x08000704                _close
                0x0800070c                _fstat
                0x08000718                _isatty
                0x0800071c                _lseek
                0x08000720                _read
                0x08000724                _write
                0x08000728                abort
 .text          0x0800072c      0x1b8 ..\obj\u8g_dev_st7920_128x64.o
                0x0800072c                u8g_dev_st7920_128x64_fn
                0x08000808                u8g_dev_st7920_128x64_4x_fn
 .text          0x080008e4      0x164 ..\obj\u8g_com_api.o
                0x080008e4                u8g_InitCom
                0x080008f4                u8g_StopCom
                0x08000908                u8g_SetChipSelect
                0x08000918                u8g_SetResetLow
                0x0800092c                u8g_SetResetHigh
                0x08000940                u8g_SetAddress
                0x08000950                u8g_WriteByte
                0x08000960                u8g_WriteSequence
                0x08000970                u8g_WriteSequenceP
                0x08000980                u8g_WriteEscSeqP
 .text          0x08000a48      0x66c ..\obj\si4703.o
                0x08000a48                si4703_readRegisters
                0x08000af8                si4703_updateRegisters
                0x08000b90                si4703_init
                0x08000ce8                si4703_setChannel
                0x08000d6c                si4703_getChannel
                0x08000d94                si4703_isStereo
                0x08000da8                si4703_getSignalStrength
                0x08000dbc                si4703_seek
                0x08000e48                si4703_setVolume
                0x08000e7c                si4703_initRDS
                0x08000eb4                strcmp
                0x08000ee0                strcpy1
                0x08000ef4                si4703_checkRDS
                0x08001028                si4703_readRDS
 .text          0x080010b4      0x5cc ..\obj\DS18B20.o
                0x080010b4                DS18B20::DelayNus(unsigned long)
                0x080010c8                DS18B20::Reset()
                0x08001170                DS18B20::Init(unsigned long, GPIO_TypeDef*, unsigned short)
                0x080011d8                DS18B20::BitRead()
                0x08001248                DS18B20::ByteRead()
                0x0800126c                DS18B20::BitWrite(unsigned char)
                0x080012ec                DS18B20::ByteWrite(unsigned char)
                0x0800130c                DS18B20::AlarmSearch()
                0x08001310                DS18B20::ROMRead()
                0x08001344                DS18B20::ROMMatch()
                0x0800138c                DS18B20::ROMSkip()
                0x080013ac                DS18B20::TempConvert()
                0x080013cc                DS18B20::ScratchpadCopy()
                0x08001400                DS18B20::ScratchpadSet(char, char, unsigned char)
                0x0800146c                DS18B20::SetPrecision(unsigned char)
                0x08001488                DS18B20::TempRead(float*)
                0x08001534                DS18B20::TempReadSimple(DS18B20::simple_float*)
                0x080015dc                DS18B20::EEROMRecall()
                0x08001620                DS18B20::PowerSupplyRead()
                0x0800164c                DS18B20::ScratchpadRead(unsigned char*)
 .text          0x08001680       0x10 ..\obj\u8g_state.o
                0x08001680                u8g_state_dummy_cb
                0x08001684                u8g_SetHardwareBackup
                0x0800168c                u8g_backup_spi
 .text          0x08001690      0x5c4 ..\obj\Display.o
                0x08001690                Display::SetDisplayState(bool)
                0x080016a0                Display::DrawSecondScreen()
                0x08001700                Display::SetActiveScreen(Display::Screens)
                0x08001708                Display::SetTemp(unsigned char, char const*)
                0x08001734                Display::SetHeatingState(bool)
                0x0800173c                Display::SetErrorText(char const*)
                0x08001760                Display::ClearErrorText()
                0x0800178c                Display::SetStatusBar(char const*)
                0x080017b0                Display::ClearStatusBar()
                0x080017bc                Display::SetAudioState(bool)
                0x080017c4                Display::SetAudioSource(char const*)
                0x080017e8                Display::SetRadioState(bool)
                0x080017f0                Display::SetRadioStereo(bool)
                0x080017f8                Display::SetRadioChannel(char const*)
                0x0800181c                Display::SetRadioSignalstrength(char)
                0x08001824                Display::WriteText(unsigned char, char const*)
                0x08001854                Display::WriteHLine(unsigned char, unsigned char, unsigned char, unsigned char)
                0x08001874                Display::WriteVLine(unsigned char, unsigned char, unsigned char, unsigned char)
                0x08001894                Display::ClearSecondScreen()
                0x080018dc                Display::Init()
                0x08001974                Display::DrawWaterIcon()
                0x080019d0                Display::DrawFrostIcon()
                0x08001a28                Display::DrawSignalStrength()
                0x08001b0c                Display::DrawMainScreen()
                0x08001c24                Display::Draw()
 .text          0x08001c54      0x488 ..\obj\u8g_ll_api.o
                0x08001c54                u8g_call_dev_fn
                0x08001c60                u8g_InitLL
                0x08001c8c                u8g_FirstPageLL
                0x08001cc4                u8g_NextPageLL
                0x08001d00                u8g_SetContrastLL
                0x08001d14                u8g_DrawPixelLL
                0x08001d30                u8g_Draw8PixelLL
                0x08001d58                u8g_Draw4TPixelLL
                0x08001d80                u8g_GetWidthLL
                0x08001d98                u8g_GetHeightLL
                0x08001db0                u8g_GetModeLL
                0x08001dc0                u8g_UpdateDimension
                0x08001e0c                u8g_Begin
                0x08001e24                u8g_Init
                0x08001e70                u8g_InitComFn
                0x08001ec4                u8g_FirstPage
                0x08001ecc                u8g_NextPage
                0x08001ee4                u8g_SetContrast
                0x08001efc                u8g_SleepOn
                0x08001f10                u8g_SleepOff
                0x08001f24                u8g_DrawPixel
                0x08001f40                u8g_Draw8Pixel
                0x08001f68                u8g_Draw4TPixel
                0x08001f90                u8g_Draw8ColorPixel
                0x08001fbc                u8g_SetColorEntry
                0x08001fe4                u8g_SetColorIndex
                0x08001fec                u8g_SetHiColor
                0x08001ff8                u8g_SetHiColorByRGB
                0x08002014                u8g_SetRGB
                0x0800206c                u8g_GetColorIndex
                0x08002074                u8g_GetDefaultForegroundColor
                0x08002088                u8g_SetDefaultForegroundColor
                0x080020b4                u8g_GetDefaultBackgroundColor
                0x080020b8                u8g_SetDefaultBackgroundColor
                0x080020c0                u8g_GetDefaultMidColor
                0x080020cc                u8g_SetDefaultMidColor
 .text          0x080020dc       0x60 ..\obj\u8g_page.o
                0x080020dc                u8g_page_First
                0x080020ec                u8g_page_Init
                0x08002100                u8g_page_Next
 .text          0x0800213c      0x2e4 ..\obj\stm32f10x_gpio.o
                0x0800213c                GPIO_DeInit
                0x08002218                GPIO_AFIODeInit
                0x08002230                GPIO_Init
                0x080022ec                GPIO_StructInit
                0x080022fc                GPIO_ReadInputDataBit
                0x08002308                GPIO_ReadInputData
                0x08002310                GPIO_ReadOutputDataBit
                0x0800231c                GPIO_ReadOutputData
                0x08002324                GPIO_SetBits
                0x08002328                GPIO_ResetBits
                0x0800232c                GPIO_WriteBit
                0x08002338                GPIO_Write
                0x0800233c                GPIO_PinLockConfig
                0x0800234c                GPIO_EventOutputConfig
                0x0800236c                GPIO_EventOutputCmd
                0x08002378                GPIO_PinRemapConfig
                0x080023e4                GPIO_EXTILineConfig
                0x08002414                GPIO_ETH_MediaInterfaceConfig
 .text          0x08002420      0x368 ..\obj\stm32f10x_rcc.o
                0x08002420                RCC_DeInit
                0x08002460                RCC_HSEConfig
                0x08002498                RCC_WaitForHSEStartUp
                0x080024cc                RCC_AdjustHSICalibrationValue
                0x080024e0                RCC_HSICmd
                0x080024ec                RCC_PLLConfig
                0x08002500                RCC_PLLCmd
                0x0800250c                RCC_SYSCLKConfig
                0x08002520                RCC_GetSYSCLKSource
                0x08002530                RCC_HCLKConfig
                0x08002544                RCC_PCLK1Config
                0x08002558                RCC_PCLK2Config
                0x0800256c                RCC_ITConfig
                0x08002584                RCC_USBCLKConfig
                0x08002590                RCC_ADCCLKConfig
                0x080025a4                RCC_LSEConfig
                0x080025c4                RCC_LSICmd
                0x080025d0                RCC_RTCCLKConfig
                0x080025e0                RCC_RTCCLKCmd
                0x080025ec                RCC_GetClocksFreq
                0x08002688                RCC_AHBPeriphClockCmd
                0x080026a0                RCC_APB2PeriphClockCmd
                0x080026b8                RCC_APB1PeriphClockCmd
                0x080026d0                RCC_APB2PeriphResetCmd
                0x080026e8                RCC_APB1PeriphResetCmd
                0x08002700                RCC_BackupResetCmd
                0x0800270c                RCC_ClockSecuritySystemCmd
                0x08002718                RCC_MCOConfig
                0x08002724                RCC_GetFlagStatus
                0x08002758                RCC_ClearFlag
                0x08002768                RCC_GetITStatus
                0x0800277c                RCC_ClearITPendingBit
 .text          0x08002788      0x1ec ..\obj\Keypad.o
                0x08002788                Keypad::Init()
                0x08002820                Keypad::RegisterForCallback(KeypadInterrupt&)
                0x08002850                Keypad::ReadKeys()
                0x0800286c                Keypad::SetKeyCheckEnabled(bool)
                0x08002874                Keypad::CheckKeysPressed()
 .text          0x08002974      0x36c ..\obj\mcp23017.o
                0x08002974                mcp23017::I2C_init()
                0x08002a04                mcp23017::Read(char)
                0x08002aac                mcp23017::Write(char, char)
                0x08002b24                mcp23017::Init(I2C_TypeDef*, unsigned long, GPIO_TypeDef*, unsigned long, unsigned short, unsigned short, unsigned short, bool)
                0x08002b74                mcp23017::Direction(mcp23017::Port, char)
                0x08002b90                mcp23017::ConfigurePullUps(mcp23017::Port, char)
                0x08002bb0                mcp23017::ConfigureBanked(mcp23017::Bank)
                0x08002be0                mcp23017::InterruptEnable(mcp23017::Port, char)
                0x08002c00                mcp23017::MirrorInterrupts(bool)
                0x08002c34                mcp23017::InterruptPolarity(mcp23017::Polarity)
                0x08002c68                mcp23017::DefaultValue(mcp23017::Port, char)
                0x08002c88                mcp23017::InterruptControl(mcp23017::Port, char)
                0x08002ca8                mcp23017::Write(mcp23017::Port, char)
                0x08002cc8                mcp23017::Read(mcp23017::Port)
 .text.Reset_Handler
                0x08002ce0       0x44 ..\obj\startup_stm32f10x_md.o
                0x08002ce0                Reset_Handler
 *fill*         0x08002d24        0xc 
 .text.Default_Handler
                0x08002d30       0x14 ..\obj\startup_stm32f10x_md.o
                0x08002d30                EXTI2_IRQHandler
                0x08002d30                DebugMon_Handler
                0x08002d30                TIM1_CC_IRQHandler
                0x08002d30                HardFault_Handler
                0x08002d30                PVD_IRQHandler
                0x08002d30                PendSV_Handler
                0x08002d30                NMI_Handler
                0x08002d30                EXTI3_IRQHandler
                0x08002d30                EXTI0_IRQHandler
                0x08002d30                I2C2_EV_IRQHandler
                0x08002d30                UsageFault_Handler
                0x08002d30                ADC1_2_IRQHandler
                0x08002d30                SPI1_IRQHandler
                0x08002d30                TAMPER_IRQHandler
                0x08002d30                DMA1_Channel4_IRQHandler
                0x08002d30                USART3_IRQHandler
                0x08002d30                RTC_IRQHandler
                0x08002d30                DMA1_Channel7_IRQHandler
                0x08002d30                CAN1_RX1_IRQHandler
                0x08002d30                TIM4_IRQHandler
                0x08002d30                I2C1_EV_IRQHandler
                0x08002d30                DMA1_Channel6_IRQHandler
                0x08002d30                TIM3_IRQHandler
                0x08002d30                RCC_IRQHandler
                0x08002d30                TIM1_TRG_COM_IRQHandler
                0x08002d30                DMA1_Channel1_IRQHandler
                0x08002d30                Default_Handler
                0x08002d30                EXTI15_10_IRQHandler
                0x08002d30                EXTI9_5_IRQHandler
                0x08002d30                SPI2_IRQHandler
                0x08002d30                MemManage_Handler
                0x08002d30                SVC_Handler
                0x08002d30                DMA1_Channel5_IRQHandler
                0x08002d30                EXTI4_IRQHandler
                0x08002d30                USB_LP_CAN1_RX0_IRQHandler
                0x08002d30                USB_HP_CAN1_TX_IRQHandler
                0x08002d30                DMA1_Channel3_IRQHandler
                0x08002d30                TIM1_UP_IRQHandler
                0x08002d30                WWDG_IRQHandler
                0x08002d30                TIM2_IRQHandler
                0x08002d30                TIM1_BRK_IRQHandler
                0x08002d30                EXTI1_IRQHandler
                0x08002d30                RTCAlarm_IRQHandler
                0x08002d30                USART2_IRQHandler
                0x08002d30                I2C2_ER_IRQHandler
                0x08002d30                DMA1_Channel2_IRQHandler
                0x08002d30                CAN1_SCE_IRQHandler
                0x08002d30                FLASH_IRQHandler
                0x08002d30                BusFault_Handler
                0x08002d30                I2C1_ER_IRQHandler
                0x08002d30                USBWakeUp_IRQHandler
 .text          0x08002d44      0x3fc ..\obj\u8g_rect.o
                0x08002d44                u8g_draw_hline
                0x08002db8                u8g_draw_vline
                0x08002e2c                u8g_DrawHLine
                0x08002e58                u8g_DrawVLine
                0x08002e84                u8g_DrawFrame
                0x08002ee4                u8g_draw_box
                0x08002f10                u8g_DrawBox
                0x08002f44                u8g_DrawRFrame
                0x08003054                u8g_DrawRBox
 .text          0x08003140      0x120 ..\obj\RelayBoard.o
                0x08003140                RelayBoard::Init()
                0x080031b4                RelayBoard::SwitchRelay(RelayBoard::Relays, bool)
                0x08003218                RelayBoard::ResetToSafety()
                0x0800323c                RelayBoard::ResetAudio()
 .text          0x08003260        0x4 ..\obj\u8g_com_null.o
                0x08003260                u8g_com_null_fn
 .text          0x08003264      0x2a0 ..\obj\EntController.o
                0x08003264                EntController::KeypadKeysPressed(unsigned short, bool)
                0x0800331c                EntController::EntController()
                0x0800331c                EntController::EntController()
                0x0800336c                EntController::Init()
                0x08003388                EntController::Monitor()
                0x0800338c                EntController::RotateAudioOutput()
                0x080033e0                EntController::MoveTV(bool)
                0x08003430                EntController::SetAudioOut(EntController::AudioOutput)
                0x080034dc                EntController::ToggleTV()
 .text          0x08003504      0x118 ..\obj\delay.o
                0x08003504                SysTick_Init
                0x08003558                SysTick_Handler
                0x0800356c                delay_setSysTick
                0x08003578                delay_getSysTick
                0x08003584                delay_sys_nus
                0x08003588                delay_sys_1ms
                0x0800359c                delay_sys_nms
                0x080035bc                SysCtlDelay
                0x080035c4                delay_nus
                0x080035d8                delay_1ms
                0x080035f0                delay_nms
 .text          0x0800361c       0xc8 ..\obj\ovc3860.o
                0x0800361c                ovc3860_init
                0x08003624                ovc3860_playPause
                0x08003644                ovc3860_stop
                0x08003664                ovc3860_playPrevious
                0x08003684                ovc3860_playNext
                0x080036a4                ovc3860_volUp
                0x080036c4                ovc3860_volDown
 .text          0x080036e4      0x1cc ..\obj\u8g_arm_uart.o
                0x080036e4                u8g_Delay
                0x08003720                u8g_MicroDelay
                0x08003738                u8g_10MicroDelay
                0x08003758                init_UART3
                0x080037e0                UART_write_byte
                0x080037fc                u8g_com_uart_fn
 .text          0x080038b0      0x104 ..\obj\u8g_line.o
                0x080038b0                u8g_DrawLine
 .text          0x080039b4      0x174 ..\obj\usart.o
                0x080039b4                USART1_Init
                0x08003a68                USART2_Init
                0x08003aec                usart_string_append
                0x08003b08                usart_clear_string
                0x08003b14                usart_get_string
                0x08003b1c                usart_get_string_length
 .text          0x08003b28      0x210 ..\obj\u8g_pb32h1.o
                0x08003b28                u8g_pb32h1_Clear
                0x08003b3c                u8g_pb32h1_Init
                0x08003b50                u8g_pb32h1_set_pixel
                0x08003b88                u8g_pb32h1_SetPixel
                0x08003bb4                u8g_pb32h1_Set8PixelStd
                0x08003c00                u8g_pb32h1_Set8PixelOpt2
                0x08003c64                u8g_dev_pb32h1_base_fn
 .text          0x08003d38      0x1d8 ..\obj\u8g_pb8h1.o
                0x08003d38                u8g_pb8h1_Init
                0x08003d40                u8g_pb8h1_set_pixel
                0x08003d78                u8g_pb8h1_SetPixel
                0x08003da4                u8g_pb8h1_Set8PixelStd
                0x08003df0                u8g_pb8h1_Set8PixelOpt2
                0x08003e54                u8g_dev_pb8h1_base_fn
 .text          0x08003f10       0x30 ..\obj\main.o
                0x08003f10                USART1_IRQHandler
 .text.startup  0x08003f40      0x244 ..\obj\main.o
                0x08003f40                main
 .text          0x08004184      0x7e8 ..\obj\SpaController.o
                0x08004184                SpaController::SpaController()
                0x08004184                SpaController::SpaController()
                0x080041d4                SpaController::SwitchHeater(bool)
                0x08004228                SpaController::CheckTemp(float)
                0x080042a4                SpaController::IsWater()
                0x080042bc                SpaController::WriteFloatToDisplay(float, char)
                0x08004308                SpaController::Init()
                0x08004438                SpaController::IncrementTemp()
                0x08004468                SpaController::DecrementTemp()
                0x08004498                SpaController::ToggleJets()
                0x080044d4                SpaController::ToggleGas()
                0x08004510                SpaController::ToggleHeat()
                0x08004540                SpaController::ToggleCirc()
                0x0800457c                SpaController::ToggleLED1()
                0x080045a8                SpaController::ToggleLED2()
                0x080045d4                SpaController::SwitchOff()
                0x08004608                SpaController::Monitor()
                0x080047f4                SpaController::TogglePower()
                0x080048b4                SpaController::KeypadKeysPressed(unsigned short, bool)
 .text          0x0800496c      0x414 ..\obj\stm32f10x_usart.o
                0x0800496c                USART_DeInit
                0x08004a1c                USART_Init
                0x08004ad8                USART_StructInit
                0x08004af0                USART_ClockInit
                0x08004b14                USART_ClockStructInit
                0x08004b20                USART_Cmd
                0x08004b3c                USART_ITConfig
                0x08004b78                USART_DMACmd
                0x08004b8c                USART_SetAddress
                0x08004ba4                USART_WakeUpConfig
                0x08004bbc                USART_ReceiverWakeUpCmd
                0x08004bd8                USART_LINBreakDetectLengthConfig
                0x08004bf0                USART_LINCmd
                0x08004c0c                USART_SendData
                0x08004c14                USART_ReceiveData
                0x08004c1c                USART_SendBreak
                0x08004c28                USART_SetGuardTime
                0x08004c3c                USART_SetPrescaler
                0x08004c50                USART_SmartCardCmd
                0x08004c6c                USART_SmartCardNACKCmd
                0x08004c88                USART_HalfDuplexCmd
                0x08004ca4                USART_OverSampling8Cmd
                0x08004cc0                USART_OneBitMethodCmd
                0x08004cdc                USART_IrDAConfig
                0x08004cf4                USART_IrDACmd
                0x08004d10                USART_GetFlagStatus
                0x08004d1c                USART_ClearFlag
                0x08004d24                USART_GetITStatus
                0x08004d70                USART_ClearITPendingBit
 .text          0x08004d80      0xcd8 ..\obj\u8g_font.o
                0x08004d90                u8g_font_calc_vref_font
                0x08004d94                u8g_font_calc_vref_bottom
                0x08004d9c                u8g_font_calc_vref_top
                0x08004da8                u8g_font_calc_vref_center
                0x08004dc0                u8g_font_get_char
                0x08004dc4                u8g_font_get_charP
                0x08004de0                u8g_font_GetCapitalAHeight
                0x08004de4                u8g_font_GetEncoding65Pos
                0x08004de8                u8g_font_GetEncoding97Pos
                0x08004dec                u8g_font_GetFontStartEncoding
                0x08004df0                u8g_font_GetFontEndEncoding
                0x08004df4                u8g_font_GetLowerGDescent
                0x08004dfc                u8g_font_GetFontAscent
                0x08004e04                u8g_font_GetFontDescent
                0x08004e0c                u8g_font_GetFontXAscent
                0x08004e14                u8g_font_GetFontXDescent
                0x08004e1c                u8g_font_GetSize
                0x08004e78                u8g_GetFontBBXWidth
                0x08004e80                u8g_GetFontBBXHeight
                0x08004e88                u8g_GetFontBBXOffX
                0x08004e90                u8g_GetFontBBXOffY
                0x08004e98                u8g_GetFontCapitalAHeight
                0x08004ea0                u8g_GetGlyph
                0x08005020                u8g_IsGlyph
                0x08005030                u8g_GetGlyphDeltaX
                0x08005040                u8g_draw_glyph
                0x080050f4                u8g_DrawGlyph
                0x08005118                u8g_draw_glyph90
                0x080051d4                u8g_DrawGlyph90
                0x080051f8                u8g_draw_glyph180
                0x080052c0                u8g_DrawGlyph180
                0x080052e4                u8g_draw_glyph270
                0x080053a0                u8g_DrawGlyph270
                0x080053c4                u8g_DrawStr
                0x08005408                u8g_DrawStr90
                0x0800544c                u8g_DrawStr180
                0x08005490                u8g_DrawStr270
                0x080054d4                u8g_DrawStrDir
                0x08005510                u8g_DrawStrP
                0x08005554                u8g_DrawStr90P
                0x08005598                u8g_DrawStr180P
                0x080055dc                u8g_DrawStr270P
                0x08005620                u8g_DrawStrFontBBX
                0x0800564c                u8g_DrawGlyphFontBBX
                0x08005678                u8g_UpdateRefHeight
                0x080056d0                u8g_SetFontRefHeightText
                0x080056dc                u8g_SetFontRefHeightExtendedText
                0x080056e8                u8g_SetFontRefHeightAll
                0x080056f4                u8g_SetFontLineSpacingFactor
                0x080056fc                u8g_SetFontPosBaseline
                0x08005708                u8g_SetFontPosBottom
                0x08005714                u8g_SetFontPosTop
                0x08005720                u8g_SetFontPosCenter
                0x0800572c                u8g_font_calc_str_pixel_width
                0x08005784                u8g_GetStrPixelWidth
                0x08005790                u8g_GetStrPixelWidthP
                0x0800579c                u8g_GetStrX
                0x080057ac                u8g_GetStrXP
                0x080057bc                u8g_GetStrWidth
                0x080057e4                u8g_GetStrWidthP
                0x0800580c                u8g_font_box_min
                0x0800582c                u8g_font_box_left_gA
                0x08005830                u8g_font_box_all_gA
                0x08005834                u8g_GetStrMinBox
                0x08005894                u8g_GetStrAMinBox
                0x0800590c                u8g_SetFont
                0x08005928                u8g_draw_aa_glyph
                0x080059dc                u8g_DrawAAGlyph
                0x08005a00                u8g_DrawAAStr
 .text          0x08005a58       0x58 ..\obj\u8g_clip.o
                0x08005a58                u8g_IsBBXIntersection
 .text          0x08005ab0       0xd8 ..\obj\LEDS.o
                0x08005ab0                LEDS::Init()
                0x08005b24                LEDS::SwitchLed(LEDS::Leds, bool)
 .text          0x08005b88       0xc8 ..\obj\misc.o
                0x08005b88                NVIC_PriorityGroupConfig
                0x08005b9c                NVIC_Init
                0x08005c0c                NVIC_SetVectorTable
                0x08005c20                NVIC_SystemLPConfig
                0x08005c38                SysTick_CLKSourceConfig
 .text          0x08005c50      0x42c ..\obj\stm32f10x_i2c.o
                0x08005c50                I2C_DeInit
                0x08005c8c                I2C_Init
                0x08005d70                I2C_StructInit
                0x08005d94                I2C_Cmd
                0x08005db0                I2C_DMACmd
                0x08005dcc                I2C_DMALastTransferCmd
                0x08005de8                I2C_GenerateSTART
                0x08005e04                I2C_GenerateSTOP
                0x08005e20                I2C_AcknowledgeConfig
                0x08005e3c                I2C_OwnAddress2Config
                0x08005e50                I2C_DualAddressCmd
                0x08005e6c                I2C_GeneralCallCmd
                0x08005e88                I2C_ITConfig
                0x08005e9c                I2C_SendData
                0x08005ea0                I2C_ReceiveData
                0x08005ea8                I2C_Send7bitAddress
                0x08005ec0                I2C_ReadRegister
                0x08005ed8                I2C_SoftwareResetCmd
                0x08005ef4                I2C_NACKPositionConfig
                0x08005f14                I2C_SMBusAlertConfig
                0x08005f34                I2C_TransmitPEC
                0x08005f50                I2C_PECPositionConfig
                0x08005f70                I2C_CalculatePEC
                0x08005f8c                I2C_GetPEC
                0x08005f94                I2C_ARPCmd
                0x08005fb0                I2C_StretchClockCmd
                0x08005fcc                I2C_FastModeDutyCycleConfig
                0x08005fec                I2C_CheckEvent
                0x08006008                I2C_GetLastEvent
                0x08006018                I2C_GetFlagStatus
                0x08006050                I2C_ClearFlag
                0x08006058                I2C_GetITStatus
                0x08006074                I2C_ClearITPendingBit
 .text          0x0800607c      0x15c ..\obj\system_stm32f10x.o
                0x0800607c                SystemInit
                0x08006180                SystemCoreClockUpdate
 .text          0x080061d8      0x2e8 ..\obj\u8g_circle.o
                0x08006348                u8g_draw_circle
                0x080063bc                u8g_DrawCircle
                0x08006404                u8g_draw_disc
                0x08006478                u8g_DrawDisc
 .text._ZN10__cxxabiv120__si_class_type_infoD2Ev
                0x080064c0       0x14 C:\Program Files (x86)\GNU Tools ARM Embedded\4.9 2015q3\arm-none-eabi\lib\armv7-m\libstdc++_nano.a(si_class_type_info.o)
                0x080064c0                __cxxabiv1::__si_class_type_info::~__si_class_type_info()
                0x080064c0                __cxxabiv1::__si_class_type_info::~__si_class_type_info()
 .text._ZN10__cxxabiv120__si_class_type_infoD0Ev
                0x080064d4       0x12 C:\Program Files (x86)\GNU Tools ARM Embedded\4.9 2015q3\arm-none-eabi\lib\armv7-m\libstdc++_nano.a(si_class_type_info.o)
                0x080064d4                __cxxabiv1::__si_class_type_info::~__si_class_type_info()
 .text._ZNK10__cxxabiv120__si_class_type_info20__do_find_public_srcEiPKvPKNS_17__class_type_infoES2_
                0x080064e6       0x38 C:\Program Files (x86)\GNU Tools ARM Embedded\4.9 2015q3\arm-none-eabi\lib\armv7-m\libstdc++_nano.a(si_class_type_info.o)
                0x080064e6                __cxxabiv1::__si_class_type_info::__do_find_public_src(int, void const*, __cxxabiv1::__class_type_info const*, void const*) const
 .text._ZNK10__cxxabiv120__si_class_type_info12__do_dyncastEiNS_17__class_type_info10__sub_kindEPKS1_PKvS4_S6_RNS1_16__dyncast_resultE
                0x0800651e       0x7c C:\Program Files (x86)\GNU Tools ARM Embedded\4.9 2015q3\arm-none-eabi\lib\armv7-m\libstdc++_nano.a(si_class_type_info.o)
                0x0800651e                __cxxabiv1::__si_class_type_info::__do_dyncast(int, __cxxabiv1::__class_type_info::__sub_kind, __cxxabiv1::__class_type_info const*, void const*, __cxxabiv1::__class_type_info const*, void const*, __cxxabiv1::__class_type_info::__dyncast_result&) const
 .text._ZNK10__cxxabiv120__si_class_type_info11__do_upcastEPKNS_17__class_type_infoEPKvRNS1_15__upcast_resultE
                0x0800659a       0x2a C:\Program Files (x86)\GNU Tools ARM Embedded\4.9 2015q3\arm-none-eabi\lib\armv7-m\libstdc++_nano.a(si_class_type_info.o)
                0x0800659a                __cxxabiv1::__si_class_type_info::__do_upcast(__cxxabiv1::__class_type_info const*, void const*, __cxxabiv1::__class_type_info::__upcast_result&) const
 .text._ZNSt9type_infoD2Ev
                0x080065c4        0x2 C:\Program Files (x86)\GNU Tools ARM Embedded\4.9 2015q3\arm-none-eabi\lib\armv7-m\libstdc++_nano.a(tinfo.o)
                0x080065c4                std::type_info::~type_info()
                0x080065c4                std::type_info::~type_info()
 .text._ZNKSt9type_info14__is_pointer_pEv
                0x080065c6        0x4 C:\Program Files (x86)\GNU Tools ARM Embedded\4.9 2015q3\arm-none-eabi\lib\armv7-m\libstdc++_nano.a(tinfo.o)
                0x080065c6                std::type_info::__is_pointer_p() const
 .text._ZNKSt9type_info15__is_function_pEv
                0x080065ca        0x4 C:\Program Files (x86)\GNU Tools ARM Embedded\4.9 2015q3\arm-none-eabi\lib\armv7-m\libstdc++_nano.a(tinfo.o)
                0x080065ca                std::type_info::__is_function_p() const
 .text._ZNKSt9type_infoeqERKS_
                0x080065ce       0x2c C:\Program Files (x86)\GNU Tools ARM Embedded\4.9 2015q3\arm-none-eabi\lib\armv7-m\libstdc++_nano.a(tinfo.o)
                0x080065ce                std::type_info::operator==(std::type_info const&) const
 .text._ZNK10__cxxabiv117__class_type_info11__do_upcastEPKS0_PPv
                0x080065fa       0x34 C:\Program Files (x86)\GNU Tools ARM Embedded\4.9 2015q3\arm-none-eabi\lib\armv7-m\libstdc++_nano.a(class_type_info.o)
                0x080065fa                __cxxabiv1::__class_type_info::__do_upcast(__cxxabiv1::__class_type_info const*, void**) const
 .text._ZNK10__cxxabiv117__class_type_info20__do_find_public_srcEiPKvPKS0_S2_
                0x0800662e        0xc C:\Program Files (x86)\GNU Tools ARM Embedded\4.9 2015q3\arm-none-eabi\lib\armv7-m\libstdc++_nano.a(class_type_info.o)
                0x0800662e                __cxxabiv1::__class_type_info::__do_find_public_src(int, void const*, __cxxabiv1::__class_type_info const*, void const*) const
 *fill*         0x0800663a        0x2 
 .text._ZN10__cxxabiv117__class_type_infoD2Ev
                0x0800663c       0x14 C:\Program Files (x86)\GNU Tools ARM Embedded\4.9 2015q3\arm-none-eabi\lib\armv7-m\libstdc++_nano.a(class_type_info.o)
                0x0800663c                __cxxabiv1::__class_type_info::~__class_type_info()
                0x0800663c                __cxxabiv1::__class_type_info::~__class_type_info()
 .text._ZN10__cxxabiv117__class_type_infoD0Ev
                0x08006650       0x12 C:\Program Files (x86)\GNU Tools ARM Embedded\4.9 2015q3\arm-none-eabi\lib\armv7-m\libstdc++_nano.a(class_type_info.o)
                0x08006650                __cxxabiv1::__class_type_info::~__class_type_info()
 .text._ZNK10__cxxabiv117__class_type_info11__do_upcastEPKS0_PKvRNS0_15__upcast_resultE
                0x08006662       0x18 C:\Program Files (x86)\GNU Tools ARM Embedded\4.9 2015q3\arm-none-eabi\lib\armv7-m\libstdc++_nano.a(class_type_info.o)
                0x08006662                __cxxabiv1::__class_type_info::__do_upcast(__cxxabiv1::__class_type_info const*, void const*, __cxxabiv1::__class_type_info::__upcast_result&) const
 .text._ZNK10__cxxabiv117__class_type_info10__do_catchEPKSt9type_infoPPvj
                0x0800667a       0x2a C:\Program Files (x86)\GNU Tools ARM Embedded\4.9 2015q3\arm-none-eabi\lib\armv7-m\libstdc++_nano.a(class_type_info.o)
                0x0800667a                __cxxabiv1::__class_type_info::__do_catch(std::type_info const*, void**, unsigned int) const
 .text._ZNK10__cxxabiv117__class_type_info12__do_dyncastEiNS0_10__sub_kindEPKS0_PKvS3_S5_RNS0_16__dyncast_resultE
                0x080066a4       0x38 C:\Program Files (x86)\GNU Tools ARM Embedded\4.9 2015q3\arm-none-eabi\lib\armv7-m\libstdc++_nano.a(class_type_info.o)
                0x080066a4                __cxxabiv1::__class_type_info::__do_dyncast(int, __cxxabiv1::__class_type_info::__sub_kind, __cxxabiv1::__class_type_info const*, void const*, __cxxabiv1::__class_type_info const*, void const*, __cxxabiv1::__class_type_info::__dyncast_result&) const
 .text.__cxa_guard_acquire
                0x080066dc       0x18 C:\Program Files (x86)\GNU Tools ARM Embedded\4.9 2015q3\arm-none-eabi\lib\armv7-m\libstdc++_nano.a(guard.o)
                0x080066dc                __cxa_guard_acquire
 .text.__cxa_guard_release
                0x080066f4        0x6 C:\Program Files (x86)\GNU Tools ARM Embedded\4.9 2015q3\arm-none-eabi\lib\armv7-m\libstdc++_nano.a(guard.o)
                0x080066f4                __cxa_guard_release
 .text._ZdlPv   0x080066fa        0x4 C:\Program Files (x86)\GNU Tools ARM Embedded\4.9 2015q3\arm-none-eabi\lib\armv7-m\libstdc++_nano.a(del_op.o)
                0x080066fa                operator delete(void*)
 *fill*         0x080066fe        0x2 
 .text          0x08006700      0x370 c:/program files (x86)/gnu tools arm embedded/4.9 2015q3/bin/../lib/gcc/arm-none-eabi/4.9.3/armv7-m\libgcc.a(_arm_addsubdf3.o)
                0x08006700                __aeabi_drsub
                0x08006708                __aeabi_dsub
                0x08006708                __subdf3
                0x0800670c                __aeabi_dadd
                0x0800670c                __adddf3
                0x08006984                __floatunsidf
                0x08006984                __aeabi_ui2d
                0x080069a4                __floatsidf
                0x080069a4                __aeabi_i2d
                0x080069c8                __aeabi_f2d
                0x080069c8                __extendsfdf2
                0x08006a04                __floatundidf
                0x08006a04                __aeabi_ul2d
                0x08006a14                __floatdidf
                0x08006a14                __aeabi_l2d
 .text          0x08006a70      0x424 c:/program files (x86)/gnu tools arm embedded/4.9 2015q3/bin/../lib/gcc/arm-none-eabi/4.9.3/armv7-m\libgcc.a(_arm_muldivdf3.o)
                0x08006a70                __aeabi_dmul
                0x08006a70                __muldf3
                0x08006cc4                __divdf3
                0x08006cc4                __aeabi_ddiv
 .text          0x08006e94       0x50 c:/program files (x86)/gnu tools arm embedded/4.9 2015q3/bin/../lib/gcc/arm-none-eabi/4.9.3/armv7-m\libgcc.a(_arm_fixdfsi.o)
                0x08006e94                __aeabi_d2iz
                0x08006e94                __fixdfsi
 .text          0x08006ee4       0xa0 c:/program files (x86)/gnu tools arm embedded/4.9 2015q3/bin/../lib/gcc/arm-none-eabi/4.9.3/armv7-m\libgcc.a(_arm_truncdfsf2.o)
                0x08006ee4                __truncdfsf2
                0x08006ee4                __aeabi_d2f
 .text          0x08006f84      0x21c c:/program files (x86)/gnu tools arm embedded/4.9 2015q3/bin/../lib/gcc/arm-none-eabi/4.9.3/armv7-m\libgcc.a(_arm_addsubsf3.o)
                0x08006f84                __aeabi_frsub
                0x08006f8c                __subsf3
                0x08006f8c                __aeabi_fsub
                0x08006f90                __aeabi_fadd
                0x08006f90                __addsf3
                0x080070f0                __aeabi_ui2f
                0x080070f0                __floatunsisf
                0x080070f8                __aeabi_i2f
                0x080070f8                __floatsisf
                0x08007114                __aeabi_ul2f
                0x08007114                __floatundisf
                0x08007124                __aeabi_l2f
                0x08007124                __floatdisf
 .text          0x080071a0      0x2a0 c:/program files (x86)/gnu tools arm embedded/4.9 2015q3/bin/../lib/gcc/arm-none-eabi/4.9.3/armv7-m\libgcc.a(_arm_muldivsf3.o)
                0x080071a0                __mulsf3
                0x080071a0                __aeabi_fmul
                0x08007308                __aeabi_fdiv
                0x08007308                __divsf3
 .text          0x08007440       0xec c:/program files (x86)/gnu tools arm embedded/4.9 2015q3/bin/../lib/gcc/arm-none-eabi/4.9.3/armv7-m\libgcc.a(_arm_cmpsf2.o)
                0x08007440                __gesf2
                0x08007440                __gtsf2
                0x08007448                __lesf2
                0x08007448                __ltsf2
                0x08007450                __nesf2
                0x08007450                __eqsf2
                0x08007450                __cmpsf2
                0x080074b0                __aeabi_cfrcmple
                0x080074b8                __aeabi_cfcmpeq
                0x080074b8                __aeabi_cfcmple
                0x080074c8                __aeabi_fcmpeq
                0x080074dc                __aeabi_fcmplt
                0x080074f0                __aeabi_fcmple
                0x08007504                __aeabi_fcmpge
                0x08007518                __aeabi_fcmpgt
 .text          0x0800752c       0x4c c:/program files (x86)/gnu tools arm embedded/4.9 2015q3/bin/../lib/gcc/arm-none-eabi/4.9.3/armv7-m\libgcc.a(_arm_fixsfsi.o)
                0x0800752c                __aeabi_f2iz
                0x0800752c                __fixsfsi
 .text          0x08007578       0x40 c:/program files (x86)/gnu tools arm embedded/4.9 2015q3/bin/../lib/gcc/arm-none-eabi/4.9.3/armv7-m\libgcc.a(_arm_fixunssfsi.o)
                0x08007578                __fixunssfsi
                0x08007578                __aeabi_f2uiz
 .text          0x080075b8      0xa54 c:/program files (x86)/gnu tools arm embedded/4.9 2015q3/bin/../lib/gcc/arm-none-eabi/4.9.3/armv7-m\libgcc.a(unwind-arm.o)
                0x08007898                _Unwind_GetCFA
                0x0800789c                __gnu_Unwind_RaiseException
                0x080078fc                __gnu_Unwind_ForcedUnwind
                0x08007910                __gnu_Unwind_Resume
                0x08007954                __gnu_Unwind_Resume_or_Rethrow
                0x08007968                _Unwind_Complete
                0x0800796c                _Unwind_DeleteException
                0x08007978                _Unwind_VRS_Get
                0x080079c8                _Unwind_VRS_Set
                0x08007a18                __gnu_Unwind_Backtrace
                0x08007d5c                __aeabi_unwind_cpp_pr0
                0x08007d60                __aeabi_unwind_cpp_pr1
                0x08007d64                __aeabi_unwind_cpp_pr2
                0x08007d68                _Unwind_VRS_Pop
 .text          0x0800800c      0x1ac c:/program files (x86)/gnu tools arm embedded/4.9 2015q3/bin/../lib/gcc/arm-none-eabi/4.9.3/armv7-m\libgcc.a(libunwind.o)
                0x0800800c                __restore_core_regs
                0x0800800c                restore_core_regs
                0x08008024                __gnu_Unwind_Restore_VFP
                0x0800802c                __gnu_Unwind_Save_VFP
                0x08008034                __gnu_Unwind_Restore_VFP_D
                0x0800803c                __gnu_Unwind_Save_VFP_D
                0x08008044                __gnu_Unwind_Restore_VFP_D_16_to_31
                0x0800804c                __gnu_Unwind_Save_VFP_D_16_to_31
                0x08008054                __gnu_Unwind_Restore_WMMXD
                0x08008098                __gnu_Unwind_Save_WMMXD
                0x080080dc                __gnu_Unwind_Restore_WMMXC
                0x080080f0                __gnu_Unwind_Save_WMMXC
                0x08008104                ___Unwind_RaiseException
                0x08008104                _Unwind_RaiseException
                0x08008128                _Unwind_Resume
                0x08008128                ___Unwind_Resume
                0x0800814c                _Unwind_Resume_or_Rethrow
                0x0800814c                ___Unwind_Resume_or_Rethrow
                0x08008170                _Unwind_ForcedUnwind
                0x08008170                ___Unwind_ForcedUnwind
                0x08008194                ___Unwind_Backtrace
                0x08008194                _Unwind_Backtrace
 .text          0x080081b8      0x37c c:/program files (x86)/gnu tools arm embedded/4.9 2015q3/bin/../lib/gcc/arm-none-eabi/4.9.3/armv7-m\libgcc.a(pr-support.o)
                0x08008210                __gnu_unwind_execute
                0x080084dc                __gnu_unwind_frame
                0x08008504                _Unwind_GetRegionStart
                0x08008510                _Unwind_GetLanguageSpecificData
                0x08008524                _Unwind_GetDataRelBase
                0x0800852c                _Unwind_GetTextRelBase
 .text.free     0x08008534       0x10 C:\Program Files (x86)\GNU Tools ARM Embedded\4.9 2015q3\arm-none-eabi\lib\armv7-m\libg.a(lib_a-malloc.o)
                0x08008534                free
 .text          0x08008544       0xec C:\Program Files (x86)\GNU Tools ARM Embedded\4.9 2015q3\arm-none-eabi\lib\armv7-m\libg.a(lib_a-memcpy.o)
                0x08008544                memcpy
 .text.memset   0x08008630       0x9c C:\Program Files (x86)\GNU Tools ARM Embedded\4.9 2015q3\arm-none-eabi\lib\armv7-m\libg.a(lib_a-memset.o)
                0x08008630                memset
 .text.__malloc_lock
                0x080086cc        0x4 C:\Program Files (x86)\GNU Tools ARM Embedded\4.9 2015q3\arm-none-eabi\lib\armv7-m\libg.a(lib_a-mlock.o)
                0x080086cc                __malloc_lock
 .text.__malloc_unlock
                0x080086d0        0x4 C:\Program Files (x86)\GNU Tools ARM Embedded\4.9 2015q3\arm-none-eabi\lib\armv7-m\libg.a(lib_a-mlock.o)
                0x080086d0                __malloc_unlock
 .text._sbrk_r  0x080086d4       0x24 C:\Program Files (x86)\GNU Tools ARM Embedded\4.9 2015q3\arm-none-eabi\lib\armv7-m\libg.a(lib_a-sbrkr.o)
                0x080086d4                _sbrk_r
 .text.strlen   0x080086f8       0x5c C:\Program Files (x86)\GNU Tools ARM Embedded\4.9 2015q3\arm-none-eabi\lib\armv7-m\libg.a(lib_a-strlen.o)
                0x080086f8                strlen
 .text._malloc_trim_r
                0x08008754       0x9c C:\Program Files (x86)\GNU Tools ARM Embedded\4.9 2015q3\arm-none-eabi\lib\armv7-m\libg.a(lib_a-freer.o)
                0x08008754                _malloc_trim_r
 .text._free_r  0x080087f0      0x1b0 C:\Program Files (x86)\GNU Tools ARM Embedded\4.9 2015q3\arm-none-eabi\lib\armv7-m\libg.a(lib_a-freer.o)
                0x080087f0                _free_r
 *(.init)
 *(.fini)
 *crtbegin.o(.ctors)
 *crtbegin?.o(.ctors)
 *(EXCLUDE_FILE(*crtend.o *crtend?.o) .ctors)
 *(SORT(.ctors.*))
 *(.ctors)
 *crtbegin.o(.dtors)
 *crtbegin?.o(.dtors)
 *(EXCLUDE_FILE(*crtend.o *crtend?.o) .dtors)
 *(SORT(.dtors.*))
 *(.dtors)
 *(.rodata*)
 .rodata.str1.4
                0x080089a0       0x24 ..\obj\printf.o
 .rodata        0x080089c4       0x17 ..\obj\u8g_dev_st7920_128x64.o
 *fill*         0x080089db        0x1 
 .rodata.str1.4
                0x080089dc       0x18 ..\obj\Display.o
 .rodata.str1.4
                0x080089f4       0x11 ..\obj\Keypad.o
 *fill*         0x08008a05        0x3 
 .rodata        0x08008a08       0xb0 ..\obj\mcp23017.o
                0x08008a08                mcp23017::IOCON_AB
                0x08008a18                mcp23017::IODIR_AB
                0x08008a28                mcp23017::GPPU_AB
                0x08008a38                mcp23017::GPINTEN_AB
                0x08008a48                mcp23017::DEFVAL_AB
                0x08008a58                mcp23017::INTCON_AB
                0x08008a68                mcp23017::OLAT_AB
                0x08008a78                mcp23017::GPIO_AB
                0x08008a88                mcp23017::INTCAP_AB
                0x08008a98                mcp23017::INTF_AB
                0x08008aa8                mcp23017::IPOL_AB
 .rodata.str1.4
                0x08008ab8       0xa9 ..\obj\RelayBoard.o
 *fill*         0x08008b61        0x3 
 .rodata        0x08008b64     0x2e79 ..\obj\u8g_fonts.o
                0x08008b64                u8g_font_unifont_0_8
                0x08009bf4                u8g_font_7x13
                0x0800a464                u8g_font_6x12
                0x0800abf4                u8g_font_6x10
                0x0800b340                u8g_font_5x8
 *fill*         0x0800b9dd        0x3 
 .rodata._ZTI15KeypadInterrupt
                0x0800b9e0        0x8 ..\obj\EntController.o
                0x0800b9e0                typeinfo for KeypadInterrupt
 .rodata._ZTS15KeypadInterrupt
                0x0800b9e8       0x12 ..\obj\EntController.o
                0x0800b9e8                typeinfo name for KeypadInterrupt
 *fill*         0x0800b9fa        0x6 
 .rodata        0x0800ba00       0x28 ..\obj\EntController.o
                0x0800ba00                vtable for EntController
                0x0800ba0c                typeinfo name for EntController
                0x0800ba1c                typeinfo for EntController
 .rodata.str1.4
                0x0800ba28       0x5a ..\obj\EntController.o
 *fill*         0x0800ba82        0x2 
 .rodata.str1.4
                0x0800ba84       0x30 ..\obj\ovc3860.o
 .rodata.str1.4
                0x0800bab4      0x102 ..\obj\main.o
                                0x10e (size before relaxing)
 *fill*         0x0800bbb6        0x2 
 .rodata        0x0800bbb8       0x28 ..\obj\SpaController.o
                0x0800bbb8                vtable for SpaController
                0x0800bbc4                typeinfo name for SpaController
                0x0800bbd4                typeinfo for SpaController
 .rodata.str1.4
                0x0800bbe0       0xb1 ..\obj\SpaController.o
 *fill*         0x0800bc91        0x3 
 .rodata.str1.4
                0x0800bc94       0x6c ..\obj\LEDS.o
                                 0x99 (size before relaxing)
 .rodata._ZTVN10__cxxabiv120__si_class_type_infoE
                0x0800bd00       0x2c C:\Program Files (x86)\GNU Tools ARM Embedded\4.9 2015q3\arm-none-eabi\lib\armv7-m\libstdc++_nano.a(si_class_type_info.o)
                0x0800bd00                vtable for __cxxabiv1::__si_class_type_info
 .rodata._ZTIN10__cxxabiv120__si_class_type_infoE
                0x0800bd2c        0xc C:\Program Files (x86)\GNU Tools ARM Embedded\4.9 2015q3\arm-none-eabi\lib\armv7-m\libstdc++_nano.a(si_class_type_info.o)
                0x0800bd2c                typeinfo for __cxxabiv1::__si_class_type_info
 .rodata._ZTSN10__cxxabiv120__si_class_type_infoE
                0x0800bd38       0x25 C:\Program Files (x86)\GNU Tools ARM Embedded\4.9 2015q3\arm-none-eabi\lib\armv7-m\libstdc++_nano.a(si_class_type_info.o)
                0x0800bd38                typeinfo name for __cxxabiv1::__si_class_type_info
 *fill*         0x0800bd5d        0x3 
 .rodata._ZTISt9type_info
                0x0800bd60        0x8 C:\Program Files (x86)\GNU Tools ARM Embedded\4.9 2015q3\arm-none-eabi\lib\armv7-m\libstdc++_nano.a(tinfo.o)
                0x0800bd60                typeinfo for std::type_info
 .rodata._ZTSSt9type_info
                0x0800bd68        0xd C:\Program Files (x86)\GNU Tools ARM Embedded\4.9 2015q3\arm-none-eabi\lib\armv7-m\libstdc++_nano.a(tinfo.o)
                0x0800bd68                typeinfo name for std::type_info
 *fill*         0x0800bd75        0x3 
 .rodata._ZTVN10__cxxabiv117__class_type_infoE
                0x0800bd78       0x2c C:\Program Files (x86)\GNU Tools ARM Embedded\4.9 2015q3\arm-none-eabi\lib\armv7-m\libstdc++_nano.a(class_type_info.o)
                0x0800bd78                vtable for __cxxabiv1::__class_type_info
 .rodata._ZTIN10__cxxabiv117__class_type_infoE
                0x0800bda4        0xc C:\Program Files (x86)\GNU Tools ARM Embedded\4.9 2015q3\arm-none-eabi\lib\armv7-m\libstdc++_nano.a(class_type_info.o)
                0x0800bda4                typeinfo for __cxxabiv1::__class_type_info
 .rodata._ZTSN10__cxxabiv117__class_type_infoE
                0x0800bdb0       0x22 C:\Program Files (x86)\GNU Tools ARM Embedded\4.9 2015q3\arm-none-eabi\lib\armv7-m\libstdc++_nano.a(class_type_info.o)
                0x0800bdb0                typeinfo name for __cxxabiv1::__class_type_info
 *(.eh_fram e*)

.glue_7         0x0800bdd4        0x0
 .glue_7        0x00000000        0x0 linker stubs

.glue_7t        0x0800bdd4        0x0
 .glue_7t       0x00000000        0x0 linker stubs

.vfp11_veneer   0x0800bdd4        0x0
 .vfp11_veneer  0x00000000        0x0 linker stubs

.v4_bx          0x0800bdd4        0x0
 .v4_bx         0x00000000        0x0 linker stubs

.iplt           0x0800bdd4        0x0
 .iplt          0x00000000        0x0 ..\obj\u8g_dev_uc1611_dogxl240.o

.ARM.extab      0x0800bdd4       0x30
 *(.ARM.extab* .gnu.linkonce.armextab.*)
 .ARM.extab     0x0800bdd4        0xc ..\obj\main.o
 .ARM.extab     0x0800bde0        0xc ..\obj\SpaController.o
 .ARM.extab     0x0800bdec       0x18 c:/program files (x86)/gnu tools arm embedded/4.9 2015q3/bin/../lib/gcc/arm-none-eabi/4.9.3/armv7-m\libgcc.a(pr-support.o)
                0x0800be04                __exidx_start = .

.ARM.exidx      0x0800be04      0x2a0
 *(.ARM.exidx* .gnu.linkonce.armexidx.*)
 .ARM.exidx     0x0800be04       0x70 ..\obj\DS18B20.o
                                 0xa0 (size before relaxing)
 .ARM.exidx     0x0800be74       0x48 ..\obj\Display.o
                                 0xc8 (size before relaxing)
 .ARM.exidx     0x0800bebc       0x28 ..\obj\Keypad.o
 .ARM.exidx     0x0800bee4       0x48 ..\obj\mcp23017.o
                                 0x70 (size before relaxing)
 .ARM.exidx     0x0800bf2c       0x20 ..\obj\RelayBoard.o
 .ARM.exidx     0x0800bf4c       0x28 ..\obj\EntController.o
                                 0x40 (size before relaxing)
 .ARM.exidx.text.startup
                0x0800bf7c        0x8 ..\obj\main.o
 .ARM.exidx     0x0800bf74        0x8 ..\obj\main.o
 .ARM.exidx     0x0800bf84       0x58 ..\obj\SpaController.o
                                 0x90 (size before relaxing)
 .ARM.exidx     0x0800bfdc       0x18 ..\obj\LEDS.o
                                 0x10 (size before relaxing)
 .ARM.exidx     0x0800bff4       0x78 c:/program files (x86)/gnu tools arm embedded/4.9 2015q3/bin/../lib/gcc/arm-none-eabi/4.9.3/armv7-m\libgcc.a(unwind-arm.o)
                                 0xd8 (size before relaxing)
 .ARM.exidx     0x0800c06c       0x38 c:/program files (x86)/gnu tools arm embedded/4.9 2015q3/bin/../lib/gcc/arm-none-eabi/4.9.3/armv7-m\libgcc.a(pr-support.o)
                                 0x48 (size before relaxing)
                0x0800c0a4                __exidx_end = .
                0x0800c0a4                __etext = .
                0x0800c0a4                _sidata = __etext

.rel.dyn        0x0800c0a4        0x0
 .rel.iplt      0x00000000        0x0 ..\obj\u8g_dev_uc1611_dogxl240.o

.data           0x20000000      0x91c load address 0x0800c0a4
                0x20000000                __data_start__ = .
                0x20000000                _sdata = __data_start__
 *(vtable)
 *(.data*)
 .data          0x20000000      0x430 ..\obj\printf.o
                0x20000000                outputUart
                0x20000004                _impure_ptr
                0x20000008                r
 .data          0x20000430       0x9c ..\obj\u8g_dev_st7920_128x64.o
                0x20000430                u8g_dev_st7920_128x64_4x_custom
                0x2000043c                u8g_dev_st7920_128x64_4x_8bit
                0x20000448                u8g_dev_st7920_128x64_4x_hw_spi
                0x20000454                u8g_dev_st7920_128x64_4x_sw_spi
                0x20000460                u8g_dev_st7920_128x64_4x_pb
                0x2000046c                u8g_dev_st7920_128x64_custom
                0x20000478                u8g_dev_st7920_128x64_custom_pb
                0x20000484                u8g_dev_st7920_128x64_8bit
                0x20000490                u8g_dev_st7920_128x64_8bit_pb
                0x2000049c                u8g_dev_st7920_128x64_hw_spi
                0x200004a8                u8g_dev_st7920_128x64_hw_spi_pb
                0x200004b4                u8g_dev_st7920_128x64_sw_spi
                0x200004c0                u8g_dev_st7920_128x64_sw_spi_pb
 .data          0x200004cc       0x14 ..\obj\stm32f10x_rcc.o
 .data          0x200004e0       0x18 ..\obj\ovc3860.o
                0x200004e0                ovc3860_AT_PLAYPAUSE
                0x200004e4                ovc3860_AT_STOP
                0x200004e8                ovc3860_AT_PREVIOUS
                0x200004ec                ovc3860_AT_NEXT
                0x200004f0                ovc3860_AT_VOLUP
                0x200004f4                ovc3860_AT_VOLDOWN
 .data          0x200004f8       0x14 ..\obj\system_stm32f10x.o
                0x200004f8                AHBPrescTable
                0x20000508                SystemCoreClock
 .data.__malloc_av_
                0x2000050c      0x408 C:\Program Files (x86)\GNU Tools ARM Embedded\4.9 2015q3\arm-none-eabi\lib\armv7-m\libg.a(lib_a-mallocr.o)
                0x2000050c                __malloc_av_
 .data.__malloc_trim_threshold
                0x20000914        0x4 C:\Program Files (x86)\GNU Tools ARM Embedded\4.9 2015q3\arm-none-eabi\lib\armv7-m\libg.a(lib_a-mallocr.o)
                0x20000914                __malloc_trim_threshold
 .data.__malloc_sbrk_base
                0x20000918        0x4 C:\Program Files (x86)\GNU Tools ARM Embedded\4.9 2015q3\arm-none-eabi\lib\armv7-m\libg.a(lib_a-mallocr.o)
                0x20000918                __malloc_sbrk_base
                0x2000091c                . = ALIGN (0x4)
                0x2000091c                PROVIDE (__preinit_array_start, .)
 *(.preinit_array)
                0x2000091c                PROVIDE (__preinit_array_end, .)
                0x2000091c                . = ALIGN (0x4)
                0x2000091c                PROVIDE (__init_array_start, .)
 *(SORT(.init_array.*))
 *(.init_array)
                0x2000091c                PROVIDE (__init_array_end, .)
                0x2000091c                . = ALIGN (0x4)
                0x2000091c                PROVIDE (__fini_array_start, .)
 *(SORT(.fini_array.*))
 *(.fini_array)
                0x2000091c                PROVIDE (__fini_array_end, .)
 *(.jcr*)
                0x2000091c                . = ALIGN (0x4)
                0x2000091c                __data_end__ = .
                0x2000091c                _edata = __data_end__

.igot.plt       0x2000091c        0x0 load address 0x0800c9c0
 .igot.plt      0x00000000        0x0 ..\obj\u8g_dev_uc1611_dogxl240.o

.bss            0x2000091c      0x84c load address 0x0800c9c0
                0x2000091c                . = ALIGN (0x4)
                0x2000091c                __bss_start__ = .
                0x2000091c                _sbss = __bss_start__
 *(.bss*)
 .bss           0x2000091c        0x4 ..\obj\syscalls.o
 .bss           0x20000920      0x400 ..\obj\u8g_dev_st7920_128x64.o
                0x20000920                u8g_dev_st7920_128x64_4x_buf
                0x20000b20                u8g_dev_st7920_128x64_custom_buf
                0x20000ba0                u8g_dev_st7920_128x64_8bit_buf
                0x20000c20                u8g_dev_st7920_128x64_hw_spi_buf
                0x20000ca0                u8g_dev_st7920_128x64_sw_spi_buf
 .bss           0x20000d20        0x8 ..\obj\DS18B20.o
                0x20000d20                DS18B20::ulHclk
 .bss._ZZN7Display11getInstanceEvE8instance
                0x20000d28      0x104 ..\obj\EntController.o
                0x20000d28                Display::getInstance()::instance
 .bss._ZZN10RelayBoard11getInstanceEvE8instance
                0x20000e2c       0x20 ..\obj\EntController.o
                0x20000e2c                RelayBoard::getInstance()::instance
 .bss._ZZN4LEDS11getInstanceEvE8instance
                0x20000e4c       0x20 ..\obj\EntController.o
                0x20000e4c                LEDS::getInstance()::instance
 .bss._ZZN6Keypad11getInstanceEvE8instance
                0x20000e6c       0x60 ..\obj\EntController.o
                0x20000e6c                Keypad::getInstance()::instance
 .bss._ZGVZN6Keypad11getInstanceEvE8instance
                0x20000ecc        0x4 ..\obj\EntController.o
                0x20000ecc                guard variable for Keypad::getInstance()::instance
 .bss           0x20000ed0        0x8 ..\obj\delay.o
 .bss           0x20000ed8        0xc ..\obj\u8g_arm_uart.o
                0x20000edc                control
 .bss           0x20000ee4        0x4 ..\obj\usart.o
                0x20000ee4                received_count
 .bss           0x20000ee8       0x5c ..\obj\main.o
                0x20000ee8                iChannel
                0x20000eec                chChannel
                0x20000ef4                si4703_PSNvalid
                0x20000ef8                si4703_programServiceName
                0x20000f02                bStereo
                0x20000f04                iStrength
                0x20000f08                si4703_registers
                0x20000f28                si4703_PSName2
                0x20000f34                si4703_PSName1
 .bss.__malloc_top_pad
                0x20000f44        0x4 C:\Program Files (x86)\GNU Tools ARM Embedded\4.9 2015q3\arm-none-eabi\lib\armv7-m\libg.a(lib_a-mallocr.o)
                0x20000f44                __malloc_top_pad
 .bss.__malloc_current_mallinfo
                0x20000f48       0x28 C:\Program Files (x86)\GNU Tools ARM Embedded\4.9 2015q3\arm-none-eabi\lib\armv7-m\libg.a(lib_a-mallocr.o)
                0x20000f48                __malloc_current_mallinfo
 *(COMMON)
 COMMON         0x20000f70      0x1f4 ..\obj\usart.o
                0x20000f70                received_string
 COMMON         0x20001164        0x4 C:\Program Files (x86)\GNU Tools ARM Embedded\4.9 2015q3\arm-none-eabi\lib\armv7-m\libg.a(lib_a-reent.o)
                0x20001164                errno
                0x20001168                . = ALIGN (0x4)
                0x20001168                __bss_end__ = .
                0x20001168                _ebss = __bss_end__

.heap           0x20001168        0x0
                0x20001168                __end__ = .
                0x20001168                _end = __end__
                0x20001168                end = __end__
 *(.heap*)
                0x20001168                __HeapLimit = .

.co_stack       0x20001168        0x0
                0x20001168                . = ALIGN (0x8)
 *(.co_stack .co_stack.*)
                0x20005000                __StackTop = (ORIGIN (ram) + 0x5000)
                0x20005000                __StackLimit = (__StackTop - SIZEOF (.co_stack))
                0x20005000                PROVIDE (__stack, __StackTop)
                0x00000001                ASSERT ((__StackLimit >= __HeapLimit), region ram  overflowed with stack)
LOAD ..\obj\u8g_dev_uc1611_dogxl240.o
LOAD ..\obj\stm32f10x_fsmc.o
LOAD ..\obj\u8g_com_arduino_hw_usart_spi.o
LOAD ..\obj\u8g_pb.o
LOAD ..\obj\u8g_com_atxmega_st7920_hw_spi.o
LOAD ..\obj\u8g_com_msp430_hw_spi.o
LOAD ..\obj\u8g_pb8v1.o
LOAD ..\obj\u8g_com_arduino_st7920_custom.o
LOAD ..\obj\u8g_com_arduino_common.o
LOAD ..\obj\u8g_dev_ili9325d_320x240.o
LOAD ..\obj\stm32f10x_pwr.o
LOAD ..\obj\u8g_com_i2c.o
LOAD ..\obj\u8g_com_raspberrypi_hw_spi.o
LOAD ..\obj\printf.o
LOAD ..\obj\stm32f10x_cec.o
LOAD ..\obj\u8g_dev_pcf8812_96x65.o
LOAD ..\obj\syscalls.o
LOAD ..\obj\u8g_dev_st7920_128x64.o
LOAD ..\obj\u8g_pb16h2.o
LOAD ..\obj\u8g_cursor.o
LOAD ..\obj\u8g_com_arduino_st7920_spi.o
LOAD ..\obj\u8g_com_api.o
LOAD ..\obj\u8g_com_arduino_port_d_wr.o
LOAD ..\obj\u8g_dev_tls8204_84x48.o
LOAD ..\obj\u8g_ellipse.o
LOAD ..\obj\u8g_bitmap.o
LOAD ..\obj\stm32f10x_crc.o
LOAD ..\obj\si4703.o
LOAD ..\obj\stm32f10x_dac.o
LOAD ..\obj\DS18B20.o
LOAD ..\obj\u8g_dev_t6963_240x128.o
LOAD ..\obj\u8g_state.o
LOAD ..\obj\u8g_dev_st7565_lm6059.o
LOAD ..\obj\u8g_com_io.o
LOAD ..\obj\u8g_dev_pcd8544_84x48.o
LOAD ..\obj\Display.o
LOAD ..\obj\u8g_ll_api.o
LOAD ..\obj\u8g_dev_st7565_dogm132.o
LOAD ..\obj\u8g_page.o
LOAD ..\obj\stm32f10x_gpio.o
LOAD ..\obj\stm32f10x_rcc.o
LOAD ..\obj\Keypad.o
LOAD ..\obj\u8g_pb16v2.o
LOAD ..\obj\u8g_com_arduino_attiny85_hw_spi.o
LOAD ..\obj\stm32f10x_sdio.o
LOAD ..\obj\u8g_dev_uc1601_c128032.o
LOAD ..\obj\mcp23017.o
LOAD ..\obj\u8g_dev_ssd1353_160x128.o
LOAD ..\obj\startup_stm32f10x_md.o
LOAD ..\obj\u8g_pbxh24.o
LOAD ..\obj\u8g_com_arduino_std_sw_spi.o
LOAD ..\obj\u8g_dev_ssd1325_nhd27oled_gr.o
LOAD ..\obj\u8g_dev_ssd1306_128x64.o
LOAD ..\obj\stm32f10x_can.o
LOAD ..\obj\u8g_pb14v1.o
LOAD ..\obj\u8g_rect.o
LOAD ..\obj\u8g_dev_st7565_nhd_c12864.o
LOAD ..\obj\stm32f10x_iwdg.o
LOAD ..\obj\RelayBoard.o
LOAD ..\obj\u8g_dev_lc7981_160x80.o
LOAD ..\obj\u8g_dev_lc7981_320x64.o
LOAD ..\obj\stm32f10x_tim.o
LOAD ..\obj\u8g_com_arduino_fast_parallel.o
LOAD ..\obj\u8g_fonts.o
LOAD ..\obj\u8g_com_null.o
LOAD ..\obj\u8g_dev_flipdisc_2x7.o
LOAD ..\obj\u8g_com_arduino_ssd_i2c.o
LOAD ..\obj\u8g_com_atmega_sw_spi.o
LOAD ..\obj\EntController.o
LOAD ..\obj\u8g_pb16v1.o
LOAD ..\obj\u8g_pb8h1f.o
LOAD ..\obj\u8g_pb16h1.o
LOAD ..\obj\delay.o
LOAD ..\obj\u8g_dev_st7920_202x32.o
LOAD ..\obj\u8g_dev_ks0108_128x64.o
LOAD ..\obj\u8g_dev_lc7981_240x64.o
LOAD ..\obj\u8g_com_atmega_st7920_spi.o
LOAD ..\obj\u8g_dev_st7920_192x32.o
LOAD ..\obj\ovc3860.o
LOAD ..\obj\u8g_delay.o
LOAD ..\obj\u8g_arm_uart.o
LOAD ..\obj\stm32f10x_dma.o
LOAD ..\obj\u8g_com_atxmega_hw_spi.o
LOAD ..\obj\u8g_dev_ld7032_60x32.o
LOAD ..\obj\u8g_com_api_16gr.o
LOAD ..\obj\u8g_dev_ssd1322_nhd31oled_gr.o
LOAD ..\obj\u8g_dev_ssd1325_nhd27oled_gr_new.o
LOAD ..\obj\u8g_com_atmega_parallel.o
LOAD ..\obj\u8g_line.o
LOAD ..\obj\stm32f10x_dbgmcu.o
LOAD ..\obj\chessengine.o
LOAD ..\obj\u8g_com_arduino_t6963.o
LOAD ..\obj\u8g_dev_uc1611_dogm240.o
LOAD ..\obj\u8g_dev_ssd1306_64x48.o
LOAD ..\obj\u8g_com_atmega_hw_spi.o
LOAD ..\obj\u8g_dev_st7565_dogm128.o
LOAD ..\obj\u8g_dev_ssd1306_128x32.o
LOAD ..\obj\stm32f10x_spi.o
LOAD ..\obj\usart.o
LOAD ..\obj\stm32f10x_wwdg.o
LOAD ..\obj\u8g_dev_lc7981_240x128.o
LOAD ..\obj\u8g_dev_ht1632.o
LOAD ..\obj\u8g_com_atmega_st7920_hw_spi.o
LOAD ..\obj\u8g_u8toa.o
LOAD ..\obj\u8g_dev_ssd1325_nhd27oled_bw.o
LOAD ..\obj\u8g_dev_sbn1661_122x32.o
LOAD ..\obj\u8g_dev_st7565_64128n.o
LOAD ..\obj\u8g_pb32h1.o
LOAD ..\obj\u8g_pb8h1.o
LOAD ..\obj\main.o
LOAD ..\obj\stm32f10x_rtc.o
LOAD ..\obj\u8g_dev_uc1701_mini12864.o
LOAD ..\obj\SpaController.o
LOAD ..\obj\stm32f10x_usart.o
LOAD ..\obj\u8g_dev_ssd1309_128x64.o
LOAD ..\obj\u8g_dev_uc1701_dogs102.o
LOAD ..\obj\u8g_dev_ssd1327_96x96_gr.o
LOAD ..\obj\stm32f10x_adc.o
LOAD ..\obj\u8g_com_arduino_st7920_hw_spi.o
LOAD ..\obj\u8g_font.o
LOAD ..\obj\u8g_clip.o
LOAD ..\obj\u8g_pb8h2.o
LOAD ..\obj\u8g_dev_null.o
LOAD ..\obj\u8g_com_arduino_uc_i2c.o
LOAD ..\obj\u8g_pbxh16.o
LOAD ..\obj\u8g_pb8v2.o
LOAD ..\obj\LEDS.o
LOAD ..\obj\u8g_com_raspberrypi_ssd_i2c.o
LOAD ..\obj\u8g_polygon.o
LOAD ..\obj\u8g_virtual_screen.o
LOAD ..\obj\misc.o
LOAD ..\obj\stm32f10x_i2c.o
LOAD ..\obj\u8g_dev_uc1610_dogxl160.o
LOAD ..\obj\u8g_pb8h8.o
LOAD ..\obj\system_stm32f10x.o
LOAD ..\obj\u8g_dev_uc1608_240x128.o
LOAD ..\obj\u8g_dev_st7687_c144mvgd.o
LOAD ..\obj\u8g_dev_a2_micro_printer.o
LOAD ..\obj\u8g_dev_t6963_128x64.o
LOAD ..\obj\u8g_com_arduino_no_en_parallel.o
LOAD ..\obj\stm32f10x_bkp.o
LOAD ..\obj\stm32f10x_flash.o
LOAD ..\obj\u8g_com_psoc5_ssd_hw_parallel.o
LOAD ..\obj\u8g_dev_ssd1351_128x128.o
LOAD ..\obj\u8g_com_arduino_hw_spi.o
LOAD ..\obj\u8g_dev_st7565_lm6063.o
LOAD ..\obj\u8g_dev_t6963_240x64.o
LOAD ..\obj\u8g_dev_uc1608_240x64.o
LOAD ..\obj\u8g_circle.o
LOAD ..\obj\u8g_u16toa.o
LOAD ..\obj\u8g_dev_gprof.o
LOAD ..\obj\u8g_com_arduino_parallel.o
LOAD ..\obj\u8g_rot.o
LOAD ..\obj\u8g_dev_ssd1322_nhd31oled_bw.o
LOAD ..\obj\u8g_scale.o
LOAD ..\obj\u8g_dev_ssd1325_nhd27oled_bw_new.o
LOAD ..\obj\u8g_dev_st7565_nhd_c12832.o
LOAD ..\obj\u8g_dev_t6963_128x128.o
LOAD ..\obj\u8g_com_arduino_sw_spi.o
LOAD ..\obj\stm32f10x_exti.o
LOAD ..\obj\u8g_com_std_sw_spi.o
LOAD C:\Program Files (x86)\GNU Tools ARM Embedded\4.9 2015q3\arm-none-eabi\lib\armv7-m\libstdc++_nano.a
LOAD C:\Program Files (x86)\GNU Tools ARM Embedded\4.9 2015q3\arm-none-eabi\lib\armv7-m\libsupc++_nano.a
LOAD C:\Program Files (x86)\GNU Tools ARM Embedded\4.9 2015q3\arm-none-eabi\lib\armv7-m\libnosys.a
START GROUP
LOAD c:/program files (x86)/gnu tools arm embedded/4.9 2015q3/bin/../lib/gcc/arm-none-eabi/4.9.3/armv7-m\libgcc.a
LOAD C:\Program Files (x86)\GNU Tools ARM Embedded\4.9 2015q3\arm-none-eabi\lib\armv7-m\libg.a
LOAD C:\Program Files (x86)\GNU Tools ARM Embedded\4.9 2015q3\arm-none-eabi\lib\armv7-m\libc.a
END GROUP
OUTPUT(JacuzziV2.elf elf32-littlearm)

.debug_info     0x00000000    0x20638
 .debug_info    0x00000000      0x890 ..\obj\u8g_pb.o
 .debug_info    0x00000890      0x434 ..\obj\u8g_com_arduino_st7920_custom.o
 .debug_info    0x00000cc4     0x1517 ..\obj\printf.o
 .debug_info    0x000021db      0x3ed ..\obj\syscalls.o
 .debug_info    0x000025c8      0xbe8 ..\obj\u8g_dev_st7920_128x64.o
 .debug_info    0x000031b0      0xa0d ..\obj\u8g_com_api.o
 .debug_info    0x00003bbd      0xfbf ..\obj\si4703.o
 .debug_info    0x00004b7c     0x167a ..\obj\DS18B20.o
 .debug_info    0x000061f6      0x468 ..\obj\u8g_state.o
 .debug_info    0x0000665e     0x1c00 ..\obj\Display.o
 .debug_info    0x0000825e     0x1aab ..\obj\u8g_ll_api.o
 .debug_info    0x00009d09      0x195 ..\obj\u8g_page.o
 .debug_info    0x00009e9e      0x887 ..\obj\stm32f10x_gpio.o
 .debug_info    0x0000a725      0x92e ..\obj\stm32f10x_rcc.o
 .debug_info    0x0000b053     0x1097 ..\obj\Keypad.o
 .debug_info    0x0000c0ea     0x1465 ..\obj\mcp23017.o
 .debug_info    0x0000d54f       0xcb ..\obj\startup_stm32f10x_md.o
 .debug_info    0x0000d61a      0xd88 ..\obj\u8g_rect.o
 .debug_info    0x0000e3a2      0xde2 ..\obj\RelayBoard.o
 .debug_info    0x0000f184      0x14d ..\obj\u8g_fonts.o
 .debug_info    0x0000f2d1      0x42f ..\obj\u8g_com_null.o
 .debug_info    0x0000f700     0x2061 ..\obj\EntController.o
 .debug_info    0x00011761      0x781 ..\obj\delay.o
 .debug_info    0x00011ee2      0x2f4 ..\obj\ovc3860.o
 .debug_info    0x000121d6      0xa55 ..\obj\u8g_arm_uart.o
 .debug_info    0x00012c2b      0x504 ..\obj\u8g_line.o
 .debug_info    0x0001312f      0x858 ..\obj\usart.o
 .debug_info    0x00013987      0x8cf ..\obj\u8g_pb32h1.o
 .debug_info    0x00014256      0x80b ..\obj\u8g_pb8h1.o
 .debug_info    0x00014a61     0x22c8 ..\obj\main.o
 .debug_info    0x00016d29     0x30b0 ..\obj\SpaController.o
 .debug_info    0x00019dd9      0xb3c ..\obj\stm32f10x_usart.o
 .debug_info    0x0001a915     0x2abc ..\obj\u8g_font.o
 .debug_info    0x0001d3d1      0x4ee ..\obj\u8g_clip.o
 .debug_info    0x0001d8bf      0xcd8 ..\obj\LEDS.o
 .debug_info    0x0001e597      0x543 ..\obj\misc.o
 .debug_info    0x0001eada      0xb99 ..\obj\stm32f10x_i2c.o
 .debug_info    0x0001f673      0x4a1 ..\obj\system_stm32f10x.o
 .debug_info    0x0001fb14      0xb24 ..\obj\u8g_circle.o

.debug_abbrev   0x00000000     0x5c49
 .debug_abbrev  0x00000000      0x211 ..\obj\u8g_pb.o
 .debug_abbrev  0x00000211      0x106 ..\obj\u8g_com_arduino_st7920_custom.o
 .debug_abbrev  0x00000317      0x445 ..\obj\printf.o
 .debug_abbrev  0x0000075c       0xf1 ..\obj\syscalls.o
 .debug_abbrev  0x0000084d      0x1bc ..\obj\u8g_dev_st7920_128x64.o
 .debug_abbrev  0x00000a09      0x1ee ..\obj\u8g_com_api.o
 .debug_abbrev  0x00000bf7      0x36b ..\obj\si4703.o
 .debug_abbrev  0x00000f62      0x49e ..\obj\DS18B20.o
 .debug_abbrev  0x00001400      0x139 ..\obj\u8g_state.o
 .debug_abbrev  0x00001539      0x3e7 ..\obj\Display.o
 .debug_abbrev  0x00001920      0x374 ..\obj\u8g_ll_api.o
 .debug_abbrev  0x00001c94       0xf3 ..\obj\u8g_page.o
 .debug_abbrev  0x00001d87      0x203 ..\obj\stm32f10x_gpio.o
 .debug_abbrev  0x00001f8a      0x25e ..\obj\stm32f10x_rcc.o
 .debug_abbrev  0x000021e8      0x37d ..\obj\Keypad.o
 .debug_abbrev  0x00002565      0x2c6 ..\obj\mcp23017.o
 .debug_abbrev  0x0000282b       0x12 ..\obj\startup_stm32f10x_md.o
 .debug_abbrev  0x0000283d      0x185 ..\obj\u8g_rect.o
 .debug_abbrev  0x000029c2      0x29c ..\obj\RelayBoard.o
 .debug_abbrev  0x00002c5e       0x6c ..\obj\u8g_fonts.o
 .debug_abbrev  0x00002cca      0x106 ..\obj\u8g_com_null.o
 .debug_abbrev  0x00002dd0      0x510 ..\obj\EntController.o
 .debug_abbrev  0x000032e0      0x2b8 ..\obj\delay.o
 .debug_abbrev  0x00003598       0xec ..\obj\ovc3860.o
 .debug_abbrev  0x00003684      0x273 ..\obj\u8g_arm_uart.o
 .debug_abbrev  0x000038f7      0x157 ..\obj\u8g_line.o
 .debug_abbrev  0x00003a4e      0x1e3 ..\obj\usart.o
 .debug_abbrev  0x00003c31      0x239 ..\obj\u8g_pb32h1.o
 .debug_abbrev  0x00003e6a      0x1d3 ..\obj\u8g_pb8h1.o
 .debug_abbrev  0x0000403d      0x52d ..\obj\main.o
 .debug_abbrev  0x0000456a      0x617 ..\obj\SpaController.o
 .debug_abbrev  0x00004b81      0x1f8 ..\obj\stm32f10x_usart.o
 .debug_abbrev  0x00004d79      0x412 ..\obj\u8g_font.o
 .debug_abbrev  0x0000518b      0x14f ..\obj\u8g_clip.o
 .debug_abbrev  0x000052da      0x298 ..\obj\LEDS.o
 .debug_abbrev  0x00005572      0x154 ..\obj\misc.o
 .debug_abbrev  0x000056c6      0x1ed ..\obj\stm32f10x_i2c.o
 .debug_abbrev  0x000058b3      0x16c ..\obj\system_stm32f10x.o
 .debug_abbrev  0x00005a1f      0x22a ..\obj\u8g_circle.o

.debug_loc      0x00000000     0xe7b1
 .debug_loc     0x00000000      0x918 ..\obj\u8g_pb.o
 .debug_loc     0x00000918       0x21 ..\obj\u8g_com_arduino_st7920_custom.o
 .debug_loc     0x00000939     0x1045 ..\obj\printf.o
 .debug_loc     0x0000197e      0x108 ..\obj\syscalls.o
 .debug_loc     0x00001a86      0x3ce ..\obj\u8g_dev_st7920_128x64.o
 .debug_loc     0x00001e54      0x661 ..\obj\u8g_com_api.o
 .debug_loc     0x000024b5      0x748 ..\obj\si4703.o
 .debug_loc     0x00002bfd      0xd00 ..\obj\DS18B20.o
 .debug_loc     0x000038fd       0x42 ..\obj\u8g_state.o
 .debug_loc     0x0000393f      0x64d ..\obj\Display.o
 .debug_loc     0x00003f8c     0x1979 ..\obj\u8g_ll_api.o
 .debug_loc     0x00005905       0xd1 ..\obj\u8g_page.o
 .debug_loc     0x000059d6      0x5d0 ..\obj\stm32f10x_gpio.o
 .debug_loc     0x00005fa6      0x7fb ..\obj\stm32f10x_rcc.o
 .debug_loc     0x000067a1      0x190 ..\obj\Keypad.o
 .debug_loc     0x00006931      0x659 ..\obj\mcp23017.o
 .debug_loc     0x00006f8a      0xa79 ..\obj\u8g_rect.o
 .debug_loc     0x00007a03      0x15b ..\obj\RelayBoard.o
 .debug_loc     0x00007b5e       0x21 ..\obj\u8g_com_null.o
 .debug_loc     0x00007b7f      0x368 ..\obj\EntController.o
 .debug_loc     0x00007ee7       0xdb ..\obj\delay.o
 .debug_loc     0x00007fc2      0x21a ..\obj\u8g_arm_uart.o
 .debug_loc     0x000081dc      0x32c ..\obj\u8g_line.o
 .debug_loc     0x00008508       0x58 ..\obj\usart.o
 .debug_loc     0x00008560      0x6ba ..\obj\u8g_pb32h1.o
 .debug_loc     0x00008c1a      0x4fc ..\obj\u8g_pb8h1.o
 .debug_loc     0x00009116       0x21 ..\obj\main.o
 .debug_loc     0x00009137      0xaaa ..\obj\SpaController.o
 .debug_loc     0x00009be1      0x82e ..\obj\stm32f10x_usart.o
 .debug_loc     0x0000a40f     0x2dcf ..\obj\u8g_font.o
 .debug_loc     0x0000d1de      0x378 ..\obj\u8g_clip.o
 .debug_loc     0x0000d556       0xed ..\obj\LEDS.o
 .debug_loc     0x0000d643      0x18e ..\obj\misc.o
 .debug_loc     0x0000d7d1      0x73c ..\obj\stm32f10x_i2c.o
 .debug_loc     0x0000df0d       0xbc ..\obj\system_stm32f10x.o
 .debug_loc     0x0000dfc9      0x7e8 ..\obj\u8g_circle.o

.debug_aranges  0x00000000      0x4e8
 .debug_aranges
                0x00000000       0x20 ..\obj\u8g_pb.o
 .debug_aranges
                0x00000020       0x20 ..\obj\u8g_com_arduino_st7920_custom.o
 .debug_aranges
                0x00000040       0x20 ..\obj\printf.o
 .debug_aranges
                0x00000060       0x20 ..\obj\syscalls.o
 .debug_aranges
                0x00000080       0x20 ..\obj\u8g_dev_st7920_128x64.o
 .debug_aranges
                0x000000a0       0x20 ..\obj\u8g_com_api.o
 .debug_aranges
                0x000000c0       0x20 ..\obj\si4703.o
 .debug_aranges
                0x000000e0       0x20 ..\obj\DS18B20.o
 .debug_aranges
                0x00000100       0x20 ..\obj\u8g_state.o
 .debug_aranges
                0x00000120       0x20 ..\obj\Display.o
 .debug_aranges
                0x00000140       0x20 ..\obj\u8g_ll_api.o
 .debug_aranges
                0x00000160       0x20 ..\obj\u8g_page.o
 .debug_aranges
                0x00000180       0x20 ..\obj\stm32f10x_gpio.o
 .debug_aranges
                0x000001a0       0x20 ..\obj\stm32f10x_rcc.o
 .debug_aranges
                0x000001c0       0x20 ..\obj\Keypad.o
 .debug_aranges
                0x000001e0       0x20 ..\obj\mcp23017.o
 .debug_aranges
                0x00000200       0x28 ..\obj\startup_stm32f10x_md.o
 .debug_aranges
                0x00000228       0x20 ..\obj\u8g_rect.o
 .debug_aranges
                0x00000248       0x20 ..\obj\RelayBoard.o
 .debug_aranges
                0x00000268       0x18 ..\obj\u8g_fonts.o
 .debug_aranges
                0x00000280       0x20 ..\obj\u8g_com_null.o
 .debug_aranges
                0x000002a0       0x20 ..\obj\EntController.o
 .debug_aranges
                0x000002c0       0x20 ..\obj\delay.o
 .debug_aranges
                0x000002e0       0x20 ..\obj\ovc3860.o
 .debug_aranges
                0x00000300       0x20 ..\obj\u8g_arm_uart.o
 .debug_aranges
                0x00000320       0x20 ..\obj\u8g_line.o
 .debug_aranges
                0x00000340       0x20 ..\obj\usart.o
 .debug_aranges
                0x00000360       0x20 ..\obj\u8g_pb32h1.o
 .debug_aranges
                0x00000380       0x20 ..\obj\u8g_pb8h1.o
 .debug_aranges
                0x000003a0       0x28 ..\obj\main.o
 .debug_aranges
                0x000003c8       0x20 ..\obj\SpaController.o
 .debug_aranges
                0x000003e8       0x20 ..\obj\stm32f10x_usart.o
 .debug_aranges
                0x00000408       0x20 ..\obj\u8g_font.o
 .debug_aranges
                0x00000428       0x20 ..\obj\u8g_clip.o
 .debug_aranges
                0x00000448       0x20 ..\obj\LEDS.o
 .debug_aranges
                0x00000468       0x20 ..\obj\misc.o
 .debug_aranges
                0x00000488       0x20 ..\obj\stm32f10x_i2c.o
 .debug_aranges
                0x000004a8       0x20 ..\obj\system_stm32f10x.o
 .debug_aranges
                0x000004c8       0x20 ..\obj\u8g_circle.o

.debug_ranges   0x00000000      0xad8
 .debug_ranges  0x00000000       0x40 ..\obj\u8g_pb.o
 .debug_ranges  0x00000040       0x80 ..\obj\printf.o
 .debug_ranges  0x000000c0       0x20 ..\obj\u8g_com_api.o
 .debug_ranges  0x000000e0       0x48 ..\obj\si4703.o
 .debug_ranges  0x00000128      0x108 ..\obj\DS18B20.o
 .debug_ranges  0x00000230       0x30 ..\obj\Display.o
 .debug_ranges  0x00000260      0x198 ..\obj\u8g_ll_api.o
 .debug_ranges  0x000003f8       0x20 ..\obj\stm32f10x_rcc.o
 .debug_ranges  0x00000418       0x70 ..\obj\Keypad.o
 .debug_ranges  0x00000488       0x58 ..\obj\mcp23017.o
 .debug_ranges  0x000004e0       0x20 ..\obj\startup_stm32f10x_md.o
 .debug_ranges  0x00000500       0x30 ..\obj\u8g_rect.o
 .debug_ranges  0x00000530       0x58 ..\obj\EntController.o
 .debug_ranges  0x00000588       0x50 ..\obj\delay.o
 .debug_ranges  0x000005d8       0x68 ..\obj\main.o
 .debug_ranges  0x00000640      0x1e0 ..\obj\SpaController.o
 .debug_ranges  0x00000820      0x1e8 ..\obj\u8g_font.o
 .debug_ranges  0x00000a08       0x58 ..\obj\u8g_clip.o
 .debug_ranges  0x00000a60       0x28 ..\obj\system_stm32f10x.o
 .debug_ranges  0x00000a88       0x50 ..\obj\u8g_circle.o

.debug_line     0x00000000     0x6f70
 .debug_line    0x00000000      0x1c9 ..\obj\u8g_pb.o
 .debug_line    0x000001c9      0x154 ..\obj\u8g_com_arduino_st7920_custom.o
 .debug_line    0x0000031d      0x4d1 ..\obj\printf.o
 .debug_line    0x000007ee      0x118 ..\obj\syscalls.o
 .debug_line    0x00000906      0x1f0 ..\obj\u8g_dev_st7920_128x64.o
 .debug_line    0x00000af6      0x1c4 ..\obj\u8g_com_api.o
 .debug_line    0x00000cba      0x446 ..\obj\si4703.o
 .debug_line    0x00001100      0x461 ..\obj\DS18B20.o
 .debug_line    0x00001561      0x145 ..\obj\u8g_state.o
 .debug_line    0x000016a6      0x4e7 ..\obj\Display.o
 .debug_line    0x00001b8d      0x354 ..\obj\u8g_ll_api.o
 .debug_line    0x00001ee1      0x167 ..\obj\u8g_page.o
 .debug_line    0x00002048      0x314 ..\obj\stm32f10x_gpio.o
 .debug_line    0x0000235c      0x32e ..\obj\stm32f10x_rcc.o
 .debug_line    0x0000268a      0x397 ..\obj\Keypad.o
 .debug_line    0x00002a21      0x349 ..\obj\mcp23017.o
 .debug_line    0x00002d6a       0xcd ..\obj\startup_stm32f10x_md.o
 .debug_line    0x00002e37      0x221 ..\obj\u8g_rect.o
 .debug_line    0x00003058      0x304 ..\obj\RelayBoard.o
 .debug_line    0x0000335c      0x15f ..\obj\u8g_fonts.o
 .debug_line    0x000034bb      0x144 ..\obj\u8g_com_null.o
 .debug_line    0x000035ff      0x503 ..\obj\EntController.o
 .debug_line    0x00003b02      0x276 ..\obj\delay.o
 .debug_line    0x00003d78      0x24f ..\obj\ovc3860.o
 .debug_line    0x00003fc7      0x341 ..\obj\u8g_arm_uart.o
 .debug_line    0x00004308      0x1a3 ..\obj\u8g_line.o
 .debug_line    0x000044ab      0x2a2 ..\obj\usart.o
 .debug_line    0x0000474d      0x208 ..\obj\u8g_pb32h1.o
 .debug_line    0x00004955      0x1e5 ..\obj\u8g_pb8h1.o
 .debug_line    0x00004b3a      0x526 ..\obj\main.o
 .debug_line    0x00005060      0x673 ..\obj\SpaController.o
 .debug_line    0x000056d3      0x363 ..\obj\stm32f10x_usart.o
 .debug_line    0x00005a36      0x706 ..\obj\u8g_font.o
 .debug_line    0x0000613c      0x17d ..\obj\u8g_clip.o
 .debug_line    0x000062b9      0x2e7 ..\obj\LEDS.o
 .debug_line    0x000065a0      0x20e ..\obj\misc.o
 .debug_line    0x000067ae      0x36c ..\obj\stm32f10x_i2c.o
 .debug_line    0x00006b1a      0x248 ..\obj\system_stm32f10x.o
 .debug_line    0x00006d62      0x20e ..\obj\u8g_circle.o

.debug_str      0x00000000     0x5a88
 .debug_str     0x00000000      0x3c3 ..\obj\u8g_pb.o
                                0x49c (size before relaxing)
 .debug_str     0x000003c3       0x80 ..\obj\u8g_com_arduino_st7920_custom.o
                                0x3c0 (size before relaxing)
 .debug_str     0x00000443      0x58a ..\obj\printf.o
                                0x750 (size before relaxing)
 .debug_str     0x000009cd      0x160 ..\obj\syscalls.o
                                0x2da (size before relaxing)
 .debug_str     0x00000b2d      0x33d ..\obj\u8g_dev_st7920_128x64.o
                                0x6e7 (size before relaxing)
 .debug_str     0x00000e6a       0xa8 ..\obj\u8g_com_api.o
                                0x468 (size before relaxing)
 .debug_str     0x00000f12      0x49d ..\obj\si4703.o
                                0x6de (size before relaxing)
 .debug_str     0x000013af      0x689 ..\obj\DS18B20.o
                                0x95d (size before relaxing)
 .debug_str     0x00001a38       0x7d ..\obj\u8g_state.o
                                0x3bd (size before relaxing)
 .debug_str     0x00001ab5      0x6c5 ..\obj\Display.o
                                0xd25 (size before relaxing)
 .debug_str     0x0000217a      0x2d3 ..\obj\u8g_ll_api.o
                                0x663 (size before relaxing)
 .debug_str     0x0000244d       0x65 ..\obj\u8g_page.o
                                0x1bd (size before relaxing)
 .debug_str     0x000024b2      0x256 ..\obj\stm32f10x_gpio.o
                                0x54c (size before relaxing)
 .debug_str     0x00002708      0x41a ..\obj\stm32f10x_rcc.o
                                0x636 (size before relaxing)
 .debug_str     0x00002b22      0x842 ..\obj\Keypad.o
                                0xb9c (size before relaxing)
 .debug_str     0x00003364      0x1fd ..\obj\mcp23017.o
                                0xca7 (size before relaxing)
 .debug_str     0x00003561       0xd4 ..\obj\u8g_rect.o
                                0x43f (size before relaxing)
 .debug_str     0x00003635      0x191 ..\obj\RelayBoard.o
                                0xa10 (size before relaxing)
 .debug_str     0x000037c6       0x6d ..\obj\u8g_fonts.o
                                0x1a3 (size before relaxing)
 .debug_str     0x00003833       0x4e ..\obj\u8g_com_null.o
                                0x39e (size before relaxing)
 .debug_str     0x00003881      0x328 ..\obj\EntController.o
                               0x17aa (size before relaxing)
 .debug_str     0x00003ba9      0x425 ..\obj\delay.o
                                0x608 (size before relaxing)
 .debug_str     0x00003fce      0x123 ..\obj\ovc3860.o
                                0x28a (size before relaxing)
 .debug_str     0x000040f1      0x12e ..\obj\u8g_arm_uart.o
                                0x71a (size before relaxing)
 .debug_str     0x0000421f       0x51 ..\obj\u8g_line.o
                                0x3ac (size before relaxing)
 .debug_str     0x00004270      0x16f ..\obj\usart.o
                                0x815 (size before relaxing)
 .debug_str     0x000043df       0xc3 ..\obj\u8g_pb32h1.o
                                0x4de (size before relaxing)
 .debug_str     0x000044a2       0xa0 ..\obj\u8g_pb8h1.o
                                0x4b7 (size before relaxing)
 .debug_str     0x00004542      0x101 ..\obj\main.o
                               0x1915 (size before relaxing)
 .debug_str     0x00004643      0x3e5 ..\obj\SpaController.o
                               0x1ff6 (size before relaxing)
 .debug_str     0x00004a28      0x365 ..\obj\stm32f10x_usart.o
                                0x6ec (size before relaxing)
 .debug_str     0x00004d8d      0x71e ..\obj\u8g_font.o
                                0xb29 (size before relaxing)
 .debug_str     0x000054ab       0x5c ..\obj\u8g_clip.o
                                0x3b2 (size before relaxing)
 .debug_str     0x00005507       0x3d ..\obj\LEDS.o
                                0x94a (size before relaxing)
 .debug_str     0x00005544      0x10f ..\obj\misc.o
                                0x3da (size before relaxing)
 .debug_str     0x00005653      0x2c5 ..\obj\stm32f10x_i2c.o
                                0x6ab (size before relaxing)
 .debug_str     0x00005918       0xcc ..\obj\system_stm32f10x.o
                                0x30c (size before relaxing)
 .debug_str     0x000059e4       0xa4 ..\obj\u8g_circle.o
                                0x43e (size before relaxing)

.comment        0x00000000       0x70
 .comment       0x00000000       0x70 ..\obj\u8g_pb.o
                                 0x71 (size before relaxing)
 .comment       0x00000000       0x71 ..\obj\u8g_com_arduino_st7920_custom.o
 .comment       0x00000000       0x71 ..\obj\printf.o
 .comment       0x00000000       0x71 ..\obj\syscalls.o
 .comment       0x00000000       0x71 ..\obj\u8g_dev_st7920_128x64.o
 .comment       0x00000000       0x71 ..\obj\u8g_com_api.o
 .comment       0x00000000       0x71 ..\obj\si4703.o
 .comment       0x00000000       0x71 ..\obj\DS18B20.o
 .comment       0x00000000       0x71 ..\obj\u8g_state.o
 .comment       0x00000000       0x71 ..\obj\Display.o
 .comment       0x00000000       0x71 ..\obj\u8g_ll_api.o
 .comment       0x00000000       0x71 ..\obj\u8g_page.o
 .comment       0x00000000       0x71 ..\obj\stm32f10x_gpio.o
 .comment       0x00000000       0x71 ..\obj\stm32f10x_rcc.o
 .comment       0x00000000       0x71 ..\obj\Keypad.o
 .comment       0x00000000       0x71 ..\obj\mcp23017.o
 .comment       0x00000000       0x71 ..\obj\u8g_rect.o
 .comment       0x00000000       0x71 ..\obj\RelayBoard.o
 .comment       0x00000000       0x71 ..\obj\u8g_fonts.o
 .comment       0x00000000       0x71 ..\obj\u8g_com_null.o
 .comment       0x00000000       0x71 ..\obj\EntController.o
 .comment       0x00000000       0x71 ..\obj\delay.o
 .comment       0x00000000       0x71 ..\obj\ovc3860.o
 .comment       0x00000000       0x71 ..\obj\u8g_arm_uart.o
 .comment       0x00000000       0x71 ..\obj\u8g_line.o
 .comment       0x00000000       0x71 ..\obj\usart.o
 .comment       0x00000000       0x71 ..\obj\u8g_pb32h1.o
 .comment       0x00000000       0x71 ..\obj\u8g_pb8h1.o
 .comment       0x00000000       0x71 ..\obj\main.o
 .comment       0x00000000       0x71 ..\obj\SpaController.o
 .comment       0x00000000       0x71 ..\obj\stm32f10x_usart.o
 .comment       0x00000000       0x71 ..\obj\u8g_font.o
 .comment       0x00000000       0x71 ..\obj\u8g_clip.o
 .comment       0x00000000       0x71 ..\obj\LEDS.o
 .comment       0x00000000       0x71 ..\obj\misc.o
 .comment       0x00000000       0x71 ..\obj\stm32f10x_i2c.o
 .comment       0x00000000       0x71 ..\obj\system_stm32f10x.o
 .comment       0x00000000       0x71 ..\obj\u8g_circle.o

.ARM.attributes
                0x00000000       0x31
 .ARM.attributes
                0x00000000       0x33 ..\obj\u8g_pb.o
 .ARM.attributes
                0x00000033       0x33 ..\obj\u8g_com_arduino_st7920_custom.o
 .ARM.attributes
                0x00000066       0x33 ..\obj\printf.o
 .ARM.attributes
                0x00000099       0x33 ..\obj\syscalls.o
 .ARM.attributes
                0x000000cc       0x33 ..\obj\u8g_dev_st7920_128x64.o
 .ARM.attributes
                0x000000ff       0x33 ..\obj\u8g_com_api.o
 .ARM.attributes
                0x00000132       0x33 ..\obj\si4703.o
 .ARM.attributes
                0x00000165       0x33 ..\obj\DS18B20.o
 .ARM.attributes
                0x00000198       0x33 ..\obj\u8g_state.o
 .ARM.attributes
                0x000001cb       0x33 ..\obj\Display.o
 .ARM.attributes
                0x000001fe       0x33 ..\obj\u8g_ll_api.o
 .ARM.attributes
                0x00000231       0x33 ..\obj\u8g_page.o
 .ARM.attributes
                0x00000264       0x33 ..\obj\stm32f10x_gpio.o
 .ARM.attributes
                0x00000297       0x33 ..\obj\stm32f10x_rcc.o
 .ARM.attributes
                0x000002ca       0x33 ..\obj\Keypad.o
 .ARM.attributes
                0x000002fd       0x33 ..\obj\mcp23017.o
 .ARM.attributes
                0x00000330       0x21 ..\obj\startup_stm32f10x_md.o
 .ARM.attributes
                0x00000351       0x33 ..\obj\u8g_rect.o
 .ARM.attributes
                0x00000384       0x33 ..\obj\RelayBoard.o
 .ARM.attributes
                0x000003b7       0x33 ..\obj\u8g_fonts.o
 .ARM.attributes
                0x000003ea       0x33 ..\obj\u8g_com_null.o
 .ARM.attributes
                0x0000041d       0x33 ..\obj\EntController.o
 .ARM.attributes