Archive member included to satisfy reference by file (symbol)

..\..\..\..\..\..\..\..\Program Files (x86)\GNU Tools ARM Embedded\5.3 2016q1\arm-none-eabi\lib\armv7-m\libstdc++_nano.a(si_class_type_info.o)
                              ..\obj\SI4703.o (vtable for __cxxabiv1::__si_class_type_info)
..\..\..\..\..\..\..\..\Program Files (x86)\GNU Tools ARM Embedded\5.3 2016q1\arm-none-eabi\lib\armv7-m\libstdc++_nano.a(vmi_class_type_info.o)
                              ..\obj\EntController.o (vtable for __cxxabiv1::__vmi_class_type_info)
..\..\..\..\..\..\..\..\Program Files (x86)\GNU Tools ARM Embedded\5.3 2016q1\arm-none-eabi\lib\armv7-m\libstdc++_nano.a(tinfo.o)
                              ..\..\..\..\..\..\..\..\Program Files (x86)\GNU Tools ARM Embedded\5.3 2016q1\arm-none-eabi\lib\armv7-m\libstdc++_nano.a(si_class_type_info.o) (std::type_info::__is_function_p() const)
..\..\..\..\..\..\..\..\Program Files (x86)\GNU Tools ARM Embedded\5.3 2016q1\arm-none-eabi\lib\armv7-m\libstdc++_nano.a(class_type_info.o)
                              ..\..\..\..\..\..\..\..\Program Files (x86)\GNU Tools ARM Embedded\5.3 2016q1\arm-none-eabi\lib\armv7-m\libstdc++_nano.a(si_class_type_info.o) (__cxxabiv1::__class_type_info::__do_upcast(__cxxabiv1::__class_type_info const*, void**) const)
..\..\..\..\..\..\..\..\Program Files (x86)\GNU Tools ARM Embedded\5.3 2016q1\arm-none-eabi\lib\armv7-m\libstdc++_nano.a(guard.o)
                              ..\obj\main.o (__cxa_guard_acquire)
..\..\..\..\..\..\..\..\Program Files (x86)\GNU Tools ARM Embedded\5.3 2016q1\arm-none-eabi\lib\armv7-m\libstdc++_nano.a(del_op.o)
                              ..\..\..\..\..\..\..\..\Program Files (x86)\GNU Tools ARM Embedded\5.3 2016q1\arm-none-eabi\lib\armv7-m\libstdc++_nano.a(si_class_type_info.o) (operator delete(void*))
c:/program files (x86)/gnu tools arm embedded/5.3 2016q1/bin/../lib/gcc/arm-none-eabi/5.3.1/armv7-m\libgcc.a(_arm_addsubdf3.o)
                              ..\obj\DS18B20.o (__aeabi_dadd)
c:/program files (x86)/gnu tools arm embedded/5.3 2016q1/bin/../lib/gcc/arm-none-eabi/5.3.1/armv7-m\libgcc.a(_arm_muldivdf3.o)
                              ..\obj\DS18B20.o (__aeabi_dmul)
c:/program files (x86)/gnu tools arm embedded/5.3 2016q1/bin/../lib/gcc/arm-none-eabi/5.3.1/armv7-m\libgcc.a(_arm_fixdfsi.o)
                              ..\obj\DS18B20.o (__aeabi_d2iz)
c:/program files (x86)/gnu tools arm embedded/5.3 2016q1/bin/../lib/gcc/arm-none-eabi/5.3.1/armv7-m\libgcc.a(_arm_truncdfsf2.o)
                              ..\obj\DS18B20.o (__aeabi_d2f)
c:/program files (x86)/gnu tools arm embedded/5.3 2016q1/bin/../lib/gcc/arm-none-eabi/5.3.1/armv7-m\libgcc.a(_arm_addsubsf3.o)
                              ..\obj\SpaController.o (__aeabi_fsub)
c:/program files (x86)/gnu tools arm embedded/5.3 2016q1/bin/../lib/gcc/arm-none-eabi/5.3.1/armv7-m\libgcc.a(_arm_muldivsf3.o)
                              ..\obj\DS18B20.o (__aeabi_fmul)
c:/program files (x86)/gnu tools arm embedded/5.3 2016q1/bin/../lib/gcc/arm-none-eabi/5.3.1/armv7-m\libgcc.a(_arm_cmpsf2.o)
                              ..\obj\SpaController.o (__aeabi_fcmplt)
c:/program files (x86)/gnu tools arm embedded/5.3 2016q1/bin/../lib/gcc/arm-none-eabi/5.3.1/armv7-m\libgcc.a(_arm_fixsfsi.o)
                              ..\obj\SpaController.o (__aeabi_f2iz)
c:/program files (x86)/gnu tools arm embedded/5.3 2016q1/bin/../lib/gcc/arm-none-eabi/5.3.1/armv7-m\libgcc.a(_arm_fixunssfsi.o)
                              ..\obj\DS18B20.o (__aeabi_f2uiz)
c:/program files (x86)/gnu tools arm embedded/5.3 2016q1/bin/../lib/gcc/arm-none-eabi/5.3.1/armv7-m\libgcc.a(unwind-arm.o)
                              ..\obj\Computer.o (__aeabi_unwind_cpp_pr0)
c:/program files (x86)/gnu tools arm embedded/5.3 2016q1/bin/../lib/gcc/arm-none-eabi/5.3.1/armv7-m\libgcc.a(libunwind.o)
                              c:/program files (x86)/gnu tools arm embedded/5.3 2016q1/bin/../lib/gcc/arm-none-eabi/5.3.1/armv7-m\libgcc.a(unwind-arm.o) (restore_core_regs)
c:/program files (x86)/gnu tools arm embedded/5.3 2016q1/bin/../lib/gcc/arm-none-eabi/5.3.1/armv7-m\libgcc.a(pr-support.o)
                              c:/program files (x86)/gnu tools arm embedded/5.3 2016q1/bin/../lib/gcc/arm-none-eabi/5.3.1/armv7-m\libgcc.a(unwind-arm.o) (__gnu_unwind_execute)
..\..\..\..\..\..\..\..\Program Files (x86)\GNU Tools ARM Embedded\5.3 2016q1\arm-none-eabi\lib\armv7-m\libg.a(lib_a-malloc.o)
                              ..\..\..\..\..\..\..\..\Program Files (x86)\GNU Tools ARM Embedded\5.3 2016q1\arm-none-eabi\lib\armv7-m\libstdc++_nano.a(del_op.o) (free)
..\..\..\..\..\..\..\..\Program Files (x86)\GNU Tools ARM Embedded\5.3 2016q1\arm-none-eabi\lib\armv7-m\libg.a(lib_a-mallocr.o)
                              ..\..\..\..\..\..\..\..\Program Files (x86)\GNU Tools ARM Embedded\5.3 2016q1\arm-none-eabi\lib\armv7-m\libg.a(lib_a-malloc.o) (_malloc_r)
[...]
Memory Configuration

Name             Origin             Length             Attributes
rom              0x08000000         0x00010000         xr
ram              0x20000000         0x00005000         xrw
*default*        0x00000000         0xffffffff

Linker script and memory map

                0x20005000                _eram = 0x20005000

.text           0x08000000     0x884e
 *(.isr_vector)
 .isr_vector    0x08000000      0x10c ..\obj\startup_stm32f10x_md.o
                0x08000000                g_pfnVectors
 *(.text*)
 .text._ZN8Computer4InitEv
                0x0800010c        0x4 ..\obj\Computer.o
                0x0800010c                Computer::Init()
 .text._ZN8Computer19RegisterForCallbackER4Keys
                0x08000110       0x2c ..\obj\Computer.o
                0x08000110                Computer::RegisterForCallback(Keys&)
 .text._ZN8Computer17CheckIncomingDataEv
                0x0800013c       0x24 ..\obj\Computer.o
                0x0800013c                Computer::CheckIncomingData()
 .text.ReadLine
                0x08000160       0x7c ..\obj\Computer.o
                0x08000160                ReadLine
 .text.USART1_IRQHandler
                0x080001dc       0x54 ..\obj\Computer.o
                0x080001dc                USART1_IRQHandler
 .text.u8g_pb_Clear
                0x08000230       0x14 ..\obj\u8g_pb.o
                0x08000230                u8g_pb_Clear
 .text.u8g_pb_GetPageBox
                0x08000244       0x14 ..\obj\u8g_pb.o
                0x08000244                u8g_pb_GetPageBox
 .text.u8g_pb_Is8PixelVisible
                0x08000258       0x58 ..\obj\u8g_pb.o
                0x08000258                u8g_pb_Is8PixelVisible
 .text.SetOutputUart
                0x080002b0        0xc ..\obj\printf.o
                0x080002b0                SetOutputUart
 .text.PrintChar
                0x080002bc       0x40 ..\obj\printf.o
                0x080002bc                PrintChar
 .text.PutUnsignedInt
                0x080002fc       0x54 ..\obj\printf.o
                0x080002fc                PutUnsignedInt
 .text.PutSignedInt
                0x08000350       0x90 ..\obj\printf.o
                0x08000350                PutSignedInt
 .text.PutHexa  0x080003e0       0x68 ..\obj\printf.o
                0x080003e0                PutHexa
 .text.vsnprintf
                0x08000448      0x168 ..\obj\printf.o
                0x08000448                vsnprintf
 .text.snprintf
                0x080005b0       0x20 ..\obj\printf.o
                0x080005b0                snprintf
 .text.sprintf  0x080005d0       0x24 ..\obj\printf.o
                0x080005d0                sprintf
 .text.fputs    0x080005f4       0x38 ..\obj\printf.o
                0x080005f4                fputs
 .text.vfprintf
                0x0800062c       0x50 ..\obj\printf.o
                0x0800062c                vfprintf
 .text.printf   0x0800067c       0x28 ..\obj\printf.o
                0x0800067c                printf
 .text.puts     0x080006a4       0x10 ..\obj\printf.o
                0x080006a4                puts
 .text._sbrk    0x080006b4       0x1c ..\obj\syscalls.o
                0x080006b4                _sbrk
 .text.abort    0x080006d0        0x4 ..\obj\syscalls.o
                0x080006d0                abort
 .text.u8g_dev_st7920_128x64_fn
                0x080006d4       0xdc ..\obj\u8g_dev_st7920_128x64.o
                0x080006d4                u8g_dev_st7920_128x64_fn
 .text.u8g_InitCom
                0x080007b0       0x10 ..\obj\u8g_com_api.o
                0x080007b0                u8g_InitCom
 .text.u8g_SetChipSelect
                0x080007c0       0x10 ..\obj\u8g_com_api.o
                0x080007c0                u8g_SetChipSelect
 .text.u8g_SetAddress
                0x080007d0       0x10 ..\obj\u8g_com_api.o
                0x080007d0                u8g_SetAddress
 .text.u8g_WriteByte
                0x080007e0       0x10 ..\obj\u8g_com_api.o
                0x080007e0                u8g_WriteByte
 .text.u8g_WriteSequence
                0x080007f0        0xc ..\obj\u8g_com_api.o
                0x080007f0                u8g_WriteSequence
 .text.u8g_WriteEscSeqP
                0x080007fc       0xc0 ..\obj\u8g_com_api.o
                0x080007fc                u8g_WriteEscSeqP
 .text._ZN17TemperatureSensor5ResetEv
                0x080008bc       0x24 ..\obj\TemperatureSensor.o
                0x080008bc                TemperatureSensor::Reset()
 .text._ZN17TemperatureSensor15StartConversionEv
                0x080008e0       0x3c ..\obj\TemperatureSensor.o
                0x080008e0                TemperatureSensor::StartConversion()
 .text._ZN17TemperatureSensor4InitEmP12GPIO_TypeDeft
                0x0800091c       0x3c ..\obj\TemperatureSensor.o
                0x0800091c                TemperatureSensor::Init(unsigned long, GPIO_TypeDef*, unsigned short)
 .text._ZN17TemperatureSensor15ReadTemperatureEv
                0x08000958       0x48 ..\obj\TemperatureSensor.o
                0x08000958                TemperatureSensor::ReadTemperature()
 .text._ZN17TemperatureSensor11TempIsValidEv
                0x080009a0        0x8 ..\obj\TemperatureSensor.o
                0x080009a0                TemperatureSensor::TempIsValid()
 .text._ZN17TemperatureSensor14GetTemperatureERA7_c
                0x080009a8       0x34 ..\obj\TemperatureSensor.o
                0x080009a8                TemperatureSensor::GetTemperature(char (&) [7])
 .text._ZN17TemperatureSensor14GetTemperatureEv
                0x080009dc       0x34 ..\obj\TemperatureSensor.o
                0x080009dc                TemperatureSensor::GetTemperature()
 .text._ZN5RADIO4initEb
                0x08000a10        0x4 ..\obj\radio.o
                0x08000a10                RADIO::init(bool)
 .text._ZN5RADIO4termEv
                0x08000a14        0x4 ..\obj\radio.o
                0x08000a14                RADIO::term()
 .text._ZN5RADIO9setVolumeEh
                0x08000a18        0x4 ..\obj\radio.o
                0x08000a18                RADIO::setVolume(unsigned char)
 .text._ZN5RADIO9getVolumeEv
                0x08000a1c        0x4 ..\obj\radio.o
                0x08000a1c                RADIO::getVolume()
 .text._ZN5RADIO12setBassBoostEb
                0x08000a20        0x4 ..\obj\radio.o
                0x08000a20                RADIO::setBassBoost(bool)
 .text._ZN5RADIO12getBassBoostEv
                0x08000a24        0x4 ..\obj\radio.o
                0x08000a24                RADIO::getBassBoost()
 .text._ZN5RADIO7setMonoEb
                0x08000a28        0x4 ..\obj\radio.o
                0x08000a28                RADIO::setMono(bool)
 .text._ZN5RADIO7getMonoEv
                0x08000a2c        0x4 ..\obj\radio.o
                0x08000a2c                RADIO::getMono()
 .text._ZN5RADIO7setMuteEb
                0x08000a30        0x4 ..\obj\radio.o
                0x08000a30                RADIO::setMute(bool)
 .text._ZN5RADIO7getMuteEv
                0x08000a34        0x4 ..\obj\radio.o
                0x08000a34                RADIO::getMute()
 .text._ZN5RADIO11setSoftMuteEb
                0x08000a38        0x4 ..\obj\radio.o
                0x08000a38                RADIO::setSoftMute(bool)
 .text._ZN5RADIO11getSoftMuteEv
                0x08000a3c        0x4 ..\obj\radio.o
                0x08000a3c                RADIO::getSoftMute()
 .text._ZN5RADIO7setBandE10RADIO_BAND
                0x08000a40       0x24 ..\obj\radio.o
                0x08000a40                RADIO::setBand(RADIO_BAND)
 .text._ZN5RADIO12setFrequencyEt
                0x08000a64        0x4 ..\obj\radio.o
                0x08000a64                RADIO::setFrequency(unsigned short)
 .text._ZN5RADIO8seekDownEb
                0x08000a68        0x4 ..\obj\radio.o
                0x08000a68                RADIO::seekDown(bool)
                0x08000a68                RADIO::seekUp(bool)
 .text._ZN5RADIO7getBandEv
                0x08000a6c        0x4 ..\obj\radio.o
                0x08000a6c                RADIO::getBand()
 .text._ZN5RADIO12getFrequencyEv
                0x08000a70        0x4 ..\obj\radio.o
                0x08000a70                RADIO::getFrequency()
 .text._ZN5RADIO15getMinFrequencyEv
                0x08000a74        0x4 ..\obj\radio.o
                0x08000a74                RADIO::getMinFrequency()
 .text._ZN5RADIO15getMaxFrequencyEv
                0x08000a78        0x4 ..\obj\radio.o
                0x08000a78                RADIO::getMaxFrequency()
 .text._ZN5RADIO16getFrequencyStepEv
                0x08000a7c        0x4 ..\obj\radio.o
                0x08000a7c                RADIO::getFrequencyStep()
 .text._ZN5RADIO8checkRDSEPtS0_S0_S0_
                0x08000a80        0x4 ..\obj\radio.o
                0x08000a80                RADIO::checkRDS(unsigned short*, unsigned short*, unsigned short*, unsigned short*)
 .text._ZN5RADIO12getRadioInfoEP10RADIO_INFO
                0x08000a84       0x10 ..\obj\radio.o
                0x08000a84                RADIO::getRadioInfo(RADIO_INFO*)
 .text._ZN5RADIO12getAudioInfoEP10AUDIO_INFO
                0x08000a94       0x1c ..\obj\radio.o
                0x08000a94                RADIO::getAudioInfo(AUDIO_INFO*)
 .text._ZN5RADIO15formatFrequencyEPch
                0x08000ab0       0xa0 ..\obj\radio.o
                0x08000ab0                RADIO::formatFrequency(char*, unsigned char)
 .text._ZN5RADIOC2Ev
                0x08000b50       0x20 ..\obj\radio.o
                0x08000b50                RADIO::RADIO()
                0x08000b50                RADIO::RADIO()
 .text._ZN7DS18B205ResetEv
                0x08000b70       0x94 ..\obj\DS18B20.o
                0x08000b70                DS18B20::Reset()
 .text._ZN7DS18B204InitEmP12GPIO_TypeDeft
                0x08000c04       0x4c ..\obj\DS18B20.o
                0x08000c04                DS18B20::Init(unsigned long, GPIO_TypeDef*, unsigned short)
 .text._ZN7DS18B207BitReadEv
                0x08000c50       0x50 ..\obj\DS18B20.o
                0x08000c50                DS18B20::BitRead()
 .text._ZN7DS18B208BitWriteEh
                0x08000ca0       0x60 ..\obj\DS18B20.o
                0x08000ca0                DS18B20::BitWrite(unsigned char)
 .text._ZN7DS18B207ROMSkipEv
                0x08000d00       0x20 ..\obj\DS18B20.o
                0x08000d00                DS18B20::ROMSkip()
 .text._ZN7DS18B2011TempConvertEv
                0x08000d20       0x20 ..\obj\DS18B20.o
                0x08000d20                DS18B20::TempConvert()
 .text._ZN7DS18B2013ScratchpadSetEcch
                0x08000d40       0x6c ..\obj\DS18B20.o
                0x08000d40                DS18B20::ScratchpadSet(char, char, unsigned char)
 .text._ZN7DS18B2012SetPrecisionEh
                0x08000dac       0x1c ..\obj\DS18B20.o
                0x08000dac                DS18B20::SetPrecision(unsigned char)
 .text._ZN7DS18B2014TempReadSimpleEPNS_12simple_floatE
                0x08000dc8       0xd4 ..\obj\DS18B20.o
                0x08000dc8                DS18B20::TempReadSimple(DS18B20::simple_float*)
 .text.u8g_state_dummy_cb
                0x08000e9c        0x4 ..\obj\u8g_state.o
                0x08000e9c                u8g_state_dummy_cb
 .text._ZN7Display15SetDisplayStateEb
                0x08000ea0       0x10 ..\obj\Display.o
                0x08000ea0                Display::SetDisplayState(bool)
 .text._ZN7Display16DrawSecondScreenEv
                0x08000eb0       0x60 ..\obj\Display.o
                0x08000eb0                Display::DrawSecondScreen()
 .text._ZN7Display15SetActiveScreenENS_7ScreensE
                0x08000f10        0x8 ..\obj\Display.o
                0x08000f10                Display::SetActiveScreen(Display::Screens)
 .text._ZN7Display7SetTempEhPKc
                0x08000f18       0x2c ..\obj\Display.o
                0x08000f18                Display::SetTemp(unsigned char, char const*)
 .text._ZN7Display15SetHeatingStateEb
                0x08000f44        0x8 ..\obj\Display.o
                0x08000f44                Display::SetHeatingState(bool)
 .text._ZN7Display19SetNoWaterAvailableEb
                0x08000f4c        0x8 ..\obj\Display.o
                0x08000f4c                Display::SetNoWaterAvailable(bool)
 .text._ZN7Display18SetNoTempAvailableEb
                0x08000f54        0x8 ..\obj\Display.o
                0x08000f54                Display::SetNoTempAvailable(bool)
 .text._ZN7Display12SetStatusBarEPKc
                0x08000f5c       0x24 ..\obj\Display.o
                0x08000f5c                Display::SetStatusBar(char const*)
 .text._ZN7Display14ClearStatusBarEv
                0x08000f80       0x18 ..\obj\Display.o
                0x08000f80                Display::ClearStatusBar()
 .text._ZN7Display13SetAudioStateEb
                0x08000f98        0x8 ..\obj\Display.o
                0x08000f98                Display::SetAudioState(bool)
 .text._ZN7Display14SetAudioSourceEPKc
                0x08000fa0       0x24 ..\obj\Display.o
                0x08000fa0                Display::SetAudioSource(char const*)
 .text._ZN7Display13SetRadioStateEb
                0x08000fc4        0x8 ..\obj\Display.o
                0x08000fc4                Display::SetRadioState(bool)
 .text._ZN7Display14SetRadioStereoEb
                0x08000fcc        0x8 ..\obj\Display.o
                0x08000fcc                Display::SetRadioStereo(bool)
 .text._ZN7Display15SetRadioChannelEt
                0x08000fd4       0x3c ..\obj\Display.o
                0x08000fd4                Display::SetRadioChannel(unsigned short)
 .text._ZN7Display22SetRadioSignalstrengthEc
                0x08001010        0x8 ..\obj\Display.o
                0x08001010                Display::SetRadioSignalstrength(char)
 .text._ZN7Display9WriteTextEhPKc
                0x08001018       0x30 ..\obj\Display.o
                0x08001018                Display::WriteText(unsigned char, char const*)
 .text._ZN7Display17ClearSecondScreenEv
                0x08001048       0x48 ..\obj\Display.o
                0x08001048                Display::ClearSecondScreen()
 .text._ZN7Display4InitEv
                0x08001090       0x8c ..\obj\Display.o
                0x08001090                Display::Init()
 .text._ZN7Display13DrawWaterIconEv
                0x0800111c       0x5c ..\obj\Display.o
                0x0800111c                Display::DrawWaterIcon()
 .text._ZN7Display13DrawFrostIconEv
                0x08001178       0x58 ..\obj\Display.o
                0x08001178                Display::DrawFrostIcon()
 .text._ZN7Display18DrawSignalStrengthEv
                0x080011d0       0xe4 ..\obj\Display.o
                0x080011d0                Display::DrawSignalStrength()
 .text._ZN7Display14DrawMainScreenEv
                0x080012b4      0x148 ..\obj\Display.o
                0x080012b4                Display::DrawMainScreen()
 .text._ZN7Display4DrawEv
                0x080013fc       0x30 ..\obj\Display.o
                0x080013fc                Display::Draw()
 .text.u8g_InitLL
                0x0800142c       0x2c ..\obj\u8g_ll_api.o
                0x0800142c                u8g_InitLL
 .text.u8g_FirstPageLL
                0x08001458       0x38 ..\obj\u8g_ll_api.o
                0x08001458                u8g_FirstPageLL
 .text.u8g_NextPageLL
                0x08001490       0x3c ..\obj\u8g_ll_api.o
                0x08001490                u8g_NextPageLL
 .text.u8g_UpdateDimension
                0x080014cc       0x4c ..\obj\u8g_ll_api.o
                0x080014cc                u8g_UpdateDimension
 .text.u8g_Begin
                0x08001518       0x18 ..\obj\u8g_ll_api.o
                0x08001518                u8g_Begin
 .text.u8g_InitComFn
                0x08001530       0x54 ..\obj\u8g_ll_api.o
                0x08001530                u8g_InitComFn
 .text.u8g_FirstPage
                0x08001584        0x8 ..\obj\u8g_ll_api.o
                0x08001584                u8g_FirstPage
 .text.u8g_NextPage
                0x0800158c       0x18 ..\obj\u8g_ll_api.o
                0x0800158c                u8g_NextPage
 .text.u8g_DrawPixel
                0x080015a4       0x1c ..\obj\u8g_ll_api.o
                0x080015a4                u8g_DrawPixel
 .text.u8g_Draw8Pixel
                0x080015c0       0x28 ..\obj\u8g_ll_api.o
                0x080015c0                u8g_Draw8Pixel
 .text.u8g_page_First
                0x080015e8       0x10 ..\obj\u8g_page.o
                0x080015e8                u8g_page_First
 .text.u8g_page_Next
                0x080015f8       0x3c ..\obj\u8g_page.o
                0x080015f8                u8g_page_Next
 .text.GPIO_Init
                0x08001634       0xb8 ..\obj\stm32f10x_gpio.o
                0x08001634                GPIO_Init
 .text.GPIO_ReadInputDataBit
                0x080016ec        0xc ..\obj\stm32f10x_gpio.o
                0x080016ec                GPIO_ReadInputDataBit
 .text.GPIO_ReadOutputDataBit
                0x080016f8        0xc ..\obj\stm32f10x_gpio.o
                0x080016f8                GPIO_ReadOutputDataBit
 .text.GPIO_WriteBit
                0x08001704        0xc ..\obj\stm32f10x_gpio.o
                0x08001704                GPIO_WriteBit
 .text.RCC_GetClocksFreq
                0x08001710       0x9c ..\obj\stm32f10x_rcc.o
                0x08001710                RCC_GetClocksFreq
 .text.RCC_APB2PeriphClockCmd
                0x080017ac       0x1c ..\obj\stm32f10x_rcc.o
                0x080017ac                RCC_APB2PeriphClockCmd
 .text.RCC_APB1PeriphClockCmd
                0x080017c8       0x1c ..\obj\stm32f10x_rcc.o
                0x080017c8                RCC_APB1PeriphClockCmd
 .text.RCC_APB1PeriphResetCmd
                0x080017e4       0x1c ..\obj\stm32f10x_rcc.o
                0x080017e4                RCC_APB1PeriphResetCmd
 .text._ZN6Keypad7McpInitEv
                0x08001800       0xd0 ..\obj\Keypad.o
                0x08001800                Keypad::McpInit()
 .text._ZN6Keypad4InitEv
                0x080018d0       0x20 ..\obj\Keypad.o
                0x080018d0                Keypad::Init()
 .text._ZN6Keypad15IsKeypadWorkingEv
                0x080018f0        0x4 ..\obj\Keypad.o
                0x080018f0                Keypad::IsKeypadWorking()
 .text._ZN6Keypad19RegisterForCallbackER4Keys
                0x080018f4       0x2c ..\obj\Keypad.o
                0x080018f4                Keypad::RegisterForCallback(Keys&)
 .text._ZN6Keypad8ReadKeysEv
                0x08001920       0x4c ..\obj\Keypad.o
                0x08001920                Keypad::ReadKeys()
 .text._ZN6Keypad16CheckKeysPressedEv
                0x0800196c      0x104 ..\obj\Keypad.o
                0x0800196c                Keypad::CheckKeysPressed()
 .text._ZN8mcp230178I2C_initEv
                0x08001a70       0x90 ..\obj\mcp23017.o
                0x08001a70                mcp23017::I2C_init()
 .text._ZN8mcp2301715WaitWithTimeoutEm
                0x08001b00       0x30 ..\obj\mcp23017.o
                0x08001b00                mcp23017::WaitWithTimeout(unsigned long)
 .text._ZN8mcp230174ReadEcRc
                0x08001b30       0xac ..\obj\mcp23017.o
                0x08001b30                mcp23017::Read(char, char&)
 .text._ZN8mcp230175WriteEcc
                0x08001bdc       0x7c ..\obj\mcp23017.o
                0x08001bdc                mcp23017::Write(char, char)
 .text._ZN8mcp230174InitEP11I2C_TypeDefmP12GPIO_TypeDefmtttb
                0x08001c58       0x54 ..\obj\mcp23017.o
                0x08001c58                mcp23017::Init(I2C_TypeDef*, unsigned long, GPIO_TypeDef*, unsigned long, unsigned short, unsigned short, unsigned short, bool)
 .text._ZN8mcp230179DirectionENS_4PortEc
                0x08001cac       0x18 ..\obj\mcp23017.o
                0x08001cac                mcp23017::Direction(mcp23017::Port, char)
 .text._ZN8mcp2301716ConfigurePullUpsENS_4PortEc
                0x08001cc4       0x18 ..\obj\mcp23017.o
                0x08001cc4                mcp23017::ConfigurePullUps(mcp23017::Port, char)
 .text._ZN8mcp2301715InterruptEnableENS_4PortEc
                0x08001cdc       0x18 ..\obj\mcp23017.o
                0x08001cdc                mcp23017::InterruptEnable(mcp23017::Port, char)
 .text._ZN8mcp2301716MirrorInterruptsEb
                0x08001cf4       0x48 ..\obj\mcp23017.o
                0x08001cf4                mcp23017::MirrorInterrupts(bool)
 .text._ZN8mcp230175WriteENS_4PortEc
                0x08001d3c       0x18 ..\obj\mcp23017.o
                0x08001d3c                mcp23017::Write(mcp23017::Port, char)
 .text._ZN8mcp230174ReadENS_4PortERc
                0x08001d54       0x18 ..\obj\mcp23017.o
                0x08001d54                mcp23017::Read(mcp23017::Port, char&)
 .text.Reset_Handler
                0x08001d6c       0x44 ..\obj\startup_stm32f10x_md.o
                0x08001d6c                Reset_Handler
 .text.Default_Handler
                0x08001db0       0x14 ..\obj\startup_stm32f10x_md.o
                0x08001db0                EXTI2_IRQHandler
                0x08001db0                DebugMon_Handler
                0x08001db0                TIM1_CC_IRQHandler
                0x08001db0                HardFault_Handler
                0x08001db0                PVD_IRQHandler
                0x08001db0                PendSV_Handler
                0x08001db0                NMI_Handler
                0x08001db0                EXTI3_IRQHandler
                0x08001db0                EXTI0_IRQHandler
                0x08001db0                I2C2_EV_IRQHandler
                0x08001db0                UsageFault_Handler
                0x08001db0                ADC1_2_IRQHandler
                0x08001db0                SPI1_IRQHandler
                0x08001db0                TAMPER_IRQHandler
                0x08001db0                DMA1_Channel4_IRQHandler
                0x08001db0                USART3_IRQHandler
                0x08001db0                RTC_IRQHandler
                0x08001db0                DMA1_Channel7_IRQHandler
                0x08001db0                CAN1_RX1_IRQHandler
                0x08001db0                TIM4_IRQHandler
                0x08001db0                I2C1_EV_IRQHandler
                0x08001db0                DMA1_Channel6_IRQHandler
                0x08001db0                TIM3_IRQHandler
                0x08001db0                RCC_IRQHandler
                0x08001db0                TIM1_TRG_COM_IRQHandler
                0x08001db0                DMA1_Channel1_IRQHandler
                0x08001db0                Default_Handler
                0x08001db0                EXTI15_10_IRQHandler
                0x08001db0                EXTI9_5_IRQHandler
                0x08001db0                SPI2_IRQHandler
                0x08001db0                MemManage_Handler
                0x08001db0                SVC_Handler
                0x08001db0                DMA1_Channel5_IRQHandler
                0x08001db0                EXTI4_IRQHandler
                0x08001db0                USB_LP_CAN1_RX0_IRQHandler
                0x08001db0                USB_HP_CAN1_TX_IRQHandler
                0x08001db0                DMA1_Channel3_IRQHandler
                0x08001db0                TIM1_UP_IRQHandler
                0x08001db0                WWDG_IRQHandler
                0x08001db0                TIM2_IRQHandler
                0x08001db0                TIM1_BRK_IRQHandler
                0x08001db0                EXTI1_IRQHandler
                0x08001db0                RTCAlarm_IRQHandler
                0x08001db0                USART2_IRQHandler
                0x08001db0                I2C2_ER_IRQHandler
                0x08001db0                DMA1_Channel2_IRQHandler
                0x08001db0                CAN1_SCE_IRQHandler
                0x08001db0                FLASH_IRQHandler
                0x08001db0                BusFault_Handler
                0x08001db0                I2C1_ER_IRQHandler
                0x08001db0                USBWakeUp_IRQHandler
 .text._ZN6SI4703C2Ev
                0x08001dc4       0x18 ..\obj\SI4703.o
                0x08001dc4                SI4703::SI4703()
                0x08001dc4                SI4703::SI4703()
 .text._ZN6SI470314_readRegistersEv
                0x08001ddc       0xdc ..\obj\SI4703.o
                0x08001ddc                SI4703::_readRegisters()
 .text._ZN6SI470312getFrequencyEv
                0x08001eb8       0x1c ..\obj\SI4703.o
                0x08001eb8                SI4703::getFrequency()
 .text._ZN6SI47038checkRDSEPtS0_S0_S0_
                0x08001ed4       0x2c ..\obj\SI4703.o
                0x08001ed4                SI4703::checkRDS(unsigned short*, unsigned short*, unsigned short*, unsigned short*)
 .text._ZN6SI470314_saveRegistersEv
                0x08001f00       0x94 ..\obj\SI4703.o
                0x08001f00                SI4703::_saveRegisters()
 .text._ZN6SI47034initEb
                0x08001f94      0x15c ..\obj\SI4703.o
                0x08001f94                SI4703::init(bool)
 .text._ZN6SI47038setPowerEb
                0x080020f0       0x44 ..\obj\SI4703.o
                0x080020f0                SI4703::setPower(bool)
 .text._ZN6SI47038_waitEndEv
                0x08002134       0x3c ..\obj\SI4703.o
                0x08002134                SI4703::_waitEnd()
 .text._ZN6SI470312setFrequencyEt
                0x08002170       0x50 ..\obj\SI4703.o
                0x08002170                SI4703::setFrequency(unsigned short)
 .text._ZN6SI47035_seekEb
                0x080021c0       0x30 ..\obj\SI4703.o
                0x080021c0                SI4703::_seek(bool)
 .text._ZN6SI47036seekUpEb
                0x080021f0       0x24 ..\obj\SI4703.o
                0x080021f0                SI4703::seekUp(bool)
 .text._ZN6SI47038seekDownEb
                0x08002214       0x24 ..\obj\SI4703.o
                0x08002214                SI4703::seekDown(bool)
 .text._ZN6SI47039setVolumeEh
                0x08002238       0x2c ..\obj\SI4703.o
                0x08002238                SI4703::setVolume(unsigned char)
 .text._ZN6SI47037setMonoEb
                0x08002264       0x34 ..\obj\SI4703.o
                0x08002264                SI4703::setMono(bool)
 .text._ZN6SI47037setMuteEb
                0x08002298       0x30 ..\obj\SI4703.o
                0x08002298                SI4703::setMute(bool)
 .text._ZN6SI470311setSoftMuteEb
                0x080022c8       0x34 ..\obj\SI4703.o
                0x080022c8                SI4703::setSoftMute(bool)
 .text._ZN6SI47037setBandE10RADIO_BAND
                0x080022fc       0x1c ..\obj\SI4703.o
                0x080022fc                SI4703::setBand(RADIO_BAND)
 .text._ZN6SI470312getRadioInfoEP10RADIO_INFO
                0x08002318       0x40 ..\obj\SI4703.o
                0x08002318                SI4703::getRadioInfo(RADIO_INFO*)
 .text._ZN6SI470312getAudioInfoEP10AUDIO_INFO
                0x08002358       0x34 ..\obj\SI4703.o
                0x08002358                SI4703::getAudioInfo(AUDIO_INFO*)
 .text.u8g_draw_hline
                0x0800238c       0x74 ..\obj\u8g_rect.o
                0x0800238c                u8g_draw_hline
 .text.u8g_draw_vline
                0x08002400       0x74 ..\obj\u8g_rect.o
                0x08002400                u8g_draw_vline
 .text.u8g_DrawHLine
                0x08002474       0x2c ..\obj\u8g_rect.o
                0x08002474                u8g_DrawHLine
 .text.u8g_DrawVLine
                0x080024a0       0x2c ..\obj\u8g_rect.o
                0x080024a0                u8g_DrawVLine
 .text._ZN10RelayBoard4InitEv
                0x080024cc       0xbc ..\obj\RelayBoard.o
                0x080024cc                RelayBoard::Init()
 .text._ZN10RelayBoard11SwitchRelayENS_6RelaysEb
                0x08002588       0x64 ..\obj\RelayBoard.o
                0x08002588                RelayBoard::SwitchRelay(RelayBoard::Relays, bool)
 .text._ZN10RelayBoard13ResetToSafetyEv
                0x080025ec       0x24 ..\obj\RelayBoard.o
                0x080025ec                RelayBoard::ResetToSafety()
 .text._ZN10RelayBoard10ResetAudioEv
                0x08002610       0x24 ..\obj\RelayBoard.o
                0x08002610                RelayBoard::ResetAudio()
 .text.u8g_com_null_fn
                0x08002634        0x4 ..\obj\u8g_com_null.o
                0x08002634                u8g_com_null_fn
 .text._ZN13EntController14RdsReceiveTimeEhh
                0x08002638        0x4 ..\obj\EntController.o
                0x08002638                EntController::RdsReceiveTime(unsigned char, unsigned char)
 .text._ZThn4_N13EntController14RdsReceiveTimeEhh
                0x0800263c        0x8 ..\obj\EntController.o
                0x0800263c                non-virtual thunk to EntController::RdsReceiveTime(unsigned char, unsigned char)
 .text._ZN13EntController14RdsReceiveTextEPc
                0x08002644        0xc ..\obj\EntController.o
                0x08002644                EntController::RdsReceiveText(char*)
 .text._ZThn4_N13EntController14RdsReceiveTextEPc
                0x08002650        0x8 ..\obj\EntController.o
                0x08002650                non-virtual thunk to EntController::RdsReceiveText(char*)
 .text._ZN13EntController21RdsReceiveServiceNameEPc
                0x08002658       0x28 ..\obj\EntController.o
                0x08002658                EntController::RdsReceiveServiceName(char*)
 .text._ZThn4_N13EntController21RdsReceiveServiceNameEPc
                0x08002680        0x8 ..\obj\EntController.o
                0x08002680                non-virtual thunk to EntController::RdsReceiveServiceName(char*)
 .text._ZN13EntController17RotateAudioOutputEv.part.0.constprop.6
                0x08002688       0x54 ..\obj\EntController.o
 .text._ZN13EntControllerC2Ev
                0x080026dc       0x5c ..\obj\EntController.o
                0x080026dc                EntController::EntController()
                0x080026dc                EntController::EntController()
 .text._ZN13EntController6MoveTVEb
                0x08002738       0x5c ..\obj\EntController.o
                0x08002738                EntController::MoveTV(bool)
 .text._ZN13EntController4InitEv
                0x08002794       0x6c ..\obj\EntController.o
                0x08002794                EntController::Init()
 .text._ZN13EntController13ChangeChannelEbb
                0x08002800       0x44 ..\obj\EntController.o
                0x08002800                EntController::ChangeChannel(bool, bool)
 .text._ZN13EntController11SetAudioOutENS_11AudioOutputE
                0x08002844      0x13c ..\obj\EntController.o
                0x08002844                EntController::SetAudioOut(EntController::AudioOutput)
 .text._ZN13EntController7MonitorEv
                0x08002980       0xf0 ..\obj\EntController.o
                0x08002980                EntController::Monitor()
 .text._ZN13EntController8ToggleTVEv.part.3.constprop.8
                0x08002a70       0x30 ..\obj\EntController.o
 .text._ZN13EntController11TogglePowerEv
                0x08002aa0       0x24 ..\obj\EntController.o
                0x08002aa0                EntController::TogglePower()
 .text._ZN13EntController12ChangeVolumeEb
                0x08002ac4       0x54 ..\obj\EntController.o
                0x08002ac4                EntController::ChangeVolume(bool)
 .text._ZN13EntController15KeyDataReceivedEtb
                0x08002b18       0xb8 ..\obj\EntController.o
                0x08002b18                EntController::KeyDataReceived(unsigned short, bool)
 .text.TimerInit
                0x08002bd0       0x64 ..\obj\delay.o
                0x08002bd0                TimerInit
 .text.SysTick_Handler
                0x08002c34       0x10 ..\obj\delay.o
                0x08002c34                SysTick_Handler
 .text.GetSysTick
                0x08002c44        0xc ..\obj\delay.o
                0x08002c44                GetSysTick
 .text.SysTickDelayMs
                0x08002c50       0x1c ..\obj\delay.o
                0x08002c50                SysTickDelayMs
 .text.DwtDelayUs
                0x08002c6c       0x30 ..\obj\delay.o
                0x08002c6c                DwtDelayUs
 .text.DwtDelay1ms
                0x08002c9c       0x30 ..\obj\delay.o
                0x08002c9c                DwtDelay1ms
 .text.DwtDelayMs
                0x08002ccc       0x44 ..\obj\delay.o
                0x08002ccc                DwtDelayMs
 .text.u8g_Delay
                0x08002d10        0x4 ..\obj\u8g_arm_uart.o
                0x08002d10                u8g_Delay
 .text.init_UART3
                0x08002d14       0x88 ..\obj\u8g_arm_uart.o
                0x08002d14                init_UART3
 .text.UART_write_byte
                0x08002d9c       0x1c ..\obj\u8g_arm_uart.o
                0x08002d9c                UART_write_byte
 .text.u8g_com_uart_fn
                0x08002db8       0x98 ..\obj\u8g_arm_uart.o
                0x08002db8                u8g_com_uart_fn
 .text.u8g_DrawLine
                0x08002e50      0x108 ..\obj\u8g_line.o
                0x08002e50                u8g_DrawLine
 .text.USART1_Init
                0x08002f58       0xb4 ..\obj\usart.o
                0x08002f58                USART1_Init
 .text.USART2_Init
                0x0800300c       0x84 ..\obj\usart.o
                0x0800300c                USART2_Init
 .text.USART2_SetTX
                0x08003090       0x30 ..\obj\usart.o
                0x08003090                USART2_SetTX
 .text.u8g_pb8h1_set_pixel
                0x080030c0       0x38 ..\obj\u8g_pb8h1.o
                0x080030c0                u8g_pb8h1_set_pixel
 .text.u8g_pb8h1_SetPixel
                0x080030f8       0x28 ..\obj\u8g_pb8h1.o
                0x080030f8                u8g_pb8h1_SetPixel
 .text.u8g_pb8h1_Set8PixelOpt2
                0x08003120       0x64 ..\obj\u8g_pb8h1.o
                0x08003120                u8g_pb8h1_Set8PixelOpt2
 .text.u8g_dev_pb8h1_base_fn
                0x08003184       0xbc ..\obj\u8g_pb8h1.o
                0x08003184                u8g_dev_pb8h1_base_fn
 .text.startup.main
                0x08003240      0x138 ..\obj\main.o
                0x08003240                main
 .text._ZN13SpaControllerC2Ev
                0x08003378       0x54 ..\obj\SpaController.o
                0x08003378                SpaController::SpaController()
                0x08003378                SpaController::SpaController()
 .text._ZN13SpaController12SwitchHeaterEb
                0x080033cc       0x54 ..\obj\SpaController.o
                0x080033cc                SpaController::SwitchHeater(bool)
 .text._ZN13SpaController9CheckTempEf
                0x08003420       0x7c ..\obj\SpaController.o
                0x08003420                SpaController::CheckTemp(float)
 .text._ZN13SpaController19WriteFloatToDisplayEfc
                0x0800349c       0x50 ..\obj\SpaController.o
                0x0800349c                SpaController::WriteFloatToDisplay(float, char)
 .text._ZN13SpaController4InitEv
                0x080034ec       0xc0 ..\obj\SpaController.o
                0x080034ec                SpaController::Init()
 .text._ZN13SpaController10ToggleJetsEv
                0x080035ac       0x3c ..\obj\SpaController.o
                0x080035ac                SpaController::ToggleJets()
 .text._ZN13SpaController9ToggleGasEv
                0x080035e8       0x3c ..\obj\SpaController.o
                0x080035e8                SpaController::ToggleGas()
 .text._ZN13SpaController10ToggleHeatEv
                0x08003624       0x30 ..\obj\SpaController.o
                0x08003624                SpaController::ToggleHeat()
 .text._ZN13SpaController10ToggleCircEv
                0x08003654       0x3c ..\obj\SpaController.o
                0x08003654                SpaController::ToggleCirc()
 .text._ZN13SpaController10ToggleLED1Ev
                0x08003690       0x2c ..\obj\SpaController.o
                0x08003690                SpaController::ToggleLED1()
 .text._ZN13SpaController10ToggleLED2Ev
                0x080036bc       0x2c ..\obj\SpaController.o
                0x080036bc                SpaController::ToggleLED2()
 .text._ZN13SpaController9SwitchOffEv
                0x080036e8       0x60 ..\obj\SpaController.o
                0x080036e8                SpaController::SwitchOff()
 .text._ZN13SpaController7MonitorEv
                0x08003748      0x11c ..\obj\SpaController.o
                0x08003748                SpaController::Monitor()
 .text._ZN13SpaController11TogglePowerEv
                0x08003864       0xc0 ..\obj\SpaController.o
                0x08003864                SpaController::TogglePower()
 .text._ZN13SpaController15KeyDataReceivedEtb
                0x08003924      0x118 ..\obj\SpaController.o
                0x08003924                SpaController::KeyDataReceived(unsigned short, bool)
 .text.USART_Init
                0x08003a3c       0xbc ..\obj\stm32f10x_usart.o
                0x08003a3c                USART_Init
 .text.USART_Cmd
                0x08003af8       0x1c ..\obj\stm32f10x_usart.o
                0x08003af8                USART_Cmd
 .text.USART_ITConfig
                0x08003b14       0x38 ..\obj\stm32f10x_usart.o
                0x08003b14                USART_ITConfig
 .text.USART_SendData
                0x08003b4c        0x8 ..\obj\stm32f10x_usart.o
                0x08003b4c                USART_SendData
 .text.USART_ReceiveData
                0x08003b54        0x8 ..\obj\stm32f10x_usart.o
                0x08003b54                USART_ReceiveData
 .text.USART_GetFlagStatus
                0x08003b5c        0xc ..\obj\stm32f10x_usart.o
                0x08003b5c                USART_GetFlagStatus
 .text.USART_GetITStatus
                0x08003b68       0x48 ..\obj\stm32f10x_usart.o
                0x08003b68                USART_GetITStatus
 .text.u8g_font_get_word
                0x08003bb0       0x10 ..\obj\u8g_font.o
 .text.u8g_font_calc_vref_font
                0x08003bc0        0x4 ..\obj\u8g_font.o
                0x08003bc0                u8g_font_calc_vref_font
 .text.u8g_font_GetFormat.isra.0
                0x08003bc4        0x4 ..\obj\u8g_font.o
 .text.u8g_font_GetFontGlyphStructureSize.isra.1
                0x08003bc8       0x14 ..\obj\u8g_font.o
 .text.u8g_font_GetEncoding65Pos
                0x08003bdc        0x8 ..\obj\u8g_font.o
                0x08003bdc                u8g_font_GetEncoding65Pos
 .text.u8g_font_GetEncoding97Pos
                0x08003be4        0x8 ..\obj\u8g_font.o
                0x08003be4                u8g_font_GetEncoding97Pos
 .text.u8g_font_GetFontStartEncoding
                0x08003bec        0x4 ..\obj\u8g_font.o
                0x08003bec                u8g_font_GetFontStartEncoding
 .text.u8g_font_GetFontEndEncoding
                0x08003bf0        0x4 ..\obj\u8g_font.o
                0x08003bf0                u8g_font_GetFontEndEncoding
 .text.u8g_GetGlyph
                0x08003bf4      0x10c ..\obj\u8g_font.o
                0x08003bf4                u8g_GetGlyph
 .text.u8g_draw_glyph
                0x08003d00       0xb4 ..\obj\u8g_font.o
                0x08003d00                u8g_draw_glyph
 .text.u8g_DrawStr
                0x08003db4       0x40 ..\obj\u8g_font.o
                0x08003db4                u8g_DrawStr
 .text.u8g_UpdateRefHeight
                0x08003df4       0x60 ..\obj\u8g_font.o
                0x08003df4                u8g_UpdateRefHeight
 .text.u8g_SetFontPosBaseline
                0x08003e54        0xc ..\obj\u8g_font.o
                0x08003e54                u8g_SetFontPosBaseline
 .text.u8g_SetFont
                0x08003e60       0x1c ..\obj\u8g_font.o
                0x08003e60                u8g_SetFont
 .text.u8g_IsBBXIntersection
                0x08003e7c       0x58 ..\obj\u8g_clip.o
                0x08003e7c                u8g_IsBBXIntersection
 .text._ZN4LEDS4InitEv
                0x08003ed4       0x74 ..\obj\LEDS.o
                0x08003ed4                LEDS::Init()
 .text._ZN4LEDS9SwitchLedENS_4LedsEb
                0x08003f48       0x64 ..\obj\LEDS.o
                0x08003f48                LEDS::SwitchLed(LEDS::Leds, bool)
 .text._ZN7OVC38604InitEmP12GPIO_TypeDeft
                0x08003fac       0x50 ..\obj\OVC3860.o
                0x08003fac                OVC3860::Init(unsigned long, GPIO_TypeDef*, unsigned short)
 .text._ZN7OVC38605ResetEv
                0x08003ffc       0x20 ..\obj\OVC3860.o
                0x08003ffc                OVC3860::Reset()
 .text._ZN7OVC38608SetPowerEb
                0x0800401c       0x38 ..\obj\OVC3860.o
                0x0800401c                OVC3860::SetPower(bool)
 .text._ZN7OVC386012PlayPreviousEv
                0x08004054       0x20 ..\obj\OVC3860.o
                0x08004054                OVC3860::PlayPrevious()
 .text._ZN7OVC38608PlayNextEv
                0x08004074       0x20 ..\obj\OVC3860.o
                0x08004074                OVC3860::PlayNext()
 .text._ZN7OVC38608VolumeUpEv
                0x08004094       0x20 ..\obj\OVC3860.o
                0x08004094                OVC3860::VolumeUp()
 .text._ZN7OVC386010VolumeDownEv
                0x080040b4       0x20 ..\obj\OVC3860.o
                0x080040b4                OVC3860::VolumeDown()
 .text._ZN7OVC38609SetVolumeEh
                0x080040d4       0x4c ..\obj\OVC3860.o
                0x080040d4                OVC3860::SetVolume(unsigned char)
 .text._ZN7OVC386011ReceiveByteEPcm
                0x08004120       0x38 ..\obj\OVC3860.o
                0x08004120                OVC3860::ReceiveByte(char*, unsigned long)
 .text._ZN7OVC386017ReceiveAndCompareEPKhimb
                0x08004158       0x9c ..\obj\OVC3860.o
                0x08004158                OVC3860::ReceiveAndCompare(unsigned char const*, int, unsigned long, bool)
 .text._ZN7OVC386015EnterConfigModeEv
                0x080041f4       0xb0 ..\obj\OVC3860.o
                0x080041f4                OVC3860::EnterConfigMode()
 .text._ZN7OVC386014ExitConfigModeEv
                0x080042a4       0x68 ..\obj\OVC3860.o
                0x080042a4                OVC3860::ExitConfigMode()
 .text._ZN7OVC386016SetBluetoothNameEv
                0x0800430c       0xbc ..\obj\OVC3860.o
                0x0800430c                OVC3860::SetBluetoothName()
 .text._ZN7OVC386020CompareBluetoothNameEv
                0x080043c8       0xa8 ..\obj\OVC3860.o
                0x080043c8                OVC3860::CompareBluetoothName()
 .text._ZN7OVC386018CheckBluetoothNameEv
                0x08004470       0x38 ..\obj\OVC3860.o
                0x08004470                OVC3860::CheckBluetoothName()
 .text._ZN9RDSParserC2Ev
                0x080044a8       0x18 ..\obj\RDSParser.o
                0x080044a8                RDSParser::RDSParser()
                0x080044a8                RDSParser::RDSParser()
 .text._ZN9RDSParser4initEv
                0x080044c0       0x48 ..\obj\RDSParser.o
                0x080044c0                RDSParser::init()
 .text._ZN9RDSParser19registerForCallbackER18RDSParserInterrupt
                0x08004508       0x24 ..\obj\RDSParser.o
                0x08004508                RDSParser::registerForCallback(RDSParserInterrupt&)
 .text._ZN9RDSParser11processDataEtttt
                0x0800452c      0x22c ..\obj\RDSParser.o
                0x0800452c                RDSParser::processData(unsigned short, unsigned short, unsigned short, unsigned short)
 .text.NVIC_PriorityGroupConfig
                0x08004758       0x14 ..\obj\misc.o
                0x08004758                NVIC_PriorityGroupConfig
 .text.NVIC_Init
                0x0800476c       0x6c ..\obj\misc.o
                0x0800476c                NVIC_Init
 .text.I2C_DeInit
                0x080047d8       0x3c ..\obj\stm32f10x_i2c.o
                0x080047d8                I2C_DeInit
 .text.I2C_Init
                0x08004814       0xe4 ..\obj\stm32f10x_i2c.o
                0x08004814                I2C_Init
 .text.I2C_Cmd  0x080048f8       0x1c ..\obj\stm32f10x_i2c.o
                0x080048f8                I2C_Cmd
 .text.I2C_GenerateSTART
                0x08004914       0x1c ..\obj\stm32f10x_i2c.o
                0x08004914                I2C_GenerateSTART
 .text.I2C_GenerateSTOP
                0x08004930       0x1c ..\obj\stm32f10x_i2c.o
                0x08004930                I2C_GenerateSTOP
 .text.I2C_AcknowledgeConfig
                0x0800494c       0x1c ..\obj\stm32f10x_i2c.o
                0x0800494c                I2C_AcknowledgeConfig
 .text.I2C_SendData
                0x08004968        0x4 ..\obj\stm32f10x_i2c.o
                0x08004968                I2C_SendData
 .text.I2C_ReceiveData
                0x0800496c        0x8 ..\obj\stm32f10x_i2c.o
                0x0800496c                I2C_ReceiveData
 .text.I2C_Send7bitAddress
                0x08004974       0x18 ..\obj\stm32f10x_i2c.o
                0x08004974                I2C_Send7bitAddress
 .text.I2C_CheckEvent
                0x0800498c       0x1c ..\obj\stm32f10x_i2c.o
                0x0800498c                I2C_CheckEvent
 .text.I2C_GetFlagStatus
                0x080049a8       0x38 ..\obj\stm32f10x_i2c.o
                0x080049a8                I2C_GetFlagStatus
 .text.SystemInit
                0x080049e0      0x104 ..\obj\system_stm32f10x.o
                0x080049e0                SystemInit
 .text._ZN10__cxxabiv120__si_class_type_infoD2Ev
                0x08004ae4       0x14 ..\..\..\..\..\..\..\..\Program Files (x86)\GNU Tools ARM Embedded\5.3 2016q1\arm-none-eabi\lib\armv7-m\libstdc++_nano.a(si_class_type_info.o)
                0x08004ae4                __cxxabiv1::__si_class_type_info::~__si_class_type_info()
                0x08004ae4                __cxxabiv1::__si_class_type_info::~__si_class_type_info()
 .text._ZN10__cxxabiv120__si_class_type_infoD0Ev
                0x08004af8       0x12 ..\..\..\..\..\..\..\..\Program Files (x86)\GNU Tools ARM Embedded\5.3 2016q1\arm-none-eabi\lib\armv7-m\libstdc++_nano.a(si_class_type_info.o)
                0x08004af8                __cxxabiv1::__si_class_type_info::~__si_class_type_info()
 .text._ZNK10__cxxabiv120__si_class_type_info12__do_dyncastEiNS_17__class_type_info10__sub_kindEPKS1_PKvS4_S6_RNS1_16__dyncast_resultE
                0x08004b0a       0x7c ..\..\..\..\..\..\..\..\Program Files (x86)\GNU Tools ARM Embedded\5.3 2016q1\arm-none-eabi\lib\armv7-m\libstdc++_nano.a(si_class_type_info.o)
                0x08004b0a                __cxxabiv1::__si_class_type_info::__do_dyncast(int, __cxxabiv1::__class_type_info::__sub_kind, __cxxabiv1::__class_type_info const*, void const*, __cxxabiv1::__class_type_info const*, void const*, __cxxabiv1::__class_type_info::__dyncast_result&) const
 .text._ZNK10__cxxabiv120__si_class_type_info20__do_find_public_srcEiPKvPKNS_17__class_type_infoES2_
                0x08004b86       0x38 ..\..\..\..\..\..\..\..\Program Files (x86)\GNU Tools ARM Embedded\5.3 2016q1\arm-none-eabi\lib\armv7-m\libstdc++_nano.a(si_class_type_info.o)
                0x08004b86                __cxxabiv1::__si_class_type_info::__do_find_public_src(int, void const*, __cxxabiv1::__class_type_info const*, void const*) const
 .text._ZNK10__cxxabiv120__si_class_type_info11__do_upcastEPKNS_17__class_type_infoEPKvRNS1_15__upcast_resultE
                0x08004bbe       0x2a ..\..\..\..\..\..\..\..\Program Files (x86)\GNU Tools ARM Embedded\5.3 2016q1\arm-none-eabi\lib\armv7-m\libstdc++_nano.a(si_class_type_info.o)
                0x08004bbe                __cxxabiv1::__si_class_type_info::__do_upcast(__cxxabiv1::__class_type_info const*, void const*, __cxxabiv1::__class_type_info::__upcast_result&) const
 .text._ZN10__cxxabiv121__vmi_class_type_infoD2Ev
                0x08004be8       0x14 ..\..\..\..\..\..\..\..\Program Files (x86)\GNU Tools ARM Embedded\5.3 2016q1\arm-none-eabi\lib\armv7-m\libstdc++_nano.a(vmi_class_type_info.o)
                0x08004be8                __cxxabiv1::__vmi_class_type_info::~__vmi_class_type_info()
                0x08004be8                __cxxabiv1::__vmi_class_type_info::~__vmi_class_type_info()
 .text._ZN10__cxxabiv121__vmi_class_type_infoD0Ev
                0x08004bfc       0x12 ..\..\..\..\..\..\..\..\Program Files (x86)\GNU Tools ARM Embedded\5.3 2016q1\arm-none-eabi\lib\armv7-m\libstdc++_nano.a(vmi_class_type_info.o)
                0x08004bfc                __cxxabiv1::__vmi_class_type_info::~__vmi_class_type_info()
 .text._ZNK10__cxxabiv121__vmi_class_type_info20__do_find_public_srcEiPKvPKNS_17__class_type_infoES2_
                0x08004c0e       0x74 ..\..\..\..\..\..\..\..\Program Files (x86)\GNU Tools ARM Embedded\5.3 2016q1\arm-none-eabi\lib\armv7-m\libstdc++_nano.a(vmi_class_type_info.o)
                0x08004c0e                __cxxabiv1::__vmi_class_type_info::__do_find_public_src(int, void const*, __cxxabiv1::__class_type_info const*, void const*) const
 .text._ZNK10__cxxabiv117__class_type_info17__find_public_srcEiPKvPKS0_S2_
                0x08004c82       0x2a ..\..\..\..\..\..\..\..\Program Files (x86)\GNU Tools ARM Embedded\5.3 2016q1\arm-none-eabi\lib\armv7-m\libstdc++_nano.a(vmi_class_type_info.o)
                0x08004c82                __cxxabiv1::__class_type_info::__find_public_src(int, void const*, __cxxabiv1::__class_type_info const*, void const*) const
 .text._ZNK10__cxxabiv121__vmi_class_type_info12__do_dyncastEiNS_17__class_type_info10__sub_kindEPKS1_PKvS4_S6_RNS1_16__dyncast_resultE
                0x08004cac      0x28e ..\..\..\..\..\..\..\..\Program Files (x86)\GNU Tools ARM Embedded\5.3 2016q1\arm-none-eabi\lib\armv7-m\libstdc++_nano.a(vmi_class_type_info.o)
                0x08004cac                __cxxabiv1::__vmi_class_type_info::__do_dyncast(int, __cxxabiv1::__class_type_info::__sub_kind, __cxxabiv1::__class_type_info const*, void const*, __cxxabiv1::__class_type_info const*, void const*, __cxxabiv1::__class_type_info::__dyncast_result&) const
 .text._ZNK10__cxxabiv121__vmi_class_type_info11__do_upcastEPKNS_17__class_type_infoEPKvRNS1_15__upcast_resultE
                0x08004f3a      0x12c ..\..\..\..\..\..\..\..\Program Files (x86)\GNU Tools ARM Embedded\5.3 2016q1\arm-none-eabi\lib\armv7-m\libstdc++_nano.a(vmi_class_type_info.o)
                0x08004f3a                __cxxabiv1::__vmi_class_type_info::__do_upcast(__cxxabiv1::__class_type_info const*, void const*, __cxxabiv1::__class_type_info::__upcast_result&) const
 .text._ZNSt9type_infoD2Ev
                0x08005066        0x2 ..\..\..\..\..\..\..\..\Program Files (x86)\GNU Tools ARM Embedded\5.3 2016q1\arm-none-eabi\lib\armv7-m\libstdc++_nano.a(tinfo.o)
                0x08005066                std::type_info::~type_info()
                0x08005066                std::type_info::~type_info()
 .text._ZNKSt9type_info15__is_function_pEv
                0x08005068        0x4 ..\..\..\..\..\..\..\..\Program Files (x86)\GNU Tools ARM Embedded\5.3 2016q1\arm-none-eabi\lib\armv7-m\libstdc++_nano.a(tinfo.o)
                0x08005068                std::type_info::__is_pointer_p() const
                0x08005068                std::type_info::__is_function_p() const
 .text._ZNKSt9type_infoeqERKS_
                0x0800506c       0x2c ..\..\..\..\..\..\..\..\Program Files (x86)\GNU Tools ARM Embedded\5.3 2016q1\arm-none-eabi\lib\armv7-m\libstdc++_nano.a(tinfo.o)
                0x0800506c                std::type_info::operator==(std::type_info const&) const
 .text._ZNK10__cxxabiv117__class_type_info11__do_upcastEPKS0_PPv
                0x08005098       0x34 ..\..\..\..\..\..\..\..\Program Files (x86)\GNU Tools ARM Embedded\5.3 2016q1\arm-none-eabi\lib\armv7-m\libstdc++_nano.a(class_type_info.o)
                0x08005098                __cxxabiv1::__class_type_info::__do_upcast(__cxxabiv1::__class_type_info const*, void**) const
 .text._ZNK10__cxxabiv117__class_type_info20__do_find_public_srcEiPKvPKS0_S2_
                0x080050cc        0xc ..\..\..\..\..\..\..\..\Program Files (x86)\GNU Tools ARM Embedded\5.3 2016q1\arm-none-eabi\lib\armv7-m\libstdc++_nano.a(class_type_info.o)
                0x080050cc                __cxxabiv1::__class_type_info::__do_find_public_src(int, void const*, __cxxabiv1::__class_type_info const*, void const*) const
 .text._ZN10__cxxabiv117__class_type_infoD2Ev
                0x080050d8       0x14 ..\..\..\..\..\..\..\..\Program Files (x86)\GNU Tools ARM Embedded\5.3 2016q1\arm-none-eabi\lib\armv7-m\libstdc++_nano.a(class_type_info.o)
                0x080050d8                __cxxabiv1::__class_type_info::~__class_type_info()
                0x080050d8                __cxxabiv1::__class_type_info::~__class_type_info()
 .text._ZN10__cxxabiv117__class_type_infoD0Ev
                0x080050ec       0x12 ..\..\..\..\..\..\..\..\Program Files (x86)\GNU Tools ARM Embedded\5.3 2016q1\arm-none-eabi\lib\armv7-m\libstdc++_nano.a(class_type_info.o)
                0x080050ec                __cxxabiv1::__class_type_info::~__class_type_info()
 .text._ZNK10__cxxabiv117__class_type_info11__do_upcastEPKS0_PKvRNS0_15__upcast_resultE
                0x080050fe       0x18 ..\..\..\..\..\..\..\..\Program Files (x86)\GNU Tools ARM Embedded\5.3 2016q1\arm-none-eabi\lib\armv7-m\libstdc++_nano.a(class_type_info.o)
                0x080050fe                __cxxabiv1::__class_type_info::__do_upcast(__cxxabiv1::__class_type_info const*, void const*, __cxxabiv1::__class_type_info::__upcast_result&) const
 .text._ZNK10__cxxabiv117__class_type_info12__do_dyncastEiNS0_10__sub_kindEPKS0_PKvS3_S5_RNS0_16__dyncast_resultE
                0x08005116       0x38 ..\..\..\..\..\..\..\..\Program Files (x86)\GNU Tools ARM Embedded\5.3 2016q1\arm-none-eabi\lib\armv7-m\libstdc++_nano.a(class_type_info.o)
                0x08005116                __cxxabiv1::__class_type_info::__do_dyncast(int, __cxxabiv1::__class_type_info::__sub_kind, __cxxabiv1::__class_type_info const*, void const*, __cxxabiv1::__class_type_info const*, void const*, __cxxabiv1::__class_type_info::__dyncast_result&) const
 .text._ZNK10__cxxabiv117__class_type_info10__do_catchEPKSt9type_infoPPvj
                0x0800514e       0x2a ..\..\..\..\..\..\..\..\Program Files (x86)\GNU Tools ARM Embedded\5.3 2016q1\arm-none-eabi\lib\armv7-m\libstdc++_nano.a(class_type_info.o)
                0x0800514e                __cxxabiv1::__class_type_info::__do_catch(std::type_info const*, void**, unsigned int) const
 .text.__cxa_guard_acquire
                0x08005178       0x18 ..\..\..\..\..\..\..\..\Program Files (x86)\GNU Tools ARM Embedded\5.3 2016q1\arm-none-eabi\lib\armv7-m\libstdc++_nano.a(guard.o)
                0x08005178                __cxa_guard_acquire
 .text.__cxa_guard_release
                0x08005190        0x6 ..\..\..\..\..\..\..\..\Program Files (x86)\GNU Tools ARM Embedded\5.3 2016q1\arm-none-eabi\lib\armv7-m\libstdc++_nano.a(guard.o)
                0x08005190                __cxa_guard_release
 .text._ZdlPv   0x08005196        0x4 ..\..\..\..\..\..\..\..\Program Files (x86)\GNU Tools ARM Embedded\5.3 2016q1\arm-none-eabi\lib\armv7-m\libstdc++_nano.a(del_op.o)
                0x08005196                operator delete(void*)
 *fill*         0x0800519a        0x2 
 .text          0x0800519c      0x370 c:/program files (x86)/gnu tools arm embedded/5.3 2016q1/bin/../lib/gcc/arm-none-eabi/5.3.1/armv7-m\libgcc.a(_arm_addsubdf3.o)
                0x0800519c                __aeabi_drsub
                0x080051a4                __aeabi_dsub
                0x080051a4                __subdf3
                0x080051a8                __aeabi_dadd
                0x080051a8                __adddf3
                0x08005420                __floatunsidf
                0x08005420                __aeabi_ui2d
                0x08005440                __floatsidf
                0x08005440                __aeabi_i2d
                0x08005464                __aeabi_f2d
                0x08005464                __extendsfdf2
                0x080054a0                __floatundidf
                0x080054a0                __aeabi_ul2d
                0x080054b0                __floatdidf
                0x080054b0                __aeabi_l2d
 .text          0x0800550c       0x50 c:/program files (x86)/gnu tools arm embedded/5.3 2016q1/bin/../lib/gcc/arm-none-eabi/5.3.1/armv7-m\libgcc.a(_arm_fixdfsi.o)
                0x0800550c                __aeabi_d2iz
                0x0800550c                __fixdfsi
 .text          0x0800555c      0x21c c:/program files (x86)/gnu tools arm embedded/5.3 2016q1/bin/../lib/gcc/arm-none-eabi/5.3.1/armv7-m\libgcc.a(_arm_addsubsf3.o)
                0x0800555c                __aeabi_frsub
                0x08005564                __subsf3
                0x08005564                __aeabi_fsub
                0x08005568                __aeabi_fadd
                0x08005568                __addsf3
                0x080056c8                __aeabi_ui2f
                0x080056c8                __floatunsisf
                0x080056d0                __aeabi_i2f
                0x080056d0                __floatsisf
                0x080056ec                __aeabi_ul2f
                0x080056ec                __floatundisf
                0x080056fc                __aeabi_l2f
                0x080056fc                __floatdisf
 .text          0x08005778      0x2a0 c:/program files (x86)/gnu tools arm embedded/5.3 2016q1/bin/../lib/gcc/arm-none-eabi/5.3.1/armv7-m\libgcc.a(_arm_muldivsf3.o)
                0x08005778                __mulsf3
                0x08005778                __aeabi_fmul
                0x080058e0                __aeabi_fdiv
                0x080058e0                __divsf3
 .text          0x08005a18       0xec c:/program files (x86)/gnu tools arm embedded/5.3 2016q1/bin/../lib/gcc/arm-none-eabi/5.3.1/armv7-m\libgcc.a(_arm_cmpsf2.o)
                0x08005a18                __gesf2
                0x08005a18                __gtsf2
                0x08005a20                __lesf2
                0x08005a20                __ltsf2
                0x08005a28                __nesf2
                0x08005a28                __eqsf2
                0x08005a28                __cmpsf2
                0x08005a88                __aeabi_cfrcmple
                0x08005a90                __aeabi_cfcmpeq
                0x08005a90                __aeabi_cfcmple
                0x08005aa0                __aeabi_fcmpeq
                0x08005ab4                __aeabi_fcmplt
                0x08005ac8                __aeabi_fcmple
                0x08005adc                __aeabi_fcmpge
                0x08005af0                __aeabi_fcmpgt
 .text          0x08005b04       0x4c c:/program files (x86)/gnu tools arm embedded/5.3 2016q1/bin/../lib/gcc/arm-none-eabi/5.3.1/armv7-m\libgcc.a(_arm_fixsfsi.o)
                0x08005b04                __aeabi_f2iz
                0x08005b04                __fixsfsi
 .text          0x08005b50       0x40 c:/program files (x86)/gnu tools arm embedded/5.3 2016q1/bin/../lib/gcc/arm-none-eabi/5.3.1/armv7-m\libgcc.a(_arm_fixunssfsi.o)
                0x08005b50                __fixunssfsi
                0x08005b50                __aeabi_f2uiz
 .text          0x08005b90      0x9e4 c:/program files (x86)/gnu tools arm embedded/5.3 2016q1/bin/../lib/gcc/arm-none-eabi/5.3.1/armv7-m\libgcc.a(unwind-arm.o)
                0x08005e50                _Unwind_GetCFA
                0x08005e54                __gnu_Unwind_RaiseException
                0x08005eb4                __gnu_Unwind_ForcedUnwind
                0x08005ec8                __gnu_Unwind_Resume
                0x08005f0c                __gnu_Unwind_Resume_or_Rethrow
                0x08005f20                _Unwind_Complete
                0x08005f24                _Unwind_DeleteException
                0x08005f30                _Unwind_VRS_Get
                0x08005f7c                _Unwind_VRS_Set
                0x08005fcc                __gnu_Unwind_Backtrace
                0x08006318                __aeabi_unwind_cpp_pr0
                0x0800631c                __aeabi_unwind_cpp_pr1
                0x08006320                __aeabi_unwind_cpp_pr2
                0x08006324                _Unwind_VRS_Pop
 .text          0x08006574      0x1ac c:/program files (x86)/gnu tools arm embedded/5.3 2016q1/bin/../lib/gcc/arm-none-eabi/5.3.1/armv7-m\libgcc.a(libunwind.o)
                0x08006574                __restore_core_regs
                0x08006574                restore_core_regs
                0x0800658c                __gnu_Unwind_Restore_VFP
                0x08006594                __gnu_Unwind_Save_VFP
                0x0800659c                __gnu_Unwind_Restore_VFP_D
                0x080065a4                __gnu_Unwind_Save_VFP_D
                0x080065ac                __gnu_Unwind_Restore_VFP_D_16_to_31
                0x080065b4                __gnu_Unwind_Save_VFP_D_16_to_31
                0x080065bc                __gnu_Unwind_Restore_WMMXD
                0x08006600                __gnu_Unwind_Save_WMMXD
                0x08006644                __gnu_Unwind_Restore_WMMXC
                0x08006658                __gnu_Unwind_Save_WMMXC
                0x0800666c                ___Unwind_RaiseException
                0x0800666c                _Unwind_RaiseException
                0x08006690                _Unwind_Resume
                0x08006690                ___Unwind_Resume
                0x080066b4                _Unwind_Resume_or_Rethrow
                0x080066b4                ___Unwind_Resume_or_Rethrow
                0x080066d8                _Unwind_ForcedUnwind
                0x080066d8                ___Unwind_ForcedUnwind
                0x080066fc                ___Unwind_Backtrace
                0x080066fc                _Unwind_Backtrace
 .text          0x08006720      0x354 c:/program files (x86)/gnu tools arm embedded/5.3 2016q1/bin/../lib/gcc/arm-none-eabi/5.3.1/armv7-m\libgcc.a(pr-support.o)
                0x08006778                __gnu_unwind_execute
                0x08006a1c                __gnu_unwind_frame
                0x08006a44                _Unwind_GetRegionStart
                0x08006a50                _Unwind_GetLanguageSpecificData
                0x08006a64                _Unwind_GetTextRelBase
                0x08006a6c                _Unwind_GetDataRelBase
 .text.free     0x08006a74       0x10 ..\..\..\..\..\..\..\..\Program Files (x86)\GNU Tools ARM Embedded\5.3 2016q1\arm-none-eabi\lib\armv7-m\libg.a(lib_a-malloc.o)
                0x08006a74                free
 .text.memcmp   0x08006a84       0x64 ..\..\..\..\..\..\..\..\Program Files (x86)\GNU Tools ARM Embedded\5.3 2016q1\arm-none-eabi\lib\armv7-m\libg.a(lib_a-memcmp.o)
                0x08006a84                memcmp
 .text          0x08006ae8       0xec ..\..\..\..\..\..\..\..\Program Files (x86)\GNU Tools ARM Embedded\5.3 2016q1\arm-none-eabi\lib\armv7-m\libg.a(lib_a-memcpy.o)
                0x08006ae8                memcpy
 .text.memset   0x08006bd4       0x9c ..\..\..\..\..\..\..\..\Program Files (x86)\GNU Tools ARM Embedded\5.3 2016q1\arm-none-eabi\lib\armv7-m\libg.a(lib_a-memset.o)
                0x08006bd4                memset
 .text.__malloc_lock
                0x08006c70        0x4 ..\..\..\..\..\..\..\..\Program Files (x86)\GNU Tools ARM Embedded\5.3 2016q1\arm-none-eabi\lib\armv7-m\libg.a(lib_a-mlock.o)
                0x08006c70                __malloc_lock
 .text.__malloc_unlock
                0x08006c74        0x4 ..\..\..\..\..\..\..\..\Program Files (x86)\GNU Tools ARM Embedded\5.3 2016q1\arm-none-eabi\lib\armv7-m\libg.a(lib_a-mlock.o)
                0x08006c74                __malloc_unlock
 .text._sbrk_r  0x08006c78       0x24 ..\..\..\..\..\..\..\..\Program Files (x86)\GNU Tools ARM Embedded\5.3 2016q1\arm-none-eabi\lib\armv7-m\libg.a(lib_a-sbrkr.o)
                0x08006c78                _sbrk_r
 .text          0x08006c9c      0x1bc ..\..\..\..\..\..\..\..\Program Files (x86)\GNU Tools ARM Embedded\5.3 2016q1\arm-none-eabi\lib\armv7-m\libg.a(lib_a-strcmp.o)
                0x08006c9c                strcmp
 .text.strcpy   0x08006e58       0xbc ..\..\..\..\..\..\..\..\Program Files (x86)\GNU Tools ARM Embedded\5.3 2016q1\arm-none-eabi\lib\armv7-m\libg.a(lib_a-strcpy.o)
                0x08006e58                strcpy
 .text.strlen   0x08006f14       0x5c ..\..\..\..\..\..\..\..\Program Files (x86)\GNU Tools ARM Embedded\5.3 2016q1\arm-none-eabi\lib\armv7-m\libg.a(lib_a-strlen-stub.o)
                0x08006f14                strlen
 .text._malloc_trim_r
                0x08006f70       0x9c ..\..\..\..\..\..\..\..\Program Files (x86)\GNU Tools ARM Embedded\5.3 2016q1\arm-none-eabi\lib\armv7-m\libg.a(lib_a-freer.o)
                0x08006f70                _malloc_trim_r
 .text._free_r  0x0800700c      0x1d0 ..\..\..\..\..\..\..\..\Program Files (x86)\GNU Tools ARM Embedded\5.3 2016q1\arm-none-eabi\lib\armv7-m\libg.a(lib_a-freer.o)
                0x0800700c                _free_r
 *(.init)
 *(.fini)
 *crtbegin.o(.ctors)
 *crtbegin?.o(.ctors)
 *(EXCLUDE_FILE(*crtend.o *crtend?.o) .ctors)
 *(SORT(.ctors.*))
 *(.ctors)
 *crtbegin.o(.dtors)
 *crtbegin?.o(.dtors)
 *(EXCLUDE_FILE(*crtend.o *crtend?.o) .dtors)
 *(SORT(.dtors.*))
 *(.dtors)
 *(.rodata*)
 .rodata.str1.4
                0x080071dc        0xb ..\obj\Computer.o
 *fill*         0x080071e7        0x1 
 .rodata.str1.4
                0x080071e8       0x24 ..\obj\printf.o
 .rodata.u8g_dev_st7920_128x64_init_seq
                0x0800720c       0x17 ..\obj\u8g_dev_st7920_128x64.o
 *fill*         0x08007223        0x1 
 .rodata.str1.4
                0x08007224        0xb ..\obj\TemperatureSensor.o
 *fill*         0x0800722f        0x1 
 .rodata._ZTI5RADIO
                0x08007230        0x8 ..\obj\radio.o
                0x08007230                typeinfo for RADIO
 .rodata._ZTV5RADIO
                0x08007238       0x6c ..\obj\radio.o
                0x08007238                vtable for RADIO
 .rodata._ZTS5RADIO
                0x080072a4        0x7 ..\obj\radio.o
                0x080072a4                typeinfo name for RADIO
 *fill*         0x080072ab        0x1 
 .rodata.str1.4
                0x080072ac        0x5 ..\obj\radio.o
 *fill*         0x080072b1        0x3 
 .rodata.str1.4
                0x080072b4       0x3c ..\obj\Display.o
 .rodata.str1.4
                0x080072f0       0x11 ..\obj\Keypad.o
 *fill*         0x08007301        0x3 
 .rodata._ZN8mcp230177GPIO_ABE
                0x08007304       0x10 ..\obj\mcp23017.o
                0x08007304                mcp23017::GPIO_AB
 .rodata._ZN8mcp230177OLAT_ABE
                0x08007314       0x10 ..\obj\mcp23017.o
                0x08007314                mcp23017::OLAT_AB
 .rodata._ZN8mcp230177GPPU_ABE
                0x08007324       0x10 ..\obj\mcp23017.o
                0x08007324                mcp23017::GPPU_AB
 .rodata._ZN8mcp230178IOCON_ABE
                0x08007334       0x10 ..\obj\mcp23017.o
                0x08007334                mcp23017::IOCON_AB
 .rodata._ZN8mcp2301710GPINTEN_ABE
                0x08007344       0x10 ..\obj\mcp23017.o
                0x08007344                mcp23017::GPINTEN_AB
 .rodata._ZN8mcp230178IODIR_ABE
                0x08007354       0x10 ..\obj\mcp23017.o
                0x08007354                mcp23017::IODIR_AB
 .rodata._ZTV6SI4703
                0x08007364       0x6c ..\obj\SI4703.o
                0x08007364                vtable for SI4703
 .rodata._ZTI6SI4703
                0x080073d0        0xc ..\obj\SI4703.o
                0x080073d0                typeinfo for SI4703
 .rodata._ZTS6SI4703
                0x080073dc        0x8 ..\obj\SI4703.o
                0x080073dc                typeinfo name for SI4703
 .rodata.str1.4
                0x080073e4       0xa9 ..\obj\RelayBoard.o
 *fill*         0x0800748d        0x3 
 .rodata.u8g_font_7x13
                0x08007490      0x86d ..\obj\u8g_fonts.o
                0x08007490                u8g_font_7x13
 *fill*         0x08007cfd        0x3 
 .rodata.u8g_font_5x8
                0x08007d00      0x69d ..\obj\u8g_fonts.o
                0x08007d00                u8g_font_5x8
 *fill*         0x0800839d        0x3 
 .rodata._ZTS4Keys
                0x080083a0        0x6 ..\obj\EntController.o
                0x080083a0                typeinfo name for Keys
 *fill*         0x080083a6        0x2 
 .rodata._ZTI4Keys
                0x080083a8        0x8 ..\obj\EntController.o
                0x080083a8                typeinfo for Keys
 .rodata._ZTS18RDSParserInterrupt
                0x080083b0       0x15 ..\obj\EntController.o
                0x080083b0                typeinfo name for RDSParserInterrupt
 *fill*         0x080083c5        0x3 
 .rodata._ZTI18RDSParserInterrupt
                0x080083c8        0x8 ..\obj\EntController.o
                0x080083c8                typeinfo for RDSParserInterrupt
 .rodata._ZTI13EntController
                0x080083d0       0x20 ..\obj\EntController.o
                0x080083d0                typeinfo for EntController
 .rodata._ZTV13EntController
                0x080083f0       0x2c ..\obj\EntController.o
                0x080083f0                vtable for EntController
 .rodata._ZTS13EntController
                0x0800841c       0x10 ..\obj\EntController.o
                0x0800841c                typeinfo name for EntController
 .rodata.str1.4
                0x0800842c       0x56 ..\obj\EntController.o
 *fill*         0x08008482        0x2 
 .rodata.str1.4
                0x08008484       0x54 ..\obj\main.o
 .rodata._ZTI13SpaController
                0x080084d8        0xc ..\obj\SpaController.o
                0x080084d8                typeinfo for SpaController
 .rodata.str1.4
                0x080084e4       0x9a ..\obj\SpaController.o
                                 0xa2 (size before relaxing)
 *fill*         0x0800857e        0x2 
 .rodata._ZTV13SpaController
                0x08008580        0xc ..\obj\SpaController.o
                0x08008580                vtable for SpaController
 .rodata._ZTS13SpaController
                0x0800858c       0x10 ..\obj\SpaController.o
                0x0800858c                typeinfo name for SpaController
 .rodata.str1.4
                0x0800859c       0x69 ..\obj\LEDS.o
                                 0x99 (size before relaxing)
 *fill*         0x08008605        0x3 
 .rodata._ZN7OVC386025EXITCONFIG_RESPONSE_BYTESE
                0x08008608        0x4 ..\obj\OVC3860.o
                0x08008608                OVC3860::EXITCONFIG_RESPONSE_BYTES
 .rodata._ZN7OVC386017ENTERCONFIG_BYTESE
                0x0800860c        0x9 ..\obj\OVC3860.o
                0x0800860c                OVC3860::ENTERCONFIG_BYTES
 *fill*         0x08008615        0x3 
 .rodata._ZN7OVC386019SEND_BLUETOOTH_NAMEE
                0x08008618        0x4 ..\obj\OVC3860.o
                0x08008618                OVC3860::SEND_BLUETOOTH_NAME
 .rodata._ZN7OVC386022REQUEST_BLUETOOTH_NAMEE
                0x0800861c        0x4 ..\obj\OVC3860.o
                0x0800861c                OVC3860::REQUEST_BLUETOOTH_NAME
 .rodata._ZN7OVC386023RESPONSE_BLUETOOTH_NAMEE
                0x08008620        0x4 ..\obj\OVC3860.o
                0x08008620                OVC3860::RESPONSE_BLUETOOTH_NAME
 .rodata._ZN7OVC386013STARTUP_BYTESE
                0x08008624        0x4 ..\obj\OVC3860.o
                0x08008624                OVC3860::STARTUP_BYTES
 .rodata._ZN7OVC386016EXITCONFIG_BYTESE
                0x08008628        0x4 ..\obj\OVC3860.o
                0x08008628                OVC3860::EXITCONFIG_BYTES
 .rodata.str1.4
                0x0800862c       0xd0 ..\obj\OVC3860.o
 .rodata._ZN7OVC386028SEND_RESPONSE_BLUETOOTH_NAMEE
                0x080086fc        0x4 ..\obj\OVC3860.o
                0x080086fc                OVC3860::SEND_RESPONSE_BLUETOOTH_NAME
 .rodata._ZN7OVC386016CONFIGMODE_BYTESE
                0x08008700        0x4 ..\obj\OVC3860.o
                0x08008700                OVC3860::CONFIGMODE_BYTES
 .rodata.str1.4
                0x08008704       0x18 ..\obj\RDSParser.o
                                 0x19 (size before relaxing)
 .rodata._ZTVN10__cxxabiv120__si_class_type_infoE
                0x0800871c       0x2c ..\..\..\..\..\..\..\..\Program Files (x86)\GNU Tools ARM Embedded\5.3 2016q1\arm-none-eabi\lib\armv7-m\libstdc++_nano.a(si_class_type_info.o)
                0x0800871c                vtable for __cxxabiv1::__si_class_type_info
 .rodata._ZTIN10__cxxabiv120__si_class_type_infoE
                0x08008748        0xc ..\..\..\..\..\..\..\..\Program Files (x86)\GNU Tools ARM Embedded\5.3 2016q1\arm-none-eabi\lib\armv7-m\libstdc++_nano.a(si_class_type_info.o)
                0x08008748                typeinfo for __cxxabiv1::__si_class_type_info
 .rodata._ZTSN10__cxxabiv120__si_class_type_infoE
                0x08008754       0x25 ..\..\..\..\..\..\..\..\Program Files (x86)\GNU Tools ARM Embedded\5.3 2016q1\arm-none-eabi\lib\armv7-m\libstdc++_nano.a(si_class_type_info.o)
                0x08008754                typeinfo name for __cxxabiv1::__si_class_type_info
 *fill*         0x08008779        0x3 
 .rodata._ZTIN10__cxxabiv121__vmi_class_type_infoE
                0x0800877c        0xc ..\..\..\..\..\..\..\..\Program Files (x86)\GNU Tools ARM Embedded\5.3 2016q1\arm-none-eabi\lib\armv7-m\libstdc++_nano.a(vmi_class_type_info.o)
                0x0800877c                typeinfo for __cxxabiv1::__vmi_class_type_info
 .rodata._ZTSN10__cxxabiv121__vmi_class_type_infoE
                0x08008788       0x26 ..\..\..\..\..\..\..\..\Program Files (x86)\GNU Tools ARM Embedded\5.3 2016q1\arm-none-eabi\lib\armv7-m\libstdc++_nano.a(vmi_class_type_info.o)
                0x08008788                typeinfo name for __cxxabiv1::__vmi_class_type_info
 *fill*         0x080087ae        0x2 
 .rodata._ZTVN10__cxxabiv121__vmi_class_type_infoE
                0x080087b0       0x2c ..\..\..\..\..\..\..\..\Program Files (x86)\GNU Tools ARM Embedded\5.3 2016q1\arm-none-eabi\lib\armv7-m\libstdc++_nano.a(vmi_class_type_info.o)
                0x080087b0                vtable for __cxxabiv1::__vmi_class_type_info
 .rodata._ZTISt9type_info
                0x080087dc        0x8 ..\..\..\..\..\..\..\..\Program Files (x86)\GNU Tools ARM Embedded\5.3 2016q1\arm-none-eabi\lib\armv7-m\libstdc++_nano.a(tinfo.o)
                0x080087dc                typeinfo for std::type_info
 .rodata._ZTSSt9type_info
                0x080087e4        0xd ..\..\..\..\..\..\..\..\Program Files (x86)\GNU Tools ARM Embedded\5.3 2016q1\arm-none-eabi\lib\armv7-m\libstdc++_nano.a(tinfo.o)
                0x080087e4                typeinfo name for std::type_info
 *fill*         0x080087f1        0x3 
 .rodata._ZTVN10__cxxabiv117__class_type_infoE
                0x080087f4       0x2c ..\..\..\..\..\..\..\..\Program Files (x86)\GNU Tools ARM Embedded\5.3 2016q1\arm-none-eabi\lib\armv7-m\libstdc++_nano.a(class_type_info.o)
                0x080087f4                vtable for __cxxabiv1::__class_type_info
 .rodata._ZTIN10__cxxabiv117__class_type_infoE
                0x08008820        0xc ..\..\..\..\..\..\..\..\Program Files (x86)\GNU Tools ARM Embedded\5.3 2016q1\arm-none-eabi\lib\armv7-m\libstdc++_nano.a(class_type_info.o)
                0x08008820                typeinfo for __cxxabiv1::__class_type_info
 .rodata._ZTSN10__cxxabiv117__class_type_infoE
                0x0800882c       0x22 ..\..\..\..\..\..\..\..\Program Files (x86)\GNU Tools ARM Embedded\5.3 2016q1\arm-none-eabi\lib\armv7-m\libstdc++_nano.a(class_type_info.o)
                0x0800882c                typeinfo name for __cxxabiv1::__class_type_info
 *(.eh_fram e*)

.glue_7         0x08008850        0x0
 .glue_7        0x08008850        0x0 linker stubs

.glue_7t        0x08008850        0x0
 .glue_7t       0x08008850        0x0 linker stubs

.vfp11_veneer   0x08008850        0x0
 .vfp11_veneer  0x08008850        0x0 linker stubs

.v4_bx          0x08008850        0x0
 .v4_bx         0x08008850        0x0 linker stubs

.iplt           0x08008850        0x0
 .iplt          0x08008850        0x0 ..\obj\Computer.o

.ARM.extab      0x08008850       0x54
 *(.ARM.extab* .gnu.linkonce.armextab.*)
 .ARM.extab.text._ZN7OVC38605ResetEv
                0x08008850        0xc ..\obj\OVC3860.o
 .ARM.extab.text._ZN7OVC386012PlayPreviousEv
                0x0800885c        0xc ..\obj\OVC3860.o
 .ARM.extab.text._ZN7OVC38608PlayNextEv
                0x08008868        0xc ..\obj\OVC3860.o
 .ARM.extab.text._ZN7OVC38608VolumeUpEv
                0x08008874        0xc ..\obj\OVC3860.o
 .ARM.extab.text._ZN7OVC386010VolumeDownEv
                0x08008880        0xc ..\obj\OVC3860.o
 .ARM.extab     0x0800888c       0x18 c:/program files (x86)/gnu tools arm embedded/5.3 2016q1/bin/../lib/gcc/arm-none-eabi/5.3.1/armv7-m\libgcc.a(pr-support.o)
                0x080088a4                __exidx_start = .

.ARM.exidx      0x080088a4      0x3e0
 *(.ARM.exidx* .gnu.linkonce.armexidx.*)
 .ARM.exidx.text._ZN8Computer4InitEv
                0x080088a4        0x8 ..\obj\Computer.o
 .ARM.exidx.text._ZN8Computer19RegisterForCallbackER4Keys
                0x080088ac        0x0 ..\obj\Computer.o
                                  0x8 (size before relaxing)
 .ARM.exidx.text._ZN8Computer17CheckIncomingDataEv
                0x080088ac        0x8 ..\obj\Computer.o
 .ARM.exidx.text.ReadLine
                0x080088b4        0x8 ..\obj\Computer.o
 .ARM.exidx.text.USART1_IRQHandler
                0x080088bc       0x10 ..\obj\Computer.o
                                  0x8 (size before relaxing)
 .ARM.exidx.text._ZN17TemperatureSensor5ResetEv
                0x080088cc        0x8 ..\obj\TemperatureSensor.o
 .ARM.exidx.text._ZN17TemperatureSensor15StartConversionEv
                0x080088d4        0x8 ..\obj\TemperatureSensor.o
 .ARM.exidx.text._ZN17TemperatureSensor4InitEmP12GPIO_TypeDeft
                0x080088dc        0x8 ..\obj\TemperatureSensor.o
 .ARM.exidx.text._ZN17TemperatureSensor15ReadTemperatureEv
                0x080088e4        0x8 ..\obj\TemperatureSensor.o
 .ARM.exidx.text._ZN17TemperatureSensor11TempIsValidEv
                0x080088ec        0x8 ..\obj\TemperatureSensor.o
 .ARM.exidx.text._ZN17TemperatureSensor14GetTemperatureERA7_c
                0x080088f4        0x0 ..\obj\TemperatureSensor.o
                                  0x8 (size before relaxing)
 .ARM.exidx.text._ZN17TemperatureSensor14GetTemperatureEv
                0x080088f4        0x0 ..\obj\TemperatureSensor.o
                                  0x8 (size before relaxing)
 .ARM.exidx.text._ZN5RADIO4initEb
                0x080088f4        0x0 ..\obj\radio.o
                                  0x8 (size before relaxing)
 .ARM.exidx.text._ZN5RADIO4termEv
                0x080088f4        0x0 ..\obj\radio.o
                                  0x8 (size before relaxing)
 .ARM.exidx.text._ZN5RADIO9setVolumeEh
                0x080088f4        0x0 ..\obj\radio.o
                                  0x8 (size before relaxing)
 .ARM.exidx.text._ZN5RADIO9getVolumeEv
                0x080088f4        0x0 ..\obj\radio.o
                                  0x8 (size before relaxing)
 .ARM.exidx.text._ZN5RADIO12setBassBoostEb
                0x080088f4        0x0 ..\obj\radio.o
                                  0x8 (size before relaxing)
 .ARM.exidx.text._ZN5RADIO12getBassBoostEv
                0x080088f4        0x0 ..\obj\radio.o
                                  0x8 (size before relaxing)
 .ARM.exidx.text._ZN5RADIO7setMonoEb
                0x080088f4        0x0 ..\obj\radio.o
                                  0x8 (size before relaxing)
 .ARM.exidx.text._ZN5RADIO7getMonoEv
                0x080088f4        0x0 ..\obj\radio.o
                                  0x8 (size before relaxing)
 .ARM.exidx.text._ZN5RADIO7setMuteEb
                0x080088f4        0x0 ..\obj\radio.o
                                  0x8 (size before relaxing)
 .ARM.exidx.text._ZN5RADIO7getMuteEv
                0x080088f4        0x0 ..\obj\radio.o
                                  0x8 (size before relaxing)
 .ARM.exidx.text._ZN5RADIO11setSoftMuteEb
                0x080088f4        0x0 ..\obj\radio.o
                                  0x8 (size before relaxing)
 .ARM.exidx.text._ZN5RADIO11getSoftMuteEv
                0x080088f4        0x0 ..\obj\radio.o
                                  0x8 (size before relaxing)
 .ARM.exidx.text._ZN5RADIO7setBandE10RADIO_BAND
                0x080088f4        0x0 ..\obj\radio.o
                                  0x8 (size before relaxing)
 .ARM.exidx.text._ZN5RADIO12setFrequencyEt
                0x080088f4        0x0 ..\obj\radio.o
                                  0x8 (size before relaxing)
 .ARM.exidx.text._ZN5RADIO8seekDownEb
                0x080088f4        0x0 ..\obj\radio.o
                                  0x8 (size before relaxing)
 .ARM.exidx.text._ZN5RADIO7getBandEv
                0x080088f4        0x0 ..\obj\radio.o
                                  0x8 (size before relaxing)
 .ARM.exidx.text._ZN5RADIO12getFrequencyEv
                0x080088f4        0x0 ..\obj\radio.o
                                  0x8 (size before relaxing)
 .ARM.exidx.text._ZN5RADIO15getMinFrequencyEv
                0x080088f4        0x0 ..\obj\radio.o
                                  0x8 (size before relaxing)
 .ARM.exidx.text._ZN5RADIO15getMaxFrequencyEv
                0x080088f4        0x0 ..\obj\radio.o
                                  0x8 (size before relaxing)
 .ARM.exidx.text._ZN5RADIO16getFrequencyStepEv
                0x080088f4        0x0 ..\obj\radio.o
                                  0x8 (size before relaxing)
 .ARM.exidx.text._ZN5RADIO8checkRDSEPtS0_S0_S0_
                0x080088f4        0x0 ..\obj\radio.o
                                  0x8 (size before relaxing)
 .ARM.exidx.text._ZN5RADIO12getRadioInfoEP10RADIO_INFO
                0x080088f4        0x0 ..\obj\radio.o
                                  0x8 (size before relaxing)
 .ARM.exidx.text._ZN5RADIO12getAudioInfoEP10AUDIO_INFO
                0x080088f4        0x0 ..\obj\radio.o
                                  0x8 (size before relaxing)
 .ARM.exidx.text._ZN5RADIO15formatFrequencyEPch
                0x080088f4        0x8 ..\obj\radio.o
 .ARM.exidx.text._ZN5RADIOC2Ev
                0x080088fc        0x8 ..\obj\radio.o
 .ARM.exidx.text._ZN7DS18B205ResetEv
                0x08008904        0x8 ..\obj\DS18B20.o
 .ARM.exidx.text._ZN7DS18B204InitEmP12GPIO_TypeDeft
                0x0800890c        0x8 ..\obj\DS18B20.o
 .ARM.exidx.text._ZN7DS18B207BitReadEv
                0x08008914        0x0 ..\obj\DS18B20.o
                                  0x8 (size before relaxing)
 .ARM.exidx.text._ZN7DS18B208BitWriteEh
                0x08008914        0x0 ..\obj\DS18B20.o
                                  0x8 (size before relaxing)
 .ARM.exidx.text._ZN7DS18B207ROMSkipEv
                0x08008914        0x8 ..\obj\DS18B20.o
 .ARM.exidx.text._ZN7DS18B2011TempConvertEv
                0x0800891c        0x0 ..\obj\DS18B20.o
                                  0x8 (size before relaxing)
 .ARM.exidx.text._ZN7DS18B2013ScratchpadSetEcch
                0x0800891c        0x8 ..\obj\DS18B20.o
 .ARM.exidx.text._ZN7DS18B2012SetPrecisionEh
                0x08008924        0x8 ..\obj\DS18B20.o
 .ARM.exidx.text._ZN7DS18B2014TempReadSimpleEPNS_12simple_floatE
                0x0800892c       0x10 ..\obj\DS18B20.o
                                  0x8 (size before relaxing)
 .ARM.exidx.text._ZN7Display15SetDisplayStateEb
                0x0800893c        0x0 ..\obj\Display.o
                                  0x8 (size before relaxing)
 .ARM.exidx.text._ZN7Display16DrawSecondScreenEv
                0x0800893c        0x8 ..\obj\Display.o
 .ARM.exidx.text._ZN7Display15SetActiveScreenENS_7ScreensE
                0x08008944        0x8 ..\obj\Display.o
 .ARM.exidx.text._ZN7Display7SetTempEhPKc
                0x0800894c        0x0 ..\obj\Display.o
                                  0x8 (size before relaxing)
 .ARM.exidx.text._ZN7Display15SetHeatingStateEb
                0x0800894c        0x0 ..\obj\Display.o
                                  0x8 (size before relaxing)
 .ARM.exidx.text._ZN7Display19SetNoWaterAvailableEb
                0x0800894c        0x0 ..\obj\Display.o
                                  0x8 (size before relaxing)
 .ARM.exidx.text._ZN7Display18SetNoTempAvailableEb
                0x0800894c        0x0 ..\obj\Display.o
                                  0x8 (size before relaxing)
 .ARM.exidx.text._ZN7Display12SetStatusBarEPKc
                0x0800894c        0x0 ..\obj\Display.o
                                  0x8 (size before relaxing)
 .ARM.exidx.text._ZN7Display14ClearStatusBarEv
                0x0800894c        0x0 ..\obj\Display.o
                                  0x8 (size before relaxing)
 .ARM.exidx.text._ZN7Display13SetAudioStateEb
                0x0800894c        0x0 ..\obj\Display.o
                                  0x8 (size before relaxing)
 .ARM.exidx.text._ZN7Display14SetAudioSourceEPKc
                0x0800894c        0x0 ..\obj\Display.o
                                  0x8 (size before relaxing)
 .ARM.exidx.text._ZN7Display13SetRadioStateEb
                0x0800894c        0x0 ..\obj\Display.o
                                  0x8 (size before relaxing)
 .ARM.exidx.text._ZN7Display14SetRadioStereoEb
                0x0800894c        0x0 ..\obj\Display.o
                                  0x8 (size before relaxing)
 .ARM.exidx.text._ZN7Display15SetRadioChannelEt
                0x0800894c        0x8 ..\obj\Display.o
 .ARM.exidx.text._ZN7Display22SetRadioSignalstrengthEc
                0x08008954        0x8 ..\obj\Display.o
 .ARM.exidx.text._ZN7Display9WriteTextEhPKc
                0x0800895c        0x0 ..\obj\Display.o
                                  0x8 (size before relaxing)
 .ARM.exidx.text._ZN7Display17ClearSecondScreenEv
                0x0800895c        0x0 ..\obj\Display.o
                                  0x8 (size before relaxing)
 .ARM.exidx.text._ZN7Display4InitEv
                0x0800895c        0x8 ..\obj\Display.o
 .ARM.exidx.text._ZN7Display13DrawWaterIconEv
                0x08008964        0x8 ..\obj\Display.o
 .ARM.exidx.text._ZN7Display13DrawFrostIconEv
                0x0800896c        0x8 ..\obj\Display.o
 .ARM.exidx.text._ZN7Display18DrawSignalStrengthEv
                0x08008974        0x8 ..\obj\Display.o
 .ARM.exidx.text._ZN7Display14DrawMainScreenEv
                0x0800897c        0x8 ..\obj\Display.o
 .ARM.exidx.text._ZN7Display4DrawEv
                0x08008984       0x10 ..\obj\Display.o
                                  0x8 (size before relaxing)
 .ARM.exidx.text._ZN6Keypad7McpInitEv
                0x08008994        0x8 ..\obj\Keypad.o
 .ARM.exidx.text._ZN6Keypad4InitEv
                0x0800899c        0x8 ..\obj\Keypad.o
 .ARM.exidx.text._ZN6Keypad15IsKeypadWorkingEv
                0x080089a4        0x8 ..\obj\Keypad.o
 .ARM.exidx.text._ZN6Keypad19RegisterForCallbackER4Keys
                0x080089ac        0x0 ..\obj\Keypad.o
                                  0x8 (size before relaxing)
 .ARM.exidx.text._ZN6Keypad8ReadKeysEv
                0x080089ac        0x8 ..\obj\Keypad.o
 .ARM.exidx.text._ZN6Keypad16CheckKeysPressedEv
                0x080089b4        0x8 ..\obj\Keypad.o
 .ARM.exidx.text._ZN8mcp230178I2C_initEv
                0x080089bc        0x8 ..\obj\mcp23017.o
 .ARM.exidx.text._ZN8mcp2301715WaitWithTimeoutEm
                0x080089c4        0x8 ..\obj\mcp23017.o
 .ARM.exidx.text._ZN8mcp230174ReadEcRc
                0x080089cc        0x8 ..\obj\mcp23017.o
 .ARM.exidx.text._ZN8mcp230175WriteEcc
                0x080089d4        0x0 ..\obj\mcp23017.o
                                  0x8 (size before relaxing)
 .ARM.exidx.text._ZN8mcp230174InitEP11I2C_TypeDefmP12GPIO_TypeDefmtttb
                0x080089d4        0x8 ..\obj\mcp23017.o
 .ARM.exidx.text._ZN8mcp230179DirectionENS_4PortEc
                0x080089dc        0x8 ..\obj\mcp23017.o
 .ARM.exidx.text._ZN8mcp2301716ConfigurePullUpsENS_4PortEc
                0x080089e4        0x0 ..\obj\mcp23017.o
                                  0x8 (size before relaxing)
 .ARM.exidx.text._ZN8mcp2301715InterruptEnableENS_4PortEc
                0x080089e4        0x0 ..\obj\mcp23017.o
                                  0x8 (size before relaxing)
 .ARM.exidx.text._ZN8mcp2301716MirrorInterruptsEb
                0x080089e4        0x8 ..\obj\mcp23017.o
 .ARM.exidx.text._ZN8mcp230175WriteENS_4PortEc
                0x080089ec        0x8 ..\obj\mcp23017.o
 .ARM.exidx.text._ZN8mcp230174ReadENS_4PortERc
                0x080089f4        0x0 ..\obj\mcp23017.o
                                  0x8 (size before relaxing)
 .ARM.exidx.text._ZN6SI4703C2Ev
                0x080089f4        0x8 ..\obj\SI4703.o
 .ARM.exidx.text._ZN6SI470314_readRegistersEv
                0x080089fc        0x8 ..\obj\SI4703.o
 .ARM.exidx.text._ZN6SI470312getFrequencyEv
                0x08008a04        0x8 ..\obj\SI4703.o
 .ARM.exidx.text._ZN6SI47038checkRDSEPtS0_S0_S0_
                0x08008a0c        0x8 ..\obj\SI4703.o
 .ARM.exidx.text._ZN6SI470314_saveRegistersEv
                0x08008a14        0x8 ..\obj\SI4703.o
 .ARM.exidx.text._ZN6SI47034initEb
                0x08008a1c        0x8 ..\obj\SI4703.o
 .ARM.exidx.text._ZN6SI47038setPowerEb
                0x08008a24        0x8 ..\obj\SI4703.o
 .ARM.exidx.text._ZN6SI47038_waitEndEv
                0x08008a2c        0x8 ..\obj\SI4703.o
 .ARM.exidx.text._ZN6SI470312setFrequencyEt
                0x08008a34        0x8 ..\obj\SI4703.o
 .ARM.exidx.text._ZN6SI47035_seekEb
                0x08008a3c        0x0 ..\obj\SI4703.o
                                  0x8 (size before relaxing)
 .ARM.exidx.text._ZN6SI47036seekUpEb
                0x08008a3c        0x8 ..\obj\SI4703.o
 .ARM.exidx.text._ZN6SI47038seekDownEb
                0x08008a44        0x0 ..\obj\SI4703.o
                                  0x8 (size before relaxing)
 .ARM.exidx.text._ZN6SI47039setVolumeEh
                0x08008a44        0x8 ..\obj\SI4703.o
 .ARM.exidx.text._ZN6SI47037setMonoEb
                0x08008a4c        0x0 ..\obj\SI4703.o
                                  0x8 (size before relaxing)
 .ARM.exidx.text._ZN6SI47037setMuteEb
                0x08008a4c        0x0 ..\obj\SI4703.o
                                  0x8 (size before relaxing)
 .ARM.exidx.text._ZN6SI470311setSoftMuteEb
                0x08008a4c        0x0 ..\obj\SI4703.o
                                  0x8 (size before relaxing)
 .ARM.exidx.text._ZN6SI47037setBandE10RADIO_BAND
                0x08008a4c        0x8 ..\obj\SI4703.o
 .ARM.exidx.text._ZN6SI470312getRadioInfoEP10RADIO_INFO
                0x08008a54        0x8 ..\obj\SI4703.o
 .ARM.exidx.text._ZN6SI470312getAudioInfoEP10AUDIO_INFO
                0x08008a5c        0x8 ..\obj\SI4703.o
 .ARM.exidx.text._ZN10RelayBoard4InitEv
                0x08008a64        0x8 ..\obj\RelayBoard.o
 .ARM.exidx.text._ZN10RelayBoard11SwitchRelayENS_6RelaysEb
                0x08008a6c        0x8 ..\obj\RelayBoard.o
 .ARM.exidx.text._ZN10RelayBoard13ResetToSafetyEv
                0x08008a74        0x8 ..\obj\RelayBoard.o
 .ARM.exidx.text._ZN10RelayBoard10ResetAudioEv
                0x08008a7c        0x8 ..\obj\RelayBoard.o
 .ARM.exidx.text._ZN13EntController14RdsReceiveTimeEhh
                0x08008a84        0x0 ..\obj\EntController.o
                                  0x8 (size before relaxing)
 .ARM.exidx.text._ZThn4_N13EntController14RdsReceiveTimeEhh
                0x08008a84        0x0 ..\obj\EntController.o
                                  0x8 (size before relaxing)
 .ARM.exidx.text._ZN13EntController14RdsReceiveTextEPc
                0x08008a84        0x0 ..\obj\EntController.o
                                  0x8 (size before relaxing)
 .ARM.exidx.text._ZThn4_N13EntController14RdsReceiveTextEPc
                0x08008a84        0x8 ..\obj\EntController.o
 .ARM.exidx.text._ZN13EntController21RdsReceiveServiceNameEPc
                0x08008a8c        0x8 ..\obj\EntController.o
 .ARM.exidx.text._ZThn4_N13EntController21RdsReceiveServiceNameEPc
                0x08008a94        0x8 ..\obj\EntController.o
 .ARM.exidx.text._ZN13EntController17RotateAudioOutputEv.part.0.constprop.6
                0x08008a9c        0x8 ..\obj\EntController.o
 .ARM.exidx.text._ZN13EntControllerC2Ev
                0x08008aa4        0x8 ..\obj\EntController.o
 .ARM.exidx.text._ZN13EntController6MoveTVEb
                0x08008aac        0x0 ..\obj\EntController.o
                                  0x8 (size before relaxing)
 .ARM.exidx.text._ZN13EntController4InitEv
                0x08008aac        0x8 ..\obj\EntController.o
 .ARM.exidx.text._ZN13EntController13ChangeChannelEbb
                0x08008ab4        0x8 ..\obj\EntController.o
 .ARM.exidx.text._ZN13EntController11SetAudioOutENS_11AudioOutputE
                0x08008abc        0x8 ..\obj\EntController.o
 .ARM.exidx.text._ZN13EntController7MonitorEv
                0x08008ac4        0x8 ..\obj\EntController.o
 .ARM.exidx.text._ZN13EntController8ToggleTVEv.part.3.constprop.8
                0x08008acc        0x8 ..\obj\EntController.o
 .ARM.exidx.text._ZN13EntController11TogglePowerEv
                0x08008ad4        0x0 ..\obj\EntController.o
                                  0x8 (size before relaxing)
 .ARM.exidx.text._ZN13EntController12ChangeVolumeEb
                0x08008ad4        0x8 ..\obj\EntController.o
 .ARM.exidx.text._ZN13EntController15KeyDataReceivedEtb
                0x08008adc        0x8 ..\obj\EntController.o
 .ARM.exidx.text.startup.main
                0x08008ae4        0x8 ..\obj\main.o
 .ARM.exidx.text._ZN13SpaControllerC2Ev
                0x08008aec        0x8 ..\obj\SpaController.o
 .ARM.exidx.text._ZN13SpaController12SwitchHeaterEb
                0x08008af4        0x8 ..\obj\SpaController.o
 .ARM.exidx.text._ZN13SpaController9CheckTempEf
                0x08008afc        0x8 ..\obj\SpaController.o
 .ARM.exidx.text._ZN13SpaController19WriteFloatToDisplayEfc
                0x08008b04        0x8 ..\obj\SpaController.o
 .ARM.exidx.text._ZN13SpaController4InitEv
                0x08008b0c        0x8 ..\obj\SpaController.o
 .ARM.exidx.text._ZN13SpaController10ToggleJetsEv
                0x08008b14        0x8 ..\obj\SpaController.o
 .ARM.exidx.text._ZN13SpaController9ToggleGasEv
                0x08008b1c        0x0 ..\obj\SpaController.o
                                  0x8 (size before relaxing)
 .ARM.exidx.text._ZN13SpaController10ToggleHeatEv