Archive member included because of file (symbol)

C:\Program Files (x86)\GNU Tools ARM Embedded\4.9 2015q3\arm-none-eabi\lib\armv7-m\libstdc++_nano.a(si_class_type_info.o)
                              ..\obj\SI4703.o (vtable for __cxxabiv1::__si_class_type_info)
C:\Program Files (x86)\GNU Tools ARM Embedded\4.9 2015q3\arm-none-eabi\lib\armv7-m\libstdc++_nano.a(vmi_class_type_info.o)
                              ..\obj\EntController.o (vtable for __cxxabiv1::__vmi_class_type_info)
C:\Program Files (x86)\GNU Tools ARM Embedded\4.9 2015q3\arm-none-eabi\lib\armv7-m\libstdc++_nano.a(tinfo.o)
                              C:\Program Files (x86)\GNU Tools ARM Embedded\4.9 2015q3\arm-none-eabi\lib\armv7-m\libstdc++_nano.a(si_class_type_info.o) (std::type_info::__is_pointer_p() const)
C:\Program Files (x86)\GNU Tools ARM Embedded\4.9 2015q3\arm-none-eabi\lib\armv7-m\libstdc++_nano.a(class_type_info.o)
                              C:\Program Files (x86)\GNU Tools ARM Embedded\4.9 2015q3\arm-none-eabi\lib\armv7-m\libstdc++_nano.a(si_class_type_info.o) (__cxxabiv1::__class_type_info::__do_upcast(__cxxabiv1::__class_type_info const*, void**) const)
C:\Program Files (x86)\GNU Tools ARM Embedded\4.9 2015q3\arm-none-eabi\lib\armv7-m\libstdc++_nano.a(guard.o)
                              ..\obj\EntController.o (__cxa_guard_acquire)
C:\Program Files (x86)\GNU Tools ARM Embedded\4.9 2015q3\arm-none-eabi\lib\armv7-m\libstdc++_nano.a(del_op.o)
                              C:\Program Files (x86)\GNU Tools ARM Embedded\4.9 2015q3\arm-none-eabi\lib\armv7-m\libstdc++_nano.a(si_class_type_info.o) (operator delete(void*))
c:/program files (x86)/gnu tools arm embedded/4.9 2015q3/bin/../lib/gcc/arm-none-eabi/4.9.3/armv7-m\libgcc.a(_arm_addsubdf3.o)
                              ..\obj\DS18B20.o (__aeabi_dadd)
c:/program files (x86)/gnu tools arm embedded/4.9 2015q3/bin/../lib/gcc/arm-none-eabi/4.9.3/armv7-m\libgcc.a(_arm_muldivdf3.o)
                              ..\obj\DS18B20.o (__aeabi_dmul)
c:/program files (x86)/gnu tools arm embedded/4.9 2015q3/bin/../lib/gcc/arm-none-eabi/4.9.3/armv7-m\libgcc.a(_arm_fixdfsi.o)
                              ..\obj\DS18B20.o (__aeabi_d2iz)
c:/program files (x86)/gnu tools arm embedded/4.9 2015q3/bin/../lib/gcc/arm-none-eabi/4.9.3/armv7-m\libgcc.a(_arm_truncdfsf2.o)
                              ..\obj\DS18B20.o (__aeabi_d2f)
c:/program files (x86)/gnu tools arm embedded/4.9 2015q3/bin/../lib/gcc/arm-none-eabi/4.9.3/armv7-m\libgcc.a(_arm_addsubsf3.o)
                              ..\obj\SpaController.o (__aeabi_fsub)
c:/program files (x86)/gnu tools arm embedded/4.9 2015q3/bin/../lib/gcc/arm-none-eabi/4.9.3/armv7-m\libgcc.a(_arm_muldivsf3.o)
                              ..\obj\DS18B20.o (__aeabi_fmul)
c:/program files (x86)/gnu tools arm embedded/4.9 2015q3/bin/../lib/gcc/arm-none-eabi/4.9.3/armv7-m\libgcc.a(_arm_cmpsf2.o)
                              ..\obj\SpaController.o (__aeabi_fcmplt)
c:/program files (x86)/gnu tools arm embedded/4.9 2015q3/bin/../lib/gcc/arm-none-eabi/4.9.3/armv7-m\libgcc.a(_arm_fixsfsi.o)
                              ..\obj\SpaController.o (__aeabi_f2iz)
c:/program files (x86)/gnu tools arm embedded/4.9 2015q3/bin/../lib/gcc/arm-none-eabi/4.9.3/armv7-m\libgcc.a(_arm_fixunssfsi.o)
                              ..\obj\DS18B20.o (__aeabi_f2uiz)
c:/program files (x86)/gnu tools arm embedded/4.9 2015q3/bin/../lib/gcc/arm-none-eabi/4.9.3/armv7-m\libgcc.a(unwind-arm.o)
                              ..\obj\radio.o (__aeabi_unwind_cpp_pr0)
c:/program files (x86)/gnu tools arm embedded/4.9 2015q3/bin/../lib/gcc/arm-none-eabi/4.9.3/armv7-m\libgcc.a(libunwind.o)
                              c:/program files (x86)/gnu tools arm embedded/4.9 2015q3/bin/../lib/gcc/arm-none-eabi/4.9.3/armv7-m\libgcc.a(unwind-arm.o) (restore_core_regs)
c:/program files (x86)/gnu tools arm embedded/4.9 2015q3/bin/../lib/gcc/arm-none-eabi/4.9.3/armv7-m\libgcc.a(pr-support.o)
                              c:/program files (x86)/gnu tools arm embedded/4.9 2015q3/bin/../lib/gcc/arm-none-eabi/4.9.3/armv7-m\libgcc.a(unwind-arm.o) (__gnu_unwind_execute)
C:\Program Files (x86)\GNU Tools ARM Embedded\4.9 2015q3\arm-none-eabi\lib\armv7-m\libg.a(lib_a-malloc.o)
                              C:\Program Files (x86)\GNU Tools ARM Embedded\4.9 2015q3\arm-none-eabi\lib\armv7-m\libstdc++_nano.a(del_op.o) (free)
C:\Program Files (x86)\GNU Tools ARM Embedded\4.9 2015q3\arm-none-eabi\lib\armv7-m\libg.a(lib_a-mallocr.o)
                              C:\Program Files (x86)\GNU Tools ARM Embedded\4.9 2015q3\arm-none-eabi\lib\armv7-m\libg.a(lib_a-malloc.o) (_malloc_r)
C:\Program Files (x86)\GNU Tools ARM Embedded\4.9 2015q3\arm-none-eabi\lib\armv7-m\libg.a(lib_a-memcmp.o)
                              ..\obj\OVC3860.o (memcmp)
C:\Program Files (x86)\GNU Tools ARM Embedded\4.9 2015q3\arm-none-eabi\lib\armv7-m\libg.a(lib_a-memcpy.o)
[...]
Memory Configuration

Name             Origin             Length             Attributes
rom              0x08000000         0x00010000         xr
ram              0x20000000         0x00005000         xrw
*default*        0x00000000         0xffffffff

Linker script and memory map

                0x20005000                _eram = 0x20005000

.text           0x08000000     0xd10a
 *(.isr_vector)
 .isr_vector    0x08000000      0x10c ..\obj\startup_stm32f10x_md.o
                0x08000000                g_pfnVectors
 *(.text*)
 .text          0x0800010c      0x13c ..\obj\u8g_pb.o
                0x0800010c                u8g_pb_Clear
                0x08000120                u8g_pb_IsYIntersection
                0x08000150                u8g_pb_IsXIntersection
                0x08000164                u8g_pb_IsIntersection
                0x080001c4                u8g_pb_GetPageBox
                0x080001d8                u8g_pb_Is8PixelVisible
                0x08000234                u8g_pb_WriteBuffer
 .text          0x08000248        0x4 ..\obj\u8g_com_arduino_st7920_custom.o
                0x08000248                u8g_com_arduino_st7920_custom_fn
 .text          0x0800024c      0x4b8 ..\obj\printf.o
                0x0800024c                SetOutputUart
                0x08000258                PrintChar
                0x08000298                PutChar
                0x080002a0                PutString
                0x080002c4                PutUnsignedInt
                0x08000318                PutSignedInt
                0x080003b4                PutHexa
                0x0800041c                vsnprintf
                0x08000594                snprintf
                0x080005b4                vsprintf
                0x080005c8                sprintf
                0x080005e8                fputc
                0x08000610                fputs
                0x0800064c                vfprintf
                0x08000698                vprintf
                0x080006ac                printf
                0x080006d4                fprintf
                0x080006f4                puts
 .text          0x08000704       0x4c ..\obj\syscalls.o
                0x08000704                _sbrk
                0x08000720                link
                0x08000728                _close
                0x08000730                _fstat
                0x0800073c                _isatty
                0x08000740                _lseek
                0x08000744                _read
                0x08000748                _write
                0x0800074c                abort
 .text          0x08000750      0x1b8 ..\obj\u8g_dev_st7920_128x64.o
                0x08000750                u8g_dev_st7920_128x64_fn
                0x0800082c                u8g_dev_st7920_128x64_4x_fn
 .text          0x08000908      0x164 ..\obj\u8g_com_api.o
                0x08000908                u8g_InitCom
                0x08000918                u8g_StopCom
                0x0800092c                u8g_SetChipSelect
                0x0800093c                u8g_SetResetLow
                0x08000950                u8g_SetResetHigh
                0x08000964                u8g_SetAddress
                0x08000974                u8g_WriteByte
                0x08000984                u8g_WriteSequence
                0x08000994                u8g_WriteSequenceP
                0x080009a4                u8g_WriteEscSeqP
 .text          0x08000a6c      0x1c4 ..\obj\radio.o
                0x08000a6c                RADIO::init(bool)
                0x08000a70                RADIO::term()
                0x08000a74                RADIO::setVolume(unsigned char)
                0x08000a78                RADIO::getVolume()
                0x08000a7c                RADIO::setBassBoost(bool)
                0x08000a80                RADIO::getBassBoost()
                0x08000a84                RADIO::setMono(bool)
                0x08000a88                RADIO::getMono()
                0x08000a8c                RADIO::setMute(bool)
                0x08000a90                RADIO::getMute()
                0x08000a94                RADIO::setSoftMute(bool)
                0x08000a98                RADIO::getSoftMute()
                0x08000a9c                RADIO::setBand(RADIO_BAND)
                0x08000ac0                RADIO::setFrequency(unsigned short)
                0x08000ac4                RADIO::seekUp(bool)
                0x08000ac8                RADIO::seekDown(bool)
                0x08000acc                RADIO::getBand()
                0x08000ad0                RADIO::getFrequency()
                0x08000ad4                RADIO::getMinFrequency()
                0x08000ad8                RADIO::getMaxFrequency()
                0x08000adc                RADIO::getFrequencyStep()
                0x08000ae0                RADIO::checkRDS(unsigned short*, unsigned short*, unsigned short*, unsigned short*)
                0x08000ae4                RADIO::getRadioInfo(RADIO_INFO*)
                0x08000b08                RADIO::getAudioInfo(AUDIO_INFO*)
                0x08000b34                RADIO::formatFrequency(char*, unsigned char)
                0x08000bd4                RADIO::RADIO()
                0x08000bd4                RADIO::RADIO()
                0x08000bf4                RADIO::int16_to_s(char*, unsigned short)
 .text          0x08000c30      0x524 ..\obj\DS18B20.o
                0x08000c30                DS18B20::Reset()
                0x08000cb8                DS18B20::Init(unsigned long, GPIO_TypeDef*, unsigned short)
                0x08000d04                DS18B20::BitRead()
                0x08000d54                DS18B20::ByteRead()
                0x08000d78                DS18B20::BitWrite(unsigned char)
                0x08000dd8                DS18B20::ByteWrite(unsigned char)
                0x08000df8                DS18B20::AlarmSearch()
                0x08000dfc                DS18B20::ROMRead()
                0x08000e30                DS18B20::ROMMatch()
                0x08000e78                DS18B20::ROMSkip()
                0x08000e98                DS18B20::TempConvert()
                0x08000eb8                DS18B20::ScratchpadCopy()
                0x08000ee0                DS18B20::ScratchpadSet(char, char, unsigned char)
                0x08000f4c                DS18B20::SetPrecision(unsigned char)
                0x08000f68                DS18B20::TempRead(float*)
                0x08001014                DS18B20::TempReadSimple(DS18B20::simple_float*)
                0x080010bc                DS18B20::EEROMRecall()
                0x080010f4                DS18B20::PowerSupplyRead()
                0x08001120                DS18B20::ScratchpadRead(unsigned char*)
 .text          0x08001154       0x10 ..\obj\u8g_state.o
                0x08001154                u8g_state_dummy_cb
                0x08001158                u8g_SetHardwareBackup
                0x08001160                u8g_backup_spi
 .text          0x08001164      0x5dc ..\obj\Display.o
                0x08001164                Display::SetDisplayState(bool)
                0x08001174                Display::DrawSecondScreen()
                0x080011d4                Display::SetActiveScreen(Display::Screens)
                0x080011dc                Display::SetTemp(unsigned char, char const*)
                0x08001208                Display::SetHeatingState(bool)
                0x08001210                Display::SetErrorText(char const*)
                0x08001234                Display::ClearErrorText()
                0x08001260                Display::SetStatusBar(char const*)
                0x08001284                Display::ClearStatusBar()
                0x08001290                Display::SetAudioState(bool)
                0x08001298                Display::SetAudioSource(char const*)
                0x080012bc                Display::SetRadioState(bool)
                0x080012c4                Display::SetRadioStereo(bool)
                0x080012cc                Display::SetRadioChannel(unsigned short)
                0x08001308                Display::SetRadioSignalstrength(char)
                0x08001310                Display::WriteText(unsigned char, char const*)
                0x08001340                Display::WriteHLine(unsigned char, unsigned char, unsigned char, unsigned char)
                0x08001360                Display::WriteVLine(unsigned char, unsigned char, unsigned char, unsigned char)
                0x08001380                Display::ClearSecondScreen()
                0x080013c8                Display::Init()
                0x08001460                Display::DrawWaterIcon()
                0x080014bc                Display::DrawFrostIcon()
                0x08001514                Display::DrawSignalStrength()
                0x080015f8                Display::DrawMainScreen()
                0x08001710                Display::Draw()
 .text          0x08001740      0x488 ..\obj\u8g_ll_api.o
                0x08001740                u8g_call_dev_fn
                0x0800174c                u8g_InitLL
                0x08001778                u8g_FirstPageLL
                0x080017b0                u8g_NextPageLL
                0x080017ec                u8g_SetContrastLL
                0x08001800                u8g_DrawPixelLL
                0x0800181c                u8g_Draw8PixelLL
                0x08001844                u8g_Draw4TPixelLL
                0x0800186c                u8g_GetWidthLL
                0x08001884                u8g_GetHeightLL
                0x0800189c                u8g_GetModeLL
                0x080018ac                u8g_UpdateDimension
                0x080018f8                u8g_Begin
                0x08001910                u8g_Init
                0x0800195c                u8g_InitComFn
                0x080019b0                u8g_FirstPage
                0x080019b8                u8g_NextPage
                0x080019d0                u8g_SetContrast
                0x080019e8                u8g_SleepOn
                0x080019fc                u8g_SleepOff
                0x08001a10                u8g_DrawPixel
                0x08001a2c                u8g_Draw8Pixel
                0x08001a54                u8g_Draw4TPixel
                0x08001a7c                u8g_Draw8ColorPixel
                0x08001aa8                u8g_SetColorEntry
                0x08001ad0                u8g_SetColorIndex
                0x08001ad8                u8g_SetHiColor
                0x08001ae4                u8g_SetHiColorByRGB
                0x08001b00                u8g_SetRGB
                0x08001b58                u8g_GetColorIndex
                0x08001b60                u8g_GetDefaultForegroundColor
                0x08001b74                u8g_SetDefaultForegroundColor
                0x08001ba0                u8g_GetDefaultBackgroundColor
                0x08001ba4                u8g_SetDefaultBackgroundColor
                0x08001bac                u8g_GetDefaultMidColor
                0x08001bb8                u8g_SetDefaultMidColor
 .text          0x08001bc8       0x60 ..\obj\u8g_page.o
                0x08001bc8                u8g_page_First
                0x08001bd8                u8g_page_Init
                0x08001bec                u8g_page_Next
 .text          0x08001c28      0x2e4 ..\obj\stm32f10x_gpio.o
                0x08001c28                GPIO_DeInit
                0x08001d04                GPIO_AFIODeInit
                0x08001d1c                GPIO_Init
                0x08001dd8                GPIO_StructInit
                0x08001de8                GPIO_ReadInputDataBit
                0x08001df4                GPIO_ReadInputData
                0x08001dfc                GPIO_ReadOutputDataBit
                0x08001e08                GPIO_ReadOutputData
                0x08001e10                GPIO_SetBits
                0x08001e14                GPIO_ResetBits
                0x08001e18                GPIO_WriteBit
                0x08001e24                GPIO_Write
                0x08001e28                GPIO_PinLockConfig
                0x08001e38                GPIO_EventOutputConfig
                0x08001e58                GPIO_EventOutputCmd
                0x08001e64                GPIO_PinRemapConfig
                0x08001ed0                GPIO_EXTILineConfig
                0x08001f00                GPIO_ETH_MediaInterfaceConfig
 .text          0x08001f0c      0x368 ..\obj\stm32f10x_rcc.o
                0x08001f0c                RCC_DeInit
                0x08001f4c                RCC_HSEConfig
                0x08001f84                RCC_WaitForHSEStartUp
                0x08001fb8                RCC_AdjustHSICalibrationValue
                0x08001fcc                RCC_HSICmd
                0x08001fd8                RCC_PLLConfig
                0x08001fec                RCC_PLLCmd
                0x08001ff8                RCC_SYSCLKConfig
                0x0800200c                RCC_GetSYSCLKSource
                0x0800201c                RCC_HCLKConfig
                0x08002030                RCC_PCLK1Config
                0x08002044                RCC_PCLK2Config
                0x08002058                RCC_ITConfig
                0x08002070                RCC_USBCLKConfig
                0x0800207c                RCC_ADCCLKConfig
                0x08002090                RCC_LSEConfig
                0x080020b0                RCC_LSICmd
                0x080020bc                RCC_RTCCLKConfig
                0x080020cc                RCC_RTCCLKCmd
                0x080020d8                RCC_GetClocksFreq
                0x08002174                RCC_AHBPeriphClockCmd
                0x0800218c                RCC_APB2PeriphClockCmd
                0x080021a4                RCC_APB1PeriphClockCmd
                0x080021bc                RCC_APB2PeriphResetCmd
                0x080021d4                RCC_APB1PeriphResetCmd
                0x080021ec                RCC_BackupResetCmd
                0x080021f8                RCC_ClockSecuritySystemCmd
                0x08002204                RCC_MCOConfig
                0x08002210                RCC_GetFlagStatus
                0x08002244                RCC_ClearFlag
                0x08002254                RCC_GetITStatus
                0x08002268                RCC_ClearITPendingBit
 .text          0x08002274      0x1ec ..\obj\Keypad.o
                0x08002274                Keypad::Init()
                0x0800230c                Keypad::RegisterForCallback(KeypadInterrupt&)
                0x0800233c                Keypad::ReadKeys()
                0x08002358                Keypad::SetKeyCheckEnabled(bool)
                0x08002360                Keypad::CheckKeysPressed()
 .text          0x08002460      0x36c ..\obj\mcp23017.o
                0x08002460                mcp23017::I2C_init()
                0x080024f0                mcp23017::Read(char)
                0x08002598                mcp23017::Write(char, char)
                0x08002610                mcp23017::Init(I2C_TypeDef*, unsigned long, GPIO_TypeDef*, unsigned long, unsigned short, unsigned short, unsigned short, bool)
                0x08002660                mcp23017::Direction(mcp23017::Port, char)
                0x0800267c                mcp23017::ConfigurePullUps(mcp23017::Port, char)
                0x0800269c                mcp23017::ConfigureBanked(mcp23017::Bank)
                0x080026cc                mcp23017::InterruptEnable(mcp23017::Port, char)
                0x080026ec                mcp23017::MirrorInterrupts(bool)
                0x08002720                mcp23017::InterruptPolarity(mcp23017::Polarity)
                0x08002754                mcp23017::DefaultValue(mcp23017::Port, char)
                0x08002774                mcp23017::InterruptControl(mcp23017::Port, char)
                0x08002794                mcp23017::Write(mcp23017::Port, char)
                0x080027b4                mcp23017::Read(mcp23017::Port)
 .text.Reset_Handler
                0x080027cc       0x44 ..\obj\startup_stm32f10x_md.o
                0x080027cc                Reset_Handler
 .text.Default_Handler
                0x08002810       0x14 ..\obj\startup_stm32f10x_md.o
                0x08002810                EXTI2_IRQHandler
                0x08002810                DebugMon_Handler
                0x08002810                TIM1_CC_IRQHandler
                0x08002810                HardFault_Handler
                0x08002810                PVD_IRQHandler
                0x08002810                PendSV_Handler
                0x08002810                NMI_Handler
                0x08002810                EXTI3_IRQHandler
                0x08002810                EXTI0_IRQHandler
                0x08002810                I2C2_EV_IRQHandler
                0x08002810                UsageFault_Handler
                0x08002810                ADC1_2_IRQHandler
                0x08002810                SPI1_IRQHandler
                0x08002810                TAMPER_IRQHandler
                0x08002810                DMA1_Channel4_IRQHandler
                0x08002810                USART3_IRQHandler
                0x08002810                RTC_IRQHandler
                0x08002810                DMA1_Channel7_IRQHandler
                0x08002810                CAN1_RX1_IRQHandler
                0x08002810                TIM4_IRQHandler
                0x08002810                I2C1_EV_IRQHandler
                0x08002810                DMA1_Channel6_IRQHandler
                0x08002810                TIM3_IRQHandler
                0x08002810                RCC_IRQHandler
                0x08002810                TIM1_TRG_COM_IRQHandler
                0x08002810                DMA1_Channel1_IRQHandler
                0x08002810                Default_Handler
                0x08002810                EXTI15_10_IRQHandler
                0x08002810                EXTI9_5_IRQHandler
                0x08002810                SPI2_IRQHandler
                0x08002810                MemManage_Handler
                0x08002810                SVC_Handler
                0x08002810                DMA1_Channel5_IRQHandler
                0x08002810                EXTI4_IRQHandler
                0x08002810                USB_LP_CAN1_RX0_IRQHandler
                0x08002810                USB_HP_CAN1_TX_IRQHandler
                0x08002810                DMA1_Channel3_IRQHandler
                0x08002810                TIM1_UP_IRQHandler
                0x08002810                WWDG_IRQHandler
                0x08002810                TIM2_IRQHandler
                0x08002810                TIM1_BRK_IRQHandler
                0x08002810                EXTI1_IRQHandler
                0x08002810                RTCAlarm_IRQHandler
                0x08002810                USART2_IRQHandler
                0x08002810                I2C2_ER_IRQHandler
                0x08002810                DMA1_Channel2_IRQHandler
                0x08002810                CAN1_SCE_IRQHandler
                0x08002810                FLASH_IRQHandler
                0x08002810                BusFault_Handler
                0x08002810                I2C1_ER_IRQHandler
                0x08002810                USBWakeUp_IRQHandler
 .text          0x08002824      0x5d0 ..\obj\SI4703.o
                0x08002824                SI4703::SI4703()
                0x08002824                SI4703::SI4703()
                0x0800283c                SI4703::_readRegisters()
                0x08002918                SI4703::getFrequency()
                0x08002934                SI4703::checkRDS(unsigned short*, unsigned short*, unsigned short*, unsigned short*)
                0x08002960                SI4703::_saveRegisters()
                0x080029f4                SI4703::init(bool)
                0x08002b58                SI4703::setPower(bool)
                0x08002b9c                SI4703::_waitEnd()
                0x08002bd8                SI4703::setFrequency(unsigned short)
                0x08002c28                SI4703::_seek(bool)
                0x08002c58                SI4703::seekUp(bool)
                0x08002c7c                SI4703::seekDown(bool)
                0x08002ca0                SI4703::setVolume(unsigned char)
                0x08002ccc                SI4703::setMono(bool)
                0x08002d00                SI4703::setMute(bool)
                0x08002d30                SI4703::setSoftMute(bool)
                0x08002d64                SI4703::setBand(RADIO_BAND)
                0x08002d80                SI4703::getRadioInfo(RADIO_INFO*)
                0x08002dc0                SI4703::getAudioInfo(AUDIO_INFO*)
 .text          0x08002df4      0x3fc ..\obj\u8g_rect.o
                0x08002df4                u8g_draw_hline
                0x08002e68                u8g_draw_vline
                0x08002edc                u8g_DrawHLine
                0x08002f08                u8g_DrawVLine
                0x08002f34                u8g_DrawFrame
                0x08002f94                u8g_draw_box
                0x08002fc0                u8g_DrawBox
                0x08002ff4                u8g_DrawRFrame
                0x08003104                u8g_DrawRBox
 .text          0x080031f0      0x120 ..\obj\RelayBoard.o
                0x080031f0                RelayBoard::Init()
                0x08003264                RelayBoard::SwitchRelay(RelayBoard::Relays, bool)
                0x080032c8                RelayBoard::ResetToSafety()
                0x080032ec                RelayBoard::ResetAudio()
 .text          0x08003310        0x4 ..\obj\u8g_com_null.o
                0x08003310                u8g_com_null_fn
 .text          0x08003314      0x5d8 ..\obj\EntController.o
                0x08003314                EntController::RdsReceiveTime(unsigned char, unsigned char)
                0x08003318                non-virtual thunk to EntController::RdsReceiveTime(unsigned char, unsigned char)
                0x08003320                EntController::RdsReceiveText(char*)
                0x0800332c                non-virtual thunk to EntController::RdsReceiveText(char*)
                0x08003334                EntController::RdsReceiveServiceName(char*)
                0x0800335c                non-virtual thunk to EntController::RdsReceiveServiceName(char*)
                0x080033b8                EntController::EntController()
                0x080033b8                EntController::EntController()
                0x08003438                EntController::RotateAudioOutput()
                0x08003444                EntController::MoveTV(bool)
                0x080034a0                EntController::Init()
                0x08003514                EntController::ChangeChannel(bool, bool)
                0x08003558                EntController::ChangeVolume(bool)
                0x080035ac                EntController::SetAudioOut(EntController::AudioOutput)
                0x080036e8                EntController::Monitor()
                0x08003808                EntController::ToggleTV()
                0x08003814                EntController::TogglePower()
                0x08003838                EntController::KeypadKeysPressed(unsigned short, bool)
 .text          0x080038ec      0x12c ..\obj\delay.o
                0x080038ec                TimerInit
                0x08003964                SysTick_Handler
                0x08003974                SetSysTick
                0x08003980                GetSysTick
                0x0800398c                SysTickDelay1ms
                0x0800399c                SysTickDelayMs
                0x080039b8                DwtGet
                0x080039c4                DwtDelayUs
                0x080039f8                DwtDelay1ms
                0x08003a00                DwtDelayMs
 .text          0x08003a18      0x148 ..\obj\u8g_arm_uart.o
                0x08003a18                u8g_Delay
                0x08003a1c                u8g_MicroDelay
                0x08003a24                u8g_10MicroDelay
                0x08003a2c                init_UART3
                0x08003ab4                UART_write_byte
                0x08003ad0                u8g_com_uart_fn
 .text          0x08003b60      0x104 ..\obj\u8g_line.o
                0x08003b60                u8g_DrawLine
 .text          0x08003c64      0x1a4 ..\obj\usart.o
                0x08003c64                USART1_Init
                0x08003d18                USART2_Init
                0x08003d9c                USART2_SetTX
                0x08003dcc                usart_string_append
                0x08003de8                usart_clear_string
                0x08003df4                usart_get_string
                0x08003dfc                usart_get_string_length
 .text          0x08003e08      0x210 ..\obj\u8g_pb32h1.o
                0x08003e08                u8g_pb32h1_Clear
                0x08003e1c                u8g_pb32h1_Init
                0x08003e30                u8g_pb32h1_set_pixel
                0x08003e68                u8g_pb32h1_SetPixel
                0x08003e94                u8g_pb32h1_Set8PixelStd
                0x08003ee0                u8g_pb32h1_Set8PixelOpt2
                0x08003f44                u8g_dev_pb32h1_base_fn
 .text          0x08004018      0x1d8 ..\obj\u8g_pb8h1.o
                0x08004018                u8g_pb8h1_Init
                0x08004020                u8g_pb8h1_set_pixel
                0x08004058                u8g_pb8h1_SetPixel
                0x08004084                u8g_pb8h1_Set8PixelStd
                0x080040d0                u8g_pb8h1_Set8PixelOpt2
                0x08004134                u8g_dev_pb8h1_base_fn
 .text          0x080041f0       0x30 ..\obj\main.o
                0x080041f0                USART1_IRQHandler
 .text.startup  0x08004220      0x158 ..\obj\main.o
                0x08004220                main
 .text          0x08004378      0x7ec ..\obj\SpaController.o
                0x08004378                SpaController::SpaController()
                0x08004378                SpaController::SpaController()
                0x080043c8                SpaController::SwitchHeater(bool)
                0x0800441c                SpaController::CheckTemp(float)
                0x08004498                SpaController::IsWater()
                0x080044b0                SpaController::WriteFloatToDisplay(float, char)
                0x080044fc                SpaController::Init()
                0x0800462c                SpaController::IncrementTemp()
                0x0800465c                SpaController::DecrementTemp()
                0x0800468c                SpaController::ToggleJets()
                0x080046c8                SpaController::ToggleGas()
                0x08004704                SpaController::ToggleHeat()
                0x08004734                SpaController::ToggleCirc()
                0x08004770                SpaController::ToggleLED1()
                0x0800479c                SpaController::ToggleLED2()
                0x080047c8                SpaController::SwitchOff()
                0x080047fc                SpaController::Monitor()
                0x080049ec                SpaController::TogglePower()
                0x08004aac                SpaController::KeypadKeysPressed(unsigned short, bool)
 .text          0x08004b64      0x414 ..\obj\stm32f10x_usart.o
                0x08004b64                USART_DeInit
                0x08004c14                USART_Init
                0x08004cd0                USART_StructInit
                0x08004ce8                USART_ClockInit
                0x08004d0c                USART_ClockStructInit
                0x08004d18                USART_Cmd
                0x08004d34                USART_ITConfig
                0x08004d70                USART_DMACmd
                0x08004d84                USART_SetAddress
                0x08004d9c                USART_WakeUpConfig
                0x08004db4                USART_ReceiverWakeUpCmd
                0x08004dd0                USART_LINBreakDetectLengthConfig
                0x08004de8                USART_LINCmd
                0x08004e04                USART_SendData
                0x08004e0c                USART_ReceiveData
                0x08004e14                USART_SendBreak
                0x08004e20                USART_SetGuardTime
                0x08004e34                USART_SetPrescaler
                0x08004e48                USART_SmartCardCmd
                0x08004e64                USART_SmartCardNACKCmd
                0x08004e80                USART_HalfDuplexCmd
                0x08004e9c                USART_OverSampling8Cmd
                0x08004eb8                USART_OneBitMethodCmd
                0x08004ed4                USART_IrDAConfig
                0x08004eec                USART_IrDACmd
                0x08004f08                USART_GetFlagStatus
                0x08004f14                USART_ClearFlag
                0x08004f1c                USART_GetITStatus
                0x08004f68                USART_ClearITPendingBit
 .text          0x08004f78      0xcd8 ..\obj\u8g_font.o
                0x08004f88                u8g_font_calc_vref_font
                0x08004f8c                u8g_font_calc_vref_bottom
                0x08004f94                u8g_font_calc_vref_top
                0x08004fa0                u8g_font_calc_vref_center
                0x08004fb8                u8g_font_get_char
                0x08004fbc                u8g_font_get_charP
                0x08004fd8                u8g_font_GetCapitalAHeight
                0x08004fdc                u8g_font_GetEncoding65Pos
                0x08004fe0                u8g_font_GetEncoding97Pos
                0x08004fe4                u8g_font_GetFontStartEncoding
                0x08004fe8                u8g_font_GetFontEndEncoding
                0x08004fec                u8g_font_GetLowerGDescent
                0x08004ff4                u8g_font_GetFontAscent
                0x08004ffc                u8g_font_GetFontDescent
                0x08005004                u8g_font_GetFontXAscent
                0x0800500c                u8g_font_GetFontXDescent
                0x08005014                u8g_font_GetSize
                0x08005070                u8g_GetFontBBXWidth
                0x08005078                u8g_GetFontBBXHeight
                0x08005080                u8g_GetFontBBXOffX
                0x08005088                u8g_GetFontBBXOffY
                0x08005090                u8g_GetFontCapitalAHeight
                0x08005098                u8g_GetGlyph
                0x08005218                u8g_IsGlyph
                0x08005228                u8g_GetGlyphDeltaX
                0x08005238                u8g_draw_glyph
                0x080052ec                u8g_DrawGlyph
                0x08005310                u8g_draw_glyph90
                0x080053cc                u8g_DrawGlyph90
                0x080053f0                u8g_draw_glyph180
                0x080054b8                u8g_DrawGlyph180
                0x080054dc                u8g_draw_glyph270
                0x08005598                u8g_DrawGlyph270
                0x080055bc                u8g_DrawStr
                0x08005600                u8g_DrawStr90
                0x08005644                u8g_DrawStr180
                0x08005688                u8g_DrawStr270
                0x080056cc                u8g_DrawStrDir
                0x08005708                u8g_DrawStrP
                0x0800574c                u8g_DrawStr90P
                0x08005790                u8g_DrawStr180P
                0x080057d4                u8g_DrawStr270P
                0x08005818                u8g_DrawStrFontBBX
                0x08005844                u8g_DrawGlyphFontBBX
                0x08005870                u8g_UpdateRefHeight
                0x080058c8                u8g_SetFontRefHeightText
                0x080058d4                u8g_SetFontRefHeightExtendedText
                0x080058e0                u8g_SetFontRefHeightAll
                0x080058ec                u8g_SetFontLineSpacingFactor
                0x080058f4                u8g_SetFontPosBaseline
                0x08005900                u8g_SetFontPosBottom
                0x0800590c                u8g_SetFontPosTop
                0x08005918                u8g_SetFontPosCenter
                0x08005924                u8g_font_calc_str_pixel_width
                0x0800597c                u8g_GetStrPixelWidth
                0x08005988                u8g_GetStrPixelWidthP
                0x08005994                u8g_GetStrX
                0x080059a4                u8g_GetStrXP
                0x080059b4                u8g_GetStrWidth
                0x080059dc                u8g_GetStrWidthP
                0x08005a04                u8g_font_box_min
                0x08005a24                u8g_font_box_left_gA
                0x08005a28                u8g_font_box_all_gA
                0x08005a2c                u8g_GetStrMinBox
                0x08005a8c                u8g_GetStrAMinBox
                0x08005b04                u8g_SetFont
                0x08005b20                u8g_draw_aa_glyph
                0x08005bd4                u8g_DrawAAGlyph
                0x08005bf8                u8g_DrawAAStr
 .text          0x08005c50       0x58 ..\obj\u8g_clip.o
                0x08005c50                u8g_IsBBXIntersection
 .text          0x08005ca8       0xd8 ..\obj\LEDS.o
                0x08005ca8                LEDS::Init()
                0x08005d1c                LEDS::SwitchLed(LEDS::Leds, bool)
 .text          0x08005d80      0x52c ..\obj\OVC3860.o
                0x08005d80                OVC3860::Init(unsigned long, GPIO_TypeDef*, unsigned short)
                0x08005dd0                OVC3860::Reset()
                0x08005df0                OVC3860::SetPower(bool)
                0x08005e28                OVC3860::PlayPause()
                0x08005e48                OVC3860::Stop()
                0x08005e68                OVC3860::PlayPrevious()
                0x08005e88                OVC3860::PlayNext()
                0x08005ea8                OVC3860::VolumeUp()
                0x08005ec8                OVC3860::VolumeDown()
                0x08005ee8                OVC3860::SetVolume(unsigned char)
                0x08005f30                OVC3860::ReceiveByte(char*, unsigned long)
                0x08005f68                OVC3860::ReceiveAndCompare(unsigned char const*, int, unsigned long, bool)
                0x08006008                OVC3860::EnterConfigMode()
                0x080060b4                OVC3860::ExitConfigMode()
                0x08006118                OVC3860::SetBluetoothName()
                0x080061d0                OVC3860::CompareBluetoothName()
                0x08006274                OVC3860::CheckBluetoothName()
 .text          0x080062ac      0x2a8 ..\obj\RDSParser.o
                0x080062ac                RDSParser::RDSParser()
                0x080062ac                RDSParser::RDSParser()
                0x080062c4                RDSParser::init()
                0x08006314                RDSParser::registerForCallback(RDSParserInterrupt&)
                0x08006338                RDSParser::processData(unsigned short, unsigned short, unsigned short, unsigned short)
 .text          0x08006554       0xc8 ..\obj\misc.o
                0x08006554                NVIC_PriorityGroupConfig
                0x08006568                NVIC_Init
                0x080065d8                NVIC_SetVectorTable
                0x080065ec                NVIC_SystemLPConfig
                0x08006604                SysTick_CLKSourceConfig
 .text          0x0800661c      0x42c ..\obj\stm32f10x_i2c.o
                0x0800661c                I2C_DeInit
                0x08006658                I2C_Init
                0x0800673c                I2C_StructInit
                0x08006760                I2C_Cmd
                0x0800677c                I2C_DMACmd
                0x08006798                I2C_DMALastTransferCmd
                0x080067b4                I2C_GenerateSTART
                0x080067d0                I2C_GenerateSTOP
                0x080067ec                I2C_AcknowledgeConfig
                0x08006808                I2C_OwnAddress2Config
                0x0800681c                I2C_DualAddressCmd
                0x08006838                I2C_GeneralCallCmd
                0x08006854                I2C_ITConfig
                0x08006868                I2C_SendData
                0x0800686c                I2C_ReceiveData
                0x08006874                I2C_Send7bitAddress
                0x0800688c                I2C_ReadRegister
                0x080068a4                I2C_SoftwareResetCmd
                0x080068c0                I2C_NACKPositionConfig
                0x080068e0                I2C_SMBusAlertConfig
                0x08006900                I2C_TransmitPEC
                0x0800691c                I2C_PECPositionConfig
                0x0800693c                I2C_CalculatePEC
                0x08006958                I2C_GetPEC
                0x08006960                I2C_ARPCmd
                0x0800697c                I2C_StretchClockCmd
                0x08006998                I2C_FastModeDutyCycleConfig
                0x080069b8                I2C_CheckEvent
                0x080069d4                I2C_GetLastEvent
                0x080069e4                I2C_GetFlagStatus
                0x08006a1c                I2C_ClearFlag
                0x08006a24                I2C_GetITStatus
                0x08006a40                I2C_ClearITPendingBit
 .text          0x08006a48      0x15c ..\obj\system_stm32f10x.o
                0x08006a48                SystemInit
                0x08006b4c                SystemCoreClockUpdate
 .text          0x08006ba4      0x2e8 ..\obj\u8g_circle.o
                0x08006d14                u8g_draw_circle
                0x08006d88                u8g_DrawCircle
                0x08006dd0                u8g_draw_disc
                0x08006e44                u8g_DrawDisc
 .text._ZN10__cxxabiv120__si_class_type_infoD2Ev
                0x08006e8c       0x14 C:\Program Files (x86)\GNU Tools ARM Embedded\4.9 2015q3\arm-none-eabi\lib\armv7-m\libstdc++_nano.a(si_class_type_info.o)
                0x08006e8c                __cxxabiv1::__si_class_type_info::~__si_class_type_info()
                0x08006e8c                __cxxabiv1::__si_class_type_info::~__si_class_type_info()
 .text._ZN10__cxxabiv120__si_class_type_infoD0Ev
                0x08006ea0       0x12 C:\Program Files (x86)\GNU Tools ARM Embedded\4.9 2015q3\arm-none-eabi\lib\armv7-m\libstdc++_nano.a(si_class_type_info.o)
                0x08006ea0                __cxxabiv1::__si_class_type_info::~__si_class_type_info()
 .text._ZNK10__cxxabiv120__si_class_type_info20__do_find_public_srcEiPKvPKNS_17__class_type_infoES2_
                0x08006eb2       0x38 C:\Program Files (x86)\GNU Tools ARM Embedded\4.9 2015q3\arm-none-eabi\lib\armv7-m\libstdc++_nano.a(si_class_type_info.o)
                0x08006eb2                __cxxabiv1::__si_class_type_info::__do_find_public_src(int, void const*, __cxxabiv1::__class_type_info const*, void const*) const
 .text._ZNK10__cxxabiv120__si_class_type_info12__do_dyncastEiNS_17__class_type_info10__sub_kindEPKS1_PKvS4_S6_RNS1_16__dyncast_resultE
                0x08006eea       0x7c C:\Program Files (x86)\GNU Tools ARM Embedded\4.9 2015q3\arm-none-eabi\lib\armv7-m\libstdc++_nano.a(si_class_type_info.o)
                0x08006eea                __cxxabiv1::__si_class_type_info::__do_dyncast(int, __cxxabiv1::__class_type_info::__sub_kind, __cxxabiv1::__class_type_info const*, void const*, __cxxabiv1::__class_type_info const*, void const*, __cxxabiv1::__class_type_info::__dyncast_result&) const
 .text._ZNK10__cxxabiv120__si_class_type_info11__do_upcastEPKNS_17__class_type_infoEPKvRNS1_15__upcast_resultE
                0x08006f66       0x2a C:\Program Files (x86)\GNU Tools ARM Embedded\4.9 2015q3\arm-none-eabi\lib\armv7-m\libstdc++_nano.a(si_class_type_info.o)
                0x08006f66                __cxxabiv1::__si_class_type_info::__do_upcast(__cxxabiv1::__class_type_info const*, void const*, __cxxabiv1::__class_type_info::__upcast_result&) const
 .text._ZN10__cxxabiv121__vmi_class_type_infoD2Ev
                0x08006f90       0x14 C:\Program Files (x86)\GNU Tools ARM Embedded\4.9 2015q3\arm-none-eabi\lib\armv7-m\libstdc++_nano.a(vmi_class_type_info.o)
                0x08006f90                __cxxabiv1::__vmi_class_type_info::~__vmi_class_type_info()
                0x08006f90                __cxxabiv1::__vmi_class_type_info::~__vmi_class_type_info()
 .text._ZN10__cxxabiv121__vmi_class_type_infoD0Ev
                0x08006fa4       0x12 C:\Program Files (x86)\GNU Tools ARM Embedded\4.9 2015q3\arm-none-eabi\lib\armv7-m\libstdc++_nano.a(vmi_class_type_info.o)
                0x08006fa4                __cxxabiv1::__vmi_class_type_info::~__vmi_class_type_info()
 .text._ZNK10__cxxabiv121__vmi_class_type_info20__do_find_public_srcEiPKvPKNS_17__class_type_infoES2_
                0x08006fb6       0x76 C:\Program Files (x86)\GNU Tools ARM Embedded\4.9 2015q3\arm-none-eabi\lib\armv7-m\libstdc++_nano.a(vmi_class_type_info.o)
                0x08006fb6                __cxxabiv1::__vmi_class_type_info::__do_find_public_src(int, void const*, __cxxabiv1::__class_type_info const*, void const*) const
 .text._ZNK10__cxxabiv117__class_type_info17__find_public_srcEiPKvPKS0_S2_
                0x0800702c       0x2a C:\Program Files (x86)\GNU Tools ARM Embedded\4.9 2015q3\arm-none-eabi\lib\armv7-m\libstdc++_nano.a(vmi_class_type_info.o)
                0x0800702c                __cxxabiv1::__class_type_info::__find_public_src(int, void const*, __cxxabiv1::__class_type_info const*, void const*) const
 .text._ZNK10__cxxabiv121__vmi_class_type_info12__do_dyncastEiNS_17__class_type_info10__sub_kindEPKS1_PKvS4_S6_RNS1_16__dyncast_resultE
                0x08007056      0x284 C:\Program Files (x86)\GNU Tools ARM Embedded\4.9 2015q3\arm-none-eabi\lib\armv7-m\libstdc++_nano.a(vmi_class_type_info.o)
                0x08007056                __cxxabiv1::__vmi_class_type_info::__do_dyncast(int, __cxxabiv1::__class_type_info::__sub_kind, __cxxabiv1::__class_type_info const*, void const*, __cxxabiv1::__class_type_info const*, void const*, __cxxabiv1::__class_type_info::__dyncast_result&) const
 .text._ZNK10__cxxabiv121__vmi_class_type_info11__do_upcastEPKNS_17__class_type_infoEPKvRNS1_15__upcast_resultE
                0x080072da      0x12e C:\Program Files (x86)\GNU Tools ARM Embedded\4.9 2015q3\arm-none-eabi\lib\armv7-m\libstdc++_nano.a(vmi_class_type_info.o)
                0x080072da                __cxxabiv1::__vmi_class_type_info::__do_upcast(__cxxabiv1::__class_type_info const*, void const*, __cxxabiv1::__class_type_info::__upcast_result&) const
 .text._ZNSt9type_infoD2Ev
                0x08007408        0x2 C:\Program Files (x86)\GNU Tools ARM Embedded\4.9 2015q3\arm-none-eabi\lib\armv7-m\libstdc++_nano.a(tinfo.o)
                0x08007408                std::type_info::~type_info()
                0x08007408                std::type_info::~type_info()
 .text._ZNKSt9type_info14__is_pointer_pEv
                0x0800740a        0x4 C:\Program Files (x86)\GNU Tools ARM Embedded\4.9 2015q3\arm-none-eabi\lib\armv7-m\libstdc++_nano.a(tinfo.o)
                0x0800740a                std::type_info::__is_pointer_p() const
 .text._ZNKSt9type_info15__is_function_pEv
                0x0800740e        0x4 C:\Program Files (x86)\GNU Tools ARM Embedded\4.9 2015q3\arm-none-eabi\lib\armv7-m\libstdc++_nano.a(tinfo.o)
                0x0800740e                std::type_info::__is_function_p() const
 .text._ZNKSt9type_infoeqERKS_
                0x08007412       0x2c C:\Program Files (x86)\GNU Tools ARM Embedded\4.9 2015q3\arm-none-eabi\lib\armv7-m\libstdc++_nano.a(tinfo.o)
                0x08007412                std::type_info::operator==(std::type_info const&) const
 .text._ZNK10__cxxabiv117__class_type_info11__do_upcastEPKS0_PPv
                0x0800743e       0x34 C:\Program Files (x86)\GNU Tools ARM Embedded\4.9 2015q3\arm-none-eabi\lib\armv7-m\libstdc++_nano.a(class_type_info.o)
                0x0800743e                __cxxabiv1::__class_type_info::__do_upcast(__cxxabiv1::__class_type_info const*, void**) const
 .text._ZNK10__cxxabiv117__class_type_info20__do_find_public_srcEiPKvPKS0_S2_
                0x08007472        0xc C:\Program Files (x86)\GNU Tools ARM Embedded\4.9 2015q3\arm-none-eabi\lib\armv7-m\libstdc++_nano.a(class_type_info.o)
                0x08007472                __cxxabiv1::__class_type_info::__do_find_public_src(int, void const*, __cxxabiv1::__class_type_info const*, void const*) const
 *fill*         0x0800747e        0x2 
 .text._ZN10__cxxabiv117__class_type_infoD2Ev
                0x08007480       0x14 C:\Program Files (x86)\GNU Tools ARM Embedded\4.9 2015q3\arm-none-eabi\lib\armv7-m\libstdc++_nano.a(class_type_info.o)
                0x08007480                __cxxabiv1::__class_type_info::~__class_type_info()
                0x08007480                __cxxabiv1::__class_type_info::~__class_type_info()
 .text._ZN10__cxxabiv117__class_type_infoD0Ev
                0x08007494       0x12 C:\Program Files (x86)\GNU Tools ARM Embedded\4.9 2015q3\arm-none-eabi\lib\armv7-m\libstdc++_nano.a(class_type_info.o)
                0x08007494                __cxxabiv1::__class_type_info::~__class_type_info()
 .text._ZNK10__cxxabiv117__class_type_info11__do_upcastEPKS0_PKvRNS0_15__upcast_resultE
                0x080074a6       0x18 C:\Program Files (x86)\GNU Tools ARM Embedded\4.9 2015q3\arm-none-eabi\lib\armv7-m\libstdc++_nano.a(class_type_info.o)
                0x080074a6                __cxxabiv1::__class_type_info::__do_upcast(__cxxabiv1::__class_type_info const*, void const*, __cxxabiv1::__class_type_info::__upcast_result&) const
 .text._ZNK10__cxxabiv117__class_type_info10__do_catchEPKSt9type_infoPPvj
                0x080074be       0x2a C:\Program Files (x86)\GNU Tools ARM Embedded\4.9 2015q3\arm-none-eabi\lib\armv7-m\libstdc++_nano.a(class_type_info.o)
                0x080074be                __cxxabiv1::__class_type_info::__do_catch(std::type_info const*, void**, unsigned int) const
 .text._ZNK10__cxxabiv117__class_type_info12__do_dyncastEiNS0_10__sub_kindEPKS0_PKvS3_S5_RNS0_16__dyncast_resultE
                0x080074e8       0x38 C:\Program Files (x86)\GNU Tools ARM Embedded\4.9 2015q3\arm-none-eabi\lib\armv7-m\libstdc++_nano.a(class_type_info.o)
                0x080074e8                __cxxabiv1::__class_type_info::__do_dyncast(int, __cxxabiv1::__class_type_info::__sub_kind, __cxxabiv1::__class_type_info const*, void const*, __cxxabiv1::__class_type_info const*, void const*, __cxxabiv1::__class_type_info::__dyncast_result&) const
 .text.__cxa_guard_acquire
                0x08007520       0x18 C:\Program Files (x86)\GNU Tools ARM Embedded\4.9 2015q3\arm-none-eabi\lib\armv7-m\libstdc++_nano.a(guard.o)
                0x08007520                __cxa_guard_acquire
 .text.__cxa_guard_release
                0x08007538        0x6 C:\Program Files (x86)\GNU Tools ARM Embedded\4.9 2015q3\arm-none-eabi\lib\armv7-m\libstdc++_nano.a(guard.o)
                0x08007538                __cxa_guard_release
 .text._ZdlPv   0x0800753e        0x4 C:\Program Files (x86)\GNU Tools ARM Embedded\4.9 2015q3\arm-none-eabi\lib\armv7-m\libstdc++_nano.a(del_op.o)
                0x0800753e                operator delete(void*)
 *fill*         0x08007542        0x2 
 .text          0x08007544      0x370 c:/program files (x86)/gnu tools arm embedded/4.9 2015q3/bin/../lib/gcc/arm-none-eabi/4.9.3/armv7-m\libgcc.a(_arm_addsubdf3.o)
                0x08007544                __aeabi_drsub
                0x0800754c                __aeabi_dsub
                0x0800754c                __subdf3
                0x08007550                __aeabi_dadd
                0x08007550                __adddf3
                0x080077c8                __floatunsidf
                0x080077c8                __aeabi_ui2d
                0x080077e8                __floatsidf
                0x080077e8                __aeabi_i2d
                0x0800780c                __aeabi_f2d
                0x0800780c                __extendsfdf2
                0x08007848                __floatundidf
                0x08007848                __aeabi_ul2d
                0x08007858                __floatdidf
                0x08007858                __aeabi_l2d
 .text          0x080078b4      0x424 c:/program files (x86)/gnu tools arm embedded/4.9 2015q3/bin/../lib/gcc/arm-none-eabi/4.9.3/armv7-m\libgcc.a(_arm_muldivdf3.o)
                0x080078b4                __aeabi_dmul
                0x080078b4                __muldf3
                0x08007b08                __divdf3
                0x08007b08                __aeabi_ddiv
 .text          0x08007cd8       0x50 c:/program files (x86)/gnu tools arm embedded/4.9 2015q3/bin/../lib/gcc/arm-none-eabi/4.9.3/armv7-m\libgcc.a(_arm_fixdfsi.o)
                0x08007cd8                __aeabi_d2iz
                0x08007cd8                __fixdfsi
 .text          0x08007d28       0xa0 c:/program files (x86)/gnu tools arm embedded/4.9 2015q3/bin/../lib/gcc/arm-none-eabi/4.9.3/armv7-m\libgcc.a(_arm_truncdfsf2.o)
                0x08007d28                __truncdfsf2
                0x08007d28                __aeabi_d2f
 .text          0x08007dc8      0x21c c:/program files (x86)/gnu tools arm embedded/4.9 2015q3/bin/../lib/gcc/arm-none-eabi/4.9.3/armv7-m\libgcc.a(_arm_addsubsf3.o)
                0x08007dc8                __aeabi_frsub
                0x08007dd0                __subsf3
                0x08007dd0                __aeabi_fsub
                0x08007dd4                __aeabi_fadd
                0x08007dd4                __addsf3
                0x08007f34                __aeabi_ui2f
                0x08007f34                __floatunsisf
                0x08007f3c                __aeabi_i2f
                0x08007f3c                __floatsisf
                0x08007f58                __aeabi_ul2f
                0x08007f58                __floatundisf
                0x08007f68                __aeabi_l2f
                0x08007f68                __floatdisf
 .text          0x08007fe4      0x2a0 c:/program files (x86)/gnu tools arm embedded/4.9 2015q3/bin/../lib/gcc/arm-none-eabi/4.9.3/armv7-m\libgcc.a(_arm_muldivsf3.o)
                0x08007fe4                __mulsf3
                0x08007fe4                __aeabi_fmul
                0x0800814c                __aeabi_fdiv
                0x0800814c                __divsf3
 .text          0x08008284       0xec c:/program files (x86)/gnu tools arm embedded/4.9 2015q3/bin/../lib/gcc/arm-none-eabi/4.9.3/armv7-m\libgcc.a(_arm_cmpsf2.o)
                0x08008284                __gesf2
                0x08008284                __gtsf2
                0x0800828c                __lesf2
                0x0800828c                __ltsf2
                0x08008294                __nesf2
                0x08008294                __eqsf2
                0x08008294                __cmpsf2
                0x080082f4                __aeabi_cfrcmple
                0x080082fc                __aeabi_cfcmpeq
                0x080082fc                __aeabi_cfcmple
                0x0800830c                __aeabi_fcmpeq
                0x08008320                __aeabi_fcmplt
                0x08008334                __aeabi_fcmple
                0x08008348                __aeabi_fcmpge
                0x0800835c                __aeabi_fcmpgt
 .text          0x08008370       0x4c c:/program files (x86)/gnu tools arm embedded/4.9 2015q3/bin/../lib/gcc/arm-none-eabi/4.9.3/armv7-m\libgcc.a(_arm_fixsfsi.o)
                0x08008370                __aeabi_f2iz
                0x08008370                __fixsfsi
 .text          0x080083bc       0x40 c:/program files (x86)/gnu tools arm embedded/4.9 2015q3/bin/../lib/gcc/arm-none-eabi/4.9.3/armv7-m\libgcc.a(_arm_fixunssfsi.o)
                0x080083bc                __fixunssfsi
                0x080083bc                __aeabi_f2uiz
 .text          0x080083fc      0xa54 c:/program files (x86)/gnu tools arm embedded/4.9 2015q3/bin/../lib/gcc/arm-none-eabi/4.9.3/armv7-m\libgcc.a(unwind-arm.o)
                0x080086dc                _Unwind_GetCFA
                0x080086e0                __gnu_Unwind_RaiseException
                0x08008740                __gnu_Unwind_ForcedUnwind
                0x08008754                __gnu_Unwind_Resume
                0x08008798                __gnu_Unwind_Resume_or_Rethrow
                0x080087ac                _Unwind_Complete
                0x080087b0                _Unwind_DeleteException
                0x080087bc                _Unwind_VRS_Get
                0x0800880c                _Unwind_VRS_Set
                0x0800885c                __gnu_Unwind_Backtrace
                0x08008ba0                __aeabi_unwind_cpp_pr0
                0x08008ba4                __aeabi_unwind_cpp_pr1
                0x08008ba8                __aeabi_unwind_cpp_pr2
                0x08008bac                _Unwind_VRS_Pop
 .text          0x08008e50      0x1ac c:/program files (x86)/gnu tools arm embedded/4.9 2015q3/bin/../lib/gcc/arm-none-eabi/4.9.3/armv7-m\libgcc.a(libunwind.o)
                0x08008e50                __restore_core_regs
                0x08008e50                restore_core_regs
                0x08008e68                __gnu_Unwind_Restore_VFP
                0x08008e70                __gnu_Unwind_Save_VFP
                0x08008e78                __gnu_Unwind_Restore_VFP_D
                0x08008e80                __gnu_Unwind_Save_VFP_D
                0x08008e88                __gnu_Unwind_Restore_VFP_D_16_to_31
                0x08008e90                __gnu_Unwind_Save_VFP_D_16_to_31
                0x08008e98                __gnu_Unwind_Restore_WMMXD
                0x08008edc                __gnu_Unwind_Save_WMMXD
                0x08008f20                __gnu_Unwind_Restore_WMMXC
                0x08008f34                __gnu_Unwind_Save_WMMXC
                0x08008f48                ___Unwind_RaiseException
                0x08008f48                _Unwind_RaiseException
                0x08008f6c                _Unwind_Resume
                0x08008f6c                ___Unwind_Resume
                0x08008f90                _Unwind_Resume_or_Rethrow
                0x08008f90                ___Unwind_Resume_or_Rethrow
                0x08008fb4                _Unwind_ForcedUnwind
                0x08008fb4                ___Unwind_ForcedUnwind
                0x08008fd8                ___Unwind_Backtrace
                0x08008fd8                _Unwind_Backtrace
 .text          0x08008ffc      0x37c c:/program files (x86)/gnu tools arm embedded/4.9 2015q3/bin/../lib/gcc/arm-none-eabi/4.9.3/armv7-m\libgcc.a(pr-support.o)
                0x08009054                __gnu_unwind_execute
                0x08009320                __gnu_unwind_frame
                0x08009348                _Unwind_GetRegionStart
                0x08009354                _Unwind_GetLanguageSpecificData
                0x08009368                _Unwind_GetDataRelBase
                0x08009370                _Unwind_GetTextRelBase
 .text.free     0x08009378       0x10 C:\Program Files (x86)\GNU Tools ARM Embedded\4.9 2015q3\arm-none-eabi\lib\armv7-m\libg.a(lib_a-malloc.o)
                0x08009378                free
 .text.memcmp   0x08009388       0x64 C:\Program Files (x86)\GNU Tools ARM Embedded\4.9 2015q3\arm-none-eabi\lib\armv7-m\libg.a(lib_a-memcmp.o)
                0x08009388                memcmp
 .text          0x080093ec       0xec C:\Program Files (x86)\GNU Tools ARM Embedded\4.9 2015q3\arm-none-eabi\lib\armv7-m\libg.a(lib_a-memcpy.o)
                0x080093ec                memcpy
 .text.memset   0x080094d8       0x9c C:\Program Files (x86)\GNU Tools ARM Embedded\4.9 2015q3\arm-none-eabi\lib\armv7-m\libg.a(lib_a-memset.o)
                0x080094d8                memset
 .text.__malloc_lock
                0x08009574        0x4 C:\Program Files (x86)\GNU Tools ARM Embedded\4.9 2015q3\arm-none-eabi\lib\armv7-m\libg.a(lib_a-mlock.o)
                0x08009574                __malloc_lock
 .text.__malloc_unlock
                0x08009578        0x4 C:\Program Files (x86)\GNU Tools ARM Embedded\4.9 2015q3\arm-none-eabi\lib\armv7-m\libg.a(lib_a-mlock.o)
                0x08009578                __malloc_unlock
 .text._sbrk_r  0x0800957c       0x24 C:\Program Files (x86)\GNU Tools ARM Embedded\4.9 2015q3\arm-none-eabi\lib\armv7-m\libg.a(lib_a-sbrkr.o)
                0x0800957c                _sbrk_r
 .text          0x080095a0      0x1bc C:\Program Files (x86)\GNU Tools ARM Embedded\4.9 2015q3\arm-none-eabi\lib\armv7-m\libg.a(lib_a-strcmp.o)
                0x080095a0                strcmp
 .text.strcpy   0x0800975c       0xbc C:\Program Files (x86)\GNU Tools ARM Embedded\4.9 2015q3\arm-none-eabi\lib\armv7-m\libg.a(lib_a-strcpy.o)
                0x0800975c                strcpy
 .text.strlen   0x08009818       0x5c C:\Program Files (x86)\GNU Tools ARM Embedded\4.9 2015q3\arm-none-eabi\lib\armv7-m\libg.a(lib_a-strlen.o)
                0x08009818                strlen
 .text._malloc_trim_r
                0x08009874       0x9c C:\Program Files (x86)\GNU Tools ARM Embedded\4.9 2015q3\arm-none-eabi\lib\armv7-m\libg.a(lib_a-freer.o)
                0x08009874                _malloc_trim_r
 .text._free_r  0x08009910      0x1b0 C:\Program Files (x86)\GNU Tools ARM Embedded\4.9 2015q3\arm-none-eabi\lib\armv7-m\libg.a(lib_a-freer.o)
                0x08009910                _free_r
 *(.init)
 *(.fini)
 *crtbegin.o(.ctors)
 *crtbegin?.o(.ctors)
 *(EXCLUDE_FILE(*crtend.o *crtend?.o) .ctors)
 *(SORT(.ctors.*))
 *(.ctors)
 *crtbegin.o(.dtors)
 *crtbegin?.o(.dtors)
 *(EXCLUDE_FILE(*crtend.o *crtend?.o) .dtors)
 *(SORT(.dtors.*))
 *(.dtors)
 *(.rodata*)
 .rodata.str1.4
                0x08009ac0       0x24 ..\obj\printf.o
 .rodata        0x08009ae4       0x17 ..\obj\u8g_dev_st7920_128x64.o
 *fill*         0x08009afb        0x5 
 .rodata        0x08009b00       0x7c ..\obj\radio.o
                0x08009b00                vtable for RADIO
                0x08009b6c                typeinfo name for RADIO
                0x08009b74                typeinfo for RADIO
 .rodata.str1.4
                0x08009b7c        0x5 ..\obj\radio.o
 *fill*         0x08009b81        0x3 
 .rodata.str1.4
                0x08009b84       0x24 ..\obj\Display.o
 .rodata.str1.4
                0x08009ba8       0x11 ..\obj\Keypad.o
 *fill*         0x08009bb9        0x3 
 .rodata        0x08009bbc       0xb0 ..\obj\mcp23017.o
                0x08009bbc                mcp23017::IOCON_AB
                0x08009bcc                mcp23017::IODIR_AB
                0x08009bdc                mcp23017::GPPU_AB
                0x08009bec                mcp23017::GPINTEN_AB
                0x08009bfc                mcp23017::DEFVAL_AB
                0x08009c0c                mcp23017::INTCON_AB
                0x08009c1c                mcp23017::OLAT_AB
                0x08009c2c                mcp23017::GPIO_AB
                0x08009c3c                mcp23017::INTCAP_AB
                0x08009c4c                mcp23017::INTF_AB
                0x08009c5c                mcp23017::IPOL_AB
 *fill*         0x08009c6c        0x4 
 .rodata        0x08009c70       0x80 ..\obj\SI4703.o
                0x08009c70                vtable for SI4703
                0x08009cdc                typeinfo name for SI4703
                0x08009ce4                typeinfo for SI4703
 .rodata.str1.4
                0x08009cf0       0xa9 ..\obj\RelayBoard.o
 *fill*         0x08009d99        0x3 
 .rodata        0x08009d9c     0x2e79 ..\obj\u8g_fonts.o
                0x08009d9c                u8g_font_unifont_0_8
                0x0800ae2c                u8g_font_7x13
                0x0800b69c                u8g_font_6x12
                0x0800be2c                u8g_font_6x10
                0x0800c578                u8g_font_5x8
 *fill*         0x0800cc15        0x3 
 .rodata._ZTI15KeypadInterrupt
                0x0800cc18        0x8 ..\obj\EntController.o
                0x0800cc18                typeinfo for KeypadInterrupt
 .rodata._ZTS15KeypadInterrupt
                0x0800cc20       0x12 ..\obj\EntController.o
                0x0800cc20                typeinfo name for KeypadInterrupt
 *fill*         0x0800cc32        0x2 
 .rodata._ZTI18RDSParserInterrupt
                0x0800cc34        0x8 ..\obj\EntController.o
                0x0800cc34                typeinfo for RDSParserInterrupt
 .rodata._ZTS18RDSParserInterrupt
                0x0800cc3c       0x15 ..\obj\EntController.o
                0x0800cc3c                typeinfo name for RDSParserInterrupt
 *fill*         0x0800cc51        0x7 
 .rodata        0x0800cc58       0x5c ..\obj\EntController.o
                0x0800cc58                vtable for EntController
                0x0800cc84                typeinfo name for EntController
                0x0800cc94                typeinfo for EntController
 .rodata.str1.4
                0x0800ccb4       0x56 ..\obj\EntController.o
 *fill*         0x0800cd0a        0x2 
 .rodata.str1.4
                0x0800cd0c       0x82 ..\obj\main.o
 *fill*         0x0800cd8e        0x2 
 .rodata        0x0800cd90       0x28 ..\obj\SpaController.o
                0x0800cd90                vtable for SpaController
                0x0800cd9c                typeinfo name for SpaController
                0x0800cdac                typeinfo for SpaController
 .rodata.str1.4
                0x0800cdb8       0x91 ..\obj\SpaController.o
 *fill*         0x0800ce49        0x3 
 .rodata.str1.4
                0x0800ce4c       0x69 ..\obj\LEDS.o
                                 0x99 (size before relaxing)
 *fill*         0x0800ceb5        0x3 
 .rodata        0x0800ceb8       0x2c ..\obj\OVC3860.o
                0x0800ceb8                OVC3860::STARTUP_BYTES
                0x0800cebc                OVC3860::ENTERCONFIG_BYTES
                0x0800cec8                OVC3860::CONFIGMODE_BYTES
                0x0800cecc                OVC3860::EXITCONFIG_BYTES
                0x0800ced0                OVC3860::EXITCONFIG_RESPONSE_BYTES
                0x0800ced4                OVC3860::SEND_BLUETOOTH_NAME
                0x0800ced8                OVC3860::SEND_RESPONSE_BLUETOOTH_NAME
                0x0800cedc                OVC3860::REQUEST_BLUETOOTH_NAME
                0x0800cee0                OVC3860::RESPONSE_BLUETOOTH_NAME
 .rodata.str1.4
                0x0800cee4       0xd0 ..\obj\OVC3860.o
 .rodata.str1.4
                0x0800cfb4       0x18 ..\obj\RDSParser.o
                                 0x19 (size before relaxing)
 *fill*         0x0800cfcc        0x4 
 .rodata._ZTVN10__cxxabiv120__si_class_type_infoE
                0x0800cfd0       0x2c C:\Program Files (x86)\GNU Tools ARM Embedded\4.9 2015q3\arm-none-eabi\lib\armv7-m\libstdc++_nano.a(si_class_type_info.o)
                0x0800cfd0                vtable for __cxxabiv1::__si_class_type_info
 .rodata._ZTIN10__cxxabiv120__si_class_type_infoE
                0x0800cffc        0xc C:\Program Files (x86)\GNU Tools ARM Embedded\4.9 2015q3\arm-none-eabi\lib\armv7-m\libstdc++_nano.a(si_class_type_info.o)
                0x0800cffc                typeinfo for __cxxabiv1::__si_class_type_info
 .rodata._ZTSN10__cxxabiv120__si_class_type_infoE
                0x0800d008       0x25 C:\Program Files (x86)\GNU Tools ARM Embedded\4.9 2015q3\arm-none-eabi\lib\armv7-m\libstdc++_nano.a(si_class_type_info.o)
                0x0800d008                typeinfo name for __cxxabiv1::__si_class_type_info
 *fill*         0x0800d02d        0x3 
 .rodata._ZTIN10__cxxabiv121__vmi_class_type_infoE
                0x0800d030        0xc C:\Program Files (x86)\GNU Tools ARM Embedded\4.9 2015q3\arm-none-eabi\lib\armv7-m\libstdc++_nano.a(vmi_class_type_info.o)
                0x0800d030                typeinfo for __cxxabiv1::__vmi_class_type_info
 .rodata._ZTSN10__cxxabiv121__vmi_class_type_infoE
                0x0800d03c       0x26 C:\Program Files (x86)\GNU Tools ARM Embedded\4.9 2015q3\arm-none-eabi\lib\armv7-m\libstdc++_nano.a(vmi_class_type_info.o)
                0x0800d03c                typeinfo name for __cxxabiv1::__vmi_class_type_info
 *fill*         0x0800d062        0x6 
 .rodata._ZTVN10__cxxabiv121__vmi_class_type_infoE
                0x0800d068       0x2c C:\Program Files (x86)\GNU Tools ARM Embedded\4.9 2015q3\arm-none-eabi\lib\armv7-m\libstdc++_nano.a(vmi_class_type_info.o)
                0x0800d068                vtable for __cxxabiv1::__vmi_class_type_info
 .rodata._ZTISt9type_info
                0x0800d094        0x8 C:\Program Files (x86)\GNU Tools ARM Embedded\4.9 2015q3\arm-none-eabi\lib\armv7-m\libstdc++_nano.a(tinfo.o)
                0x0800d094                typeinfo for std::type_info
 .rodata._ZTSSt9type_info
                0x0800d09c        0xd C:\Program Files (x86)\GNU Tools ARM Embedded\4.9 2015q3\arm-none-eabi\lib\armv7-m\libstdc++_nano.a(tinfo.o)
                0x0800d09c                typeinfo name for std::type_info
 *fill*         0x0800d0a9        0x7 
 .rodata._ZTVN10__cxxabiv117__class_type_infoE
                0x0800d0b0       0x2c C:\Program Files (x86)\GNU Tools ARM Embedded\4.9 2015q3\arm-none-eabi\lib\armv7-m\libstdc++_nano.a(class_type_info.o)
                0x0800d0b0                vtable for __cxxabiv1::__class_type_info
 .rodata._ZTIN10__cxxabiv117__class_type_infoE
                0x0800d0dc        0xc C:\Program Files (x86)\GNU Tools ARM Embedded\4.9 2015q3\arm-none-eabi\lib\armv7-m\libstdc++_nano.a(class_type_info.o)
                0x0800d0dc                typeinfo for __cxxabiv1::__class_type_info
 .rodata._ZTSN10__cxxabiv117__class_type_infoE
                0x0800d0e8       0x22 C:\Program Files (x86)\GNU Tools ARM Embedded\4.9 2015q3\arm-none-eabi\lib\armv7-m\libstdc++_nano.a(class_type_info.o)
                0x0800d0e8                typeinfo name for __cxxabiv1::__class_type_info
 *(.eh_fram e*)

.glue_7         0x0800d10c        0x0
 .glue_7        0x00000000        0x0 linker stubs

.glue_7t        0x0800d10c        0x0
 .glue_7t       0x00000000        0x0 linker stubs

.vfp11_veneer   0x0800d10c        0x0
 .vfp11_veneer  0x00000000        0x0 linker stubs

.v4_bx          0x0800d10c        0x0
 .v4_bx         0x00000000        0x0 linker stubs

.iplt           0x0800d10c        0x0
 .iplt          0x00000000        0x0 ..\obj\stm32f10x_fsmc.o

.ARM.extab      0x0800d10c       0x84
 *(.ARM.extab* .gnu.linkonce.armextab.*)
 .ARM.extab     0x0800d10c        0xc ..\obj\main.o
 .ARM.extab     0x0800d118        0xc ..\obj\SpaController.o
 .ARM.extab     0x0800d124       0x54 ..\obj\OVC3860.o
 .ARM.extab     0x0800d178       0x18 c:/program files (x86)/gnu tools arm embedded/4.9 2015q3/bin/../lib/gcc/arm-none-eabi/4.9.3/armv7-m\libgcc.a(pr-support.o)
                0x0800d190                __exidx_start = .

.ARM.exidx      0x0800d190      0x430
 *(.ARM.exidx* .gnu.linkonce.armexidx.*)
 .ARM.exidx     0x0800d190       0x18 ..\obj\radio.o
                                 0xd8 (size before relaxing)
 .ARM.exidx     0x0800d1a8       0x80 ..\obj\DS18B20.o
                                 0x98 (size before relaxing)
 .ARM.exidx     0x0800d228       0x58 ..\obj\Display.o
                                 0xc8 (size before relaxing)
 .ARM.exidx     0x0800d280       0x28 ..\obj\Keypad.o
 .ARM.exidx     0x0800d2a8       0x48 ..\obj\mcp23017.o
                                 0x70 (size before relaxing)
 .ARM.exidx     0x0800d2f0       0x70 ..\obj\SI4703.o
                                 0x98 (size before relaxing)
 .ARM.exidx     0x0800d360       0x20 ..\obj\RelayBoard.o
 .ARM.exidx     0x0800d380       0x78 ..\obj\EntController.o
                                 0x98 (size before relaxing)
 .ARM.exidx.text.startup
                0x0800d400        0x8 ..\obj\main.o
 .ARM.exidx     0x0800d3f8        0x8 ..\obj\main.o
 .ARM.exidx     0x0800d408       0x58 ..\obj\SpaController.o
                                 0x90 (size before relaxing)
 .ARM.exidx     0x0800d460       0x10 ..\obj\LEDS.o
 .ARM.exidx     0x0800d470       0x88 ..\obj\OVC3860.o
 .ARM.exidx     0x0800d4f8       0x18 ..\obj\RDSParser.o
                                 0x20 (size before relaxing)
 .ARM.exidx     0x0800d510       0x78 c:/program files (x86)/gnu tools arm embedded/4.9 2015q3/bin/../lib/gcc/arm-none-eabi/4.9.3/armv7-m\libgcc.a(unwind-arm.o)
                                 0xd8 (size before relaxing)
 .ARM.exidx     0x0800d588       0x38 c:/program files (x86)/gnu tools arm embedded/4.9 2015q3/bin/../lib/gcc/arm-none-eabi/4.9.3/armv7-m\libgcc.a(pr-support.o)
                                 0x48 (size before relaxing)
                0x0800d5c0                __exidx_end = .
                0x0800d5c0                __etext = .
                0x0800d5c0                _sidata = __etext

.rel.dyn        0x0800d5c0        0x0
 .rel.iplt      0x00000000        0x0 ..\obj\stm32f10x_fsmc.o

.data           0x20000000      0x924 load address 0x0800d5c0
                0x20000000                __data_start__ = .
                0x20000000                _sdata = __data_start__
 *(vtable)
 *(.data*)
 .data          0x20000000      0x430 ..\obj\printf.o
                0x20000000                outputUart
                0x20000004                _impure_ptr
                0x20000008                r
 .data          0x20000430       0x9c ..\obj\u8g_dev_st7920_128x64.o
                0x20000430                u8g_dev_st7920_128x64_4x_custom
                0x2000043c                u8g_dev_st7920_128x64_4x_8bit
                0x20000448                u8g_dev_st7920_128x64_4x_hw_spi
                0x20000454                u8g_dev_st7920_128x64_4x_sw_spi
                0x20000460                u8g_dev_st7920_128x64_4x_pb
                0x2000046c                u8g_dev_st7920_128x64_custom
                0x20000478                u8g_dev_st7920_128x64_custom_pb
                0x20000484                u8g_dev_st7920_128x64_8bit
                0x20000490                u8g_dev_st7920_128x64_8bit_pb
                0x2000049c                u8g_dev_st7920_128x64_hw_spi
                0x200004a8                u8g_dev_st7920_128x64_hw_spi_pb
                0x200004b4                u8g_dev_st7920_128x64_sw_spi
                0x200004c0                u8g_dev_st7920_128x64_sw_spi_pb
 .data          0x200004cc       0x14 ..\obj\stm32f10x_rcc.o
 .data          0x200004e0       0x20 ..\obj\OVC3860.o
                0x200004e0                OVC3860::AT_RESET
                0x200004e4                OVC3860::AT_PLAYPAUSE
                0x200004e8                OVC3860::AT_STOP
                0x200004ec                OVC3860::AT_PREVIOUS
                0x200004f0                OVC3860::AT_NEXT
                0x200004f4                OVC3860::AT_VOLUP
                0x200004f8                OVC3860::AT_VOLDOWN
                0x200004fc                OVC3860::BLUETOOTH_NAME
 .data          0x20000500       0x14 ..\obj\system_stm32f10x.o
                0x20000500                AHBPrescTable
                0x20000510                SystemCoreClock
 .data.__malloc_av_
                0x20000514      0x408 C:\Program Files (x86)\GNU Tools ARM Embedded\4.9 2015q3\arm-none-eabi\lib\armv7-m\libg.a(lib_a-mallocr.o)
                0x20000514                __malloc_av_
 .data.__malloc_trim_threshold
                0x2000091c        0x4 C:\Program Files (x86)\GNU Tools ARM Embedded\4.9 2015q3\arm-none-eabi\lib\armv7-m\libg.a(lib_a-mallocr.o)
                0x2000091c                __malloc_trim_threshold
 .data.__malloc_sbrk_base
                0x20000920        0x4 C:\Program Files (x86)\GNU Tools ARM Embedded\4.9 2015q3\arm-none-eabi\lib\armv7-m\libg.a(lib_a-mallocr.o)
                0x20000920                __malloc_sbrk_base
                0x20000924                . = ALIGN (0x4)
                0x20000924                PROVIDE (__preinit_array_start, .)
 *(.preinit_array)
                0x20000924                PROVIDE (__preinit_array_end, .)
                0x20000924                . = ALIGN (0x4)
                0x20000924                PROVIDE (__init_array_start, .)
 *(SORT(.init_array.*))
 *(.init_array)
                0x20000924                PROVIDE (__init_array_end, .)
                0x20000924                . = ALIGN (0x4)
                0x20000924                PROVIDE (__fini_array_start, .)
 *(SORT(.fini_array.*))
 *(.fini_array)
                0x20000924                PROVIDE (__fini_array_end, .)
 *(.jcr*)
                0x20000924                . = ALIGN (0x4)
                0x20000924                __data_end__ = .
                0x20000924                _edata = __data_end__

.igot.plt       0x20000924        0x0 load address 0x0800dee4
 .igot.plt      0x00000000        0x0 ..\obj\stm32f10x_fsmc.o

.bss            0x20000924      0x7e4 load address 0x0800dee4
                0x20000924                . = ALIGN (0x4)
                0x20000924                __bss_start__ = .
                0x20000924                _sbss = __bss_start__
 *(.bss*)
 .bss           0x20000924        0x4 ..\obj\syscalls.o
 .bss           0x20000928      0x400 ..\obj\u8g_dev_st7920_128x64.o
                0x20000928                u8g_dev_st7920_128x64_4x_buf
                0x20000b28                u8g_dev_st7920_128x64_custom_buf
                0x20000ba8                u8g_dev_st7920_128x64_8bit_buf
                0x20000c28                u8g_dev_st7920_128x64_hw_spi_buf
                0x20000ca8                u8g_dev_st7920_128x64_sw_spi_buf
 .bss._ZZN7Display11getInstanceEvE8instance
                0x20000d28      0x104 ..\obj\EntController.o
                0x20000d28                Display::getInstance()::instance
 .bss._ZZN10RelayBoard11getInstanceEvE8instance
                0x20000e2c       0x20 ..\obj\EntController.o
                0x20000e2c                RelayBoard::getInstance()::instance
 .bss._ZZN4LEDS11getInstanceEvE8instance
                0x20000e4c       0x20 ..\obj\EntController.o
                0x20000e4c                LEDS::getInstance()::instance
 .bss._ZZN6Keypad11getInstanceEvE8instance
                0x20000e6c       0x60 ..\obj\EntController.o
                0x20000e6c                Keypad::getInstance()::instance
 .bss._ZGVZN6Keypad11getInstanceEvE8instance
                0x20000ecc        0x4 ..\obj\EntController.o
                0x20000ecc                guard variable for Keypad::getInstance()::instance
 .bss           0x20000ed0        0x8 ..\obj\delay.o
 .bss           0x20000ed8        0x8 ..\obj\u8g_arm_uart.o
                0x20000ed8                control
 .bss           0x20000ee0        0x4 ..\obj\usart.o
                0x20000ee0                received_count
 .bss.__malloc_top_pad
                0x20000ee4        0x4 C:\Program Files (x86)\GNU Tools ARM Embedded\4.9 2015q3\arm-none-eabi\lib\armv7-m\libg.a(lib_a-mallocr.o)
                0x20000ee4                __malloc_top_pad
 .bss.__malloc_current_mallinfo
                0x20000ee8       0x28 C:\Program Files (x86)\GNU Tools ARM Embedded\4.9 2015q3\arm-none-eabi\lib\armv7-m\libg.a(lib_a-mallocr.o)
                0x20000ee8                __malloc_current_mallinfo
 *(COMMON)
 COMMON         0x20000f10      0x1f4 ..\obj\usart.o
                0x20000f10                received_string
 COMMON         0x20001104        0x4 C:\Program Files (x86)\GNU Tools ARM Embedded\4.9 2015q3\arm-none-eabi\lib\armv7-m\libg.a(lib_a-reent.o)
                0x20001104                errno
                0x20001108                . = ALIGN (0x4)
                0x20001108                __bss_end__ = .
                0x20001108                _ebss = __bss_end__

.heap           0x20001108        0x0
                0x20001108                __end__ = .
                0x20001108                _end = __end__
                0x20001108                end = __end__
 *(.heap*)
                0x20001108                __HeapLimit = .

.co_stack       0x20001108        0x0
                0x20001108                . = ALIGN (0x8)
 *(.co_stack .co_stack.*)
                0x20005000                __StackTop = (ORIGIN (ram) + 0x5000)
                0x20005000                __StackLimit = (__StackTop - SIZEOF (.co_stack))
                0x20005000                PROVIDE (__stack, __StackTop)
                0x00000001                ASSERT ((__StackLimit >= __HeapLimit), region ram  overflowed with stack)
LOAD ..\obj\stm32f10x_fsmc.o
LOAD ..\obj\u8g_dev_uc1611_dogxl240.o
LOAD ..\obj\u8g_com_arduino_hw_usart_spi.o
LOAD ..\obj\u8g_pb.o
LOAD ..\obj\u8g_com_atxmega_st7920_hw_spi.o
LOAD ..\obj\u8g_com_msp430_hw_spi.o
LOAD ..\obj\u8g_pb8v1.o
LOAD ..\obj\u8g_com_arduino_st7920_custom.o
LOAD ..\obj\u8g_com_arduino_common.o
LOAD ..\obj\u8g_dev_ili9325d_320x240.o
LOAD ..\obj\stm32f10x_pwr.o
LOAD ..\obj\u8g_com_i2c.o
LOAD ..\obj\printf.o
LOAD ..\obj\u8g_com_raspberrypi_hw_spi.o
LOAD ..\obj\stm32f10x_cec.o
LOAD ..\obj\u8g_dev_pcf8812_96x65.o
LOAD ..\obj\syscalls.o
LOAD ..\obj\u8g_dev_st7920_128x64.o
LOAD ..\obj\u8g_pb16h2.o
LOAD ..\obj\u8g_cursor.o
LOAD ..\obj\u8g_com_arduino_st7920_spi.o
LOAD ..\obj\u8g_com_api.o
LOAD ..\obj\u8g_com_arduino_port_d_wr.o
LOAD ..\obj\u8g_dev_tls8204_84x48.o
LOAD ..\obj\u8g_ellipse.o
LOAD ..\obj\u8g_bitmap.o
LOAD ..\obj\radio.o
LOAD ..\obj\stm32f10x_crc.o
LOAD ..\obj\stm32f10x_dac.o
LOAD ..\obj\DS18B20.o
LOAD ..\obj\u8g_dev_t6963_240x128.o
LOAD ..\obj\u8g_dev_st7565_lm6059.o
LOAD ..\obj\u8g_state.o
LOAD ..\obj\u8g_dev_pcd8544_84x48.o
LOAD ..\obj\u8g_com_io.o
LOAD ..\obj\Display.o
LOAD ..\obj\u8g_ll_api.o
LOAD ..\obj\u8g_dev_st7565_dogm132.o
LOAD ..\obj\u8g_page.o
LOAD ..\obj\stm32f10x_gpio.o
LOAD ..\obj\stm32f10x_rcc.o
LOAD ..\obj\Keypad.o
LOAD ..\obj\u8g_pb16v2.o
LOAD ..\obj\u8g_com_arduino_attiny85_hw_spi.o
LOAD ..\obj\stm32f10x_sdio.o
LOAD ..\obj\u8g_dev_uc1601_c128032.o
LOAD ..\obj\mcp23017.o
LOAD ..\obj\u8g_dev_ssd1353_160x128.o
LOAD ..\obj\startup_stm32f10x_md.o
LOAD ..\obj\u8g_pbxh24.o
LOAD ..\obj\SI4703.o
LOAD ..\obj\u8g_com_arduino_std_sw_spi.o
LOAD ..\obj\u8g_dev_ssd1325_nhd27oled_gr.o
LOAD ..\obj\u8g_dev_ssd1306_128x64.o
LOAD ..\obj\stm32f10x_can.o
LOAD ..\obj\u8g_pb14v1.o
LOAD ..\obj\u8g_rect.o
LOAD ..\obj\u8g_dev_st7565_nhd_c12864.o
LOAD ..\obj\stm32f10x_iwdg.o
LOAD ..\obj\RelayBoard.o
LOAD ..\obj\u8g_dev_lc7981_320x64.o
LOAD ..\obj\u8g_dev_lc7981_160x80.o
LOAD ..\obj\stm32f10x_tim.o
LOAD ..\obj\u8g_com_arduino_fast_parallel.o
LOAD ..\obj\u8g_fonts.o
LOAD ..\obj\u8g_com_null.o
LOAD ..\obj\u8g_com_arduino_ssd_i2c.o
LOAD ..\obj\u8g_dev_flipdisc_2x7.o
LOAD ..\obj\u8g_com_atmega_sw_spi.o
LOAD ..\obj\EntController.o
LOAD ..\obj\u8g_pb16v1.o
LOAD ..\obj\u8g_pb8h1f.o
LOAD ..\obj\u8g_pb16h1.o
LOAD ..\obj\delay.o
LOAD ..\obj\u8g_dev_st7920_202x32.o
LOAD ..\obj\u8g_dev_ks0108_128x64.o
LOAD ..\obj\u8g_dev_lc7981_240x64.o
LOAD ..\obj\u8g_com_atmega_st7920_spi.o
LOAD ..\obj\u8g_dev_st7920_192x32.o
LOAD ..\obj\u8g_delay.o
LOAD ..\obj\u8g_arm_uart.o
LOAD ..\obj\u8g_com_atxmega_hw_spi.o
LOAD ..\obj\stm32f10x_dma.o
LOAD ..\obj\u8g_dev_ld7032_60x32.o
LOAD ..\obj\u8g_com_api_16gr.o
LOAD ..\obj\u8g_dev_ssd1322_nhd31oled_gr.o
LOAD ..\obj\u8g_com_atmega_parallel.o
LOAD ..\obj\u8g_dev_ssd1325_nhd27oled_gr_new.o
LOAD ..\obj\stm32f10x_dbgmcu.o
LOAD ..\obj\u8g_line.o
LOAD ..\obj\chessengine.o
LOAD ..\obj\u8g_com_arduino_t6963.o
LOAD ..\obj\u8g_dev_uc1611_dogm240.o
LOAD ..\obj\u8g_dev_ssd1306_64x48.o
LOAD ..\obj\u8g_com_atmega_hw_spi.o
LOAD ..\obj\u8g_dev_st7565_dogm128.o
LOAD ..\obj\u8g_dev_ssd1306_128x32.o
LOAD ..\obj\stm32f10x_spi.o
LOAD ..\obj\usart.o
LOAD ..\obj\stm32f10x_wwdg.o
LOAD ..\obj\u8g_dev_lc7981_240x128.o
LOAD ..\obj\u8g_dev_ht1632.o
LOAD ..\obj\u8g_u8toa.o
LOAD ..\obj\u8g_com_atmega_st7920_hw_spi.o
LOAD ..\obj\u8g_dev_ssd1325_nhd27oled_bw.o
LOAD ..\obj\u8g_dev_sbn1661_122x32.o
LOAD ..\obj\u8g_dev_st7565_64128n.o
LOAD ..\obj\u8g_pb32h1.o
LOAD ..\obj\u8g_pb8h1.o
LOAD ..\obj\main.o
LOAD ..\obj\stm32f10x_rtc.o
LOAD ..\obj\u8g_dev_uc1701_mini12864.o
LOAD ..\obj\SpaController.o
LOAD ..\obj\stm32f10x_usart.o
LOAD ..\obj\u8g_dev_ssd1309_128x64.o
LOAD ..\obj\u8g_dev_uc1701_dogs102.o
LOAD ..\obj\u8g_dev_ssd1327_96x96_gr.o
LOAD ..\obj\stm32f10x_adc.o
LOAD ..\obj\u8g_com_arduino_st7920_hw_spi.o
LOAD ..\obj\u8g_font.o
LOAD ..\obj\u8g_clip.o
LOAD ..\obj\u8g_pb8h2.o
LOAD ..\obj\u8g_dev_null.o
LOAD ..\obj\u8g_com_arduino_uc_i2c.o
LOAD ..\obj\u8g_pbxh16.o
LOAD ..\obj\u8g_pb8v2.o
LOAD ..\obj\LEDS.o
LOAD ..\obj\OVC3860.o
LOAD ..\obj\RDSParser.o
LOAD ..\obj\u8g_com_raspberrypi_ssd_i2c.o
LOAD ..\obj\u8g_polygon.o
LOAD ..\obj\u8g_virtual_screen.o
LOAD ..\obj\misc.o
LOAD ..\obj\stm32f10x_i2c.o
LOAD ..\obj\u8g_dev_uc1610_dogxl160.o
LOAD ..\obj\u8g_pb8h8.o
LOAD ..\obj\system_stm32f10x.o
LOAD ..\obj\u8g_dev_uc1608_240x128.o
LOAD ..\obj\u8g_dev_st7687_c144mvgd.o
LOAD ..\obj\u8g_dev_a2_micro_printer.o
LOAD ..\obj\u8g_dev_t6963_128x64.o
LOAD ..\obj\stm32f10x_bkp.o
LOAD ..\obj\u8g_com_arduino_no_en_parallel.o
LOAD ..\obj\stm32f10x_flash.o
LOAD ..\obj\u8g_com_psoc5_ssd_hw_parallel.o
LOAD ..\obj\u8g_dev_ssd1351_128x128.o
LOAD ..\obj\u8g_com_arduino_hw_spi.o
LOAD ..\obj\u8g_dev_st7565_lm6063.o
LOAD ..\obj\u8g_dev_t6963_240x64.o
LOAD ..\obj\u8g_dev_uc1608_240x64.o
LOAD ..\obj\u8g_circle.o
LOAD ..\obj\u8g_dev_gprof.o
LOAD ..\obj\u8g_u16toa.o
LOAD ..\obj\u8g_com_arduino_parallel.o
LOAD ..\obj\u8g_rot.o
LOAD ..\obj\u8g_dev_ssd1322_nhd31oled_bw.o
LOAD ..\obj\u8g_scale.o
LOAD ..\obj\u8g_dev_st7565_nhd_c12832.o
LOAD ..\obj\u8g_dev_ssd1325_nhd27oled_bw_new.o
LOAD ..\obj\u8g_dev_t6963_128x128.o
LOAD ..\obj\u8g_com_arduino_sw_spi.o
LOAD ..\obj\stm32f10x_exti.o
LOAD ..\obj\u8g_com_std_sw_spi.o
LOAD C:\Program Files (x86)\GNU Tools ARM Embedded\4.9 2015q3\arm-none-eabi\lib\armv7-m\libstdc++_nano.a
LOAD C:\Program Files (x86)\GNU Tools ARM Embedded\4.9 2015q3\arm-none-eabi\lib\armv7-m\libsupc++_nano.a
LOAD C:\Program Files (x86)\GNU Tools ARM Embedded\4.9 2015q3\arm-none-eabi\lib\armv7-m\libnosys.a
START GROUP
LOAD c:/program files (x86)/gnu tools arm embedded/4.9 2015q3/bin/../lib/gcc/arm-none-eabi/4.9.3/armv7-m\libgcc.a
LOAD C:\Program Files (x86)\GNU Tools ARM Embedded\4.9 2015q3\arm-none-eabi\lib\armv7-m\libg.a
LOAD C:\Program Files (x86)\GNU Tools ARM Embedded\4.9 2015q3\arm-none-eabi\lib\armv7-m\libc.a
END GROUP
OUTPUT(JacuzziV2.elf elf32-littlearm)

.debug_info     0x00000000    0x247bf
 .debug_info    0x00000000      0x890 ..\obj\u8g_pb.o
 .debug_info    0x00000890      0x434 ..\obj\u8g_com_arduino_st7920_custom.o
 .debug_info    0x00000cc4     0x156e ..\obj\printf.o
 .debug_info    0x00002232      0x3ed ..\obj\syscalls.o
 .debug_info    0x0000261f      0xbe8 ..\obj\u8g_dev_st7920_128x64.o
 .debug_info    0x00003207      0xa0d ..\obj\u8g_com_api.o
 .debug_info    0x00003c14      0xd6e ..\obj\radio.o
 .debug_info    0x00004982     0x146b ..\obj\DS18B20.o
 .debug_info    0x00005ded      0x468 ..\obj\u8g_state.o
 .debug_info    0x00006255     0x1c12 ..\obj\Display.o
 .debug_info    0x00007e67     0x1aab ..\obj\u8g_ll_api.o
 .debug_info    0x00009912      0x195 ..\obj\u8g_page.o
 .debug_info    0x00009aa7      0x887 ..\obj\stm32f10x_gpio.o
 .debug_info    0x0000a32e      0x92e ..\obj\stm32f10x_rcc.o
 .debug_info    0x0000ac5c     0x10a1 ..\obj\Keypad.o
 .debug_info    0x0000bcfd     0x1465 ..\obj\mcp23017.o
 .debug_info    0x0000d162       0xcb ..\obj\startup_stm32f10x_md.o
 .debug_info    0x0000d22d     0x18cf ..\obj\SI4703.o
 .debug_info    0x0000eafc      0xd88 ..\obj\u8g_rect.o
 .debug_info    0x0000f884      0xdde ..\obj\RelayBoard.o
 .debug_info    0x00010662      0x14d ..\obj\u8g_fonts.o
 .debug_info    0x000107af      0x42f ..\obj\u8g_com_null.o
 .debug_info    0x00010bde     0x32fe ..\obj\EntController.o
 .debug_info    0x00013edc      0x930 ..\obj\delay.o
 .debug_info    0x0001480c      0xa78 ..\obj\u8g_arm_uart.o
 .debug_info    0x00015284      0x504 ..\obj\u8g_line.o
 .debug_info    0x00015788      0x8a4 ..\obj\usart.o
 .debug_info    0x0001602c      0x8cf ..\obj\u8g_pb32h1.o
 .debug_info    0x000168fb      0x80b ..\obj\u8g_pb8h1.o
 .debug_info    0x00017106     0x1df9 ..\obj\main.o
 .debug_info    0x00018eff     0x3081 ..\obj\SpaController.o
 .debug_info    0x0001bf80      0xb3c ..\obj\stm32f10x_usart.o
 .debug_info    0x0001cabc     0x2abc ..\obj\u8g_font.o
 .debug_info    0x0001f578      0x4ee ..\obj\u8g_clip.o
 .debug_info    0x0001fa66      0xcd8 ..\obj\LEDS.o
 .debug_info    0x0002073e     0x167d ..\obj\OVC3860.o
 .debug_info    0x00021dbb      0x963 ..\obj\RDSParser.o
 .debug_info    0x0002271e      0x543 ..\obj\misc.o
 .debug_info    0x00022c61      0xb99 ..\obj\stm32f10x_i2c.o
 .debug_info    0x000237fa      0x4a1 ..\obj\system_stm32f10x.o
 .debug_info    0x00023c9b      0xb24 ..\obj\u8g_circle.o

.debug_abbrev   0x00000000     0x66b5
 .debug_abbrev  0x00000000      0x211 ..\obj\u8g_pb.o
 .debug_abbrev  0x00000211      0x106 ..\obj\u8g_com_arduino_st7920_custom.o
 .debug_abbrev  0x00000317      0x463 ..\obj\printf.o
 .debug_abbrev  0x0000077a       0xf1 ..\obj\syscalls.o
 .debug_abbrev  0x0000086b      0x1bc ..\obj\u8g_dev_st7920_128x64.o
 .debug_abbrev  0x00000a27      0x1ee ..\obj\u8g_com_api.o
 .debug_abbrev  0x00000c15      0x2e9 ..\obj\radio.o
 .debug_abbrev  0x00000efe      0x3ff ..\obj\DS18B20.o
 .debug_abbrev  0x000012fd      0x139 ..\obj\u8g_state.o
 .debug_abbrev  0x00001436      0x3f6 ..\obj\Display.o
 .debug_abbrev  0x0000182c      0x374 ..\obj\u8g_ll_api.o
 .debug_abbrev  0x00001ba0       0xf3 ..\obj\u8g_page.o
 .debug_abbrev  0x00001c93      0x203 ..\obj\stm32f10x_gpio.o
 .debug_abbrev  0x00001e96      0x25e ..\obj\stm32f10x_rcc.o
 .debug_abbrev  0x000020f4      0x386 ..\obj\Keypad.o
 .debug_abbrev  0x0000247a      0x2c6 ..\obj\mcp23017.o
 .debug_abbrev  0x00002740       0x12 ..\obj\startup_stm32f10x_md.o
 .debug_abbrev  0x00002752      0x4c3 ..\obj\SI4703.o
 .debug_abbrev  0x00002c15      0x185 ..\obj\u8g_rect.o
 .debug_abbrev  0x00002d9a      0x29c ..\obj\RelayBoard.o
 .debug_abbrev  0x00003036       0x6c ..\obj\u8g_fonts.o
 .debug_abbrev  0x000030a2      0x106 ..\obj\u8g_com_null.o
 .debug_abbrev  0x000031a8      0x620 ..\obj\EntController.o
 .debug_abbrev  0x000037c8      0x2ce ..\obj\delay.o
 .debug_abbrev  0x00003a96      0x299 ..\obj\u8g_arm_uart.o
 .debug_abbrev  0x00003d2f      0x157 ..\obj\u8g_line.o
 .debug_abbrev  0x00003e86      0x1e3 ..\obj\usart.o
 .debug_abbrev  0x00004069      0x239 ..\obj\u8g_pb32h1.o
 .debug_abbrev  0x000042a2      0x1d3 ..\obj\u8g_pb8h1.o
 .debug_abbrev  0x00004475      0x4cb ..\obj\main.o
 .debug_abbrev  0x00004940      0x60f ..\obj\SpaController.o
 .debug_abbrev  0x00004f4f      0x1f8 ..\obj\stm32f10x_usart.o
 .debug_abbrev  0x00005147      0x412 ..\obj\u8g_font.o
 .debug_abbrev  0x00005559      0x14f ..\obj\u8g_clip.o
 .debug_abbrev  0x000056a8      0x298 ..\obj\LEDS.o
 .debug_abbrev  0x00005940      0x3d5 ..\obj\OVC3860.o
 .debug_abbrev  0x00005d15      0x2c9 ..\obj\RDSParser.o
 .debug_abbrev  0x00005fde      0x154 ..\obj\misc.o
 .debug_abbrev  0x00006132      0x1ed ..\obj\stm32f10x_i2c.o
 .debug_abbrev  0x0000631f      0x16c ..\obj\system_stm32f10x.o
 .debug_abbrev  0x0000648b      0x22a ..\obj\u8g_circle.o

.debug_loc      0x00000000     0xfca3
 .debug_loc     0x00000000      0x918 ..\obj\u8g_pb.o
 .debug_loc     0x00000918       0x21 ..\obj\u8g_com_arduino_st7920_custom.o
 .debug_loc     0x00000939     0x1071 ..\obj\printf.o
 .debug_loc     0x000019aa      0x108 ..\obj\syscalls.o
 .debug_loc     0x00001ab2      0x3ce ..\obj\u8g_dev_st7920_128x64.o
 .debug_loc     0x00001e80      0x661 ..\obj\u8g_com_api.o
 .debug_loc     0x000024e1      0x38f ..\obj\radio.o
 .debug_loc     0x00002870      0xa71 ..\obj\DS18B20.o
 .debug_loc     0x000032e1       0x42 ..\obj\u8g_state.o
 .debug_loc     0x00003323      0x69a ..\obj\Display.o
 .debug_loc     0x000039bd     0x1979 ..\obj\u8g_ll_api.o
 .debug_loc     0x00005336       0xd1 ..\obj\u8g_page.o
 .debug_loc     0x00005407      0x5d0 ..\obj\stm32f10x_gpio.o
 .debug_loc     0x000059d7      0x7fb ..\obj\stm32f10x_rcc.o
 .debug_loc     0x000061d2      0x190 ..\obj\Keypad.o
 .debug_loc     0x00006362      0x659 ..\obj\mcp23017.o
 .debug_loc     0x000069bb      0x87e ..\obj\SI4703.o
 .debug_loc     0x00007239      0xa79 ..\obj\u8g_rect.o
 .debug_loc     0x00007cb2      0x15b ..\obj\RelayBoard.o
 .debug_loc     0x00007e0d       0x21 ..\obj\u8g_com_null.o
 .debug_loc     0x00007e2e      0x8f6 ..\obj\EntController.o
 .debug_loc     0x00008724       0xc0 ..\obj\delay.o
 .debug_loc     0x000087e4      0x1c9 ..\obj\u8g_arm_uart.o
 .debug_loc     0x000089ad      0x32c ..\obj\u8g_line.o
 .debug_loc     0x00008cd9       0x79 ..\obj\usart.o
 .debug_loc     0x00008d52      0x6ba ..\obj\u8g_pb32h1.o
 .debug_loc     0x0000940c      0x4fc ..\obj\u8g_pb8h1.o
 .debug_loc     0x00009908       0xe3 ..\obj\main.o
 .debug_loc     0x000099eb      0xaaa ..\obj\SpaController.o
 .debug_loc     0x0000a495      0x82e ..\obj\stm32f10x_usart.o
 .debug_loc     0x0000acc3     0x2dcf ..\obj\u8g_font.o
 .debug_loc     0x0000da92      0x378 ..\obj\u8g_clip.o
 .debug_loc     0x0000de0a       0xed ..\obj\LEDS.o
 .debug_loc     0x0000def7      0x6f7 ..\obj\OVC3860.o
 .debug_loc     0x0000e5ee      0x547 ..\obj\RDSParser.o
 .debug_loc     0x0000eb35      0x18e ..\obj\misc.o
 .debug_loc     0x0000ecc3      0x73c ..\obj\stm32f10x_i2c.o
 .debug_loc     0x0000f3ff       0xbc ..\obj\system_stm32f10x.o
 .debug_loc     0x0000f4bb      0x7e8 ..\obj\u8g_circle.o

.debug_aranges  0x00000000      0x528
 .debug_aranges
                0x00000000       0x20 ..\obj\u8g_pb.o
 .debug_aranges
                0x00000020       0x20 ..\obj\u8g_com_arduino_st7920_custom.o
 .debug_aranges
                0x00000040       0x20 ..\obj\printf.o
 .debug_aranges
                0x00000060       0x20 ..\obj\syscalls.o
 .debug_aranges
                0x00000080       0x20 ..\obj\u8g_dev_st7920_128x64.o
 .debug_aranges
                0x000000a0       0x20 ..\obj\u8g_com_api.o
 .debug_aranges
                0x000000c0       0x20 ..\obj\radio.o
 .debug_aranges
                0x000000e0       0x20 ..\obj\DS18B20.o
 .debug_aranges
                0x00000100       0x20 ..\obj\u8g_state.o
 .debug_aranges
                0x00000120       0x20 ..\obj\Display.o
 .debug_aranges
                0x00000140       0x20 ..\obj\u8g_ll_api.o
 .debug_aranges
                0x00000160       0x20 ..\obj\u8g_page.o
 .debug_aranges
                0x00000180       0x20 ..\obj\stm32f10x_gpio.o
 .debug_aranges
                0x000001a0       0x20 ..\obj\stm32f10x_rcc.o
 .debug_aranges
                0x000001c0       0x20 ..\obj\Keypad.o
 .debug_aranges
                0x000001e0       0x20 ..\obj\mcp23017.o
 .debug_aranges
                0x00000200       0x28 ..\obj\startup_stm32f10x_md.o
 .debug_aranges
                0x00000228       0x20 ..\obj\SI4703.o
 .debug_aranges
                0x00000248       0x20 ..\obj\u8g_rect.o
 .debug_aranges
                0x00000268       0x20 ..\obj\RelayBoard.o
 .debug_aranges
                0x00000288       0x18 ..\obj\u8g_fonts.o
 .debug_aranges
                0x000002a0       0x20 ..\obj\u8g_com_null.o
 .debug_aranges
                0x000002c0       0x20 ..\obj\EntController.o
 .debug_aranges
                0x000002e0       0x20 ..\obj\delay.o
 .debug_aranges
                0x00000300       0x20 ..\obj\u8g_arm_uart.o
 .debug_aranges
                0x00000320       0x20 ..\obj\u8g_line.o
 .debug_aranges
                0x00000340       0x20 ..\obj\usart.o
 .debug_aranges
                0x00000360       0x20 ..\obj\u8g_pb32h1.o
 .debug_aranges
                0x00000380       0x20 ..\obj\u8g_pb8h1.o
 .debug_aranges
                0x000003a0       0x28 ..\obj\main.o
 .debug_aranges
                0x000003c8       0x20 ..\obj\SpaController.o
 .debug_aranges
                0x000003e8       0x20 ..\obj\stm32f10x_usart.o
 .debug_aranges
                0x00000408       0x20 ..\obj\u8g_font.o
 .debug_aranges
                0x00000428       0x20 ..\obj\u8g_clip.o
 .debug_aranges
                0x00000448       0x20 ..\obj\LEDS.o
 .debug_aranges
                0x00000468       0x20 ..\obj\OVC3860.o
 .debug_aranges
                0x00000488       0x20 ..\obj\RDSParser.o
 .debug_aranges
                0x000004a8       0x20 ..\obj\misc.o
 .debug_aranges
                0x000004c8       0x20 ..\obj\stm32f10x_i2c.o
 .debug_aranges
                0x000004e8       0x20 ..\obj\system_stm32f10x.o
 .debug_aranges
                0x00000508       0x20 ..\obj\u8g_circle.o

.debug_ranges   0x00000000      0xde8
 .debug_ranges  0x00000000       0x40 ..\obj\u8g_pb.o
 .debug_ranges  0x00000040       0x80 ..\obj\printf.o
 .debug_ranges  0x000000c0       0x20 ..\obj\u8g_com_api.o
 .debug_ranges  0x000000e0       0x58 ..\obj\radio.o
 .debug_ranges  0x00000138       0x60 ..\obj\DS18B20.o
 .debug_ranges  0x00000198       0x50 ..\obj\Display.o
 .debug_ranges  0x000001e8      0x198 ..\obj\u8g_ll_api.o
 .debug_ranges  0x00000380       0x20 ..\obj\stm32f10x_rcc.o
 .debug_ranges  0x000003a0       0x70 ..\obj\Keypad.o
 .debug_ranges  0x00000410       0x58 ..\obj\mcp23017.o
 .debug_ranges  0x00000468       0x20 ..\obj\startup_stm32f10x_md.o
 .debug_ranges  0x00000488       0xd0 ..\obj\SI4703.o
 .debug_ranges  0x00000558       0x30 ..\obj\u8g_rect.o
 .debug_ranges  0x00000588      0x110 ..\obj\EntController.o
 .debug_ranges  0x00000698       0x98 ..\obj\delay.o
 .debug_ranges  0x00000730       0x98 ..\obj\main.o
 .debug_ranges  0x000007c8      0x1e0 ..\obj\SpaController.o
 .debug_ranges  0x000009a8      0x1e8 ..\obj\u8g_font.o
 .debug_ranges  0x00000b90       0x58 ..\obj\u8g_clip.o