Archive member included to satisfy reference by file (symbol)

..\..\..\..\..\..\..\..\Program Files (x86)\GNU Tools ARM Embedded\5.3 2016q1\arm-none-eabi\lib\armv7-m\libstdc++_nano.a(si_class_type_info.o)
                              ..\obj\SI4703.o (vtable for __cxxabiv1::__si_class_type_info)
..\..\..\..\..\..\..\..\Program Files (x86)\GNU Tools ARM Embedded\5.3 2016q1\arm-none-eabi\lib\armv7-m\libstdc++_nano.a(vmi_class_type_info.o)
                              ..\obj\EntController.o (vtable for __cxxabiv1::__vmi_class_type_info)
..\..\..\..\..\..\..\..\Program Files (x86)\GNU Tools ARM Embedded\5.3 2016q1\arm-none-eabi\lib\armv7-m\libstdc++_nano.a(tinfo.o)
                              ..\..\..\..\..\..\..\..\Program Files (x86)\GNU Tools ARM Embedded\5.3 2016q1\arm-none-eabi\lib\armv7-m\libstdc++_nano.a(si_class_type_info.o) (std::type_info::__is_function_p() const)
..\..\..\..\..\..\..\..\Program Files (x86)\GNU Tools ARM Embedded\5.3 2016q1\arm-none-eabi\lib\armv7-m\libstdc++_nano.a(class_type_info.o)
                              ..\..\..\..\..\..\..\..\Program Files (x86)\GNU Tools ARM Embedded\5.3 2016q1\arm-none-eabi\lib\armv7-m\libstdc++_nano.a(si_class_type_info.o) (__cxxabiv1::__class_type_info::__do_upcast(__cxxabiv1::__class_type_info const*, void**) const)
..\..\..\..\..\..\..\..\Program Files (x86)\GNU Tools ARM Embedded\5.3 2016q1\arm-none-eabi\lib\armv7-m\libstdc++_nano.a(guard.o)
                              ..\obj\main.o (__cxa_guard_acquire)
..\..\..\..\..\..\..\..\Program Files (x86)\GNU Tools ARM Embedded\5.3 2016q1\arm-none-eabi\lib\armv7-m\libstdc++_nano.a(del_op.o)
                              ..\..\..\..\..\..\..\..\Program Files (x86)\GNU Tools ARM Embedded\5.3 2016q1\arm-none-eabi\lib\armv7-m\libstdc++_nano.a(si_class_type_info.o) (operator delete(void*))
c:/program files (x86)/gnu tools arm embedded/5.3 2016q1/bin/../lib/gcc/arm-none-eabi/5.3.1/armv7-m\libgcc.a(_arm_addsubdf3.o)
                              ..\obj\DS18B20.o (__aeabi_dadd)
c:/program files (x86)/gnu tools arm embedded/5.3 2016q1/bin/../lib/gcc/arm-none-eabi/5.3.1/armv7-m\libgcc.a(_arm_muldivdf3.o)
                              ..\obj\DS18B20.o (__aeabi_dmul)
c:/program files (x86)/gnu tools arm embedded/5.3 2016q1/bin/../lib/gcc/arm-none-eabi/5.3.1/armv7-m\libgcc.a(_arm_fixdfsi.o)
                              ..\obj\DS18B20.o (__aeabi_d2iz)
c:/program files (x86)/gnu tools arm embedded/5.3 2016q1/bin/../lib/gcc/arm-none-eabi/5.3.1/armv7-m\libgcc.a(_arm_truncdfsf2.o)
                              ..\obj\DS18B20.o (__aeabi_d2f)
c:/program files (x86)/gnu tools arm embedded/5.3 2016q1/bin/../lib/gcc/arm-none-eabi/5.3.1/armv7-m\libgcc.a(_arm_addsubsf3.o)
                              ..\obj\SpaController.o (__aeabi_fsub)
c:/program files (x86)/gnu tools arm embedded/5.3 2016q1/bin/../lib/gcc/arm-none-eabi/5.3.1/armv7-m\libgcc.a(_arm_muldivsf3.o)
                              ..\obj\DS18B20.o (__aeabi_fmul)
c:/program files (x86)/gnu tools arm embedded/5.3 2016q1/bin/../lib/gcc/arm-none-eabi/5.3.1/armv7-m\libgcc.a(_arm_cmpsf2.o)
                              ..\obj\SpaController.o (__aeabi_fcmplt)
c:/program files (x86)/gnu tools arm embedded/5.3 2016q1/bin/../lib/gcc/arm-none-eabi/5.3.1/armv7-m\libgcc.a(_arm_fixsfsi.o)
                              ..\obj\SpaController.o (__aeabi_f2iz)
c:/program files (x86)/gnu tools arm embedded/5.3 2016q1/bin/../lib/gcc/arm-none-eabi/5.3.1/armv7-m\libgcc.a(_arm_fixunssfsi.o)
                              ..\obj\DS18B20.o (__aeabi_f2uiz)
c:/program files (x86)/gnu tools arm embedded/5.3 2016q1/bin/../lib/gcc/arm-none-eabi/5.3.1/armv7-m\libgcc.a(unwind-arm.o)
                              ..\obj\TemperatureSensor.o (__aeabi_unwind_cpp_pr0)
c:/program files (x86)/gnu tools arm embedded/5.3 2016q1/bin/../lib/gcc/arm-none-eabi/5.3.1/armv7-m\libgcc.a(libunwind.o)
                              c:/program files (x86)/gnu tools arm embedded/5.3 2016q1/bin/../lib/gcc/arm-none-eabi/5.3.1/armv7-m\libgcc.a(unwind-arm.o) (restore_core_regs)
c:/program files (x86)/gnu tools arm embedded/5.3 2016q1/bin/../lib/gcc/arm-none-eabi/5.3.1/armv7-m\libgcc.a(pr-support.o)
                              c:/program files (x86)/gnu tools arm embedded/5.3 2016q1/bin/../lib/gcc/arm-none-eabi/5.3.1/armv7-m\libgcc.a(unwind-arm.o) (__gnu_unwind_execute)
..\..\..\..\..\..\..\..\Program Files (x86)\GNU Tools ARM Embedded\5.3 2016q1\arm-none-eabi\lib\armv7-m\libg.a(lib_a-malloc.o)
                              ..\..\..\..\..\..\..\..\Program Files (x86)\GNU Tools ARM Embedded\5.3 2016q1\arm-none-eabi\lib\armv7-m\libstdc++_nano.a(del_op.o) (free)
..\..\..\..\..\..\..\..\Program Files (x86)\GNU Tools ARM Embedded\5.3 2016q1\arm-none-eabi\lib\armv7-m\libg.a(lib_a-mallocr.o)
                              ..\..\..\..\..\..\..\..\Program Files (x86)\GNU Tools ARM Embedded\5.3 2016q1\arm-none-eabi\lib\armv7-m\libg.a(lib_a-malloc.o) (_malloc_r)
[...]
Memory Configuration

Name             Origin             Length             Attributes
rom              0x08000000         0x00010000         xr
ram              0x20000000         0x00005000         xrw
*default*        0x00000000         0xffffffff

Linker script and memory map

                0x20005000                _eram = 0x20005000

.text           0x08000000     0x8722
 *(.isr_vector)
 .isr_vector    0x08000000      0x10c ..\obj\startup_stm32f10x_md.o
                0x08000000                g_pfnVectors
 *(.text*)
 .text.u8g_pb_Clear
                0x0800010c       0x14 ..\obj\u8g_pb.o
                0x0800010c                u8g_pb_Clear
 .text.u8g_pb_GetPageBox
                0x08000120       0x14 ..\obj\u8g_pb.o
                0x08000120                u8g_pb_GetPageBox
 .text.u8g_pb_Is8PixelVisible
                0x08000134       0x58 ..\obj\u8g_pb.o
                0x08000134                u8g_pb_Is8PixelVisible
 .text.SetOutputUart
                0x0800018c        0xc ..\obj\printf.o
                0x0800018c                SetOutputUart
 .text.PrintChar
                0x08000198       0x40 ..\obj\printf.o
                0x08000198                PrintChar
 .text.PutUnsignedInt
                0x080001d8       0x54 ..\obj\printf.o
                0x080001d8                PutUnsignedInt
 .text.PutSignedInt
                0x0800022c       0x90 ..\obj\printf.o
                0x0800022c                PutSignedInt
 .text.PutHexa  0x080002bc       0x68 ..\obj\printf.o
                0x080002bc                PutHexa
 .text.vsnprintf
                0x08000324      0x168 ..\obj\printf.o
                0x08000324                vsnprintf
 .text.snprintf
                0x0800048c       0x20 ..\obj\printf.o
                0x0800048c                snprintf
 .text.sprintf  0x080004ac       0x20 ..\obj\printf.o
                0x080004ac                sprintf
 .text.fputs    0x080004cc       0x38 ..\obj\printf.o
                0x080004cc                fputs
 .text.vfprintf
                0x08000504       0x4c ..\obj\printf.o
                0x08000504                vfprintf
 .text.printf   0x08000550       0x28 ..\obj\printf.o
                0x08000550                printf
 .text.puts     0x08000578       0x10 ..\obj\printf.o
                0x08000578                puts
 .text._sbrk    0x08000588       0x1c ..\obj\syscalls.o
                0x08000588                _sbrk
 .text.abort    0x080005a4        0x4 ..\obj\syscalls.o
                0x080005a4                abort
 .text.u8g_dev_st7920_128x64_fn
                0x080005a8       0xdc ..\obj\u8g_dev_st7920_128x64.o
                0x080005a8                u8g_dev_st7920_128x64_fn
 .text.u8g_InitCom
                0x08000684       0x10 ..\obj\u8g_com_api.o
                0x08000684                u8g_InitCom
 .text.u8g_SetChipSelect
                0x08000694       0x10 ..\obj\u8g_com_api.o
                0x08000694                u8g_SetChipSelect
 .text.u8g_SetAddress
                0x080006a4       0x10 ..\obj\u8g_com_api.o
                0x080006a4                u8g_SetAddress
 .text.u8g_WriteByte
                0x080006b4       0x10 ..\obj\u8g_com_api.o
                0x080006b4                u8g_WriteByte
 .text.u8g_WriteSequence
                0x080006c4        0xc ..\obj\u8g_com_api.o
                0x080006c4                u8g_WriteSequence
 .text.u8g_WriteEscSeqP
                0x080006d0       0xc0 ..\obj\u8g_com_api.o
                0x080006d0                u8g_WriteEscSeqP
 .text._ZN17TemperatureSensor5ResetEv
                0x08000790       0x24 ..\obj\TemperatureSensor.o
                0x08000790                TemperatureSensor::Reset()
 .text._ZN17TemperatureSensor15StartConversionEv
                0x080007b4       0x3c ..\obj\TemperatureSensor.o
                0x080007b4                TemperatureSensor::StartConversion()
 .text._ZN17TemperatureSensor4InitEmP12GPIO_TypeDeft
                0x080007f0       0x3c ..\obj\TemperatureSensor.o
                0x080007f0                TemperatureSensor::Init(unsigned long, GPIO_TypeDef*, unsigned short)
 .text._ZN17TemperatureSensor15ReadTemperatureEv
                0x0800082c       0x48 ..\obj\TemperatureSensor.o
                0x0800082c                TemperatureSensor::ReadTemperature()
 .text._ZN17TemperatureSensor11TempIsValidEv
                0x08000874        0x8 ..\obj\TemperatureSensor.o
                0x08000874                TemperatureSensor::TempIsValid()
 .text._ZN17TemperatureSensor14GetTemperatureERA7_c
                0x0800087c       0x34 ..\obj\TemperatureSensor.o
                0x0800087c                TemperatureSensor::GetTemperature(char (&) [7])
 .text._ZN17TemperatureSensor14GetTemperatureEv
                0x080008b0       0x34 ..\obj\TemperatureSensor.o
                0x080008b0                TemperatureSensor::GetTemperature()
 .text._ZN5RADIO4initEb
                0x080008e4        0x4 ..\obj\radio.o
                0x080008e4                RADIO::init(bool)
 .text._ZN5RADIO4termEv
                0x080008e8        0x4 ..\obj\radio.o
                0x080008e8                RADIO::term()
 .text._ZN5RADIO9setVolumeEh
                0x080008ec        0x4 ..\obj\radio.o
                0x080008ec                RADIO::setVolume(unsigned char)
 .text._ZN5RADIO9getVolumeEv
                0x080008f0        0x4 ..\obj\radio.o
                0x080008f0                RADIO::getVolume()
 .text._ZN5RADIO12setBassBoostEb
                0x080008f4        0x4 ..\obj\radio.o
                0x080008f4                RADIO::setBassBoost(bool)
 .text._ZN5RADIO12getBassBoostEv
                0x080008f8        0x4 ..\obj\radio.o
                0x080008f8                RADIO::getBassBoost()
 .text._ZN5RADIO7setMonoEb
                0x080008fc        0x4 ..\obj\radio.o
                0x080008fc                RADIO::setMono(bool)
 .text._ZN5RADIO7getMonoEv
                0x08000900        0x4 ..\obj\radio.o
                0x08000900                RADIO::getMono()
 .text._ZN5RADIO7setMuteEb
                0x08000904        0x4 ..\obj\radio.o
                0x08000904                RADIO::setMute(bool)
 .text._ZN5RADIO7getMuteEv
                0x08000908        0x4 ..\obj\radio.o
                0x08000908                RADIO::getMute()
 .text._ZN5RADIO11setSoftMuteEb
                0x0800090c        0x4 ..\obj\radio.o
                0x0800090c                RADIO::setSoftMute(bool)
 .text._ZN5RADIO11getSoftMuteEv
                0x08000910        0x4 ..\obj\radio.o
                0x08000910                RADIO::getSoftMute()
 .text._ZN5RADIO7setBandE10RADIO_BAND
                0x08000914       0x24 ..\obj\radio.o
                0x08000914                RADIO::setBand(RADIO_BAND)
 .text._ZN5RADIO12setFrequencyEt
                0x08000938        0x4 ..\obj\radio.o
                0x08000938                RADIO::setFrequency(unsigned short)
 .text._ZN5RADIO8seekDownEb
                0x0800093c        0x4 ..\obj\radio.o
                0x0800093c                RADIO::seekDown(bool)
                0x0800093c                RADIO::seekUp(bool)
 .text._ZN5RADIO7getBandEv
                0x08000940        0x4 ..\obj\radio.o
                0x08000940                RADIO::getBand()
 .text._ZN5RADIO12getFrequencyEv
                0x08000944        0x4 ..\obj\radio.o
                0x08000944                RADIO::getFrequency()
 .text._ZN5RADIO15getMinFrequencyEv
                0x08000948        0x4 ..\obj\radio.o
                0x08000948                RADIO::getMinFrequency()
 .text._ZN5RADIO15getMaxFrequencyEv
                0x0800094c        0x4 ..\obj\radio.o
                0x0800094c                RADIO::getMaxFrequency()
 .text._ZN5RADIO16getFrequencyStepEv
                0x08000950        0x4 ..\obj\radio.o
                0x08000950                RADIO::getFrequencyStep()
 .text._ZN5RADIO8checkRDSEPtS0_S0_S0_
                0x08000954        0x4 ..\obj\radio.o
                0x08000954                RADIO::checkRDS(unsigned short*, unsigned short*, unsigned short*, unsigned short*)
 .text._ZN5RADIO12getRadioInfoEP10RADIO_INFO
                0x08000958       0x10 ..\obj\radio.o
                0x08000958                RADIO::getRadioInfo(RADIO_INFO*)
 .text._ZN5RADIO12getAudioInfoEP10AUDIO_INFO
                0x08000968       0x1c ..\obj\radio.o
                0x08000968                RADIO::getAudioInfo(AUDIO_INFO*)
 .text._ZN5RADIO15formatFrequencyEPch
                0x08000984       0xa0 ..\obj\radio.o
                0x08000984                RADIO::formatFrequency(char*, unsigned char)
 .text._ZN5RADIOC2Ev
                0x08000a24       0x20 ..\obj\radio.o
                0x08000a24                RADIO::RADIO()
                0x08000a24                RADIO::RADIO()
 .text._ZN7DS18B205ResetEv
                0x08000a44       0x94 ..\obj\DS18B20.o
                0x08000a44                DS18B20::Reset()
 .text._ZN7DS18B204InitEmP12GPIO_TypeDeft
                0x08000ad8       0x4c ..\obj\DS18B20.o
                0x08000ad8                DS18B20::Init(unsigned long, GPIO_TypeDef*, unsigned short)
 .text._ZN7DS18B207BitReadEv
                0x08000b24       0x50 ..\obj\DS18B20.o
                0x08000b24                DS18B20::BitRead()
 .text._ZN7DS18B208BitWriteEh
                0x08000b74       0x60 ..\obj\DS18B20.o
                0x08000b74                DS18B20::BitWrite(unsigned char)
 .text._ZN7DS18B207ROMSkipEv
                0x08000bd4       0x20 ..\obj\DS18B20.o
                0x08000bd4                DS18B20::ROMSkip()
 .text._ZN7DS18B2011TempConvertEv
                0x08000bf4       0x20 ..\obj\DS18B20.o
                0x08000bf4                DS18B20::TempConvert()
 .text._ZN7DS18B2013ScratchpadSetEcch
                0x08000c14       0x6c ..\obj\DS18B20.o
                0x08000c14                DS18B20::ScratchpadSet(char, char, unsigned char)
 .text._ZN7DS18B2012SetPrecisionEh
                0x08000c80       0x1c ..\obj\DS18B20.o
                0x08000c80                DS18B20::SetPrecision(unsigned char)
 .text._ZN7DS18B2014TempReadSimpleEPNS_12simple_floatE
                0x08000c9c       0xd4 ..\obj\DS18B20.o
                0x08000c9c                DS18B20::TempReadSimple(DS18B20::simple_float*)
 .text.u8g_state_dummy_cb
                0x08000d70        0x4 ..\obj\u8g_state.o
                0x08000d70                u8g_state_dummy_cb
 .text._ZN7Display15SetDisplayStateEb
                0x08000d74       0x10 ..\obj\Display.o
                0x08000d74                Display::SetDisplayState(bool)
 .text._ZN7Display16DrawSecondScreenEv
                0x08000d84       0x60 ..\obj\Display.o
                0x08000d84                Display::DrawSecondScreen()
 .text._ZN7Display15SetActiveScreenENS_7ScreensE
                0x08000de4        0x8 ..\obj\Display.o
                0x08000de4                Display::SetActiveScreen(Display::Screens)
 .text._ZN7Display7SetTempEhPKc
                0x08000dec       0x2c ..\obj\Display.o
                0x08000dec                Display::SetTemp(unsigned char, char const*)
 .text._ZN7Display15SetHeatingStateEb
                0x08000e18        0x8 ..\obj\Display.o
                0x08000e18                Display::SetHeatingState(bool)
 .text._ZN7Display19SetNoWaterAvailableEb
                0x08000e20        0x8 ..\obj\Display.o
                0x08000e20                Display::SetNoWaterAvailable(bool)
 .text._ZN7Display18SetNoTempAvailableEb
                0x08000e28        0x8 ..\obj\Display.o
                0x08000e28                Display::SetNoTempAvailable(bool)
 .text._ZN7Display12SetStatusBarEPKc
                0x08000e30       0x24 ..\obj\Display.o
                0x08000e30                Display::SetStatusBar(char const*)
 .text._ZN7Display14ClearStatusBarEv
                0x08000e54       0x18 ..\obj\Display.o
                0x08000e54                Display::ClearStatusBar()
 .text._ZN7Display13SetAudioStateEb
                0x08000e6c        0x8 ..\obj\Display.o
                0x08000e6c                Display::SetAudioState(bool)
 .text._ZN7Display14SetAudioSourceEPKc
                0x08000e74       0x24 ..\obj\Display.o
                0x08000e74                Display::SetAudioSource(char const*)
 .text._ZN7Display13SetRadioStateEb
                0x08000e98        0x8 ..\obj\Display.o
                0x08000e98                Display::SetRadioState(bool)
 .text._ZN7Display14SetRadioStereoEb
                0x08000ea0        0x8 ..\obj\Display.o
                0x08000ea0                Display::SetRadioStereo(bool)
 .text._ZN7Display15SetRadioChannelEt
                0x08000ea8       0x3c ..\obj\Display.o
                0x08000ea8                Display::SetRadioChannel(unsigned short)
 .text._ZN7Display22SetRadioSignalstrengthEc
                0x08000ee4        0x8 ..\obj\Display.o
                0x08000ee4                Display::SetRadioSignalstrength(char)
 .text._ZN7Display9WriteTextEhPKc
                0x08000eec       0x30 ..\obj\Display.o
                0x08000eec                Display::WriteText(unsigned char, char const*)
 .text._ZN7Display17ClearSecondScreenEv
                0x08000f1c       0x48 ..\obj\Display.o
                0x08000f1c                Display::ClearSecondScreen()
 .text._ZN7Display4InitEv
                0x08000f64       0x8c ..\obj\Display.o
                0x08000f64                Display::Init()
 .text._ZN7Display13DrawWaterIconEv
                0x08000ff0       0x5c ..\obj\Display.o
                0x08000ff0                Display::DrawWaterIcon()
 .text._ZN7Display13DrawFrostIconEv
                0x0800104c       0x58 ..\obj\Display.o
                0x0800104c                Display::DrawFrostIcon()
 .text._ZN7Display18DrawSignalStrengthEv
                0x080010a4       0xe4 ..\obj\Display.o
                0x080010a4                Display::DrawSignalStrength()
 .text._ZN7Display14DrawMainScreenEv
                0x08001188      0x148 ..\obj\Display.o
                0x08001188                Display::DrawMainScreen()
 .text._ZN7Display4DrawEv
                0x080012d0       0x30 ..\obj\Display.o
                0x080012d0                Display::Draw()
 .text.u8g_InitLL
                0x08001300       0x2c ..\obj\u8g_ll_api.o
                0x08001300                u8g_InitLL
 .text.u8g_FirstPageLL
                0x0800132c       0x38 ..\obj\u8g_ll_api.o
                0x0800132c                u8g_FirstPageLL
 .text.u8g_NextPageLL
                0x08001364       0x3c ..\obj\u8g_ll_api.o
                0x08001364                u8g_NextPageLL
 .text.u8g_UpdateDimension
                0x080013a0       0x4c ..\obj\u8g_ll_api.o
                0x080013a0                u8g_UpdateDimension
 .text.u8g_Begin
                0x080013ec       0x18 ..\obj\u8g_ll_api.o
                0x080013ec                u8g_Begin
 .text.u8g_InitComFn
                0x08001404       0x54 ..\obj\u8g_ll_api.o
                0x08001404                u8g_InitComFn
 .text.u8g_FirstPage
                0x08001458        0x8 ..\obj\u8g_ll_api.o
                0x08001458                u8g_FirstPage
 .text.u8g_NextPage
                0x08001460       0x18 ..\obj\u8g_ll_api.o
                0x08001460                u8g_NextPage
 .text.u8g_DrawPixel
                0x08001478       0x1c ..\obj\u8g_ll_api.o
                0x08001478                u8g_DrawPixel
 .text.u8g_Draw8Pixel
                0x08001494       0x28 ..\obj\u8g_ll_api.o
                0x08001494                u8g_Draw8Pixel
 .text.GPIO_Init
                0x080014bc       0xb8 ..\obj\stm32f10x_gpio.o
                0x080014bc                GPIO_Init
 .text.GPIO_ReadInputDataBit
                0x08001574        0xc ..\obj\stm32f10x_gpio.o
                0x08001574                GPIO_ReadInputDataBit
 .text.GPIO_ReadOutputDataBit
                0x08001580        0xc ..\obj\stm32f10x_gpio.o
                0x08001580                GPIO_ReadOutputDataBit
 .text.GPIO_WriteBit
                0x0800158c        0xc ..\obj\stm32f10x_gpio.o
                0x0800158c                GPIO_WriteBit
 .text.u8g_page_First
                0x08001598       0x10 ..\obj\u8g_page.o
                0x08001598                u8g_page_First
 .text.u8g_page_Next
                0x080015a8       0x3c ..\obj\u8g_page.o
                0x080015a8                u8g_page_Next
 .text.RCC_GetClocksFreq
                0x080015e4       0x9c ..\obj\stm32f10x_rcc.o
                0x080015e4                RCC_GetClocksFreq
 .text.RCC_APB2PeriphClockCmd
                0x08001680       0x1c ..\obj\stm32f10x_rcc.o
                0x08001680                RCC_APB2PeriphClockCmd
 .text.RCC_APB1PeriphClockCmd
                0x0800169c       0x1c ..\obj\stm32f10x_rcc.o
                0x0800169c                RCC_APB1PeriphClockCmd
 .text.RCC_APB1PeriphResetCmd
                0x080016b8       0x1c ..\obj\stm32f10x_rcc.o
                0x080016b8                RCC_APB1PeriphResetCmd
 .text._ZN6Keypad7McpInitEv
                0x080016d4       0xd0 ..\obj\Keypad.o
                0x080016d4                Keypad::McpInit()
 .text._ZN6Keypad4InitEv
                0x080017a4       0x20 ..\obj\Keypad.o
                0x080017a4                Keypad::Init()
 .text._ZN6Keypad15IsKeypadWorkingEv
                0x080017c4        0x4 ..\obj\Keypad.o
                0x080017c4                Keypad::IsKeypadWorking()
 .text._ZN6Keypad19RegisterForCallbackER4Keys
                0x080017c8       0x2c ..\obj\Keypad.o
                0x080017c8                Keypad::RegisterForCallback(Keys&)
 .text._ZN6Keypad8ReadKeysEv
                0x080017f4       0x4c ..\obj\Keypad.o
                0x080017f4                Keypad::ReadKeys()
 .text._ZN6Keypad16CheckKeysPressedEv
                0x08001840      0x104 ..\obj\Keypad.o
                0x08001840                Keypad::CheckKeysPressed()
 .text._ZN8mcp230178I2C_initEv
                0x08001944       0x90 ..\obj\mcp23017.o
                0x08001944                mcp23017::I2C_init()
 .text._ZN8mcp2301715WaitWithTimeoutEm
                0x080019d4       0x30 ..\obj\mcp23017.o
                0x080019d4                mcp23017::WaitWithTimeout(unsigned long)
 .text._ZN8mcp230174ReadEcRc
                0x08001a04       0xac ..\obj\mcp23017.o
                0x08001a04                mcp23017::Read(char, char&)
 .text._ZN8mcp230175WriteEcc
                0x08001ab0       0x7c ..\obj\mcp23017.o
                0x08001ab0                mcp23017::Write(char, char)
 .text._ZN8mcp230174InitEP11I2C_TypeDefmP12GPIO_TypeDefmtttb
                0x08001b2c       0x54 ..\obj\mcp23017.o
                0x08001b2c                mcp23017::Init(I2C_TypeDef*, unsigned long, GPIO_TypeDef*, unsigned long, unsigned short, unsigned short, unsigned short, bool)
 .text._ZN8mcp230179DirectionENS_4PortEc
                0x08001b80       0x18 ..\obj\mcp23017.o
                0x08001b80                mcp23017::Direction(mcp23017::Port, char)
 .text._ZN8mcp2301716ConfigurePullUpsENS_4PortEc
                0x08001b98       0x18 ..\obj\mcp23017.o
                0x08001b98                mcp23017::ConfigurePullUps(mcp23017::Port, char)
 .text._ZN8mcp2301715InterruptEnableENS_4PortEc
                0x08001bb0       0x18 ..\obj\mcp23017.o
                0x08001bb0                mcp23017::InterruptEnable(mcp23017::Port, char)
 .text._ZN8mcp2301716MirrorInterruptsEb
                0x08001bc8       0x48 ..\obj\mcp23017.o
                0x08001bc8                mcp23017::MirrorInterrupts(bool)
 .text._ZN8mcp230175WriteENS_4PortEc
                0x08001c10       0x18 ..\obj\mcp23017.o
                0x08001c10                mcp23017::Write(mcp23017::Port, char)
 .text._ZN8mcp230174ReadENS_4PortERc
                0x08001c28       0x18 ..\obj\mcp23017.o
                0x08001c28                mcp23017::Read(mcp23017::Port, char&)
 .text.Reset_Handler
                0x08001c40       0x44 ..\obj\startup_stm32f10x_md.o
                0x08001c40                Reset_Handler
 *fill*         0x08001c84        0xc 
 .text.Default_Handler
                0x08001c90       0x14 ..\obj\startup_stm32f10x_md.o
                0x08001c90                EXTI2_IRQHandler
                0x08001c90                DebugMon_Handler
                0x08001c90                TIM1_CC_IRQHandler
                0x08001c90                HardFault_Handler
                0x08001c90                PVD_IRQHandler
                0x08001c90                PendSV_Handler
                0x08001c90                NMI_Handler
                0x08001c90                EXTI3_IRQHandler
                0x08001c90                EXTI0_IRQHandler
                0x08001c90                I2C2_EV_IRQHandler
                0x08001c90                UsageFault_Handler
                0x08001c90                ADC1_2_IRQHandler
                0x08001c90                SPI1_IRQHandler
                0x08001c90                TAMPER_IRQHandler
                0x08001c90                DMA1_Channel4_IRQHandler
                0x08001c90                USART3_IRQHandler
                0x08001c90                RTC_IRQHandler
                0x08001c90                DMA1_Channel7_IRQHandler
                0x08001c90                CAN1_RX1_IRQHandler
                0x08001c90                TIM4_IRQHandler
                0x08001c90                I2C1_EV_IRQHandler
                0x08001c90                DMA1_Channel6_IRQHandler
                0x08001c90                TIM3_IRQHandler
                0x08001c90                RCC_IRQHandler
                0x08001c90                TIM1_TRG_COM_IRQHandler
                0x08001c90                DMA1_Channel1_IRQHandler
                0x08001c90                Default_Handler
                0x08001c90                EXTI15_10_IRQHandler
                0x08001c90                EXTI9_5_IRQHandler
                0x08001c90                SPI2_IRQHandler
                0x08001c90                MemManage_Handler
                0x08001c90                SVC_Handler
                0x08001c90                DMA1_Channel5_IRQHandler
                0x08001c90                EXTI4_IRQHandler
                0x08001c90                USB_LP_CAN1_RX0_IRQHandler
                0x08001c90                USB_HP_CAN1_TX_IRQHandler
                0x08001c90                DMA1_Channel3_IRQHandler
                0x08001c90                TIM1_UP_IRQHandler
                0x08001c90                WWDG_IRQHandler
                0x08001c90                TIM2_IRQHandler
                0x08001c90                TIM1_BRK_IRQHandler
                0x08001c90                EXTI1_IRQHandler
                0x08001c90                RTCAlarm_IRQHandler
                0x08001c90                USART2_IRQHandler
                0x08001c90                I2C2_ER_IRQHandler
                0x08001c90                DMA1_Channel2_IRQHandler
                0x08001c90                CAN1_SCE_IRQHandler
                0x08001c90                FLASH_IRQHandler
                0x08001c90                BusFault_Handler
                0x08001c90                I2C1_ER_IRQHandler
                0x08001c90                USBWakeUp_IRQHandler
 .text._ZN6SI4703C2Ev
                0x08001ca4       0x18 ..\obj\SI4703.o
                0x08001ca4                SI4703::SI4703()
                0x08001ca4                SI4703::SI4703()
 .text._ZN6SI470314_readRegistersEv
                0x08001cbc       0xdc ..\obj\SI4703.o
                0x08001cbc                SI4703::_readRegisters()
 .text._ZN6SI470312getFrequencyEv
                0x08001d98       0x1c ..\obj\SI4703.o
                0x08001d98                SI4703::getFrequency()
 .text._ZN6SI47038checkRDSEPtS0_S0_S0_
                0x08001db4       0x2c ..\obj\SI4703.o
                0x08001db4                SI4703::checkRDS(unsigned short*, unsigned short*, unsigned short*, unsigned short*)
 .text._ZN6SI470314_saveRegistersEv
                0x08001de0       0x94 ..\obj\SI4703.o
                0x08001de0                SI4703::_saveRegisters()
 .text._ZN6SI47034initEb
                0x08001e74      0x15c ..\obj\SI4703.o
                0x08001e74                SI4703::init(bool)
 .text._ZN6SI47038setPowerEb
                0x08001fd0       0x44 ..\obj\SI4703.o
                0x08001fd0                SI4703::setPower(bool)
 .text._ZN6SI47038_waitEndEv
                0x08002014       0x3c ..\obj\SI4703.o
                0x08002014                SI4703::_waitEnd()
 .text._ZN6SI470312setFrequencyEt
                0x08002050       0x50 ..\obj\SI4703.o
                0x08002050                SI4703::setFrequency(unsigned short)
 .text._ZN6SI47035_seekEb
                0x080020a0       0x30 ..\obj\SI4703.o
                0x080020a0                SI4703::_seek(bool)
 .text._ZN6SI47036seekUpEb
                0x080020d0       0x24 ..\obj\SI4703.o
                0x080020d0                SI4703::seekUp(bool)
 .text._ZN6SI47038seekDownEb
                0x080020f4       0x24 ..\obj\SI4703.o
                0x080020f4                SI4703::seekDown(bool)
 .text._ZN6SI47039setVolumeEh
                0x08002118       0x2c ..\obj\SI4703.o
                0x08002118                SI4703::setVolume(unsigned char)
 .text._ZN6SI47037setMonoEb
                0x08002144       0x34 ..\obj\SI4703.o
                0x08002144                SI4703::setMono(bool)
 .text._ZN6SI47037setMuteEb
                0x08002178       0x30 ..\obj\SI4703.o
                0x08002178                SI4703::setMute(bool)
 .text._ZN6SI470311setSoftMuteEb
                0x080021a8       0x34 ..\obj\SI4703.o
                0x080021a8                SI4703::setSoftMute(bool)
 .text._ZN6SI47037setBandE10RADIO_BAND
                0x080021dc       0x1c ..\obj\SI4703.o
                0x080021dc                SI4703::setBand(RADIO_BAND)
 .text._ZN6SI470312getRadioInfoEP10RADIO_INFO
                0x080021f8       0x40 ..\obj\SI4703.o
                0x080021f8                SI4703::getRadioInfo(RADIO_INFO*)
 .text._ZN6SI470312getAudioInfoEP10AUDIO_INFO
                0x08002238       0x34 ..\obj\SI4703.o
                0x08002238                SI4703::getAudioInfo(AUDIO_INFO*)
 .text.u8g_draw_hline
                0x0800226c       0x74 ..\obj\u8g_rect.o
                0x0800226c                u8g_draw_hline
 .text.u8g_draw_vline
                0x080022e0       0x74 ..\obj\u8g_rect.o
                0x080022e0                u8g_draw_vline
 .text.u8g_DrawHLine
                0x08002354       0x2c ..\obj\u8g_rect.o
                0x08002354                u8g_DrawHLine
 .text.u8g_DrawVLine
                0x08002380       0x2c ..\obj\u8g_rect.o
                0x08002380                u8g_DrawVLine
 .text._ZN10RelayBoard4InitEv
                0x080023ac       0xbc ..\obj\RelayBoard.o
                0x080023ac                RelayBoard::Init()
 .text._ZN10RelayBoard11SwitchRelayENS_6RelaysEb
                0x08002468       0x64 ..\obj\RelayBoard.o
                0x08002468                RelayBoard::SwitchRelay(RelayBoard::Relays, bool)
 .text._ZN10RelayBoard13ResetToSafetyEv
                0x080024cc       0x24 ..\obj\RelayBoard.o
                0x080024cc                RelayBoard::ResetToSafety()
 .text._ZN10RelayBoard10ResetAudioEv
                0x080024f0       0x24 ..\obj\RelayBoard.o
                0x080024f0                RelayBoard::ResetAudio()
 .text.u8g_com_null_fn
                0x08002514        0x4 ..\obj\u8g_com_null.o
                0x08002514                u8g_com_null_fn
 .text._ZN13EntController14RdsReceiveTimeEhh
                0x08002518        0x4 ..\obj\EntController.o
                0x08002518                EntController::RdsReceiveTime(unsigned char, unsigned char)
 .text._ZThn4_N13EntController14RdsReceiveTimeEhh
                0x0800251c        0x8 ..\obj\EntController.o
                0x0800251c                non-virtual thunk to EntController::RdsReceiveTime(unsigned char, unsigned char)
 .text._ZN13EntController14RdsReceiveTextEPc
                0x08002524        0xc ..\obj\EntController.o
                0x08002524                EntController::RdsReceiveText(char*)
 .text._ZThn4_N13EntController14RdsReceiveTextEPc
                0x08002530        0x8 ..\obj\EntController.o
                0x08002530                non-virtual thunk to EntController::RdsReceiveText(char*)
 .text._ZN13EntController21RdsReceiveServiceNameEPc
                0x08002538       0x28 ..\obj\EntController.o
                0x08002538                EntController::RdsReceiveServiceName(char*)
 .text._ZThn4_N13EntController21RdsReceiveServiceNameEPc
                0x08002560        0x8 ..\obj\EntController.o
                0x08002560                non-virtual thunk to EntController::RdsReceiveServiceName(char*)
 .text._ZN13EntController17RotateAudioOutputEv.part.0.constprop.6
                0x08002568       0x54 ..\obj\EntController.o
 .text._ZN13EntControllerC2Ev
                0x080025bc       0x5c ..\obj\EntController.o
                0x080025bc                EntController::EntController()
                0x080025bc                EntController::EntController()
 .text._ZN13EntController6MoveTVEb
                0x08002618       0x5c ..\obj\EntController.o
                0x08002618                EntController::MoveTV(bool)
 .text._ZN13EntController4InitEv
                0x08002674       0x6c ..\obj\EntController.o
                0x08002674                EntController::Init()
 .text._ZN13EntController13ChangeChannelEbb
                0x080026e0       0x44 ..\obj\EntController.o
                0x080026e0                EntController::ChangeChannel(bool, bool)
 .text._ZN13EntController11SetAudioOutENS_11AudioOutputE
                0x08002724      0x13c ..\obj\EntController.o
                0x08002724                EntController::SetAudioOut(EntController::AudioOutput)
 .text._ZN13EntController7MonitorEv
                0x08002860       0xf0 ..\obj\EntController.o
                0x08002860                EntController::Monitor()
 .text._ZN13EntController8ToggleTVEv.part.3.constprop.8
                0x08002950       0x30 ..\obj\EntController.o
 .text._ZN13EntController11TogglePowerEv
                0x08002980       0x24 ..\obj\EntController.o
                0x08002980                EntController::TogglePower()
 .text._ZN13EntController12ChangeVolumeEb
                0x080029a4       0x54 ..\obj\EntController.o
                0x080029a4                EntController::ChangeVolume(bool)
 .text._ZN13EntController15KeyDataReceivedEtb
                0x080029f8       0xb8 ..\obj\EntController.o
                0x080029f8                EntController::KeyDataReceived(unsigned short, bool)
 .text.TimerInit
                0x08002ab0       0x64 ..\obj\delay.o
                0x08002ab0                TimerInit
 .text.SysTick_Handler
                0x08002b14       0x10 ..\obj\delay.o
                0x08002b14                SysTick_Handler
 .text.GetSysTick
                0x08002b24        0xc ..\obj\delay.o
                0x08002b24                GetSysTick
 .text.SysTickDelayMs
                0x08002b30       0x1c ..\obj\delay.o
                0x08002b30                SysTickDelayMs
 .text.DwtDelayUs
                0x08002b4c       0x30 ..\obj\delay.o
                0x08002b4c                DwtDelayUs
 .text.DwtDelay1ms
                0x08002b7c       0x30 ..\obj\delay.o
                0x08002b7c                DwtDelay1ms
 .text.DwtDelayMs
                0x08002bac       0x44 ..\obj\delay.o
                0x08002bac                DwtDelayMs
 .text.u8g_Delay
                0x08002bf0        0x4 ..\obj\u8g_arm_uart.o
                0x08002bf0                u8g_Delay
 .text.init_UART3
                0x08002bf4       0x88 ..\obj\u8g_arm_uart.o
                0x08002bf4                init_UART3
 .text.UART_write_byte
                0x08002c7c       0x1c ..\obj\u8g_arm_uart.o
                0x08002c7c                UART_write_byte
 .text.u8g_com_uart_fn
                0x08002c98       0x98 ..\obj\u8g_arm_uart.o
                0x08002c98                u8g_com_uart_fn
 .text.u8g_DrawLine
                0x08002d30      0x108 ..\obj\u8g_line.o
                0x08002d30                u8g_DrawLine
 .text.USART1_Init
                0x08002e38       0xb4 ..\obj\usart.o
                0x08002e38                USART1_Init
 .text.USART2_Init
                0x08002eec       0x84 ..\obj\usart.o
                0x08002eec                USART2_Init
 .text.USART2_SetTX
                0x08002f70       0x30 ..\obj\usart.o
                0x08002f70                USART2_SetTX
 .text.u8g_pb8h1_set_pixel
                0x08002fa0       0x38 ..\obj\u8g_pb8h1.o
                0x08002fa0                u8g_pb8h1_set_pixel
 .text.u8g_pb8h1_SetPixel
                0x08002fd8       0x28 ..\obj\u8g_pb8h1.o
                0x08002fd8                u8g_pb8h1_SetPixel
 .text.u8g_pb8h1_Set8PixelOpt2
                0x08003000       0x64 ..\obj\u8g_pb8h1.o
                0x08003000                u8g_pb8h1_Set8PixelOpt2
 .text.u8g_dev_pb8h1_base_fn
                0x08003064       0xbc ..\obj\u8g_pb8h1.o
                0x08003064                u8g_dev_pb8h1_base_fn
 .text.startup.main
                0x08003120       0xfc ..\obj\main.o
                0x08003120                main
 .text.USART1_IRQHandler
                0x0800321c       0x30 ..\obj\main.o
                0x0800321c                USART1_IRQHandler
 .text._ZN13SpaControllerC2Ev
                0x0800324c       0x54 ..\obj\SpaController.o
                0x0800324c                SpaController::SpaController()
                0x0800324c                SpaController::SpaController()
 .text._ZN13SpaController12SwitchHeaterEb
                0x080032a0       0x54 ..\obj\SpaController.o
                0x080032a0                SpaController::SwitchHeater(bool)
 .text._ZN13SpaController9CheckTempEf
                0x080032f4       0x7c ..\obj\SpaController.o
                0x080032f4                SpaController::CheckTemp(float)
 .text._ZN13SpaController19WriteFloatToDisplayEfc
                0x08003370       0x50 ..\obj\SpaController.o
                0x08003370                SpaController::WriteFloatToDisplay(float, char)
 .text._ZN13SpaController4InitEv
                0x080033c0       0xc0 ..\obj\SpaController.o
                0x080033c0                SpaController::Init()
 .text._ZN13SpaController10ToggleJetsEv
                0x08003480       0x3c ..\obj\SpaController.o
                0x08003480                SpaController::ToggleJets()
 .text._ZN13SpaController9ToggleGasEv
                0x080034bc       0x3c ..\obj\SpaController.o
                0x080034bc                SpaController::ToggleGas()
 .text._ZN13SpaController10ToggleHeatEv
                0x080034f8       0x30 ..\obj\SpaController.o
                0x080034f8                SpaController::ToggleHeat()
 .text._ZN13SpaController10ToggleCircEv
                0x08003528       0x3c ..\obj\SpaController.o
                0x08003528                SpaController::ToggleCirc()
 .text._ZN13SpaController10ToggleLED1Ev
                0x08003564       0x2c ..\obj\SpaController.o
                0x08003564                SpaController::ToggleLED1()
 .text._ZN13SpaController10ToggleLED2Ev
                0x08003590       0x2c ..\obj\SpaController.o
                0x08003590                SpaController::ToggleLED2()
 .text._ZN13SpaController9SwitchOffEv
                0x080035bc       0x60 ..\obj\SpaController.o
                0x080035bc                SpaController::SwitchOff()
 .text._ZN13SpaController7MonitorEv
                0x0800361c      0x11c ..\obj\SpaController.o
                0x0800361c                SpaController::Monitor()
 .text._ZN13SpaController11TogglePowerEv
                0x08003738       0xc0 ..\obj\SpaController.o
                0x08003738                SpaController::TogglePower()
 .text._ZN13SpaController15KeyDataReceivedEtb
                0x080037f8      0x118 ..\obj\SpaController.o
                0x080037f8                SpaController::KeyDataReceived(unsigned short, bool)
 .text.USART_Init
                0x08003910       0xbc ..\obj\stm32f10x_usart.o
                0x08003910                USART_Init
 .text.USART_Cmd
                0x080039cc       0x1c ..\obj\stm32f10x_usart.o
                0x080039cc                USART_Cmd
 .text.USART_ITConfig
                0x080039e8       0x38 ..\obj\stm32f10x_usart.o
                0x080039e8                USART_ITConfig
 .text.USART_SendData
                0x08003a20        0x8 ..\obj\stm32f10x_usart.o
                0x08003a20                USART_SendData
 .text.USART_ReceiveData
                0x08003a28        0x8 ..\obj\stm32f10x_usart.o
                0x08003a28                USART_ReceiveData
 .text.USART_GetFlagStatus
                0x08003a30        0xc ..\obj\stm32f10x_usart.o
                0x08003a30                USART_GetFlagStatus
 .text.USART_GetITStatus
                0x08003a3c       0x48 ..\obj\stm32f10x_usart.o
                0x08003a3c                USART_GetITStatus
 .text.u8g_font_get_word
                0x08003a84       0x10 ..\obj\u8g_font.o
 .text.u8g_font_calc_vref_font
                0x08003a94        0x4 ..\obj\u8g_font.o
                0x08003a94                u8g_font_calc_vref_font
 .text.u8g_font_GetFormat.isra.0
                0x08003a98        0x4 ..\obj\u8g_font.o
 .text.u8g_font_GetFontGlyphStructureSize.isra.1
                0x08003a9c       0x14 ..\obj\u8g_font.o
 .text.u8g_font_GetEncoding65Pos
                0x08003ab0        0x8 ..\obj\u8g_font.o
                0x08003ab0                u8g_font_GetEncoding65Pos
 .text.u8g_font_GetEncoding97Pos
                0x08003ab8        0x8 ..\obj\u8g_font.o
                0x08003ab8                u8g_font_GetEncoding97Pos
 .text.u8g_font_GetFontStartEncoding
                0x08003ac0        0x4 ..\obj\u8g_font.o
                0x08003ac0                u8g_font_GetFontStartEncoding
 .text.u8g_font_GetFontEndEncoding
                0x08003ac4        0x4 ..\obj\u8g_font.o
                0x08003ac4                u8g_font_GetFontEndEncoding
 .text.u8g_GetGlyph
                0x08003ac8      0x10c ..\obj\u8g_font.o
                0x08003ac8                u8g_GetGlyph
 .text.u8g_draw_glyph
                0x08003bd4       0xb4 ..\obj\u8g_font.o
                0x08003bd4                u8g_draw_glyph
 .text.u8g_DrawStr
                0x08003c88       0x40 ..\obj\u8g_font.o
                0x08003c88                u8g_DrawStr
 .text.u8g_UpdateRefHeight
                0x08003cc8       0x60 ..\obj\u8g_font.o
                0x08003cc8                u8g_UpdateRefHeight
 .text.u8g_SetFontPosBaseline
                0x08003d28        0xc ..\obj\u8g_font.o
                0x08003d28                u8g_SetFontPosBaseline
 .text.u8g_SetFont
                0x08003d34       0x1c ..\obj\u8g_font.o
                0x08003d34                u8g_SetFont
 .text.u8g_IsBBXIntersection
                0x08003d50       0x58 ..\obj\u8g_clip.o
                0x08003d50                u8g_IsBBXIntersection
 .text._ZN4LEDS4InitEv
                0x08003da8       0x74 ..\obj\LEDS.o
                0x08003da8                LEDS::Init()
 .text._ZN4LEDS9SwitchLedENS_4LedsEb
                0x08003e1c       0x64 ..\obj\LEDS.o
                0x08003e1c                LEDS::SwitchLed(LEDS::Leds, bool)
 .text._ZN7OVC38604InitEmP12GPIO_TypeDeft
                0x08003e80       0x50 ..\obj\OVC3860.o
                0x08003e80                OVC3860::Init(unsigned long, GPIO_TypeDef*, unsigned short)
 .text._ZN7OVC38605ResetEv
                0x08003ed0       0x20 ..\obj\OVC3860.o
                0x08003ed0                OVC3860::Reset()
 .text._ZN7OVC38608SetPowerEb
                0x08003ef0       0x38 ..\obj\OVC3860.o
                0x08003ef0                OVC3860::SetPower(bool)
 .text._ZN7OVC386012PlayPreviousEv
                0x08003f28       0x20 ..\obj\OVC3860.o
                0x08003f28                OVC3860::PlayPrevious()
 .text._ZN7OVC38608PlayNextEv
                0x08003f48       0x20 ..\obj\OVC3860.o
                0x08003f48                OVC3860::PlayNext()
 .text._ZN7OVC38608VolumeUpEv
                0x08003f68       0x20 ..\obj\OVC3860.o
                0x08003f68                OVC3860::VolumeUp()
 .text._ZN7OVC386010VolumeDownEv
                0x08003f88       0x20 ..\obj\OVC3860.o
                0x08003f88                OVC3860::VolumeDown()
 .text._ZN7OVC38609SetVolumeEh
                0x08003fa8       0x4c ..\obj\OVC3860.o
                0x08003fa8                OVC3860::SetVolume(unsigned char)
 .text._ZN7OVC386011ReceiveByteEPcm
                0x08003ff4       0x38 ..\obj\OVC3860.o
                0x08003ff4                OVC3860::ReceiveByte(char*, unsigned long)
 .text._ZN7OVC386017ReceiveAndCompareEPKhimb
                0x0800402c       0x9c ..\obj\OVC3860.o
                0x0800402c                OVC3860::ReceiveAndCompare(unsigned char const*, int, unsigned long, bool)
 .text._ZN7OVC386015EnterConfigModeEv
                0x080040c8       0xb0 ..\obj\OVC3860.o
                0x080040c8                OVC3860::EnterConfigMode()
 .text._ZN7OVC386014ExitConfigModeEv
                0x08004178       0x68 ..\obj\OVC3860.o
                0x08004178                OVC3860::ExitConfigMode()
 .text._ZN7OVC386016SetBluetoothNameEv
                0x080041e0       0xbc ..\obj\OVC3860.o
                0x080041e0                OVC3860::SetBluetoothName()
 .text._ZN7OVC386020CompareBluetoothNameEv
                0x0800429c       0xa8 ..\obj\OVC3860.o
                0x0800429c                OVC3860::CompareBluetoothName()
 .text._ZN7OVC386018CheckBluetoothNameEv
                0x08004344       0x38 ..\obj\OVC3860.o
                0x08004344                OVC3860::CheckBluetoothName()
 .text._ZN9RDSParserC2Ev
                0x0800437c       0x18 ..\obj\RDSParser.o
                0x0800437c                RDSParser::RDSParser()
                0x0800437c                RDSParser::RDSParser()
 .text._ZN9RDSParser4initEv
                0x08004394       0x48 ..\obj\RDSParser.o
                0x08004394                RDSParser::init()
 .text._ZN9RDSParser19registerForCallbackER18RDSParserInterrupt
                0x080043dc       0x24 ..\obj\RDSParser.o
                0x080043dc                RDSParser::registerForCallback(RDSParserInterrupt&)
 .text._ZN9RDSParser11processDataEtttt
                0x08004400      0x22c ..\obj\RDSParser.o
                0x08004400                RDSParser::processData(unsigned short, unsigned short, unsigned short, unsigned short)
 .text.NVIC_PriorityGroupConfig
                0x0800462c       0x14 ..\obj\misc.o
                0x0800462c                NVIC_PriorityGroupConfig
 .text.NVIC_Init
                0x08004640       0x6c ..\obj\misc.o
                0x08004640                NVIC_Init
 .text.I2C_DeInit
                0x080046ac       0x3c ..\obj\stm32f10x_i2c.o
                0x080046ac                I2C_DeInit
 .text.I2C_Init
                0x080046e8       0xe4 ..\obj\stm32f10x_i2c.o
                0x080046e8                I2C_Init
 .text.I2C_Cmd  0x080047cc       0x1c ..\obj\stm32f10x_i2c.o
                0x080047cc                I2C_Cmd
 .text.I2C_GenerateSTART
                0x080047e8       0x1c ..\obj\stm32f10x_i2c.o
                0x080047e8                I2C_GenerateSTART
 .text.I2C_GenerateSTOP
                0x08004804       0x1c ..\obj\stm32f10x_i2c.o
                0x08004804                I2C_GenerateSTOP
 .text.I2C_AcknowledgeConfig
                0x08004820       0x1c ..\obj\stm32f10x_i2c.o
                0x08004820                I2C_AcknowledgeConfig
 .text.I2C_SendData
                0x0800483c        0x4 ..\obj\stm32f10x_i2c.o
                0x0800483c                I2C_SendData
 .text.I2C_ReceiveData
                0x08004840        0x8 ..\obj\stm32f10x_i2c.o
                0x08004840                I2C_ReceiveData
 .text.I2C_Send7bitAddress
                0x08004848       0x18 ..\obj\stm32f10x_i2c.o
                0x08004848                I2C_Send7bitAddress
 .text.I2C_CheckEvent
                0x08004860       0x1c ..\obj\stm32f10x_i2c.o
                0x08004860                I2C_CheckEvent
 .text.I2C_GetFlagStatus
                0x0800487c       0x38 ..\obj\stm32f10x_i2c.o
                0x0800487c                I2C_GetFlagStatus
 .text.SystemInit
                0x080048b4      0x104 ..\obj\system_stm32f10x.o
                0x080048b4                SystemInit
 .text._ZN10__cxxabiv120__si_class_type_infoD2Ev
                0x080049b8       0x14 ..\..\..\..\..\..\..\..\Program Files (x86)\GNU Tools ARM Embedded\5.3 2016q1\arm-none-eabi\lib\armv7-m\libstdc++_nano.a(si_class_type_info.o)
                0x080049b8                __cxxabiv1::__si_class_type_info::~__si_class_type_info()
                0x080049b8                __cxxabiv1::__si_class_type_info::~__si_class_type_info()
 .text._ZN10__cxxabiv120__si_class_type_infoD0Ev
                0x080049cc       0x12 ..\..\..\..\..\..\..\..\Program Files (x86)\GNU Tools ARM Embedded\5.3 2016q1\arm-none-eabi\lib\armv7-m\libstdc++_nano.a(si_class_type_info.o)
                0x080049cc                __cxxabiv1::__si_class_type_info::~__si_class_type_info()
 .text._ZNK10__cxxabiv120__si_class_type_info12__do_dyncastEiNS_17__class_type_info10__sub_kindEPKS1_PKvS4_S6_RNS1_16__dyncast_resultE
                0x080049de       0x7c ..\..\..\..\..\..\..\..\Program Files (x86)\GNU Tools ARM Embedded\5.3 2016q1\arm-none-eabi\lib\armv7-m\libstdc++_nano.a(si_class_type_info.o)
                0x080049de                __cxxabiv1::__si_class_type_info::__do_dyncast(int, __cxxabiv1::__class_type_info::__sub_kind, __cxxabiv1::__class_type_info const*, void const*, __cxxabiv1::__class_type_info const*, void const*, __cxxabiv1::__class_type_info::__dyncast_result&) const
 .text._ZNK10__cxxabiv120__si_class_type_info20__do_find_public_srcEiPKvPKNS_17__class_type_infoES2_
                0x08004a5a       0x38 ..\..\..\..\..\..\..\..\Program Files (x86)\GNU Tools ARM Embedded\5.3 2016q1\arm-none-eabi\lib\armv7-m\libstdc++_nano.a(si_class_type_info.o)
                0x08004a5a                __cxxabiv1::__si_class_type_info::__do_find_public_src(int, void const*, __cxxabiv1::__class_type_info const*, void const*) const
 .text._ZNK10__cxxabiv120__si_class_type_info11__do_upcastEPKNS_17__class_type_infoEPKvRNS1_15__upcast_resultE
                0x08004a92       0x2a ..\..\..\..\..\..\..\..\Program Files (x86)\GNU Tools ARM Embedded\5.3 2016q1\arm-none-eabi\lib\armv7-m\libstdc++_nano.a(si_class_type_info.o)
                0x08004a92                __cxxabiv1::__si_class_type_info::__do_upcast(__cxxabiv1::__class_type_info const*, void const*, __cxxabiv1::__class_type_info::__upcast_result&) const
 .text._ZN10__cxxabiv121__vmi_class_type_infoD2Ev
                0x08004abc       0x14 ..\..\..\..\..\..\..\..\Program Files (x86)\GNU Tools ARM Embedded\5.3 2016q1\arm-none-eabi\lib\armv7-m\libstdc++_nano.a(vmi_class_type_info.o)
                0x08004abc                __cxxabiv1::__vmi_class_type_info::~__vmi_class_type_info()
                0x08004abc                __cxxabiv1::__vmi_class_type_info::~__vmi_class_type_info()
 .text._ZN10__cxxabiv121__vmi_class_type_infoD0Ev
                0x08004ad0       0x12 ..\..\..\..\..\..\..\..\Program Files (x86)\GNU Tools ARM Embedded\5.3 2016q1\arm-none-eabi\lib\armv7-m\libstdc++_nano.a(vmi_class_type_info.o)
                0x08004ad0                __cxxabiv1::__vmi_class_type_info::~__vmi_class_type_info()
 .text._ZNK10__cxxabiv121__vmi_class_type_info20__do_find_public_srcEiPKvPKNS_17__class_type_infoES2_
                0x08004ae2       0x74 ..\..\..\..\..\..\..\..\Program Files (x86)\GNU Tools ARM Embedded\5.3 2016q1\arm-none-eabi\lib\armv7-m\libstdc++_nano.a(vmi_class_type_info.o)
                0x08004ae2                __cxxabiv1::__vmi_class_type_info::__do_find_public_src(int, void const*, __cxxabiv1::__class_type_info const*, void const*) const
 .text._ZNK10__cxxabiv117__class_type_info17__find_public_srcEiPKvPKS0_S2_
                0x08004b56       0x2a ..\..\..\..\..\..\..\..\Program Files (x86)\GNU Tools ARM Embedded\5.3 2016q1\arm-none-eabi\lib\armv7-m\libstdc++_nano.a(vmi_class_type_info.o)
                0x08004b56                __cxxabiv1::__class_type_info::__find_public_src(int, void const*, __cxxabiv1::__class_type_info const*, void const*) const
 .text._ZNK10__cxxabiv121__vmi_class_type_info12__do_dyncastEiNS_17__class_type_info10__sub_kindEPKS1_PKvS4_S6_RNS1_16__dyncast_resultE
                0x08004b80      0x28e ..\..\..\..\..\..\..\..\Program Files (x86)\GNU Tools ARM Embedded\5.3 2016q1\arm-none-eabi\lib\armv7-m\libstdc++_nano.a(vmi_class_type_info.o)
                0x08004b80                __cxxabiv1::__vmi_class_type_info::__do_dyncast(int, __cxxabiv1::__class_type_info::__sub_kind, __cxxabiv1::__class_type_info const*, void const*, __cxxabiv1::__class_type_info const*, void const*, __cxxabiv1::__class_type_info::__dyncast_result&) const
 .text._ZNK10__cxxabiv121__vmi_class_type_info11__do_upcastEPKNS_17__class_type_infoEPKvRNS1_15__upcast_resultE
                0x08004e0e      0x12c ..\..\..\..\..\..\..\..\Program Files (x86)\GNU Tools ARM Embedded\5.3 2016q1\arm-none-eabi\lib\armv7-m\libstdc++_nano.a(vmi_class_type_info.o)
                0x08004e0e                __cxxabiv1::__vmi_class_type_info::__do_upcast(__cxxabiv1::__class_type_info const*, void const*, __cxxabiv1::__class_type_info::__upcast_result&) const
 .text._ZNSt9type_infoD2Ev
                0x08004f3a        0x2 ..\..\..\..\..\..\..\..\Program Files (x86)\GNU Tools ARM Embedded\5.3 2016q1\arm-none-eabi\lib\armv7-m\libstdc++_nano.a(tinfo.o)
                0x08004f3a                std::type_info::~type_info()
                0x08004f3a                std::type_info::~type_info()
 .text._ZNKSt9type_info15__is_function_pEv
                0x08004f3c        0x4 ..\..\..\..\..\..\..\..\Program Files (x86)\GNU Tools ARM Embedded\5.3 2016q1\arm-none-eabi\lib\armv7-m\libstdc++_nano.a(tinfo.o)
                0x08004f3c                std::type_info::__is_pointer_p() const
                0x08004f3c                std::type_info::__is_function_p() const
 .text._ZNKSt9type_infoeqERKS_
                0x08004f40       0x2c ..\..\..\..\..\..\..\..\Program Files (x86)\GNU Tools ARM Embedded\5.3 2016q1\arm-none-eabi\lib\armv7-m\libstdc++_nano.a(tinfo.o)
                0x08004f40                std::type_info::operator==(std::type_info const&) const
 .text._ZNK10__cxxabiv117__class_type_info11__do_upcastEPKS0_PPv
                0x08004f6c       0x34 ..\..\..\..\..\..\..\..\Program Files (x86)\GNU Tools ARM Embedded\5.3 2016q1\arm-none-eabi\lib\armv7-m\libstdc++_nano.a(class_type_info.o)
                0x08004f6c                __cxxabiv1::__class_type_info::__do_upcast(__cxxabiv1::__class_type_info const*, void**) const
 .text._ZNK10__cxxabiv117__class_type_info20__do_find_public_srcEiPKvPKS0_S2_
                0x08004fa0        0xc ..\..\..\..\..\..\..\..\Program Files (x86)\GNU Tools ARM Embedded\5.3 2016q1\arm-none-eabi\lib\armv7-m\libstdc++_nano.a(class_type_info.o)
                0x08004fa0                __cxxabiv1::__class_type_info::__do_find_public_src(int, void const*, __cxxabiv1::__class_type_info const*, void const*) const
 .text._ZN10__cxxabiv117__class_type_infoD2Ev
                0x08004fac       0x14 ..\..\..\..\..\..\..\..\Program Files (x86)\GNU Tools ARM Embedded\5.3 2016q1\arm-none-eabi\lib\armv7-m\libstdc++_nano.a(class_type_info.o)
                0x08004fac                __cxxabiv1::__class_type_info::~__class_type_info()
                0x08004fac                __cxxabiv1::__class_type_info::~__class_type_info()
 .text._ZN10__cxxabiv117__class_type_infoD0Ev
                0x08004fc0       0x12 ..\..\..\..\..\..\..\..\Program Files (x86)\GNU Tools ARM Embedded\5.3 2016q1\arm-none-eabi\lib\armv7-m\libstdc++_nano.a(class_type_info.o)
                0x08004fc0                __cxxabiv1::__class_type_info::~__class_type_info()
 .text._ZNK10__cxxabiv117__class_type_info11__do_upcastEPKS0_PKvRNS0_15__upcast_resultE
                0x08004fd2       0x18 ..\..\..\..\..\..\..\..\Program Files (x86)\GNU Tools ARM Embedded\5.3 2016q1\arm-none-eabi\lib\armv7-m\libstdc++_nano.a(class_type_info.o)
                0x08004fd2                __cxxabiv1::__class_type_info::__do_upcast(__cxxabiv1::__class_type_info const*, void const*, __cxxabiv1::__class_type_info::__upcast_result&) const
 .text._ZNK10__cxxabiv117__class_type_info12__do_dyncastEiNS0_10__sub_kindEPKS0_PKvS3_S5_RNS0_16__dyncast_resultE
                0x08004fea       0x38 ..\..\..\..\..\..\..\..\Program Files (x86)\GNU Tools ARM Embedded\5.3 2016q1\arm-none-eabi\lib\armv7-m\libstdc++_nano.a(class_type_info.o)
                0x08004fea                __cxxabiv1::__class_type_info::__do_dyncast(int, __cxxabiv1::__class_type_info::__sub_kind, __cxxabiv1::__class_type_info const*, void const*, __cxxabiv1::__class_type_info const*, void const*, __cxxabiv1::__class_type_info::__dyncast_result&) const
 .text._ZNK10__cxxabiv117__class_type_info10__do_catchEPKSt9type_infoPPvj
                0x08005022       0x2a ..\..\..\..\..\..\..\..\Program Files (x86)\GNU Tools ARM Embedded\5.3 2016q1\arm-none-eabi\lib\armv7-m\libstdc++_nano.a(class_type_info.o)
                0x08005022                __cxxabiv1::__class_type_info::__do_catch(std::type_info const*, void**, unsigned int) const
 .text.__cxa_guard_acquire
                0x0800504c       0x18 ..\..\..\..\..\..\..\..\Program Files (x86)\GNU Tools ARM Embedded\5.3 2016q1\arm-none-eabi\lib\armv7-m\libstdc++_nano.a(guard.o)
                0x0800504c                __cxa_guard_acquire
 .text.__cxa_guard_release
                0x08005064        0x6 ..\..\..\..\..\..\..\..\Program Files (x86)\GNU Tools ARM Embedded\5.3 2016q1\arm-none-eabi\lib\armv7-m\libstdc++_nano.a(guard.o)
                0x08005064                __cxa_guard_release
 .text._ZdlPv   0x0800506a        0x4 ..\..\..\..\..\..\..\..\Program Files (x86)\GNU Tools ARM Embedded\5.3 2016q1\arm-none-eabi\lib\armv7-m\libstdc++_nano.a(del_op.o)
                0x0800506a                operator delete(void*)
 *fill*         0x0800506e        0x2 
 .text          0x08005070      0x370 c:/program files (x86)/gnu tools arm embedded/5.3 2016q1/bin/../lib/gcc/arm-none-eabi/5.3.1/armv7-m\libgcc.a(_arm_addsubdf3.o)
                0x08005070                __aeabi_drsub
                0x08005078                __aeabi_dsub
                0x08005078                __subdf3
                0x0800507c                __aeabi_dadd
                0x0800507c                __adddf3
                0x080052f4                __floatunsidf
                0x080052f4                __aeabi_ui2d
                0x08005314                __floatsidf
                0x08005314                __aeabi_i2d
                0x08005338                __aeabi_f2d
                0x08005338                __extendsfdf2
                0x08005374                __floatundidf
                0x08005374                __aeabi_ul2d
                0x08005384                __floatdidf
                0x08005384                __aeabi_l2d
 .text          0x080053e0       0x50 c:/program files (x86)/gnu tools arm embedded/5.3 2016q1/bin/../lib/gcc/arm-none-eabi/5.3.1/armv7-m\libgcc.a(_arm_fixdfsi.o)
                0x080053e0                __aeabi_d2iz
                0x080053e0                __fixdfsi
 .text          0x08005430      0x21c c:/program files (x86)/gnu tools arm embedded/5.3 2016q1/bin/../lib/gcc/arm-none-eabi/5.3.1/armv7-m\libgcc.a(_arm_addsubsf3.o)
                0x08005430                __aeabi_frsub
                0x08005438                __subsf3
                0x08005438                __aeabi_fsub
                0x0800543c                __aeabi_fadd
                0x0800543c                __addsf3
                0x0800559c                __aeabi_ui2f
                0x0800559c                __floatunsisf
                0x080055a4                __aeabi_i2f
                0x080055a4                __floatsisf
                0x080055c0                __aeabi_ul2f
                0x080055c0                __floatundisf
                0x080055d0                __aeabi_l2f
                0x080055d0                __floatdisf
 .text          0x0800564c      0x2a0 c:/program files (x86)/gnu tools arm embedded/5.3 2016q1/bin/../lib/gcc/arm-none-eabi/5.3.1/armv7-m\libgcc.a(_arm_muldivsf3.o)
                0x0800564c                __mulsf3
                0x0800564c                __aeabi_fmul
                0x080057b4                __aeabi_fdiv
                0x080057b4                __divsf3
 .text          0x080058ec       0xec c:/program files (x86)/gnu tools arm embedded/5.3 2016q1/bin/../lib/gcc/arm-none-eabi/5.3.1/armv7-m\libgcc.a(_arm_cmpsf2.o)
                0x080058ec                __gesf2
                0x080058ec                __gtsf2
                0x080058f4                __lesf2
                0x080058f4                __ltsf2
                0x080058fc                __nesf2
                0x080058fc                __eqsf2
                0x080058fc                __cmpsf2
                0x0800595c                __aeabi_cfrcmple
                0x08005964                __aeabi_cfcmpeq
                0x08005964                __aeabi_cfcmple
                0x08005974                __aeabi_fcmpeq
                0x08005988                __aeabi_fcmplt
                0x0800599c                __aeabi_fcmple
                0x080059b0                __aeabi_fcmpge
                0x080059c4                __aeabi_fcmpgt
 .text          0x080059d8       0x4c c:/program files (x86)/gnu tools arm embedded/5.3 2016q1/bin/../lib/gcc/arm-none-eabi/5.3.1/armv7-m\libgcc.a(_arm_fixsfsi.o)
                0x080059d8                __aeabi_f2iz
                0x080059d8                __fixsfsi
 .text          0x08005a24       0x40 c:/program files (x86)/gnu tools arm embedded/5.3 2016q1/bin/../lib/gcc/arm-none-eabi/5.3.1/armv7-m\libgcc.a(_arm_fixunssfsi.o)
                0x08005a24                __fixunssfsi
                0x08005a24                __aeabi_f2uiz
 .text          0x08005a64      0x9e4 c:/program files (x86)/gnu tools arm embedded/5.3 2016q1/bin/../lib/gcc/arm-none-eabi/5.3.1/armv7-m\libgcc.a(unwind-arm.o)
                0x08005d24                _Unwind_GetCFA
                0x08005d28                __gnu_Unwind_RaiseException
                0x08005d88                __gnu_Unwind_ForcedUnwind
                0x08005d9c                __gnu_Unwind_Resume
                0x08005de0                __gnu_Unwind_Resume_or_Rethrow
                0x08005df4                _Unwind_Complete
                0x08005df8                _Unwind_DeleteException
                0x08005e04                _Unwind_VRS_Get
                0x08005e50                _Unwind_VRS_Set
                0x08005ea0                __gnu_Unwind_Backtrace
                0x080061ec                __aeabi_unwind_cpp_pr0
                0x080061f0                __aeabi_unwind_cpp_pr1
                0x080061f4                __aeabi_unwind_cpp_pr2
                0x080061f8                _Unwind_VRS_Pop
 .text          0x08006448      0x1ac c:/program files (x86)/gnu tools arm embedded/5.3 2016q1/bin/../lib/gcc/arm-none-eabi/5.3.1/armv7-m\libgcc.a(libunwind.o)
                0x08006448                __restore_core_regs
                0x08006448                restore_core_regs
                0x08006460                __gnu_Unwind_Restore_VFP
                0x08006468                __gnu_Unwind_Save_VFP
                0x08006470                __gnu_Unwind_Restore_VFP_D
                0x08006478                __gnu_Unwind_Save_VFP_D
                0x08006480                __gnu_Unwind_Restore_VFP_D_16_to_31
                0x08006488                __gnu_Unwind_Save_VFP_D_16_to_31
                0x08006490                __gnu_Unwind_Restore_WMMXD
                0x080064d4                __gnu_Unwind_Save_WMMXD
                0x08006518                __gnu_Unwind_Restore_WMMXC
                0x0800652c                __gnu_Unwind_Save_WMMXC
                0x08006540                ___Unwind_RaiseException
                0x08006540                _Unwind_RaiseException
                0x08006564                _Unwind_Resume
                0x08006564                ___Unwind_Resume
                0x08006588                _Unwind_Resume_or_Rethrow
                0x08006588                ___Unwind_Resume_or_Rethrow
                0x080065ac                _Unwind_ForcedUnwind
                0x080065ac                ___Unwind_ForcedUnwind
                0x080065d0                ___Unwind_Backtrace
                0x080065d0                _Unwind_Backtrace
 .text          0x080065f4      0x354 c:/program files (x86)/gnu tools arm embedded/5.3 2016q1/bin/../lib/gcc/arm-none-eabi/5.3.1/armv7-m\libgcc.a(pr-support.o)
                0x0800664c                __gnu_unwind_execute
                0x080068f0                __gnu_unwind_frame
                0x08006918                _Unwind_GetRegionStart
                0x08006924                _Unwind_GetLanguageSpecificData
                0x08006938                _Unwind_GetTextRelBase
                0x08006940                _Unwind_GetDataRelBase
 .text.free     0x08006948       0x10 ..\..\..\..\..\..\..\..\Program Files (x86)\GNU Tools ARM Embedded\5.3 2016q1\arm-none-eabi\lib\armv7-m\libg.a(lib_a-malloc.o)
                0x08006948                free
 .text.memcmp   0x08006958       0x64 ..\..\..\..\..\..\..\..\Program Files (x86)\GNU Tools ARM Embedded\5.3 2016q1\arm-none-eabi\lib\armv7-m\libg.a(lib_a-memcmp.o)
                0x08006958                memcmp
 .text          0x080069bc       0xec ..\..\..\..\..\..\..\..\Program Files (x86)\GNU Tools ARM Embedded\5.3 2016q1\arm-none-eabi\lib\armv7-m\libg.a(lib_a-memcpy.o)
                0x080069bc                memcpy
 .text.memset   0x08006aa8       0x9c ..\..\..\..\..\..\..\..\Program Files (x86)\GNU Tools ARM Embedded\5.3 2016q1\arm-none-eabi\lib\armv7-m\libg.a(lib_a-memset.o)
                0x08006aa8                memset
 .text.__malloc_lock
                0x08006b44        0x4 ..\..\..\..\..\..\..\..\Program Files (x86)\GNU Tools ARM Embedded\5.3 2016q1\arm-none-eabi\lib\armv7-m\libg.a(lib_a-mlock.o)
                0x08006b44                __malloc_lock
 .text.__malloc_unlock
                0x08006b48        0x4 ..\..\..\..\..\..\..\..\Program Files (x86)\GNU Tools ARM Embedded\5.3 2016q1\arm-none-eabi\lib\armv7-m\libg.a(lib_a-mlock.o)
                0x08006b48                __malloc_unlock
 .text._sbrk_r  0x08006b4c       0x24 ..\..\..\..\..\..\..\..\Program Files (x86)\GNU Tools ARM Embedded\5.3 2016q1\arm-none-eabi\lib\armv7-m\libg.a(lib_a-sbrkr.o)
                0x08006b4c                _sbrk_r
 .text          0x08006b70      0x1bc ..\..\..\..\..\..\..\..\Program Files (x86)\GNU Tools ARM Embedded\5.3 2016q1\arm-none-eabi\lib\armv7-m\libg.a(lib_a-strcmp.o)
                0x08006b70                strcmp
 .text.strcpy   0x08006d2c       0xbc ..\..\..\..\..\..\..\..\Program Files (x86)\GNU Tools ARM Embedded\5.3 2016q1\arm-none-eabi\lib\armv7-m\libg.a(lib_a-strcpy.o)
                0x08006d2c                strcpy
 .text.strlen   0x08006de8       0x5c ..\..\..\..\..\..\..\..\Program Files (x86)\GNU Tools ARM Embedded\5.3 2016q1\arm-none-eabi\lib\armv7-m\libg.a(lib_a-strlen-stub.o)
                0x08006de8                strlen
 .text._malloc_trim_r
                0x08006e44       0x9c ..\..\..\..\..\..\..\..\Program Files (x86)\GNU Tools ARM Embedded\5.3 2016q1\arm-none-eabi\lib\armv7-m\libg.a(lib_a-freer.o)
                0x08006e44                _malloc_trim_r
 .text._free_r  0x08006ee0      0x1d0 ..\..\..\..\..\..\..\..\Program Files (x86)\GNU Tools ARM Embedded\5.3 2016q1\arm-none-eabi\lib\armv7-m\libg.a(lib_a-freer.o)
                0x08006ee0                _free_r
 *(.init)
 *(.fini)
 *crtbegin.o(.ctors)
 *crtbegin?.o(.ctors)
 *(EXCLUDE_FILE(*crtend.o *crtend?.o) .ctors)
 *(SORT(.ctors.*))
 *(.ctors)
 *crtbegin.o(.dtors)
 *crtbegin?.o(.dtors)
 *(EXCLUDE_FILE(*crtend.o *crtend?.o) .dtors)
 *(SORT(.dtors.*))
 *(.dtors)
 *(.rodata*)
 .rodata.str1.4
                0x080070b0       0x24 ..\obj\printf.o
 .rodata.u8g_dev_st7920_128x64_init_seq
                0x080070d4       0x17 ..\obj\u8g_dev_st7920_128x64.o
 *fill*         0x080070eb        0x1 
 .rodata.str1.4
                0x080070ec        0xb ..\obj\TemperatureSensor.o
 *fill*         0x080070f7        0x1 
 .rodata._ZTI5RADIO
                0x080070f8        0x8 ..\obj\radio.o
                0x080070f8                typeinfo for RADIO
 .rodata._ZTV5RADIO
                0x08007100       0x6c ..\obj\radio.o
                0x08007100                vtable for RADIO
 .rodata._ZTS5RADIO
                0x0800716c        0x7 ..\obj\radio.o
                0x0800716c                typeinfo name for RADIO
 *fill*         0x08007173        0x1 
 .rodata.str1.4
                0x08007174        0x5 ..\obj\radio.o
 *fill*         0x08007179        0x3 
 .rodata.str1.4
                0x0800717c       0x3c ..\obj\Display.o
 .rodata.str1.4
                0x080071b8       0x11 ..\obj\Keypad.o
 *fill*         0x080071c9        0x3 
 .rodata._ZN8mcp230177GPIO_ABE
                0x080071cc       0x10 ..\obj\mcp23017.o
                0x080071cc                mcp23017::GPIO_AB
 .rodata._ZN8mcp230177OLAT_ABE
                0x080071dc       0x10 ..\obj\mcp23017.o
                0x080071dc                mcp23017::OLAT_AB
 .rodata._ZN8mcp230177GPPU_ABE
                0x080071ec       0x10 ..\obj\mcp23017.o
                0x080071ec                mcp23017::GPPU_AB
 .rodata._ZN8mcp230178IOCON_ABE
                0x080071fc       0x10 ..\obj\mcp23017.o
                0x080071fc                mcp23017::IOCON_AB
 .rodata._ZN8mcp2301710GPINTEN_ABE
                0x0800720c       0x10 ..\obj\mcp23017.o
                0x0800720c                mcp23017::GPINTEN_AB
 .rodata._ZN8mcp230178IODIR_ABE
                0x0800721c       0x10 ..\obj\mcp23017.o
                0x0800721c                mcp23017::IODIR_AB
 .rodata._ZTV6SI4703
                0x0800722c       0x6c ..\obj\SI4703.o
                0x0800722c                vtable for SI4703
 .rodata._ZTI6SI4703
                0x08007298        0xc ..\obj\SI4703.o
                0x08007298                typeinfo for SI4703
 .rodata._ZTS6SI4703
                0x080072a4        0x8 ..\obj\SI4703.o
                0x080072a4                typeinfo name for SI4703
 .rodata.str1.4
                0x080072ac       0xa9 ..\obj\RelayBoard.o
 *fill*         0x08007355        0x3 
 .rodata.u8g_font_7x13
                0x08007358      0x86d ..\obj\u8g_fonts.o
                0x08007358                u8g_font_7x13
 *fill*         0x08007bc5        0x3 
 .rodata.u8g_font_5x8
                0x08007bc8      0x69d ..\obj\u8g_fonts.o
                0x08007bc8                u8g_font_5x8
 *fill*         0x08008265        0x3 
 .rodata._ZTS4Keys
                0x08008268        0x6 ..\obj\EntController.o
                0x08008268                typeinfo name for Keys
 *fill*         0x0800826e        0x2 
 .rodata._ZTI4Keys
                0x08008270        0x8 ..\obj\EntController.o
                0x08008270                typeinfo for Keys
 .rodata._ZTS18RDSParserInterrupt
                0x08008278       0x15 ..\obj\EntController.o
                0x08008278                typeinfo name for RDSParserInterrupt
 *fill*         0x0800828d        0x3 
 .rodata._ZTI18RDSParserInterrupt
                0x08008290        0x8 ..\obj\EntController.o
                0x08008290                typeinfo for RDSParserInterrupt
 .rodata._ZTI13EntController
                0x08008298       0x20 ..\obj\EntController.o
                0x08008298                typeinfo for EntController
 .rodata._ZTV13EntController
                0x080082b8       0x2c ..\obj\EntController.o
                0x080082b8                vtable for EntController
 .rodata._ZTS13EntController
                0x080082e4       0x10 ..\obj\EntController.o
                0x080082e4                typeinfo name for EntController
 .rodata.str1.4
                0x080082f4       0x56 ..\obj\EntController.o
 *fill*         0x0800834a        0x2 
 .rodata.str1.4
                0x0800834c       0x5e ..\obj\main.o
 *fill*         0x080083aa        0x2 
 .rodata._ZTI13SpaController
                0x080083ac        0xc ..\obj\SpaController.o
                0x080083ac                typeinfo for SpaController
 .rodata.str1.4
                0x080083b8       0x9a ..\obj\SpaController.o
                                 0xa2 (size before relaxing)
 *fill*         0x08008452        0x2 
 .rodata._ZTV13SpaController
                0x08008454        0xc ..\obj\SpaController.o
                0x08008454                vtable for SpaController
 .rodata._ZTS13SpaController
                0x08008460       0x10 ..\obj\SpaController.o
                0x08008460                typeinfo name for SpaController
 .rodata.str1.4
                0x08008470       0x69 ..\obj\LEDS.o
                                 0x99 (size before relaxing)
 *fill*         0x080084d9        0x3 
 .rodata._ZN7OVC386025EXITCONFIG_RESPONSE_BYTESE
                0x080084dc        0x4 ..\obj\OVC3860.o
                0x080084dc                OVC3860::EXITCONFIG_RESPONSE_BYTES
 .rodata._ZN7OVC386017ENTERCONFIG_BYTESE
                0x080084e0        0x9 ..\obj\OVC3860.o
                0x080084e0                OVC3860::ENTERCONFIG_BYTES
 *fill*         0x080084e9        0x3 
 .rodata._ZN7OVC386019SEND_BLUETOOTH_NAMEE
                0x080084ec        0x4 ..\obj\OVC3860.o
                0x080084ec                OVC3860::SEND_BLUETOOTH_NAME
 .rodata._ZN7OVC386022REQUEST_BLUETOOTH_NAMEE
                0x080084f0        0x4 ..\obj\OVC3860.o
                0x080084f0                OVC3860::REQUEST_BLUETOOTH_NAME
 .rodata._ZN7OVC386023RESPONSE_BLUETOOTH_NAMEE
                0x080084f4        0x4 ..\obj\OVC3860.o
                0x080084f4                OVC3860::RESPONSE_BLUETOOTH_NAME
 .rodata._ZN7OVC386013STARTUP_BYTESE
                0x080084f8        0x4 ..\obj\OVC3860.o
                0x080084f8                OVC3860::STARTUP_BYTES
 .rodata._ZN7OVC386016EXITCONFIG_BYTESE
                0x080084fc        0x4 ..\obj\OVC3860.o
                0x080084fc                OVC3860::EXITCONFIG_BYTES
 .rodata.str1.4
                0x08008500       0xd0 ..\obj\OVC3860.o
 .rodata._ZN7OVC386028SEND_RESPONSE_BLUETOOTH_NAMEE
                0x080085d0        0x4 ..\obj\OVC3860.o
                0x080085d0                OVC3860::SEND_RESPONSE_BLUETOOTH_NAME
 .rodata._ZN7OVC386016CONFIGMODE_BYTESE
                0x080085d4        0x4 ..\obj\OVC3860.o
                0x080085d4                OVC3860::CONFIGMODE_BYTES
 .rodata.str1.4
                0x080085d8       0x18 ..\obj\RDSParser.o
                                 0x19 (size before relaxing)
 .rodata._ZTVN10__cxxabiv120__si_class_type_infoE
                0x080085f0       0x2c ..\..\..\..\..\..\..\..\Program Files (x86)\GNU Tools ARM Embedded\5.3 2016q1\arm-none-eabi\lib\armv7-m\libstdc++_nano.a(si_class_type_info.o)
                0x080085f0                vtable for __cxxabiv1::__si_class_type_info
 .rodata._ZTIN10__cxxabiv120__si_class_type_infoE
                0x0800861c        0xc ..\..\..\..\..\..\..\..\Program Files (x86)\GNU Tools ARM Embedded\5.3 2016q1\arm-none-eabi\lib\armv7-m\libstdc++_nano.a(si_class_type_info.o)
                0x0800861c                typeinfo for __cxxabiv1::__si_class_type_info
 .rodata._ZTSN10__cxxabiv120__si_class_type_infoE
                0x08008628       0x25 ..\..\..\..\..\..\..\..\Program Files (x86)\GNU Tools ARM Embedded\5.3 2016q1\arm-none-eabi\lib\armv7-m\libstdc++_nano.a(si_class_type_info.o)
                0x08008628                typeinfo name for __cxxabiv1::__si_class_type_info
 *fill*         0x0800864d        0x3 
 .rodata._ZTIN10__cxxabiv121__vmi_class_type_infoE
                0x08008650        0xc ..\..\..\..\..\..\..\..\Program Files (x86)\GNU Tools ARM Embedded\5.3 2016q1\arm-none-eabi\lib\armv7-m\libstdc++_nano.a(vmi_class_type_info.o)
                0x08008650                typeinfo for __cxxabiv1::__vmi_class_type_info
 .rodata._ZTSN10__cxxabiv121__vmi_class_type_infoE
                0x0800865c       0x26 ..\..\..\..\..\..\..\..\Program Files (x86)\GNU Tools ARM Embedded\5.3 2016q1\arm-none-eabi\lib\armv7-m\libstdc++_nano.a(vmi_class_type_info.o)
                0x0800865c                typeinfo name for __cxxabiv1::__vmi_class_type_info
 *fill*         0x08008682        0x2 
 .rodata._ZTVN10__cxxabiv121__vmi_class_type_infoE
                0x08008684       0x2c ..\..\..\..\..\..\..\..\Program Files (x86)\GNU Tools ARM Embedded\5.3 2016q1\arm-none-eabi\lib\armv7-m\libstdc++_nano.a(vmi_class_type_info.o)
                0x08008684                vtable for __cxxabiv1::__vmi_class_type_info
 .rodata._ZTISt9type_info
                0x080086b0        0x8 ..\..\..\..\..\..\..\..\Program Files (x86)\GNU Tools ARM Embedded\5.3 2016q1\arm-none-eabi\lib\armv7-m\libstdc++_nano.a(tinfo.o)
                0x080086b0                typeinfo for std::type_info
 .rodata._ZTSSt9type_info
                0x080086b8        0xd ..\..\..\..\..\..\..\..\Program Files (x86)\GNU Tools ARM Embedded\5.3 2016q1\arm-none-eabi\lib\armv7-m\libstdc++_nano.a(tinfo.o)
                0x080086b8                typeinfo name for std::type_info
 *fill*         0x080086c5        0x3 
 .rodata._ZTVN10__cxxabiv117__class_type_infoE
                0x080086c8       0x2c ..\..\..\..\..\..\..\..\Program Files (x86)\GNU Tools ARM Embedded\5.3 2016q1\arm-none-eabi\lib\armv7-m\libstdc++_nano.a(class_type_info.o)
                0x080086c8                vtable for __cxxabiv1::__class_type_info
 .rodata._ZTIN10__cxxabiv117__class_type_infoE
                0x080086f4        0xc ..\..\..\..\..\..\..\..\Program Files (x86)\GNU Tools ARM Embedded\5.3 2016q1\arm-none-eabi\lib\armv7-m\libstdc++_nano.a(class_type_info.o)
                0x080086f4                typeinfo for __cxxabiv1::__class_type_info
 .rodata._ZTSN10__cxxabiv117__class_type_infoE
                0x08008700       0x22 ..\..\..\..\..\..\..\..\Program Files (x86)\GNU Tools ARM Embedded\5.3 2016q1\arm-none-eabi\lib\armv7-m\libstdc++_nano.a(class_type_info.o)
                0x08008700                typeinfo name for __cxxabiv1::__class_type_info
 *(.eh_fram e*)

.glue_7         0x08008724        0x0
 .glue_7        0x08008724        0x0 linker stubs

.glue_7t        0x08008724        0x0
 .glue_7t       0x08008724        0x0 linker stubs

.vfp11_veneer   0x08008724        0x0
 .vfp11_veneer  0x08008724        0x0 linker stubs

.v4_bx          0x08008724        0x0
 .v4_bx         0x08008724        0x0 linker stubs

.iplt           0x08008724        0x0
 .iplt          0x08008724        0x0 ..\obj\Computer.o

.ARM.extab      0x08008724       0x60
 *(.ARM.extab* .gnu.linkonce.armextab.*)
 .ARM.extab.text.USART1_IRQHandler
                0x08008724        0xc ..\obj\main.o
 .ARM.extab.text._ZN7OVC38605ResetEv
                0x08008730        0xc ..\obj\OVC3860.o
 .ARM.extab.text._ZN7OVC386012PlayPreviousEv
                0x0800873c        0xc ..\obj\OVC3860.o
 .ARM.extab.text._ZN7OVC38608PlayNextEv
                0x08008748        0xc ..\obj\OVC3860.o
 .ARM.extab.text._ZN7OVC38608VolumeUpEv
                0x08008754        0xc ..\obj\OVC3860.o
 .ARM.extab.text._ZN7OVC386010VolumeDownEv
                0x08008760        0xc ..\obj\OVC3860.o
 .ARM.extab     0x0800876c       0x18 c:/program files (x86)/gnu tools arm embedded/5.3 2016q1/bin/../lib/gcc/arm-none-eabi/5.3.1/armv7-m\libgcc.a(pr-support.o)
                0x08008784                __exidx_start = .

.ARM.exidx      0x08008784      0x3c0
 *(.ARM.exidx* .gnu.linkonce.armexidx.*)
 .ARM.exidx.text._ZN17TemperatureSensor5ResetEv
                0x08008784        0x8 ..\obj\TemperatureSensor.o
 .ARM.exidx.text._ZN17TemperatureSensor15StartConversionEv
                0x0800878c        0x8 ..\obj\TemperatureSensor.o
 .ARM.exidx.text._ZN17TemperatureSensor4InitEmP12GPIO_TypeDeft
                0x08008794        0x8 ..\obj\TemperatureSensor.o
 .ARM.exidx.text._ZN17TemperatureSensor15ReadTemperatureEv
                0x0800879c        0x8 ..\obj\TemperatureSensor.o
 .ARM.exidx.text._ZN17TemperatureSensor11TempIsValidEv
                0x080087a4        0x8 ..\obj\TemperatureSensor.o
 .ARM.exidx.text._ZN17TemperatureSensor14GetTemperatureERA7_c
                0x080087ac        0x0 ..\obj\TemperatureSensor.o
                                  0x8 (size before relaxing)
 .ARM.exidx.text._ZN17TemperatureSensor14GetTemperatureEv
                0x080087ac        0x0 ..\obj\TemperatureSensor.o
                                  0x8 (size before relaxing)
 .ARM.exidx.text._ZN5RADIO4initEb
                0x080087ac        0x0 ..\obj\radio.o
                                  0x8 (size before relaxing)
 .ARM.exidx.text._ZN5RADIO4termEv
                0x080087ac        0x0 ..\obj\radio.o
                                  0x8 (size before relaxing)
 .ARM.exidx.text._ZN5RADIO9setVolumeEh
                0x080087ac        0x0 ..\obj\radio.o
                                  0x8 (size before relaxing)
 .ARM.exidx.text._ZN5RADIO9getVolumeEv
                0x080087ac        0x0 ..\obj\radio.o
                                  0x8 (size before relaxing)
 .ARM.exidx.text._ZN5RADIO12setBassBoostEb
                0x080087ac        0x0 ..\obj\radio.o
                                  0x8 (size before relaxing)
 .ARM.exidx.text._ZN5RADIO12getBassBoostEv
                0x080087ac        0x0 ..\obj\radio.o
                                  0x8 (size before relaxing)
 .ARM.exidx.text._ZN5RADIO7setMonoEb
                0x080087ac        0x0 ..\obj\radio.o
                                  0x8 (size before relaxing)
 .ARM.exidx.text._ZN5RADIO7getMonoEv
                0x080087ac        0x0 ..\obj\radio.o
                                  0x8 (size before relaxing)
 .ARM.exidx.text._ZN5RADIO7setMuteEb
                0x080087ac        0x0 ..\obj\radio.o
                                  0x8 (size before relaxing)
 .ARM.exidx.text._ZN5RADIO7getMuteEv
                0x080087ac        0x0 ..\obj\radio.o
                                  0x8 (size before relaxing)
 .ARM.exidx.text._ZN5RADIO11setSoftMuteEb
                0x080087ac        0x0 ..\obj\radio.o
                                  0x8 (size before relaxing)
 .ARM.exidx.text._ZN5RADIO11getSoftMuteEv
                0x080087ac        0x0 ..\obj\radio.o
                                  0x8 (size before relaxing)
 .ARM.exidx.text._ZN5RADIO7setBandE10RADIO_BAND
                0x080087ac        0x0 ..\obj\radio.o
                                  0x8 (size before relaxing)
 .ARM.exidx.text._ZN5RADIO12setFrequencyEt
                0x080087ac        0x0 ..\obj\radio.o
                                  0x8 (size before relaxing)
 .ARM.exidx.text._ZN5RADIO8seekDownEb
                0x080087ac        0x0 ..\obj\radio.o
                                  0x8 (size before relaxing)
 .ARM.exidx.text._ZN5RADIO7getBandEv
                0x080087ac        0x0 ..\obj\radio.o
                                  0x8 (size before relaxing)
 .ARM.exidx.text._ZN5RADIO12getFrequencyEv
                0x080087ac        0x0 ..\obj\radio.o
                                  0x8 (size before relaxing)
 .ARM.exidx.text._ZN5RADIO15getMinFrequencyEv
                0x080087ac        0x0 ..\obj\radio.o
                                  0x8 (size before relaxing)
 .ARM.exidx.text._ZN5RADIO15getMaxFrequencyEv
                0x080087ac        0x0 ..\obj\radio.o
                                  0x8 (size before relaxing)
 .ARM.exidx.text._ZN5RADIO16getFrequencyStepEv
                0x080087ac        0x0 ..\obj\radio.o
                                  0x8 (size before relaxing)
 .ARM.exidx.text._ZN5RADIO8checkRDSEPtS0_S0_S0_
                0x080087ac        0x0 ..\obj\radio.o
                                  0x8 (size before relaxing)
 .ARM.exidx.text._ZN5RADIO12getRadioInfoEP10RADIO_INFO
                0x080087ac        0x0 ..\obj\radio.o
                                  0x8 (size before relaxing)
 .ARM.exidx.text._ZN5RADIO12getAudioInfoEP10AUDIO_INFO
                0x080087ac        0x0 ..\obj\radio.o
                                  0x8 (size before relaxing)
 .ARM.exidx.text._ZN5RADIO15formatFrequencyEPch
                0x080087ac        0x8 ..\obj\radio.o
 .ARM.exidx.text._ZN5RADIOC2Ev
                0x080087b4        0x8 ..\obj\radio.o
 .ARM.exidx.text._ZN7DS18B205ResetEv
                0x080087bc        0x8 ..\obj\DS18B20.o
 .ARM.exidx.text._ZN7DS18B204InitEmP12GPIO_TypeDeft
                0x080087c4        0x8 ..\obj\DS18B20.o
 .ARM.exidx.text._ZN7DS18B207BitReadEv
                0x080087cc        0x0 ..\obj\DS18B20.o
                                  0x8 (size before relaxing)
 .ARM.exidx.text._ZN7DS18B208BitWriteEh
                0x080087cc        0x0 ..\obj\DS18B20.o
                                  0x8 (size before relaxing)
 .ARM.exidx.text._ZN7DS18B207ROMSkipEv
                0x080087cc        0x8 ..\obj\DS18B20.o
 .ARM.exidx.text._ZN7DS18B2011TempConvertEv
                0x080087d4        0x0 ..\obj\DS18B20.o
                                  0x8 (size before relaxing)
 .ARM.exidx.text._ZN7DS18B2013ScratchpadSetEcch
                0x080087d4        0x8 ..\obj\DS18B20.o
 .ARM.exidx.text._ZN7DS18B2012SetPrecisionEh
                0x080087dc        0x8 ..\obj\DS18B20.o
 .ARM.exidx.text._ZN7DS18B2014TempReadSimpleEPNS_12simple_floatE
                0x080087e4       0x10 ..\obj\DS18B20.o
                                  0x8 (size before relaxing)
 .ARM.exidx.text._ZN7Display15SetDisplayStateEb
                0x080087f4        0x0 ..\obj\Display.o
                                  0x8 (size before relaxing)
 .ARM.exidx.text._ZN7Display16DrawSecondScreenEv
                0x080087f4        0x8 ..\obj\Display.o
 .ARM.exidx.text._ZN7Display15SetActiveScreenENS_7ScreensE
                0x080087fc        0x8 ..\obj\Display.o
 .ARM.exidx.text._ZN7Display7SetTempEhPKc
                0x08008804        0x0 ..\obj\Display.o
                                  0x8 (size before relaxing)
 .ARM.exidx.text._ZN7Display15SetHeatingStateEb
                0x08008804        0x0 ..\obj\Display.o
                                  0x8 (size before relaxing)
 .ARM.exidx.text._ZN7Display19SetNoWaterAvailableEb
                0x08008804        0x0 ..\obj\Display.o
                                  0x8 (size before relaxing)
 .ARM.exidx.text._ZN7Display18SetNoTempAvailableEb
                0x08008804        0x0 ..\obj\Display.o
                                  0x8 (size before relaxing)
 .ARM.exidx.text._ZN7Display12SetStatusBarEPKc
                0x08008804        0x0 ..\obj\Display.o
                                  0x8 (size before relaxing)
 .ARM.exidx.text._ZN7Display14ClearStatusBarEv
                0x08008804        0x0 ..\obj\Display.o
                                  0x8 (size before relaxing)
 .ARM.exidx.text._ZN7Display13SetAudioStateEb
                0x08008804        0x0 ..\obj\Display.o
                                  0x8 (size before relaxing)
 .ARM.exidx.text._ZN7Display14SetAudioSourceEPKc
                0x08008804        0x0 ..\obj\Display.o
                                  0x8 (size before relaxing)
 .ARM.exidx.text._ZN7Display13SetRadioStateEb
                0x08008804        0x0 ..\obj\Display.o
                                  0x8 (size before relaxing)
 .ARM.exidx.text._ZN7Display14SetRadioStereoEb
                0x08008804        0x0 ..\obj\Display.o
                                  0x8 (size before relaxing)
 .ARM.exidx.text._ZN7Display15SetRadioChannelEt
                0x08008804        0x8 ..\obj\Display.o
 .ARM.exidx.text._ZN7Display22SetRadioSignalstrengthEc
                0x0800880c        0x8 ..\obj\Display.o
 .ARM.exidx.text._ZN7Display9WriteTextEhPKc
                0x08008814        0x0 ..\obj\Display.o
                                  0x8 (size before relaxing)
 .ARM.exidx.text._ZN7Display17ClearSecondScreenEv
                0x08008814        0x0 ..\obj\Display.o
                                  0x8 (size before relaxing)
 .ARM.exidx.text._ZN7Display4InitEv
                0x08008814        0x8 ..\obj\Display.o
 .ARM.exidx.text._ZN7Display13DrawWaterIconEv
                0x0800881c        0x8 ..\obj\Display.o
 .ARM.exidx.text._ZN7Display13DrawFrostIconEv
                0x08008824        0x8 ..\obj\Display.o
 .ARM.exidx.text._ZN7Display18DrawSignalStrengthEv
                0x0800882c        0x8 ..\obj\Display.o
 .ARM.exidx.text._ZN7Display14DrawMainScreenEv
                0x08008834        0x8 ..\obj\Display.o
 .ARM.exidx.text._ZN7Display4DrawEv
                0x0800883c       0x10 ..\obj\Display.o
                                  0x8 (size before relaxing)
 .ARM.exidx.text._ZN6Keypad7McpInitEv
                0x0800884c        0x8 ..\obj\Keypad.o
 .ARM.exidx.text._ZN6Keypad4InitEv
                0x08008854        0x8 ..\obj\Keypad.o
 .ARM.exidx.text._ZN6Keypad15IsKeypadWorkingEv
                0x0800885c        0x8 ..\obj\Keypad.o
 .ARM.exidx.text._ZN6Keypad19RegisterForCallbackER4Keys
                0x08008864        0x0 ..\obj\Keypad.o
                                  0x8 (size before relaxing)
 .ARM.exidx.text._ZN6Keypad8ReadKeysEv
                0x08008864        0x8 ..\obj\Keypad.o
 .ARM.exidx.text._ZN6Keypad16CheckKeysPressedEv
                0x0800886c        0x8 ..\obj\Keypad.o
 .ARM.exidx.text._ZN8mcp230178I2C_initEv
                0x08008874        0x8 ..\obj\mcp23017.o
 .ARM.exidx.text._ZN8mcp2301715WaitWithTimeoutEm
                0x0800887c        0x8 ..\obj\mcp23017.o
 .ARM.exidx.text._ZN8mcp230174ReadEcRc
                0x08008884        0x8 ..\obj\mcp23017.o
 .ARM.exidx.text._ZN8mcp230175WriteEcc
                0x0800888c        0x0 ..\obj\mcp23017.o
                                  0x8 (size before relaxing)
 .ARM.exidx.text._ZN8mcp230174InitEP11I2C_TypeDefmP12GPIO_TypeDefmtttb
                0x0800888c        0x8 ..\obj\mcp23017.o
 .ARM.exidx.text._ZN8mcp230179DirectionENS_4PortEc
                0x08008894        0x8 ..\obj\mcp23017.o
 .ARM.exidx.text._ZN8mcp2301716ConfigurePullUpsENS_4PortEc
                0x0800889c        0x0 ..\obj\mcp23017.o
                                  0x8 (size before relaxing)
 .ARM.exidx.text._ZN8mcp2301715InterruptEnableENS_4PortEc
                0x0800889c        0x0 ..\obj\mcp23017.o
                                  0x8 (size before relaxing)
 .ARM.exidx.text._ZN8mcp2301716MirrorInterruptsEb
                0x0800889c        0x8 ..\obj\mcp23017.o
 .ARM.exidx.text._ZN8mcp230175WriteENS_4PortEc
                0x080088a4        0x8 ..\obj\mcp23017.o
 .ARM.exidx.text._ZN8mcp230174ReadENS_4PortERc
                0x080088ac        0x0 ..\obj\mcp23017.o
                                  0x8 (size before relaxing)
 .ARM.exidx.text._ZN6SI4703C2Ev
                0x080088ac        0x8 ..\obj\SI4703.o
 .ARM.exidx.text._ZN6SI470314_readRegistersEv
                0x080088b4        0x8 ..\obj\SI4703.o
 .ARM.exidx.text._ZN6SI470312getFrequencyEv
                0x080088bc        0x8 ..\obj\SI4703.o
 .ARM.exidx.text._ZN6SI47038checkRDSEPtS0_S0_S0_
                0x080088c4        0x8 ..\obj\SI4703.o
 .ARM.exidx.text._ZN6SI470314_saveRegistersEv
                0x080088cc        0x8 ..\obj\SI4703.o
 .ARM.exidx.text._ZN6SI47034initEb
                0x080088d4        0x8 ..\obj\SI4703.o
 .ARM.exidx.text._ZN6SI47038setPowerEb
                0x080088dc        0x8 ..\obj\SI4703.o
 .ARM.exidx.text._ZN6SI47038_waitEndEv
                0x080088e4        0x8 ..\obj\SI4703.o
 .ARM.exidx.text._ZN6SI470312setFrequencyEt
                0x080088ec        0x8 ..\obj\SI4703.o
 .ARM.exidx.text._ZN6SI47035_seekEb
                0x080088f4        0x0 ..\obj\SI4703.o
                                  0x8 (size before relaxing)
 .ARM.exidx.text._ZN6SI47036seekUpEb
                0x080088f4        0x8 ..\obj\SI4703.o
 .ARM.exidx.text._ZN6SI47038seekDownEb
                0x080088fc        0x0 ..\obj\SI4703.o
                                  0x8 (size before relaxing)
 .ARM.exidx.text._ZN6SI47039setVolumeEh
                0x080088fc        0x8 ..\obj\SI4703.o
 .ARM.exidx.text._ZN6SI47037setMonoEb
                0x08008904        0x0 ..\obj\SI4703.o
                                  0x8 (size before relaxing)
 .ARM.exidx.text._ZN6SI47037setMuteEb
                0x08008904        0x0 ..\obj\SI4703.o
                                  0x8 (size before relaxing)
 .ARM.exidx.text._ZN6SI470311setSoftMuteEb
                0x08008904        0x0 ..\obj\SI4703.o
                                  0x8 (size before relaxing)
 .ARM.exidx.text._ZN6SI47037setBandE10RADIO_BAND
                0x08008904        0x8 ..\obj\SI4703.o
 .ARM.exidx.text._ZN6SI470312getRadioInfoEP10RADIO_INFO
                0x0800890c        0x8 ..\obj\SI4703.o
 .ARM.exidx.text._ZN6SI470312getAudioInfoEP10AUDIO_INFO
                0x08008914        0x8 ..\obj\SI4703.o
 .ARM.exidx.text._ZN10RelayBoard4InitEv
                0x0800891c        0x8 ..\obj\RelayBoard.o
 .ARM.exidx.text._ZN10RelayBoard11SwitchRelayENS_6RelaysEb
                0x08008924        0x8 ..\obj\RelayBoard.o
 .ARM.exidx.text._ZN10RelayBoard13ResetToSafetyEv
                0x0800892c        0x8 ..\obj\RelayBoard.o
 .ARM.exidx.text._ZN10RelayBoard10ResetAudioEv
                0x08008934        0x8 ..\obj\RelayBoard.o
 .ARM.exidx.text._ZN13EntController14RdsReceiveTimeEhh
                0x0800893c        0x0 ..\obj\EntController.o
                                  0x8 (size before relaxing)
 .ARM.exidx.text._ZThn4_N13EntController14RdsReceiveTimeEhh
                0x0800893c        0x0 ..\obj\EntController.o
                                  0x8 (size before relaxing)
 .ARM.exidx.text._ZN13EntController14RdsReceiveTextEPc
                0x0800893c        0x0 ..\obj\EntController.o
                                  0x8 (size before relaxing)
 .ARM.exidx.text._ZThn4_N13EntController14RdsReceiveTextEPc
                0x0800893c        0x8 ..\obj\EntController.o
 .ARM.exidx.text._ZN13EntController21RdsReceiveServiceNameEPc
                0x08008944        0x8 ..\obj\EntController.o
 .ARM.exidx.text._ZThn4_N13EntController21RdsReceiveServiceNameEPc
                0x0800894c        0x8 ..\obj\EntController.o
 .ARM.exidx.text._ZN13EntController17RotateAudioOutputEv.part.0.constprop.6
                0x08008954        0x8 ..\obj\EntController.o
 .ARM.exidx.text._ZN13EntControllerC2Ev
                0x0800895c        0x8 ..\obj\EntController.o
 .ARM.exidx.text._ZN13EntController6MoveTVEb
                0x08008964        0x0 ..\obj\EntController.o
                                  0x8 (size before relaxing)
 .ARM.exidx.text._ZN13EntController4InitEv
                0x08008964        0x8 ..\obj\EntController.o
 .ARM.exidx.text._ZN13EntController13ChangeChannelEbb
                0x0800896c        0x8 ..\obj\EntController.o
 .ARM.exidx.text._ZN13EntController11SetAudioOutENS_11AudioOutputE
                0x08008974        0x8 ..\obj\EntController.o
 .ARM.exidx.text._ZN13EntController7MonitorEv
                0x0800897c        0x8 ..\obj\EntController.o
 .ARM.exidx.text._ZN13EntController8ToggleTVEv.part.3.constprop.8
                0x08008984        0x8 ..\obj\EntController.o
 .ARM.exidx.text._ZN13EntController11TogglePowerEv
                0x0800898c        0x0 ..\obj\EntController.o
                                  0x8 (size before relaxing)
 .ARM.exidx.text._ZN13EntController12ChangeVolumeEb
                0x0800898c        0x8 ..\obj\EntController.o
 .ARM.exidx.text._ZN13EntController15KeyDataReceivedEtb
                0x08008994        0x8 ..\obj\EntController.o
 .ARM.exidx.text.startup.main
                0x0800899c        0x8 ..\obj\main.o
 .ARM.exidx.text.USART1_IRQHandler
                0x080089a4        0x8 ..\obj\main.o
 .ARM.exidx.text._ZN13SpaControllerC2Ev
                0x080089ac        0x8 ..\obj\SpaController.o
 .ARM.exidx.text._ZN13SpaController12SwitchHeaterEb
                0x080089b4        0x8 ..\obj\SpaController.o
 .ARM.exidx.text._ZN13SpaController9CheckTempEf
                0x080089bc        0x8 ..\obj\SpaController.o
 .ARM.exidx.text._ZN13SpaController19WriteFloatToDisplayEfc
                0x080089c4        0x8 ..\obj\SpaController.o
 .ARM.exidx.text._ZN13SpaController4InitEv
                0x080089cc        0x8 ..\obj\SpaController.o
 .ARM.exidx.text._ZN13SpaController10ToggleJetsEv
                0x080089d4        0x8 ..\obj\SpaController.o
 .ARM.exidx.text._ZN13SpaController9ToggleGasEv
                0x080089dc        0x0 ..\obj\SpaController.o
                                  0x8 (size before relaxing)
 .ARM.exidx.text._ZN13SpaController10ToggleHeatEv
                0x080089dc        0x0 ..\obj\SpaController.o
                                  0x8 (size before relaxing)
 .ARM.exidx.text._ZN13SpaController10ToggleCircEv
                0x080089dc        0x0 ..\obj\SpaController.o
                                  0x8 (size before relaxing)
 .ARM.exidx.text._ZN13SpaController10ToggleLED1Ev
                0x080089dc        0x0 ..\obj\SpaController.o
                                  0x8 (size before relaxing)
 .ARM.exidx.text._ZN13SpaController10ToggleLED2Ev
                0x080089dc        0x0 ..\obj\SpaController.o
                                  0x8 (size before relaxing)
 .ARM.exidx.text._ZN13SpaController9SwitchOffEv
                0x080089dc        0x0 ..\obj\SpaController.o
                                  0x8 (size before relaxing)
 .ARM.exidx.text._ZN13SpaController7MonitorEv
                0x080089dc        0x8 ..\obj\SpaController.o
 .ARM.exidx.text._ZN13SpaController11TogglePowerEv
                0x080089e4        0x8 ..\obj\SpaController.o
 .ARM.exidx.text._ZN13SpaController15KeyDataReceivedEtb