Archive member included to satisfy reference by file (symbol)

..\..\..\..\..\..\..\..\Program Files (x86)\GNU Tools ARM Embedded\5.3 2016q1\arm-none-eabi\lib\armv7-m\libstdc++_nano.a(si_class_type_info.o)
                              ..\obj\SI4703.o (vtable for __cxxabiv1::__si_class_type_info)
..\..\..\..\..\..\..\..\Program Files (x86)\GNU Tools ARM Embedded\5.3 2016q1\arm-none-eabi\lib\armv7-m\libstdc++_nano.a(vmi_class_type_info.o)
                              ..\obj\EntController.o (vtable for __cxxabiv1::__vmi_class_type_info)
..\..\..\..\..\..\..\..\Program Files (x86)\GNU Tools ARM Embedded\5.3 2016q1\arm-none-eabi\lib\armv7-m\libstdc++_nano.a(tinfo.o)
                              ..\..\..\..\..\..\..\..\Program Files (x86)\GNU Tools ARM Embedded\5.3 2016q1\arm-none-eabi\lib\armv7-m\libstdc++_nano.a(si_class_type_info.o) (std::type_info::__is_function_p() const)
..\..\..\..\..\..\..\..\Program Files (x86)\GNU Tools ARM Embedded\5.3 2016q1\arm-none-eabi\lib\armv7-m\libstdc++_nano.a(class_type_info.o)
                              ..\..\..\..\..\..\..\..\Program Files (x86)\GNU Tools ARM Embedded\5.3 2016q1\arm-none-eabi\lib\armv7-m\libstdc++_nano.a(si_class_type_info.o) (__cxxabiv1::__class_type_info::__do_upcast(__cxxabiv1::__class_type_info const*, void**) const)
..\..\..\..\..\..\..\..\Program Files (x86)\GNU Tools ARM Embedded\5.3 2016q1\arm-none-eabi\lib\armv7-m\libstdc++_nano.a(guard.o)
                              ..\obj\EntController.o (__cxa_guard_acquire)
..\..\..\..\..\..\..\..\Program Files (x86)\GNU Tools ARM Embedded\5.3 2016q1\arm-none-eabi\lib\armv7-m\libstdc++_nano.a(del_op.o)
                              ..\..\..\..\..\..\..\..\Program Files (x86)\GNU Tools ARM Embedded\5.3 2016q1\arm-none-eabi\lib\armv7-m\libstdc++_nano.a(si_class_type_info.o) (operator delete(void*))
c:/program files (x86)/gnu tools arm embedded/5.3 2016q1/bin/../lib/gcc/arm-none-eabi/5.3.1/armv7-m\libgcc.a(_arm_addsubdf3.o)
                              ..\obj\DS18B20.o (__aeabi_dadd)
c:/program files (x86)/gnu tools arm embedded/5.3 2016q1/bin/../lib/gcc/arm-none-eabi/5.3.1/armv7-m\libgcc.a(_arm_muldivdf3.o)
                              ..\obj\DS18B20.o (__aeabi_dmul)
c:/program files (x86)/gnu tools arm embedded/5.3 2016q1/bin/../lib/gcc/arm-none-eabi/5.3.1/armv7-m\libgcc.a(_arm_fixdfsi.o)
                              ..\obj\DS18B20.o (__aeabi_d2iz)
c:/program files (x86)/gnu tools arm embedded/5.3 2016q1/bin/../lib/gcc/arm-none-eabi/5.3.1/armv7-m\libgcc.a(_arm_truncdfsf2.o)
                              ..\obj\DS18B20.o (__aeabi_d2f)
c:/program files (x86)/gnu tools arm embedded/5.3 2016q1/bin/../lib/gcc/arm-none-eabi/5.3.1/armv7-m\libgcc.a(_arm_addsubsf3.o)
                              ..\obj\SpaController.o (__aeabi_fsub)
c:/program files (x86)/gnu tools arm embedded/5.3 2016q1/bin/../lib/gcc/arm-none-eabi/5.3.1/armv7-m\libgcc.a(_arm_muldivsf3.o)
                              ..\obj\DS18B20.o (__aeabi_fmul)
c:/program files (x86)/gnu tools arm embedded/5.3 2016q1/bin/../lib/gcc/arm-none-eabi/5.3.1/armv7-m\libgcc.a(_arm_cmpsf2.o)
                              ..\obj\SpaController.o (__aeabi_fcmplt)
c:/program files (x86)/gnu tools arm embedded/5.3 2016q1/bin/../lib/gcc/arm-none-eabi/5.3.1/armv7-m\libgcc.a(_arm_fixsfsi.o)
                              ..\obj\SpaController.o (__aeabi_f2iz)
c:/program files (x86)/gnu tools arm embedded/5.3 2016q1/bin/../lib/gcc/arm-none-eabi/5.3.1/armv7-m\libgcc.a(_arm_fixunssfsi.o)
                              ..\obj\DS18B20.o (__aeabi_f2uiz)
c:/program files (x86)/gnu tools arm embedded/5.3 2016q1/bin/../lib/gcc/arm-none-eabi/5.3.1/armv7-m\libgcc.a(unwind-arm.o)
                              ..\obj\radio.o (__aeabi_unwind_cpp_pr0)
c:/program files (x86)/gnu tools arm embedded/5.3 2016q1/bin/../lib/gcc/arm-none-eabi/5.3.1/armv7-m\libgcc.a(libunwind.o)
                              c:/program files (x86)/gnu tools arm embedded/5.3 2016q1/bin/../lib/gcc/arm-none-eabi/5.3.1/armv7-m\libgcc.a(unwind-arm.o) (restore_core_regs)
c:/program files (x86)/gnu tools arm embedded/5.3 2016q1/bin/../lib/gcc/arm-none-eabi/5.3.1/armv7-m\libgcc.a(pr-support.o)
                              c:/program files (x86)/gnu tools arm embedded/5.3 2016q1/bin/../lib/gcc/arm-none-eabi/5.3.1/armv7-m\libgcc.a(unwind-arm.o) (__gnu_unwind_execute)
..\..\..\..\..\..\..\..\Program Files (x86)\GNU Tools ARM Embedded\5.3 2016q1\arm-none-eabi\lib\armv7-m\libg.a(lib_a-malloc.o)
                              ..\..\..\..\..\..\..\..\Program Files (x86)\GNU Tools ARM Embedded\5.3 2016q1\arm-none-eabi\lib\armv7-m\libstdc++_nano.a(del_op.o) (free)
..\..\..\..\..\..\..\..\Program Files (x86)\GNU Tools ARM Embedded\5.3 2016q1\arm-none-eabi\lib\armv7-m\libg.a(lib_a-mallocr.o)
                              ..\..\..\..\..\..\..\..\Program Files (x86)\GNU Tools ARM Embedded\5.3 2016q1\arm-none-eabi\lib\armv7-m\libg.a(lib_a-malloc.o) (_malloc_r)
[...]
Memory Configuration

Name             Origin             Length             Attributes
rom              0x08000000         0x00010000         xr
ram              0x20000000         0x00005000         xrw
*default*        0x00000000         0xffffffff

Linker script and memory map

                0x20005000                _eram = 0x20005000

.text           0x08000000     0xd08a
 *(.isr_vector)
 .isr_vector    0x08000000      0x10c ..\obj\startup_stm32f10x_md.o
                0x08000000                g_pfnVectors
 *(.text*)
 .text          0x0800010c      0x134 ..\obj\u8g_pb.o
                0x0800010c                u8g_pb_Clear
                0x08000120                u8g_pb_IsYIntersection
                0x0800014c                u8g_pb_IsXIntersection
                0x08000160                u8g_pb_IsIntersection
                0x080001c0                u8g_pb_GetPageBox
                0x080001d4                u8g_pb_Is8PixelVisible
                0x0800022c                u8g_pb_WriteBuffer
 .text          0x08000240        0x4 ..\obj\u8g_com_arduino_st7920_custom.o
                0x08000240                u8g_com_arduino_st7920_custom_fn
 .text          0x08000244      0x48c ..\obj\printf.o
                0x08000244                SetOutputUart
                0x08000250                PrintChar
                0x08000290                PutChar
                0x08000298                PutString
                0x080002b8                PutUnsignedInt
                0x0800030c                PutSignedInt
                0x0800039c                PutHexa
                0x08000404                vsnprintf
                0x0800056c                snprintf
                0x0800058c                vsprintf
                0x08000598                sprintf
                0x080005b8                fputc
                0x080005e0                fputs
                0x08000618                vfprintf
                0x08000664                vprintf
                0x08000678                printf
                0x080006a0                fprintf
                0x080006c0                puts
 .text          0x080006d0       0x4c ..\obj\syscalls.o
                0x080006d0                _sbrk
                0x080006ec                link
                0x080006f4                _close
                0x080006fc                _fstat
                0x08000708                _isatty
                0x0800070c                _lseek
                0x08000710                _read
                0x08000714                _write
                0x08000718                abort
 .text          0x0800071c      0x1b8 ..\obj\u8g_dev_st7920_128x64.o
                0x0800071c                u8g_dev_st7920_128x64_fn
                0x080007f8                u8g_dev_st7920_128x64_4x_fn
 .text          0x080008d4      0x148 ..\obj\u8g_com_api.o
                0x080008d4                u8g_InitCom
                0x080008e4                u8g_StopCom
                0x080008f4                u8g_SetChipSelect
                0x08000904                u8g_SetResetLow
                0x08000914                u8g_SetResetHigh
                0x08000924                u8g_SetAddress
                0x08000934                u8g_WriteByte
                0x08000944                u8g_WriteSequence
                0x08000950                u8g_WriteSequenceP
                0x0800095c                u8g_WriteEscSeqP
 .text          0x08000a1c      0x19c ..\obj\radio.o
                0x08000a1c                RADIO::init(bool)
                0x08000a20                RADIO::term()
                0x08000a24                RADIO::setVolume(unsigned char)
                0x08000a28                RADIO::getVolume()
                0x08000a2c                RADIO::setBassBoost(bool)
                0x08000a30                RADIO::getBassBoost()
                0x08000a34                RADIO::setMono(bool)
                0x08000a38                RADIO::getMono()
                0x08000a3c                RADIO::setMute(bool)
                0x08000a40                RADIO::getMute()
                0x08000a44                RADIO::setSoftMute(bool)
                0x08000a48                RADIO::getSoftMute()
                0x08000a4c                RADIO::setBand(RADIO_BAND)
                0x08000a70                RADIO::setFrequency(unsigned short)
                0x08000a74                RADIO::seekUp(bool)
                0x08000a74                RADIO::seekDown(bool)
                0x08000a78                RADIO::getBand()
                0x08000a7c                RADIO::getFrequency()
                0x08000a80                RADIO::getMinFrequency()
                0x08000a84                RADIO::getMaxFrequency()
                0x08000a88                RADIO::getFrequencyStep()
                0x08000a8c                RADIO::checkRDS(unsigned short*, unsigned short*, unsigned short*, unsigned short*)
                0x08000a90                RADIO::getRadioInfo(RADIO_INFO*)
                0x08000aa0                RADIO::getAudioInfo(AUDIO_INFO*)
                0x08000abc                RADIO::formatFrequency(char*, unsigned char)
                0x08000b5c                RADIO::RADIO()
                0x08000b5c                RADIO::RADIO()
                0x08000b7c                RADIO::int16_to_s(char*, unsigned short)
 .text          0x08000bb8      0x5b0 ..\obj\DS18B20.o
                0x08000bb8                DS18B20::Reset()
                0x08000c40                DS18B20::Init(unsigned long, GPIO_TypeDef*, unsigned short)
                0x08000c8c                DS18B20::BitRead()
                0x08000cdc                DS18B20::ByteRead()
                0x08000d00                DS18B20::BitWrite(unsigned char)
                0x08000d60                DS18B20::ByteWrite(unsigned char)
                0x08000d80                DS18B20::AlarmSearch()
                0x08000d84                DS18B20::ROMRead()
                0x08000dd4                DS18B20::ROMMatch()
                0x08000e1c                DS18B20::ROMSkip()
                0x08000e3c                DS18B20::TempConvert()
                0x08000e5c                DS18B20::ScratchpadCopy()
                0x08000e84                DS18B20::ScratchpadSet(char, char, unsigned char)
                0x08000ef0                DS18B20::SetPrecision(unsigned char)
                0x08000f0c                DS18B20::TempRead(float*)
                0x08000fe0                DS18B20::TempReadSimple(DS18B20::simple_float*)
                0x080010b4                DS18B20::EEROMRecall()
                0x080010ec                DS18B20::PowerSupplyRead()
                0x08001118                DS18B20::ScratchpadRead(unsigned char*)
 .text          0x08001168       0x10 ..\obj\u8g_state.o
                0x08001168                u8g_state_dummy_cb
                0x0800116c                u8g_SetHardwareBackup
                0x08001174                u8g_backup_spi
 .text          0x08001178      0x5ac ..\obj\Display.o
                0x08001178                Display::SetDisplayState(bool)
                0x08001188                Display::DrawSecondScreen()
                0x080011e8                Display::SetActiveScreen(Display::Screens)
                0x080011f0                Display::SetTemp(unsigned char, char const*)
                0x0800121c                Display::SetHeatingState(bool)
                0x08001224                Display::SetErrorText(char const*)
                0x08001248                Display::ClearErrorText()
                0x08001258                Display::SetStatusBar(char const*)
                0x0800127c                Display::ClearStatusBar()
                0x08001294                Display::SetAudioState(bool)
                0x0800129c                Display::SetAudioSource(char const*)
                0x080012c0                Display::SetRadioState(bool)
                0x080012c8                Display::SetRadioStereo(bool)
                0x080012d0                Display::SetRadioChannel(unsigned short)
                0x0800130c                Display::SetRadioSignalstrength(char)
                0x08001314                Display::WriteText(unsigned char, char const*)
                0x08001344                Display::WriteHLine(unsigned char, unsigned char, unsigned char, unsigned char)
                0x08001360                Display::WriteVLine(unsigned char, unsigned char, unsigned char, unsigned char)
                0x0800137c                Display::ClearSecondScreen()
                0x080013c4                Display::Init()
                0x08001448                Display::DrawWaterIcon()
                0x080014a4                Display::DrawFrostIcon()
                0x080014fc                Display::DrawSignalStrength()
                0x080015e0                Display::DrawMainScreen()
                0x080016f4                Display::Draw()
 .text          0x08001724      0x478 ..\obj\u8g_ll_api.o
                0x08001724                u8g_call_dev_fn
                0x08001730                u8g_InitLL
                0x0800175c                u8g_FirstPageLL
                0x08001794                u8g_NextPageLL
                0x080017d0                u8g_SetContrastLL
                0x080017e4                u8g_DrawPixelLL
                0x080017fc                u8g_Draw8PixelLL
                0x08001824                u8g_Draw4TPixelLL
                0x0800184c                u8g_GetWidthLL
                0x08001864                u8g_GetHeightLL
                0x0800187c                u8g_GetModeLL
                0x0800188c                u8g_UpdateDimension
                0x080018d8                u8g_Begin
                0x080018f0                u8g_Init
                0x0800193c                u8g_InitComFn
                0x08001990                u8g_FirstPage
                0x08001998                u8g_NextPage
                0x080019b0                u8g_SetContrast
                0x080019c8                u8g_SleepOn
                0x080019d8                u8g_SleepOff
                0x080019e8                u8g_DrawPixel
                0x08001a04                u8g_Draw8Pixel
                0x08001a2c                u8g_Draw4TPixel
                0x08001a54                u8g_Draw8ColorPixel
                0x08001a80                u8g_SetColorEntry
                0x08001aa8                u8g_SetColorIndex
                0x08001ab0                u8g_SetHiColor
                0x08001abc                u8g_SetHiColorByRGB
                0x08001adc                u8g_SetRGB
                0x08001b2c                u8g_GetColorIndex
                0x08001b34                u8g_GetDefaultForegroundColor
                0x08001b48                u8g_SetDefaultForegroundColor
                0x08001b74                u8g_GetDefaultBackgroundColor
                0x08001b78                u8g_SetDefaultBackgroundColor
                0x08001b80                u8g_GetDefaultMidColor
                0x08001b8c                u8g_SetDefaultMidColor
 .text          0x08001b9c       0x5c ..\obj\u8g_page.o
                0x08001b9c                u8g_page_First
                0x08001bac                u8g_page_Init
                0x08001bbc                u8g_page_Next
 .text          0x08001bf8      0x2d8 ..\obj\stm32f10x_gpio.o
                0x08001bf8                GPIO_DeInit
                0x08001cd4                GPIO_AFIODeInit
                0x08001cec                GPIO_Init
                0x08001da4                GPIO_StructInit
                0x08001db4                GPIO_ReadInputDataBit
                0x08001dc0                GPIO_ReadInputData
                0x08001dc8                GPIO_ReadOutputDataBit
                0x08001dd4                GPIO_ReadOutputData
                0x08001ddc                GPIO_SetBits
                0x08001de0                GPIO_ResetBits
                0x08001de4                GPIO_WriteBit
                0x08001df0                GPIO_Write
                0x08001df4                GPIO_PinLockConfig
                0x08001e04                GPIO_EventOutputConfig
                0x08001e20                GPIO_EventOutputCmd
                0x08001e2c                GPIO_PinRemapConfig
                0x08001e98                GPIO_EXTILineConfig
                0x08001ec4                GPIO_ETH_MediaInterfaceConfig
 .text          0x08001ed0      0x37c ..\obj\stm32f10x_rcc.o
                0x08001ed0                RCC_DeInit
                0x08001f10                RCC_HSEConfig
                0x08001f48                RCC_WaitForHSEStartUp
                0x08001f7c                RCC_AdjustHSICalibrationValue
                0x08001f90                RCC_HSICmd
                0x08001f9c                RCC_PLLConfig
                0x08001fb0                RCC_PLLCmd
                0x08001fbc                RCC_SYSCLKConfig
                0x08001fd0                RCC_GetSYSCLKSource
                0x08001fe0                RCC_HCLKConfig
                0x08001ff4                RCC_PCLK1Config
                0x08002008                RCC_PCLK2Config
                0x0800201c                RCC_ITConfig
                0x08002038                RCC_USBCLKConfig
                0x08002044                RCC_ADCCLKConfig
                0x08002058                RCC_LSEConfig
                0x08002078                RCC_LSICmd
                0x08002084                RCC_RTCCLKConfig
                0x08002094                RCC_RTCCLKCmd
                0x080020a0                RCC_GetClocksFreq
                0x08002138                RCC_AHBPeriphClockCmd
                0x08002154                RCC_APB2PeriphClockCmd
                0x08002170                RCC_APB1PeriphClockCmd
                0x0800218c                RCC_APB2PeriphResetCmd
                0x080021a8                RCC_APB1PeriphResetCmd
                0x080021c4                RCC_BackupResetCmd
                0x080021d0                RCC_ClockSecuritySystemCmd
                0x080021dc                RCC_MCOConfig
                0x080021e8                RCC_GetFlagStatus
                0x0800221c                RCC_ClearFlag
                0x0800222c                RCC_GetITStatus
                0x08002240                RCC_ClearITPendingBit
 .text          0x0800224c      0x1e8 ..\obj\Keypad.o
                0x0800224c                Keypad::Init()
                0x080022e4                Keypad::RegisterForCallback(KeypadInterrupt&)
                0x08002310                Keypad::ReadKeys()
                0x0800232c                Keypad::SetKeyCheckEnabled(bool)
                0x08002334                Keypad::CheckKeysPressed()
 .text          0x08002434      0x360 ..\obj\mcp23017.o
                0x08002434                mcp23017::I2C_init()
                0x080024c4                mcp23017::Read(char)
                0x0800256c                mcp23017::Write(char, char)
                0x080025e4                mcp23017::Init(I2C_TypeDef*, unsigned long, GPIO_TypeDef*, unsigned long, unsigned short, unsigned short, unsigned short, bool)
                0x08002638                mcp23017::Direction(mcp23017::Port, char)
                0x08002654                mcp23017::ConfigurePullUps(mcp23017::Port, char)
                0x08002670                mcp23017::ConfigureBanked(mcp23017::Bank)
                0x080026a4                mcp23017::InterruptEnable(mcp23017::Port, char)
                0x080026c0                mcp23017::MirrorInterrupts(bool)
                0x080026f4                mcp23017::InterruptPolarity(mcp23017::Polarity)
                0x08002728                mcp23017::DefaultValue(mcp23017::Port, char)
                0x08002744                mcp23017::InterruptControl(mcp23017::Port, char)
                0x08002760                mcp23017::Write(mcp23017::Port, char)
                0x0800277c                mcp23017::Read(mcp23017::Port)
 .text.Reset_Handler
                0x08002794       0x44 ..\obj\startup_stm32f10x_md.o
                0x08002794                Reset_Handler
 *fill*         0x080027d8        0x8 
 .text.Default_Handler
                0x080027e0       0x14 ..\obj\startup_stm32f10x_md.o
                0x080027e0                EXTI2_IRQHandler
                0x080027e0                DebugMon_Handler
                0x080027e0                TIM1_CC_IRQHandler
                0x080027e0                HardFault_Handler
                0x080027e0                PVD_IRQHandler
                0x080027e0                PendSV_Handler
                0x080027e0                NMI_Handler
                0x080027e0                EXTI3_IRQHandler
                0x080027e0                EXTI0_IRQHandler
                0x080027e0                I2C2_EV_IRQHandler
                0x080027e0                UsageFault_Handler
                0x080027e0                ADC1_2_IRQHandler
                0x080027e0                SPI1_IRQHandler
                0x080027e0                TAMPER_IRQHandler
                0x080027e0                DMA1_Channel4_IRQHandler
                0x080027e0                USART3_IRQHandler
                0x080027e0                RTC_IRQHandler
                0x080027e0                DMA1_Channel7_IRQHandler
                0x080027e0                CAN1_RX1_IRQHandler
                0x080027e0                TIM4_IRQHandler
                0x080027e0                I2C1_EV_IRQHandler
                0x080027e0                DMA1_Channel6_IRQHandler
                0x080027e0                TIM3_IRQHandler
                0x080027e0                RCC_IRQHandler
                0x080027e0                TIM1_TRG_COM_IRQHandler
                0x080027e0                DMA1_Channel1_IRQHandler
                0x080027e0                Default_Handler
                0x080027e0                EXTI15_10_IRQHandler
                0x080027e0                EXTI9_5_IRQHandler
                0x080027e0                SPI2_IRQHandler
                0x080027e0                MemManage_Handler
                0x080027e0                SVC_Handler
                0x080027e0                DMA1_Channel5_IRQHandler
                0x080027e0                EXTI4_IRQHandler
                0x080027e0                USB_LP_CAN1_RX0_IRQHandler
                0x080027e0                USB_HP_CAN1_TX_IRQHandler
                0x080027e0                DMA1_Channel3_IRQHandler
                0x080027e0                TIM1_UP_IRQHandler
                0x080027e0                WWDG_IRQHandler
                0x080027e0                TIM2_IRQHandler
                0x080027e0                TIM1_BRK_IRQHandler
                0x080027e0                EXTI1_IRQHandler
                0x080027e0                RTCAlarm_IRQHandler
                0x080027e0                USART2_IRQHandler
                0x080027e0                I2C2_ER_IRQHandler
                0x080027e0                DMA1_Channel2_IRQHandler
                0x080027e0                CAN1_SCE_IRQHandler
                0x080027e0                FLASH_IRQHandler
                0x080027e0                BusFault_Handler
                0x080027e0                I2C1_ER_IRQHandler
                0x080027e0                USBWakeUp_IRQHandler
 .text          0x080027f4      0x5c8 ..\obj\SI4703.o
                0x080027f4                SI4703::SI4703()
                0x080027f4                SI4703::SI4703()
                0x0800280c                SI4703::_readRegisters()
                0x080028e8                SI4703::getFrequency()
                0x08002904                SI4703::checkRDS(unsigned short*, unsigned short*, unsigned short*, unsigned short*)
                0x08002930                SI4703::_saveRegisters()
                0x080029c4                SI4703::init(bool)
                0x08002b20                SI4703::setPower(bool)
                0x08002b64                SI4703::_waitEnd()
                0x08002ba0                SI4703::setFrequency(unsigned short)
                0x08002bf0                SI4703::_seek(bool)
                0x08002c20                SI4703::seekUp(bool)
                0x08002c44                SI4703::seekDown(bool)
                0x08002c68                SI4703::setVolume(unsigned char)
                0x08002c94                SI4703::setMono(bool)
                0x08002cc8                SI4703::setMute(bool)
                0x08002cf8                SI4703::setSoftMute(bool)
                0x08002d2c                SI4703::setBand(RADIO_BAND)
                0x08002d48                SI4703::getRadioInfo(RADIO_INFO*)
                0x08002d88                SI4703::getAudioInfo(AUDIO_INFO*)
 .text          0x08002dbc      0x3d8 ..\obj\u8g_rect.o
                0x08002dbc                u8g_draw_hline
                0x08002e30                u8g_draw_vline
                0x08002ea4                u8g_DrawHLine
                0x08002ed0                u8g_DrawVLine
                0x08002efc                u8g_DrawFrame
                0x08002f5c                u8g_draw_box
                0x08002f88                u8g_DrawBox
                0x08002fbc                u8g_DrawRFrame
                0x080030b4                u8g_DrawRBox
 .text          0x08003194      0x120 ..\obj\RelayBoard.o
                0x08003194                RelayBoard::Init()
                0x08003208                RelayBoard::SwitchRelay(RelayBoard::Relays, bool)
                0x0800326c                RelayBoard::ResetToSafety()
                0x08003290                RelayBoard::ResetAudio()
 .text          0x080032b4        0x4 ..\obj\u8g_com_null.o
                0x080032b4                u8g_com_null_fn
 .text          0x080032b8      0x5d8 ..\obj\EntController.o
                0x080032b8                EntController::RdsReceiveTime(unsigned char, unsigned char)
                0x080032bc                non-virtual thunk to EntController::RdsReceiveTime(unsigned char, unsigned char)
                0x080032c4                EntController::RdsReceiveText(char*)
                0x080032d0                non-virtual thunk to EntController::RdsReceiveText(char*)
                0x080032d8                EntController::RdsReceiveServiceName(char*)
                0x08003300                non-virtual thunk to EntController::RdsReceiveServiceName(char*)
                0x0800335c                EntController::EntController()
                0x0800335c                EntController::EntController()
                0x080033dc                EntController::RotateAudioOutput()
                0x080033e8                EntController::MoveTV(bool)
                0x08003444                EntController::Init()
                0x080034b8                EntController::ChangeChannel(bool, bool)
                0x080034fc                EntController::SetAudioOut(EntController::AudioOutput)
                0x08003638                EntController::Monitor()
                0x08003758                EntController::TogglePower()
                0x0800377c                EntController::ToggleTV()
                0x08003788                EntController::ChangeVolume(bool)
                0x080037dc                EntController::KeypadKeysPressed(unsigned short, bool)
 .text          0x08003890      0x15c ..\obj\delay.o
                0x08003890                TimerInit
                0x080038f4                SysTick_Handler
                0x08003904                SetSysTick
                0x08003910                GetSysTick
                0x0800391c                SysTickDelay1ms
                0x0800392c                SysTickDelayMs
                0x08003948                DwtDelayUs
                0x08003978                DwtDelay1ms
                0x080039a8                DwtDelayMs
 .text          0x080039ec      0x150 ..\obj\u8g_arm_uart.o
                0x080039ec                u8g_Delay
                0x080039f0                u8g_MicroDelay
                0x080039f8                u8g_10MicroDelay
                0x08003a00                init_UART3
                0x08003a88                UART_write_byte
                0x08003aa4                u8g_com_uart_fn
 .text          0x08003b3c      0x108 ..\obj\u8g_line.o
                0x08003b3c                u8g_DrawLine
 .text          0x08003c44      0x1a4 ..\obj\usart.o
                0x08003c44                USART1_Init
                0x08003cf8                USART2_Init
                0x08003d7c                USART2_SetTX
                0x08003dac                usart_string_append
                0x08003dc8                usart_clear_string
                0x08003dd4                usart_get_string
                0x08003ddc                usart_get_string_length
 .text          0x08003de8      0x20c ..\obj\u8g_pb32h1.o
                0x08003de8                u8g_pb32h1_Clear
                0x08003dfc                u8g_pb32h1_Init
                0x08003e10                u8g_pb32h1_set_pixel
                0x08003e48                u8g_pb32h1_SetPixel
                0x08003e70                u8g_pb32h1_Set8PixelStd
                0x08003ebc                u8g_pb32h1_Set8PixelOpt2
                0x08003f20                u8g_dev_pb32h1_base_fn
 .text          0x08003ff4      0x1d4 ..\obj\u8g_pb8h1.o
                0x08003ff4                u8g_pb8h1_Init
                0x08003ffc                u8g_pb8h1_set_pixel
                0x08004034                u8g_pb8h1_SetPixel
                0x0800405c                u8g_pb8h1_Set8PixelStd
                0x080040a8                u8g_pb8h1_Set8PixelOpt2
                0x0800410c                u8g_dev_pb8h1_base_fn
 .text          0x080041c8       0x30 ..\obj\main.o
                0x080041c8                USART1_IRQHandler
 .text.startup  0x080041f8      0x144 ..\obj\main.o
                0x080041f8                main
 .text          0x0800433c      0x858 ..\obj\SpaController.o
                0x0800433c                SpaController::SpaController()
                0x0800433c                SpaController::SpaController()
                0x0800438c                SpaController::SwitchHeater(bool)
                0x080043e0                SpaController::CheckTemp(float)
                0x0800445c                SpaController::IsWater()
                0x08004474                SpaController::WriteFloatToDisplay(float, char)
                0x080044c4                SpaController::Init()
                0x080045f4                SpaController::IncrementTemp()
                0x08004624                SpaController::DecrementTemp()
                0x08004654                SpaController::ToggleJets()
                0x08004690                SpaController::ToggleGas()
                0x080046cc                SpaController::ToggleHeat()
                0x080046fc                SpaController::ToggleCirc()
                0x08004738                SpaController::ToggleLED1()
                0x08004764                SpaController::ToggleLED2()
                0x08004790                SpaController::SwitchOff()
                0x080047c4                SpaController::Monitor()
                0x080049bc                SpaController::TogglePower()
                0x08004a7c                SpaController::KeypadKeysPressed(unsigned short, bool)
 .text          0x08004b94      0x40c ..\obj\stm32f10x_usart.o
                0x08004b94                USART_DeInit
                0x08004c44                USART_Init
                0x08004d00                USART_StructInit
                0x08004d18                USART_ClockInit
                0x08004d3c                USART_ClockStructInit
                0x08004d48                USART_Cmd
                0x08004d64                USART_ITConfig
                0x08004d9c                USART_DMACmd
                0x08004db0                USART_SetAddress
                0x08004dc8                USART_WakeUpConfig
                0x08004de0                USART_ReceiverWakeUpCmd
                0x08004dfc                USART_LINBreakDetectLengthConfig
                0x08004e14                USART_LINCmd
                0x08004e30                USART_SendData
                0x08004e38                USART_ReceiveData
                0x08004e40                USART_SendBreak
                0x08004e4c                USART_SetGuardTime
                0x08004e60                USART_SetPrescaler
                0x08004e74                USART_SmartCardCmd
                0x08004e90                USART_SmartCardNACKCmd
                0x08004eac                USART_HalfDuplexCmd
                0x08004ec8                USART_OverSampling8Cmd
                0x08004ee4                USART_OneBitMethodCmd
                0x08004f00                USART_IrDAConfig
                0x08004f18                USART_IrDACmd
                0x08004f34                USART_GetFlagStatus
                0x08004f40                USART_ClearFlag
                0x08004f48                USART_GetITStatus
                0x08004f90                USART_ClearITPendingBit
 .text          0x08004fa0      0xce0 ..\obj\u8g_font.o
                0x08004fb0                u8g_font_calc_vref_font
                0x08004fb4                u8g_font_calc_vref_bottom
                0x08004fbc                u8g_font_calc_vref_top
                0x08004fc8                u8g_font_calc_vref_center
                0x08004fe0                u8g_font_get_charP
                0x08004ffc                u8g_font_get_char
                0x08005000                u8g_font_GetCapitalAHeight
                0x08005004                u8g_font_GetEncoding65Pos
                0x08005008                u8g_font_GetEncoding97Pos
                0x0800500c                u8g_font_GetFontStartEncoding
                0x08005010                u8g_font_GetFontEndEncoding
                0x08005014                u8g_font_GetLowerGDescent
                0x0800501c                u8g_font_GetFontAscent
                0x08005024                u8g_font_GetFontDescent
                0x0800502c                u8g_font_GetFontXAscent
                0x08005034                u8g_font_GetFontXDescent
                0x0800503c                u8g_font_GetSize
                0x08005098                u8g_GetFontBBXWidth
                0x080050a0                u8g_GetFontBBXHeight
                0x080050a8                u8g_GetFontBBXOffX
                0x080050b0                u8g_GetFontBBXOffY
                0x080050b8                u8g_GetFontCapitalAHeight
                0x080050c0                u8g_GetGlyph
                0x08005240                u8g_IsGlyph
                0x08005250                u8g_GetGlyphDeltaX
                0x08005260                u8g_draw_glyph
                0x08005314                u8g_DrawGlyph
                0x08005338                u8g_draw_glyph90
                0x080053f4                u8g_DrawGlyph90
                0x08005418                u8g_draw_glyph180
                0x080054e0                u8g_DrawGlyph180
                0x08005504                u8g_draw_glyph270
                0x080055c0                u8g_DrawGlyph270
                0x080055e4                u8g_DrawStr
                0x08005624                u8g_DrawStr90
                0x08005664                u8g_DrawStr180
                0x080056a4                u8g_DrawStr270
                0x080056e4                u8g_DrawStrDir
                0x08005720                u8g_DrawStrP
                0x08005760                u8g_DrawStr90P
                0x080057b4                u8g_DrawStr180P
                0x08005808                u8g_DrawStr270P
                0x0800585c                u8g_DrawStrFontBBX
                0x08005880                u8g_DrawGlyphFontBBX
                0x080058a4                u8g_UpdateRefHeight
                0x08005904                u8g_SetFontRefHeightText
                0x08005910                u8g_SetFontRefHeightExtendedText
                0x0800591c                u8g_SetFontRefHeightAll
                0x08005928                u8g_SetFontLineSpacingFactor
                0x08005930                u8g_SetFontPosBaseline
                0x0800593c                u8g_SetFontPosBottom
                0x08005948                u8g_SetFontPosTop
                0x08005954                u8g_SetFontPosCenter
                0x08005960                u8g_font_calc_str_pixel_width
                0x080059b8                u8g_GetStrPixelWidth
                0x080059c4                u8g_GetStrPixelWidthP
                0x080059d0                u8g_GetStrX
                0x080059e0                u8g_GetStrXP
                0x080059f0                u8g_GetStrWidth
                0x08005a18                u8g_GetStrWidthP
                0x08005a40                u8g_font_box_min
                0x08005a5c                u8g_font_box_left_gA
                0x08005a60                u8g_font_box_all_gA
                0x08005a64                u8g_GetStrMinBox
                0x08005ac4                u8g_GetStrAMinBox
                0x08005b38                u8g_SetFont
                0x08005b54                u8g_draw_aa_glyph
                0x08005c08                u8g_DrawAAGlyph
                0x08005c2c                u8g_DrawAAStr
 .text          0x08005c80       0x58 ..\obj\u8g_clip.o
                0x08005c80                u8g_IsBBXIntersection
 .text          0x08005cd8       0xd8 ..\obj\LEDS.o
                0x08005cd8                LEDS::Init()
                0x08005d4c                LEDS::SwitchLed(LEDS::Leds, bool)
 .text          0x08005db0      0x538 ..\obj\OVC3860.o
                0x08005db0                OVC3860::Init(unsigned long, GPIO_TypeDef*, unsigned short)
                0x08005e00                OVC3860::Reset()
                0x08005e20                OVC3860::SetPower(bool)
                0x08005e58                OVC3860::PlayPause()
                0x08005e78                OVC3860::Stop()
                0x08005e98                OVC3860::PlayPrevious()
                0x08005eb8                OVC3860::PlayNext()
                0x08005ed8                OVC3860::VolumeUp()
                0x08005ef8                OVC3860::VolumeDown()
                0x08005f18                OVC3860::SetVolume(unsigned char)
                0x08005f60                OVC3860::ReceiveByte(char*, unsigned long)
                0x08005f98                OVC3860::ReceiveAndCompare(unsigned char const*, int, unsigned long, bool)
                0x08006034                OVC3860::EnterConfigMode()
                0x080060e4                OVC3860::ExitConfigMode()
                0x0800614c                OVC3860::SetBluetoothName()
                0x08006208                OVC3860::CompareBluetoothName()
                0x080062b0                OVC3860::CheckBluetoothName()
 .text          0x080062e8      0x2b0 ..\obj\RDSParser.o
                0x080062e8                RDSParser::RDSParser()
                0x080062e8                RDSParser::RDSParser()
                0x08006300                RDSParser::init()
                0x08006348                RDSParser::registerForCallback(RDSParserInterrupt&)
                0x0800636c                RDSParser::processData(unsigned short, unsigned short, unsigned short, unsigned short)
 .text          0x08006598       0xc4 ..\obj\misc.o
                0x08006598                NVIC_PriorityGroupConfig
                0x080065ac                NVIC_Init
                0x08006618                NVIC_SetVectorTable
                0x0800662c                NVIC_SystemLPConfig
                0x08006644                SysTick_CLKSourceConfig
 .text          0x0800665c      0x40c ..\obj\stm32f10x_i2c.o
                0x0800665c                I2C_DeInit
                0x08006698                I2C_Init
                0x0800677c                I2C_StructInit
                0x0800679c                I2C_Cmd
                0x080067b8                I2C_DMACmd
                0x080067d4                I2C_DMALastTransferCmd
                0x080067f0                I2C_GenerateSTART
                0x0800680c                I2C_GenerateSTOP
                0x08006828                I2C_AcknowledgeConfig
                0x08006844                I2C_OwnAddress2Config
                0x08006858                I2C_DualAddressCmd
                0x08006874                I2C_GeneralCallCmd
                0x08006890                I2C_ITConfig
                0x080068a4                I2C_SendData
                0x080068a8                I2C_ReceiveData
                0x080068b0                I2C_Send7bitAddress
                0x080068c8                I2C_ReadRegister
                0x080068e0                I2C_SoftwareResetCmd
                0x080068fc                I2C_SMBusAlertConfig
                0x0800691c                I2C_TransmitPEC
                0x08006938                I2C_PECPositionConfig
                0x08006958                I2C_NACKPositionConfig
                0x0800695c                I2C_CalculatePEC
                0x08006978                I2C_GetPEC
                0x08006980                I2C_ARPCmd
                0x0800699c                I2C_StretchClockCmd
                0x080069b8                I2C_FastModeDutyCycleConfig
                0x080069d8                I2C_CheckEvent
                0x080069f4                I2C_GetLastEvent
                0x08006a04                I2C_GetFlagStatus
                0x08006a3c                I2C_ClearFlag
                0x08006a44                I2C_GetITStatus
                0x08006a60                I2C_ClearITPendingBit
 .text          0x08006a68      0x15c ..\obj\system_stm32f10x.o
                0x08006a68                SystemInit
                0x08006b6c                SystemCoreClockUpdate
 .text          0x08006bc4      0x2d8 ..\obj\u8g_circle.o
                0x08006d34                u8g_draw_circle
                0x08006da0                u8g_DrawCircle
                0x08006de8                u8g_draw_disc
                0x08006e54                u8g_DrawDisc
 .text._ZN10__cxxabiv120__si_class_type_infoD2Ev
                0x08006e9c       0x14 ..\..\..\..\..\..\..\..\Program Files (x86)\GNU Tools ARM Embedded\5.3 2016q1\arm-none-eabi\lib\armv7-m\libstdc++_nano.a(si_class_type_info.o)
                0x08006e9c                __cxxabiv1::__si_class_type_info::~__si_class_type_info()
                0x08006e9c                __cxxabiv1::__si_class_type_info::~__si_class_type_info()
 .text._ZN10__cxxabiv120__si_class_type_infoD0Ev
                0x08006eb0       0x12 ..\..\..\..\..\..\..\..\Program Files (x86)\GNU Tools ARM Embedded\5.3 2016q1\arm-none-eabi\lib\armv7-m\libstdc++_nano.a(si_class_type_info.o)
                0x08006eb0                __cxxabiv1::__si_class_type_info::~__si_class_type_info()
 .text._ZNK10__cxxabiv120__si_class_type_info12__do_dyncastEiNS_17__class_type_info10__sub_kindEPKS1_PKvS4_S6_RNS1_16__dyncast_resultE
                0x08006ec2       0x7c ..\..\..\..\..\..\..\..\Program Files (x86)\GNU Tools ARM Embedded\5.3 2016q1\arm-none-eabi\lib\armv7-m\libstdc++_nano.a(si_class_type_info.o)
                0x08006ec2                __cxxabiv1::__si_class_type_info::__do_dyncast(int, __cxxabiv1::__class_type_info::__sub_kind, __cxxabiv1::__class_type_info const*, void const*, __cxxabiv1::__class_type_info const*, void const*, __cxxabiv1::__class_type_info::__dyncast_result&) const
 .text._ZNK10__cxxabiv120__si_class_type_info20__do_find_public_srcEiPKvPKNS_17__class_type_infoES2_
                0x08006f3e       0x38 ..\..\..\..\..\..\..\..\Program Files (x86)\GNU Tools ARM Embedded\5.3 2016q1\arm-none-eabi\lib\armv7-m\libstdc++_nano.a(si_class_type_info.o)
                0x08006f3e                __cxxabiv1::__si_class_type_info::__do_find_public_src(int, void const*, __cxxabiv1::__class_type_info const*, void const*) const
 .text._ZNK10__cxxabiv120__si_class_type_info11__do_upcastEPKNS_17__class_type_infoEPKvRNS1_15__upcast_resultE
                0x08006f76       0x2a ..\..\..\..\..\..\..\..\Program Files (x86)\GNU Tools ARM Embedded\5.3 2016q1\arm-none-eabi\lib\armv7-m\libstdc++_nano.a(si_class_type_info.o)
                0x08006f76                __cxxabiv1::__si_class_type_info::__do_upcast(__cxxabiv1::__class_type_info const*, void const*, __cxxabiv1::__class_type_info::__upcast_result&) const
 .text._ZN10__cxxabiv121__vmi_class_type_infoD2Ev
                0x08006fa0       0x14 ..\..\..\..\..\..\..\..\Program Files (x86)\GNU Tools ARM Embedded\5.3 2016q1\arm-none-eabi\lib\armv7-m\libstdc++_nano.a(vmi_class_type_info.o)
                0x08006fa0                __cxxabiv1::__vmi_class_type_info::~__vmi_class_type_info()
                0x08006fa0                __cxxabiv1::__vmi_class_type_info::~__vmi_class_type_info()
 .text._ZN10__cxxabiv121__vmi_class_type_infoD0Ev
                0x08006fb4       0x12 ..\..\..\..\..\..\..\..\Program Files (x86)\GNU Tools ARM Embedded\5.3 2016q1\arm-none-eabi\lib\armv7-m\libstdc++_nano.a(vmi_class_type_info.o)
                0x08006fb4                __cxxabiv1::__vmi_class_type_info::~__vmi_class_type_info()
 .text._ZNK10__cxxabiv121__vmi_class_type_info20__do_find_public_srcEiPKvPKNS_17__class_type_infoES2_
                0x08006fc6       0x74 ..\..\..\..\..\..\..\..\Program Files (x86)\GNU Tools ARM Embedded\5.3 2016q1\arm-none-eabi\lib\armv7-m\libstdc++_nano.a(vmi_class_type_info.o)
                0x08006fc6                __cxxabiv1::__vmi_class_type_info::__do_find_public_src(int, void const*, __cxxabiv1::__class_type_info const*, void const*) const
 .text._ZNK10__cxxabiv117__class_type_info17__find_public_srcEiPKvPKS0_S2_
                0x0800703a       0x2a ..\..\..\..\..\..\..\..\Program Files (x86)\GNU Tools ARM Embedded\5.3 2016q1\arm-none-eabi\lib\armv7-m\libstdc++_nano.a(vmi_class_type_info.o)
                0x0800703a                __cxxabiv1::__class_type_info::__find_public_src(int, void const*, __cxxabiv1::__class_type_info const*, void const*) const
 .text._ZNK10__cxxabiv121__vmi_class_type_info12__do_dyncastEiNS_17__class_type_info10__sub_kindEPKS1_PKvS4_S6_RNS1_16__dyncast_resultE
                0x08007064      0x28e ..\..\..\..\..\..\..\..\Program Files (x86)\GNU Tools ARM Embedded\5.3 2016q1\arm-none-eabi\lib\armv7-m\libstdc++_nano.a(vmi_class_type_info.o)
                0x08007064                __cxxabiv1::__vmi_class_type_info::__do_dyncast(int, __cxxabiv1::__class_type_info::__sub_kind, __cxxabiv1::__class_type_info const*, void const*, __cxxabiv1::__class_type_info const*, void const*, __cxxabiv1::__class_type_info::__dyncast_result&) const
 .text._ZNK10__cxxabiv121__vmi_class_type_info11__do_upcastEPKNS_17__class_type_infoEPKvRNS1_15__upcast_resultE
                0x080072f2      0x12c ..\..\..\..\..\..\..\..\Program Files (x86)\GNU Tools ARM Embedded\5.3 2016q1\arm-none-eabi\lib\armv7-m\libstdc++_nano.a(vmi_class_type_info.o)
                0x080072f2                __cxxabiv1::__vmi_class_type_info::__do_upcast(__cxxabiv1::__class_type_info const*, void const*, __cxxabiv1::__class_type_info::__upcast_result&) const
 .text._ZNSt9type_infoD2Ev
                0x0800741e        0x2 ..\..\..\..\..\..\..\..\Program Files (x86)\GNU Tools ARM Embedded\5.3 2016q1\arm-none-eabi\lib\armv7-m\libstdc++_nano.a(tinfo.o)
                0x0800741e                std::type_info::~type_info()
                0x0800741e                std::type_info::~type_info()
 .text._ZNKSt9type_info15__is_function_pEv
                0x08007420        0x4 ..\..\..\..\..\..\..\..\Program Files (x86)\GNU Tools ARM Embedded\5.3 2016q1\arm-none-eabi\lib\armv7-m\libstdc++_nano.a(tinfo.o)
                0x08007420                std::type_info::__is_pointer_p() const
                0x08007420                std::type_info::__is_function_p() const
 .text._ZNKSt9type_infoeqERKS_
                0x08007424       0x2c ..\..\..\..\..\..\..\..\Program Files (x86)\GNU Tools ARM Embedded\5.3 2016q1\arm-none-eabi\lib\armv7-m\libstdc++_nano.a(tinfo.o)
                0x08007424                std::type_info::operator==(std::type_info const&) const
 .text._ZNK10__cxxabiv117__class_type_info11__do_upcastEPKS0_PPv
                0x08007450       0x34 ..\..\..\..\..\..\..\..\Program Files (x86)\GNU Tools ARM Embedded\5.3 2016q1\arm-none-eabi\lib\armv7-m\libstdc++_nano.a(class_type_info.o)
                0x08007450                __cxxabiv1::__class_type_info::__do_upcast(__cxxabiv1::__class_type_info const*, void**) const
 .text._ZNK10__cxxabiv117__class_type_info20__do_find_public_srcEiPKvPKS0_S2_
                0x08007484        0xc ..\..\..\..\..\..\..\..\Program Files (x86)\GNU Tools ARM Embedded\5.3 2016q1\arm-none-eabi\lib\armv7-m\libstdc++_nano.a(class_type_info.o)
                0x08007484                __cxxabiv1::__class_type_info::__do_find_public_src(int, void const*, __cxxabiv1::__class_type_info const*, void const*) const
 .text._ZN10__cxxabiv117__class_type_infoD2Ev
                0x08007490       0x14 ..\..\..\..\..\..\..\..\Program Files (x86)\GNU Tools ARM Embedded\5.3 2016q1\arm-none-eabi\lib\armv7-m\libstdc++_nano.a(class_type_info.o)
                0x08007490                __cxxabiv1::__class_type_info::~__class_type_info()
                0x08007490                __cxxabiv1::__class_type_info::~__class_type_info()
 .text._ZN10__cxxabiv117__class_type_infoD0Ev
                0x080074a4       0x12 ..\..\..\..\..\..\..\..\Program Files (x86)\GNU Tools ARM Embedded\5.3 2016q1\arm-none-eabi\lib\armv7-m\libstdc++_nano.a(class_type_info.o)
                0x080074a4                __cxxabiv1::__class_type_info::~__class_type_info()
 .text._ZNK10__cxxabiv117__class_type_info11__do_upcastEPKS0_PKvRNS0_15__upcast_resultE
                0x080074b6       0x18 ..\..\..\..\..\..\..\..\Program Files (x86)\GNU Tools ARM Embedded\5.3 2016q1\arm-none-eabi\lib\armv7-m\libstdc++_nano.a(class_type_info.o)
                0x080074b6                __cxxabiv1::__class_type_info::__do_upcast(__cxxabiv1::__class_type_info const*, void const*, __cxxabiv1::__class_type_info::__upcast_result&) const
 .text._ZNK10__cxxabiv117__class_type_info12__do_dyncastEiNS0_10__sub_kindEPKS0_PKvS3_S5_RNS0_16__dyncast_resultE
                0x080074ce       0x38 ..\..\..\..\..\..\..\..\Program Files (x86)\GNU Tools ARM Embedded\5.3 2016q1\arm-none-eabi\lib\armv7-m\libstdc++_nano.a(class_type_info.o)
                0x080074ce                __cxxabiv1::__class_type_info::__do_dyncast(int, __cxxabiv1::__class_type_info::__sub_kind, __cxxabiv1::__class_type_info const*, void const*, __cxxabiv1::__class_type_info const*, void const*, __cxxabiv1::__class_type_info::__dyncast_result&) const
 .text._ZNK10__cxxabiv117__class_type_info10__do_catchEPKSt9type_infoPPvj
                0x08007506       0x2a ..\..\..\..\..\..\..\..\Program Files (x86)\GNU Tools ARM Embedded\5.3 2016q1\arm-none-eabi\lib\armv7-m\libstdc++_nano.a(class_type_info.o)
                0x08007506                __cxxabiv1::__class_type_info::__do_catch(std::type_info const*, void**, unsigned int) const
 .text.__cxa_guard_acquire
                0x08007530       0x18 ..\..\..\..\..\..\..\..\Program Files (x86)\GNU Tools ARM Embedded\5.3 2016q1\arm-none-eabi\lib\armv7-m\libstdc++_nano.a(guard.o)
                0x08007530                __cxa_guard_acquire
 .text.__cxa_guard_release
                0x08007548        0x6 ..\..\..\..\..\..\..\..\Program Files (x86)\GNU Tools ARM Embedded\5.3 2016q1\arm-none-eabi\lib\armv7-m\libstdc++_nano.a(guard.o)
                0x08007548                __cxa_guard_release
 .text._ZdlPv   0x0800754e        0x4 ..\..\..\..\..\..\..\..\Program Files (x86)\GNU Tools ARM Embedded\5.3 2016q1\arm-none-eabi\lib\armv7-m\libstdc++_nano.a(del_op.o)
                0x0800754e                operator delete(void*)
 *fill*         0x08007552        0x2 
 .text          0x08007554      0x370 c:/program files (x86)/gnu tools arm embedded/5.3 2016q1/bin/../lib/gcc/arm-none-eabi/5.3.1/armv7-m\libgcc.a(_arm_addsubdf3.o)
                0x08007554                __aeabi_drsub
                0x0800755c                __aeabi_dsub
                0x0800755c                __subdf3
                0x08007560                __aeabi_dadd
                0x08007560                __adddf3
                0x080077d8                __floatunsidf
                0x080077d8                __aeabi_ui2d
                0x080077f8                __floatsidf
                0x080077f8                __aeabi_i2d
                0x0800781c                __aeabi_f2d
                0x0800781c                __extendsfdf2
                0x08007858                __floatundidf
                0x08007858                __aeabi_ul2d
                0x08007868                __floatdidf
                0x08007868                __aeabi_l2d
 .text          0x080078c4      0x424 c:/program files (x86)/gnu tools arm embedded/5.3 2016q1/bin/../lib/gcc/arm-none-eabi/5.3.1/armv7-m\libgcc.a(_arm_muldivdf3.o)
                0x080078c4                __aeabi_dmul
                0x080078c4                __muldf3
                0x08007b18                __divdf3
                0x08007b18                __aeabi_ddiv
 .text          0x08007ce8       0x50 c:/program files (x86)/gnu tools arm embedded/5.3 2016q1/bin/../lib/gcc/arm-none-eabi/5.3.1/armv7-m\libgcc.a(_arm_fixdfsi.o)
                0x08007ce8                __aeabi_d2iz
                0x08007ce8                __fixdfsi
 .text          0x08007d38       0xa0 c:/program files (x86)/gnu tools arm embedded/5.3 2016q1/bin/../lib/gcc/arm-none-eabi/5.3.1/armv7-m\libgcc.a(_arm_truncdfsf2.o)
                0x08007d38                __truncdfsf2
                0x08007d38                __aeabi_d2f
 .text          0x08007dd8      0x21c c:/program files (x86)/gnu tools arm embedded/5.3 2016q1/bin/../lib/gcc/arm-none-eabi/5.3.1/armv7-m\libgcc.a(_arm_addsubsf3.o)
                0x08007dd8                __aeabi_frsub
                0x08007de0                __subsf3
                0x08007de0                __aeabi_fsub
                0x08007de4                __aeabi_fadd
                0x08007de4                __addsf3
                0x08007f44                __aeabi_ui2f
                0x08007f44                __floatunsisf
                0x08007f4c                __aeabi_i2f
                0x08007f4c                __floatsisf
                0x08007f68                __aeabi_ul2f
                0x08007f68                __floatundisf
                0x08007f78                __aeabi_l2f
                0x08007f78                __floatdisf
 .text          0x08007ff4      0x2a0 c:/program files (x86)/gnu tools arm embedded/5.3 2016q1/bin/../lib/gcc/arm-none-eabi/5.3.1/armv7-m\libgcc.a(_arm_muldivsf3.o)
                0x08007ff4                __mulsf3
                0x08007ff4                __aeabi_fmul
                0x0800815c                __aeabi_fdiv
                0x0800815c                __divsf3
 .text          0x08008294       0xec c:/program files (x86)/gnu tools arm embedded/5.3 2016q1/bin/../lib/gcc/arm-none-eabi/5.3.1/armv7-m\libgcc.a(_arm_cmpsf2.o)
                0x08008294                __gesf2
                0x08008294                __gtsf2
                0x0800829c                __lesf2
                0x0800829c                __ltsf2
                0x080082a4                __nesf2
                0x080082a4                __eqsf2
                0x080082a4                __cmpsf2
                0x08008304                __aeabi_cfrcmple
                0x0800830c                __aeabi_cfcmpeq
                0x0800830c                __aeabi_cfcmple
                0x0800831c                __aeabi_fcmpeq
                0x08008330                __aeabi_fcmplt
                0x08008344                __aeabi_fcmple
                0x08008358                __aeabi_fcmpge
                0x0800836c                __aeabi_fcmpgt
 .text          0x08008380       0x4c c:/program files (x86)/gnu tools arm embedded/5.3 2016q1/bin/../lib/gcc/arm-none-eabi/5.3.1/armv7-m\libgcc.a(_arm_fixsfsi.o)
                0x08008380                __aeabi_f2iz
                0x08008380                __fixsfsi
 .text          0x080083cc       0x40 c:/program files (x86)/gnu tools arm embedded/5.3 2016q1/bin/../lib/gcc/arm-none-eabi/5.3.1/armv7-m\libgcc.a(_arm_fixunssfsi.o)
                0x080083cc                __fixunssfsi
                0x080083cc                __aeabi_f2uiz
 .text          0x0800840c      0x9e4 c:/program files (x86)/gnu tools arm embedded/5.3 2016q1/bin/../lib/gcc/arm-none-eabi/5.3.1/armv7-m\libgcc.a(unwind-arm.o)
                0x080086cc                _Unwind_GetCFA
                0x080086d0                __gnu_Unwind_RaiseException
                0x08008730                __gnu_Unwind_ForcedUnwind
                0x08008744                __gnu_Unwind_Resume
                0x08008788                __gnu_Unwind_Resume_or_Rethrow
                0x0800879c                _Unwind_Complete
                0x080087a0                _Unwind_DeleteException
                0x080087ac                _Unwind_VRS_Get
                0x080087f8                _Unwind_VRS_Set
                0x08008848                __gnu_Unwind_Backtrace
                0x08008b94                __aeabi_unwind_cpp_pr0
                0x08008b98                __aeabi_unwind_cpp_pr1
                0x08008b9c                __aeabi_unwind_cpp_pr2
                0x08008ba0                _Unwind_VRS_Pop
 .text          0x08008df0      0x1ac c:/program files (x86)/gnu tools arm embedded/5.3 2016q1/bin/../lib/gcc/arm-none-eabi/5.3.1/armv7-m\libgcc.a(libunwind.o)
                0x08008df0                __restore_core_regs
                0x08008df0                restore_core_regs
                0x08008e08                __gnu_Unwind_Restore_VFP
                0x08008e10                __gnu_Unwind_Save_VFP
                0x08008e18                __gnu_Unwind_Restore_VFP_D
                0x08008e20                __gnu_Unwind_Save_VFP_D
                0x08008e28                __gnu_Unwind_Restore_VFP_D_16_to_31
                0x08008e30                __gnu_Unwind_Save_VFP_D_16_to_31
                0x08008e38                __gnu_Unwind_Restore_WMMXD
                0x08008e7c                __gnu_Unwind_Save_WMMXD
                0x08008ec0                __gnu_Unwind_Restore_WMMXC
                0x08008ed4                __gnu_Unwind_Save_WMMXC
                0x08008ee8                ___Unwind_RaiseException
                0x08008ee8                _Unwind_RaiseException
                0x08008f0c                _Unwind_Resume
                0x08008f0c                ___Unwind_Resume
                0x08008f30                _Unwind_Resume_or_Rethrow
                0x08008f30                ___Unwind_Resume_or_Rethrow
                0x08008f54                _Unwind_ForcedUnwind
                0x08008f54                ___Unwind_ForcedUnwind
                0x08008f78                ___Unwind_Backtrace
                0x08008f78                _Unwind_Backtrace
 .text          0x08008f9c      0x354 c:/program files (x86)/gnu tools arm embedded/5.3 2016q1/bin/../lib/gcc/arm-none-eabi/5.3.1/armv7-m\libgcc.a(pr-support.o)
                0x08008ff4                __gnu_unwind_execute
                0x08009298                __gnu_unwind_frame
                0x080092c0                _Unwind_GetRegionStart
                0x080092cc                _Unwind_GetLanguageSpecificData
                0x080092e0                _Unwind_GetTextRelBase
                0x080092e8                _Unwind_GetDataRelBase
 .text.free     0x080092f0       0x10 ..\..\..\..\..\..\..\..\Program Files (x86)\GNU Tools ARM Embedded\5.3 2016q1\arm-none-eabi\lib\armv7-m\libg.a(lib_a-malloc.o)
                0x080092f0                free
 .text.memcmp   0x08009300       0x64 ..\..\..\..\..\..\..\..\Program Files (x86)\GNU Tools ARM Embedded\5.3 2016q1\arm-none-eabi\lib\armv7-m\libg.a(lib_a-memcmp.o)
                0x08009300                memcmp
 .text          0x08009364       0xec ..\..\..\..\..\..\..\..\Program Files (x86)\GNU Tools ARM Embedded\5.3 2016q1\arm-none-eabi\lib\armv7-m\libg.a(lib_a-memcpy.o)
                0x08009364                memcpy
 .text.memset   0x08009450       0x9c ..\..\..\..\..\..\..\..\Program Files (x86)\GNU Tools ARM Embedded\5.3 2016q1\arm-none-eabi\lib\armv7-m\libg.a(lib_a-memset.o)
                0x08009450                memset
 .text.__malloc_lock
                0x080094ec        0x4 ..\..\..\..\..\..\..\..\Program Files (x86)\GNU Tools ARM Embedded\5.3 2016q1\arm-none-eabi\lib\armv7-m\libg.a(lib_a-mlock.o)
                0x080094ec                __malloc_lock
 .text.__malloc_unlock
                0x080094f0        0x4 ..\..\..\..\..\..\..\..\Program Files (x86)\GNU Tools ARM Embedded\5.3 2016q1\arm-none-eabi\lib\armv7-m\libg.a(lib_a-mlock.o)
                0x080094f0                __malloc_unlock
 .text._sbrk_r  0x080094f4       0x24 ..\..\..\..\..\..\..\..\Program Files (x86)\GNU Tools ARM Embedded\5.3 2016q1\arm-none-eabi\lib\armv7-m\libg.a(lib_a-sbrkr.o)
                0x080094f4                _sbrk_r
 .text          0x08009518      0x1bc ..\..\..\..\..\..\..\..\Program Files (x86)\GNU Tools ARM Embedded\5.3 2016q1\arm-none-eabi\lib\armv7-m\libg.a(lib_a-strcmp.o)
                0x08009518                strcmp
 .text.strcpy   0x080096d4       0xbc ..\..\..\..\..\..\..\..\Program Files (x86)\GNU Tools ARM Embedded\5.3 2016q1\arm-none-eabi\lib\armv7-m\libg.a(lib_a-strcpy.o)
                0x080096d4                strcpy
 .text.strlen   0x08009790       0x5c ..\..\..\..\..\..\..\..\Program Files (x86)\GNU Tools ARM Embedded\5.3 2016q1\arm-none-eabi\lib\armv7-m\libg.a(lib_a-strlen-stub.o)
                0x08009790                strlen
 .text._malloc_trim_r
                0x080097ec       0x9c ..\..\..\..\..\..\..\..\Program Files (x86)\GNU Tools ARM Embedded\5.3 2016q1\arm-none-eabi\lib\armv7-m\libg.a(lib_a-freer.o)
                0x080097ec                _malloc_trim_r
 .text._free_r  0x08009888      0x1d0 ..\..\..\..\..\..\..\..\Program Files (x86)\GNU Tools ARM Embedded\5.3 2016q1\arm-none-eabi\lib\armv7-m\libg.a(lib_a-freer.o)
                0x08009888                _free_r
 *(.init)
 *(.fini)
 *crtbegin.o(.ctors)
 *crtbegin?.o(.ctors)
 *(EXCLUDE_FILE(*crtend.o *crtend?.o) .ctors)
 *(SORT(.ctors.*))
 *(.ctors)
 *crtbegin.o(.dtors)
 *crtbegin?.o(.dtors)
 *(EXCLUDE_FILE(*crtend.o *crtend?.o) .dtors)
 *(SORT(.dtors.*))
 *(.dtors)
 *(.rodata*)
 .rodata.str1.4
                0x08009a58       0x24 ..\obj\printf.o
 .rodata        0x08009a7c       0x17 ..\obj\u8g_dev_st7920_128x64.o
 *fill*         0x08009a93        0x1 
 .rodata        0x08009a94       0x7c ..\obj\radio.o
                0x08009a94                vtable for RADIO
                0x08009b00                typeinfo name for RADIO
                0x08009b08                typeinfo for RADIO
 .rodata.str1.4
                0x08009b10        0x5 ..\obj\radio.o
 *fill*         0x08009b15        0x3 
 .rodata.str1.4
                0x08009b18       0x24 ..\obj\Display.o
 .rodata.str1.4
                0x08009b3c       0x11 ..\obj\Keypad.o
 *fill*         0x08009b4d        0x3 
 .rodata        0x08009b50       0xb0 ..\obj\mcp23017.o
                0x08009b50                mcp23017::IOCON_AB
                0x08009b60                mcp23017::IODIR_AB
                0x08009b70                mcp23017::GPPU_AB
                0x08009b80                mcp23017::GPINTEN_AB
                0x08009b90                mcp23017::DEFVAL_AB
                0x08009ba0                mcp23017::INTCON_AB
                0x08009bb0                mcp23017::OLAT_AB
                0x08009bc0                mcp23017::GPIO_AB
                0x08009bd0                mcp23017::INTCAP_AB
                0x08009be0                mcp23017::INTF_AB
                0x08009bf0                mcp23017::IPOL_AB
 .rodata        0x08009c00       0x80 ..\obj\SI4703.o
                0x08009c00                vtable for SI4703
                0x08009c6c                typeinfo name for SI4703
                0x08009c74                typeinfo for SI4703
 .rodata.str1.4
                0x08009c80       0xa9 ..\obj\RelayBoard.o
 *fill*         0x08009d29        0x3 
 .rodata        0x08009d2c     0x2e79 ..\obj\u8g_fonts.o
                0x08009d2c                u8g_font_unifont_0_8
                0x0800adbc                u8g_font_7x13
                0x0800b62c                u8g_font_6x12
                0x0800bdbc                u8g_font_6x10
                0x0800c508                u8g_font_5x8
 *fill*         0x0800cba5        0x3 
 .rodata._ZTS15KeypadInterrupt
                0x0800cba8       0x12 ..\obj\EntController.o
                0x0800cba8                typeinfo name for KeypadInterrupt
 *fill*         0x0800cbba        0x2 
 .rodata._ZTI15KeypadInterrupt
                0x0800cbbc        0x8 ..\obj\EntController.o
                0x0800cbbc                typeinfo for KeypadInterrupt
 .rodata._ZTS18RDSParserInterrupt
                0x0800cbc4       0x15 ..\obj\EntController.o
                0x0800cbc4                typeinfo name for RDSParserInterrupt
 *fill*         0x0800cbd9        0x3 
 .rodata._ZTI18RDSParserInterrupt
                0x0800cbdc        0x8 ..\obj\EntController.o
                0x0800cbdc                typeinfo for RDSParserInterrupt
 .rodata        0x0800cbe4       0x5c ..\obj\EntController.o
                0x0800cbe4                vtable for EntController
                0x0800cc10                typeinfo name for EntController
                0x0800cc20                typeinfo for EntController
 .rodata.str1.4
                0x0800cc40       0x56 ..\obj\EntController.o
 *fill*         0x0800cc96        0x2 
 .rodata.str1.4
                0x0800cc98       0x82 ..\obj\main.o
 *fill*         0x0800cd1a        0x2 
 .rodata        0x0800cd1c       0x28 ..\obj\SpaController.o
                0x0800cd1c                vtable for SpaController
                0x0800cd28                typeinfo name for SpaController
                0x0800cd38                typeinfo for SpaController
 .rodata.str1.4
                0x0800cd44       0x91 ..\obj\SpaController.o
 *fill*         0x0800cdd5        0x3 
 .rodata.str1.4
                0x0800cdd8       0x69 ..\obj\LEDS.o
                                 0x99 (size before relaxing)
 *fill*         0x0800ce41        0x3 
 .rodata        0x0800ce44       0x2c ..\obj\OVC3860.o
                0x0800ce44                OVC3860::STARTUP_BYTES
                0x0800ce48                OVC3860::ENTERCONFIG_BYTES
                0x0800ce54                OVC3860::CONFIGMODE_BYTES
                0x0800ce58                OVC3860::EXITCONFIG_BYTES
                0x0800ce5c                OVC3860::EXITCONFIG_RESPONSE_BYTES
                0x0800ce60                OVC3860::SEND_BLUETOOTH_NAME
                0x0800ce64                OVC3860::SEND_RESPONSE_BLUETOOTH_NAME
                0x0800ce68                OVC3860::REQUEST_BLUETOOTH_NAME
                0x0800ce6c                OVC3860::RESPONSE_BLUETOOTH_NAME
 .rodata.str1.4
                0x0800ce70       0xd0 ..\obj\OVC3860.o
 .rodata.str1.4
                0x0800cf40       0x18 ..\obj\RDSParser.o
                                 0x19 (size before relaxing)
 .rodata._ZTVN10__cxxabiv120__si_class_type_infoE
                0x0800cf58       0x2c ..\..\..\..\..\..\..\..\Program Files (x86)\GNU Tools ARM Embedded\5.3 2016q1\arm-none-eabi\lib\armv7-m\libstdc++_nano.a(si_class_type_info.o)
                0x0800cf58                vtable for __cxxabiv1::__si_class_type_info
 .rodata._ZTIN10__cxxabiv120__si_class_type_infoE
                0x0800cf84        0xc ..\..\..\..\..\..\..\..\Program Files (x86)\GNU Tools ARM Embedded\5.3 2016q1\arm-none-eabi\lib\armv7-m\libstdc++_nano.a(si_class_type_info.o)
                0x0800cf84                typeinfo for __cxxabiv1::__si_class_type_info
 .rodata._ZTSN10__cxxabiv120__si_class_type_infoE
                0x0800cf90       0x25 ..\..\..\..\..\..\..\..\Program Files (x86)\GNU Tools ARM Embedded\5.3 2016q1\arm-none-eabi\lib\armv7-m\libstdc++_nano.a(si_class_type_info.o)
                0x0800cf90                typeinfo name for __cxxabiv1::__si_class_type_info
 *fill*         0x0800cfb5        0x3 
 .rodata._ZTIN10__cxxabiv121__vmi_class_type_infoE
                0x0800cfb8        0xc ..\..\..\..\..\..\..\..\Program Files (x86)\GNU Tools ARM Embedded\5.3 2016q1\arm-none-eabi\lib\armv7-m\libstdc++_nano.a(vmi_class_type_info.o)
                0x0800cfb8                typeinfo for __cxxabiv1::__vmi_class_type_info
 .rodata._ZTSN10__cxxabiv121__vmi_class_type_infoE
                0x0800cfc4       0x26 ..\..\..\..\..\..\..\..\Program Files (x86)\GNU Tools ARM Embedded\5.3 2016q1\arm-none-eabi\lib\armv7-m\libstdc++_nano.a(vmi_class_type_info.o)
                0x0800cfc4                typeinfo name for __cxxabiv1::__vmi_class_type_info
 *fill*         0x0800cfea        0x2 
 .rodata._ZTVN10__cxxabiv121__vmi_class_type_infoE
                0x0800cfec       0x2c ..\..\..\..\..\..\..\..\Program Files (x86)\GNU Tools ARM Embedded\5.3 2016q1\arm-none-eabi\lib\armv7-m\libstdc++_nano.a(vmi_class_type_info.o)
                0x0800cfec                vtable for __cxxabiv1::__vmi_class_type_info
 .rodata._ZTISt9type_info
                0x0800d018        0x8 ..\..\..\..\..\..\..\..\Program Files (x86)\GNU Tools ARM Embedded\5.3 2016q1\arm-none-eabi\lib\armv7-m\libstdc++_nano.a(tinfo.o)
                0x0800d018                typeinfo for std::type_info
 .rodata._ZTSSt9type_info
                0x0800d020        0xd ..\..\..\..\..\..\..\..\Program Files (x86)\GNU Tools ARM Embedded\5.3 2016q1\arm-none-eabi\lib\armv7-m\libstdc++_nano.a(tinfo.o)
                0x0800d020                typeinfo name for std::type_info
 *fill*         0x0800d02d        0x3 
 .rodata._ZTVN10__cxxabiv117__class_type_infoE
                0x0800d030       0x2c ..\..\..\..\..\..\..\..\Program Files (x86)\GNU Tools ARM Embedded\5.3 2016q1\arm-none-eabi\lib\armv7-m\libstdc++_nano.a(class_type_info.o)
                0x0800d030                vtable for __cxxabiv1::__class_type_info
 .rodata._ZTIN10__cxxabiv117__class_type_infoE
                0x0800d05c        0xc ..\..\..\..\..\..\..\..\Program Files (x86)\GNU Tools ARM Embedded\5.3 2016q1\arm-none-eabi\lib\armv7-m\libstdc++_nano.a(class_type_info.o)
                0x0800d05c                typeinfo for __cxxabiv1::__class_type_info
 .rodata._ZTSN10__cxxabiv117__class_type_infoE
                0x0800d068       0x22 ..\..\..\..\..\..\..\..\Program Files (x86)\GNU Tools ARM Embedded\5.3 2016q1\arm-none-eabi\lib\armv7-m\libstdc++_nano.a(class_type_info.o)
                0x0800d068                typeinfo name for __cxxabiv1::__class_type_info
 *(.eh_fram e*)

.glue_7         0x0800d08c        0x0
 .glue_7        0x0800d08c        0x0 linker stubs

.glue_7t        0x0800d08c        0x0
 .glue_7t       0x0800d08c        0x0 linker stubs

.vfp11_veneer   0x0800d08c        0x0
 .vfp11_veneer  0x0800d08c        0x0 linker stubs

.v4_bx          0x0800d08c        0x0
 .v4_bx         0x0800d08c        0x0 linker stubs

.iplt           0x0800d08c        0x0
 .iplt          0x0800d08c        0x0 ..\obj\stm32f10x_fsmc.o

.ARM.extab      0x0800d08c       0x84
 *(.ARM.extab* .gnu.linkonce.armextab.*)
 .ARM.extab     0x0800d08c        0xc ..\obj\main.o
 .ARM.extab     0x0800d098        0xc ..\obj\SpaController.o
 .ARM.extab     0x0800d0a4       0x54 ..\obj\OVC3860.o
 .ARM.extab     0x0800d0f8       0x18 c:/program files (x86)/gnu tools arm embedded/5.3 2016q1/bin/../lib/gcc/arm-none-eabi/5.3.1/armv7-m\libgcc.a(pr-support.o)
                0x0800d110                __exidx_start = .

.ARM.exidx      0x0800d110      0x428
 *(.ARM.exidx* .gnu.linkonce.armexidx.*)
 .ARM.exidx     0x0800d110       0x18 ..\obj\radio.o
                                 0xd0 (size before relaxing)
 .ARM.exidx     0x0800d128       0x78 ..\obj\DS18B20.o
                                 0x98 (size before relaxing)
 .ARM.exidx     0x0800d1a0       0x58 ..\obj\Display.o
                                 0xc8 (size before relaxing)
 .ARM.exidx     0x0800d1f8       0x28 ..\obj\Keypad.o
 .ARM.exidx     0x0800d220       0x48 ..\obj\mcp23017.o
                                 0x70 (size before relaxing)
 .ARM.exidx     0x0800d268       0x70 ..\obj\SI4703.o
                                 0x98 (size before relaxing)
 .ARM.exidx     0x0800d2d8       0x20 ..\obj\RelayBoard.o
 .ARM.exidx     0x0800d2f8       0x78 ..\obj\EntController.o
                                 0x98 (size before relaxing)
 .ARM.exidx.text.startup
                0x0800d378        0x8 ..\obj\main.o
 .ARM.exidx     0x0800d370        0x8 ..\obj\main.o
 .ARM.exidx     0x0800d380       0x58 ..\obj\SpaController.o
                                 0x90 (size before relaxing)
 .ARM.exidx     0x0800d3d8       0x10 ..\obj\LEDS.o
 .ARM.exidx     0x0800d3e8       0x88 ..\obj\OVC3860.o
 .ARM.exidx     0x0800d470       0x18 ..\obj\RDSParser.o
                                 0x20 (size before relaxing)
 .ARM.exidx     0x0800d488       0x78 c:/program files (x86)/gnu tools arm embedded/5.3 2016q1/bin/../lib/gcc/arm-none-eabi/5.3.1/armv7-m\libgcc.a(unwind-arm.o)
                                 0xd8 (size before relaxing)
 .ARM.exidx     0x0800d500       0x38 c:/program files (x86)/gnu tools arm embedded/5.3 2016q1/bin/../lib/gcc/arm-none-eabi/5.3.1/armv7-m\libgcc.a(pr-support.o)
                                 0x48 (size before relaxing)
                0x0800d538                __exidx_end = .
                0x0800d538                __etext = .
                0x0800d538                _sidata = __etext

.rel.dyn        0x0800d538        0x0
 .rel.iplt      0x0800d538        0x0 ..\obj\stm32f10x_fsmc.o

.data           0x20000000      0x924 load address 0x0800d538
                0x20000000                __data_start__ = .
                0x20000000                _sdata = __data_start__
 *(vtable)
 *(.data*)
 .data          0x20000000      0x430 ..\obj\printf.o
                0x20000000                outputUart
                0x20000004                _impure_ptr
                0x20000008                r
 .data          0x20000430       0x9c ..\obj\u8g_dev_st7920_128x64.o
                0x20000430                u8g_dev_st7920_128x64_4x_custom
                0x2000043c                u8g_dev_st7920_128x64_4x_8bit
                0x20000448                u8g_dev_st7920_128x64_4x_hw_spi
                0x20000454                u8g_dev_st7920_128x64_4x_sw_spi
                0x20000460                u8g_dev_st7920_128x64_4x_pb
                0x2000046c                u8g_dev_st7920_128x64_custom
                0x20000478                u8g_dev_st7920_128x64_custom_pb
                0x20000484                u8g_dev_st7920_128x64_8bit
                0x20000490                u8g_dev_st7920_128x64_8bit_pb
                0x2000049c                u8g_dev_st7920_128x64_hw_spi
                0x200004a8                u8g_dev_st7920_128x64_hw_spi_pb
                0x200004b4                u8g_dev_st7920_128x64_sw_spi
                0x200004c0                u8g_dev_st7920_128x64_sw_spi_pb
 .data          0x200004cc       0x14 ..\obj\stm32f10x_rcc.o
 .data          0x200004e0       0x20 ..\obj\OVC3860.o
                0x200004e0                OVC3860::AT_RESET
                0x200004e4                OVC3860::AT_PLAYPAUSE
                0x200004e8                OVC3860::AT_STOP
                0x200004ec                OVC3860::AT_PREVIOUS
                0x200004f0                OVC3860::AT_NEXT
                0x200004f4                OVC3860::AT_VOLUP
                0x200004f8                OVC3860::AT_VOLDOWN
                0x200004fc                OVC3860::BLUETOOTH_NAME
 .data          0x20000500       0x14 ..\obj\system_stm32f10x.o
                0x20000500                AHBPrescTable
                0x20000510                SystemCoreClock
 .data.__malloc_av_
                0x20000514      0x408 ..\..\..\..\..\..\..\..\Program Files (x86)\GNU Tools ARM Embedded\5.3 2016q1\arm-none-eabi\lib\armv7-m\libg.a(lib_a-mallocr.o)
                0x20000514                __malloc_av_
 .data.__malloc_trim_threshold
                0x2000091c        0x4 ..\..\..\..\..\..\..\..\Program Files (x86)\GNU Tools ARM Embedded\5.3 2016q1\arm-none-eabi\lib\armv7-m\libg.a(lib_a-mallocr.o)
                0x2000091c                __malloc_trim_threshold
 .data.__malloc_sbrk_base
                0x20000920        0x4 ..\..\..\..\..\..\..\..\Program Files (x86)\GNU Tools ARM Embedded\5.3 2016q1\arm-none-eabi\lib\armv7-m\libg.a(lib_a-mallocr.o)
                0x20000920                __malloc_sbrk_base
                0x20000924                . = ALIGN (0x4)
                [!provide]                PROVIDE (__preinit_array_start, .)
 *(.preinit_array)
                [!provide]                PROVIDE (__preinit_array_end, .)
                0x20000924                . = ALIGN (0x4)
                [!provide]                PROVIDE (__init_array_start, .)
 *(SORT(.init_array.*))
 *(.init_array)
                [!provide]                PROVIDE (__init_array_end, .)
                0x20000924                . = ALIGN (0x4)
                [!provide]                PROVIDE (__fini_array_start, .)
 *(SORT(.fini_array.*))
 *(.fini_array)
                [!provide]                PROVIDE (__fini_array_end, .)
 *(.jcr*)
                0x20000924                . = ALIGN (0x4)
                0x20000924                __data_end__ = .
                0x20000924                _edata = __data_end__

.igot.plt       0x20000924        0x0 load address 0x0800de5c
 .igot.plt      0x20000924        0x0 ..\obj\stm32f10x_fsmc.o

.bss            0x20000924      0x7e0 load address 0x0800de5c
                0x20000924                . = ALIGN (0x4)
                0x20000924                __bss_start__ = .
                0x20000924                _sbss = __bss_start__
 *(.bss*)
 .bss           0x20000924        0x4 ..\obj\syscalls.o
 .bss           0x20000928      0x400 ..\obj\u8g_dev_st7920_128x64.o
                0x20000928                u8g_dev_st7920_128x64_4x_buf
                0x20000b28                u8g_dev_st7920_128x64_custom_buf
                0x20000ba8                u8g_dev_st7920_128x64_8bit_buf
                0x20000c28                u8g_dev_st7920_128x64_hw_spi_buf
                0x20000ca8                u8g_dev_st7920_128x64_sw_spi_buf
 .bss._ZZN7Display11getInstanceEvE8instance
                0x20000d28      0x104 ..\obj\EntController.o
                0x20000d28                Display::getInstance()::instance
 .bss._ZZN10RelayBoard11getInstanceEvE8instance
                0x20000e2c       0x20 ..\obj\EntController.o
                0x20000e2c                RelayBoard::getInstance()::instance
 .bss._ZZN4LEDS11getInstanceEvE8instance
                0x20000e4c       0x20 ..\obj\EntController.o
                0x20000e4c                LEDS::getInstance()::instance
 .bss._ZGVZN6Keypad11getInstanceEvE8instance
                0x20000e6c        0x4 ..\obj\EntController.o
                0x20000e6c                guard variable for Keypad::getInstance()::instance
 .bss._ZZN6Keypad11getInstanceEvE8instance
                0x20000e70       0x60 ..\obj\EntController.o
                0x20000e70                Keypad::getInstance()::instance
 .bss           0x20000ed0        0x4 ..\obj\delay.o
 .bss           0x20000ed4        0x8 ..\obj\u8g_arm_uart.o
                0x20000ed4                control
 .bss           0x20000edc        0x4 ..\obj\usart.o
                0x20000edc                received_count
 .bss.__malloc_top_pad
                0x20000ee0        0x4 ..\..\..\..\..\..\..\..\Program Files (x86)\GNU Tools ARM Embedded\5.3 2016q1\arm-none-eabi\lib\armv7-m\libg.a(lib_a-mallocr.o)
                0x20000ee0                __malloc_top_pad
 .bss.__malloc_current_mallinfo
                0x20000ee4       0x28 ..\..\..\..\..\..\..\..\Program Files (x86)\GNU Tools ARM Embedded\5.3 2016q1\arm-none-eabi\lib\armv7-m\libg.a(lib_a-mallocr.o)
                0x20000ee4                __malloc_current_mallinfo
 *(COMMON)
 COMMON         0x20000f0c      0x1f4 ..\obj\usart.o
                0x20000f0c                received_string
 COMMON         0x20001100        0x4 ..\..\..\..\..\..\..\..\Program Files (x86)\GNU Tools ARM Embedded\5.3 2016q1\arm-none-eabi\lib\armv7-m\libg.a(lib_a-reent.o)
                0x20001100                errno
                0x20001104                . = ALIGN (0x4)
                0x20001104                __bss_end__ = .
                0x20001104                _ebss = __bss_end__

.heap           0x20001104        0x0
                0x20001104                __end__ = .
                0x20001104                _end = __end__
                0x20001104                end = __end__
 *(.heap*)
                0x20001104                __HeapLimit = .

.co_stack       0x20001104        0x4 load address 0x0800e63c
                0x20001108                . = ALIGN (0x8)
 *fill*         0x20001104        0x4 
 *(.co_stack .co_stack.*)
                0x20005000                __StackTop = (ORIGIN (ram) + LENGTH (ram))
                0x20004ffc                __StackLimit = (__StackTop - SIZEOF (.co_stack))
                [!provide]                PROVIDE (__stack, __StackTop)
                0x00000001                ASSERT ((__StackLimit >= __HeapLimit), region ram  overflowed with stack)
LOAD ..\obj\stm32f10x_fsmc.o
LOAD ..\obj\u8g_dev_uc1611_dogxl240.o
LOAD ..\obj\u8g_com_arduino_hw_usart_spi.o
LOAD ..\obj\u8g_pb.o
LOAD ..\obj\u8g_com_atxmega_st7920_hw_spi.o
LOAD ..\obj\u8g_com_msp430_hw_spi.o
LOAD ..\obj\u8g_com_arduino_st7920_custom.o
LOAD ..\obj\u8g_pb8v1.o
LOAD ..\obj\u8g_com_arduino_common.o
LOAD ..\obj\u8g_dev_ili9325d_320x240.o
LOAD ..\obj\stm32f10x_pwr.o
LOAD ..\obj\u8g_com_i2c.o
LOAD ..\obj\printf.o
LOAD ..\obj\u8g_com_raspberrypi_hw_spi.o
LOAD ..\obj\stm32f10x_cec.o
LOAD ..\obj\u8g_dev_pcf8812_96x65.o
LOAD ..\obj\syscalls.o
LOAD ..\obj\u8g_dev_st7920_128x64.o
LOAD ..\obj\u8g_pb16h2.o
LOAD ..\obj\u8g_cursor.o
LOAD ..\obj\u8g_com_arduino_st7920_spi.o
LOAD ..\obj\u8g_com_api.o
LOAD ..\obj\u8g_com_arduino_port_d_wr.o
LOAD ..\obj\u8g_dev_tls8204_84x48.o
LOAD ..\obj\u8g_ellipse.o
LOAD ..\obj\u8g_bitmap.o
LOAD ..\obj\radio.o
LOAD ..\obj\stm32f10x_crc.o
LOAD ..\obj\stm32f10x_dac.o
LOAD ..\obj\DS18B20.o
LOAD ..\obj\u8g_dev_t6963_240x128.o
LOAD ..\obj\u8g_dev_st7565_lm6059.o
LOAD ..\obj\u8g_state.o
LOAD ..\obj\u8g_dev_pcd8544_84x48.o
LOAD ..\obj\u8g_com_io.o
LOAD ..\obj\Display.o
LOAD ..\obj\u8g_ll_api.o
LOAD ..\obj\u8g_dev_st7565_dogm132.o
LOAD ..\obj\u8g_page.o
LOAD ..\obj\stm32f10x_gpio.o
LOAD ..\obj\stm32f10x_rcc.o
LOAD ..\obj\Keypad.o
LOAD ..\obj\u8g_pb16v2.o
LOAD ..\obj\u8g_com_arduino_attiny85_hw_spi.o
LOAD ..\obj\stm32f10x_sdio.o
LOAD ..\obj\u8g_dev_uc1601_c128032.o
LOAD ..\obj\mcp23017.o
LOAD ..\obj\u8g_dev_ssd1353_160x128.o
LOAD ..\obj\startup_stm32f10x_md.o
LOAD ..\obj\u8g_pbxh24.o
LOAD ..\obj\SI4703.o
LOAD ..\obj\u8g_com_arduino_std_sw_spi.o
LOAD ..\obj\u8g_dev_ssd1325_nhd27oled_gr.o
LOAD ..\obj\u8g_dev_ssd1306_128x64.o
LOAD ..\obj\stm32f10x_can.o
LOAD ..\obj\u8g_pb14v1.o
LOAD ..\obj\u8g_rect.o
LOAD ..\obj\u8g_dev_st7565_nhd_c12864.o
LOAD ..\obj\stm32f10x_iwdg.o
LOAD ..\obj\RelayBoard.o
LOAD ..\obj\u8g_dev_lc7981_320x64.o
LOAD ..\obj\u8g_dev_lc7981_160x80.o
LOAD ..\obj\stm32f10x_tim.o
LOAD ..\obj\u8g_com_arduino_fast_parallel.o
LOAD ..\obj\u8g_fonts.o
LOAD ..\obj\u8g_com_null.o
LOAD ..\obj\u8g_com_arduino_ssd_i2c.o
LOAD ..\obj\u8g_dev_flipdisc_2x7.o
LOAD ..\obj\u8g_com_atmega_sw_spi.o
LOAD ..\obj\EntController.o
LOAD ..\obj\u8g_pb16v1.o
LOAD ..\obj\u8g_pb8h1f.o
LOAD ..\obj\u8g_pb16h1.o
LOAD ..\obj\delay.o
LOAD ..\obj\u8g_dev_st7920_202x32.o
LOAD ..\obj\u8g_dev_ks0108_128x64.o
LOAD ..\obj\u8g_dev_lc7981_240x64.o
LOAD ..\obj\u8g_com_atmega_st7920_spi.o
LOAD ..\obj\u8g_dev_st7920_192x32.o
LOAD ..\obj\u8g_delay.o
LOAD ..\obj\u8g_arm_uart.o
LOAD ..\obj\u8g_com_atxmega_hw_spi.o
LOAD ..\obj\stm32f10x_dma.o
LOAD ..\obj\u8g_dev_ld7032_60x32.o
LOAD ..\obj\u8g_com_api_16gr.o
LOAD ..\obj\u8g_dev_ssd1322_nhd31oled_gr.o
LOAD ..\obj\u8g_com_atmega_parallel.o
LOAD ..\obj\u8g_dev_ssd1325_nhd27oled_gr_new.o
LOAD ..\obj\stm32f10x_dbgmcu.o
LOAD ..\obj\u8g_line.o
LOAD ..\obj\chessengine.o
LOAD ..\obj\u8g_com_arduino_t6963.o
LOAD ..\obj\u8g_dev_uc1611_dogm240.o
LOAD ..\obj\u8g_dev_ssd1306_64x48.o
LOAD ..\obj\u8g_com_atmega_hw_spi.o
LOAD ..\obj\u8g_dev_st7565_dogm128.o
LOAD ..\obj\u8g_dev_ssd1306_128x32.o
LOAD ..\obj\stm32f10x_spi.o
LOAD ..\obj\usart.o
LOAD ..\obj\stm32f10x_wwdg.o
LOAD ..\obj\u8g_dev_lc7981_240x128.o
LOAD ..\obj\u8g_dev_ht1632.o
LOAD ..\obj\u8g_u8toa.o
LOAD ..\obj\u8g_com_atmega_st7920_hw_spi.o
LOAD ..\obj\u8g_dev_ssd1325_nhd27oled_bw.o
LOAD ..\obj\u8g_dev_sbn1661_122x32.o
LOAD ..\obj\u8g_dev_st7565_64128n.o
LOAD ..\obj\u8g_pb32h1.o
LOAD ..\obj\u8g_pb8h1.o
LOAD ..\obj\main.o
LOAD ..\obj\stm32f10x_rtc.o
LOAD ..\obj\u8g_dev_uc1701_mini12864.o
LOAD ..\obj\SpaController.o
LOAD ..\obj\stm32f10x_usart.o
LOAD ..\obj\u8g_dev_ssd1309_128x64.o
LOAD ..\obj\u8g_dev_uc1701_dogs102.o
LOAD ..\obj\u8g_dev_ssd1327_96x96_gr.o
LOAD ..\obj\stm32f10x_adc.o
LOAD ..\obj\u8g_com_arduino_st7920_hw_spi.o
LOAD ..\obj\u8g_font.o
LOAD ..\obj\u8g_clip.o
LOAD ..\obj\u8g_pb8h2.o
LOAD ..\obj\u8g_dev_null.o
LOAD ..\obj\u8g_com_arduino_uc_i2c.o
LOAD ..\obj\u8g_pbxh16.o
LOAD ..\obj\u8g_pb8v2.o
LOAD ..\obj\LEDS.o
LOAD ..\obj\OVC3860.o
LOAD ..\obj\RDSParser.o
LOAD ..\obj\u8g_com_raspberrypi_ssd_i2c.o
LOAD ..\obj\u8g_polygon.o
LOAD ..\obj\u8g_virtual_screen.o
LOAD ..\obj\misc.o
LOAD ..\obj\stm32f10x_i2c.o
LOAD ..\obj\u8g_dev_uc1610_dogxl160.o
LOAD ..\obj\u8g_pb8h8.o
LOAD ..\obj\system_stm32f10x.o
LOAD ..\obj\u8g_dev_uc1608_240x128.o
LOAD ..\obj\u8g_dev_st7687_c144mvgd.o
LOAD ..\obj\u8g_dev_a2_micro_printer.o
LOAD ..\obj\u8g_dev_t6963_128x64.o
LOAD ..\obj\stm32f10x_bkp.o
LOAD ..\obj\u8g_com_arduino_no_en_parallel.o
LOAD ..\obj\stm32f10x_flash.o
LOAD ..\obj\u8g_com_psoc5_ssd_hw_parallel.o
LOAD ..\obj\u8g_dev_ssd1351_128x128.o
LOAD ..\obj\u8g_com_arduino_hw_spi.o
LOAD ..\obj\u8g_dev_st7565_lm6063.o
LOAD ..\obj\u8g_dev_t6963_240x64.o
LOAD ..\obj\u8g_dev_uc1608_240x64.o
LOAD ..\obj\u8g_circle.o
LOAD ..\obj\u8g_dev_gprof.o
LOAD ..\obj\u8g_u16toa.o
LOAD ..\obj\u8g_com_arduino_parallel.o
LOAD ..\obj\u8g_rot.o
LOAD ..\obj\u8g_dev_ssd1322_nhd31oled_bw.o
LOAD ..\obj\u8g_scale.o
LOAD ..\obj\u8g_dev_st7565_nhd_c12832.o
LOAD ..\obj\u8g_dev_ssd1325_nhd27oled_bw_new.o
LOAD ..\obj\u8g_dev_t6963_128x128.o
LOAD ..\obj\u8g_com_arduino_sw_spi.o
LOAD ..\obj\stm32f10x_exti.o
LOAD ..\obj\u8g_com_std_sw_spi.o
LOAD ..\..\..\..\..\..\..\..\Program Files (x86)\GNU Tools ARM Embedded\5.3 2016q1\arm-none-eabi\lib\armv7-m\libstdc++_nano.a
LOAD ..\..\..\..\..\..\..\..\Program Files (x86)\GNU Tools ARM Embedded\5.3 2016q1\arm-none-eabi\lib\armv7-m\libsupc++_nano.a
LOAD ..\..\..\..\..\..\..\..\Program Files (x86)\GNU Tools ARM Embedded\5.3 2016q1\arm-none-eabi\lib\armv7-m\libnosys.a
START GROUP
LOAD c:/program files (x86)/gnu tools arm embedded/5.3 2016q1/bin/../lib/gcc/arm-none-eabi/5.3.1/armv7-m\libgcc.a
LOAD ..\..\..\..\..\..\..\..\Program Files (x86)\GNU Tools ARM Embedded\5.3 2016q1\arm-none-eabi\lib\armv7-m\libg.a
LOAD ..\..\..\..\..\..\..\..\Program Files (x86)\GNU Tools ARM Embedded\5.3 2016q1\arm-none-eabi\lib\armv7-m\libc.a
END GROUP
OUTPUT(JacuzziV2.elf elf32-littlearm)

.debug_info     0x00000000    0x243a9
 .debug_info    0x00000000      0x878 ..\obj\u8g_pb.o
 .debug_info    0x00000878      0x43b ..\obj\u8g_com_arduino_st7920_custom.o
 .debug_info    0x00000cb3     0x154a ..\obj\printf.o
 .debug_info    0x000021fd      0x3cf ..\obj\syscalls.o
 .debug_info    0x000025cc      0xb46 ..\obj\u8g_dev_st7920_128x64.o
 .debug_info    0x00003112      0x9fc ..\obj\u8g_com_api.o
 .debug_info    0x00003b0e      0xd52 ..\obj\radio.o
 .debug_info    0x00004860     0x1516 ..\obj\DS18B20.o
 .debug_info    0x00005d76      0x45c ..\obj\u8g_state.o
 .debug_info    0x000061d2     0x1b0d ..\obj\Display.o
 .debug_info    0x00007cdf     0x1afe ..\obj\u8g_ll_api.o
 .debug_info    0x000097dd      0x19c ..\obj\u8g_page.o
 .debug_info    0x00009979      0x88f ..\obj\stm32f10x_gpio.o
 .debug_info    0x0000a208      0x942 ..\obj\stm32f10x_rcc.o
 .debug_info    0x0000ab4a     0x10c0 ..\obj\Keypad.o
 .debug_info    0x0000bc0a     0x13ee ..\obj\mcp23017.o
 .debug_info    0x0000cff8       0xcf ..\obj\startup_stm32f10x_md.o
 .debug_info    0x0000d0c7     0x1759 ..\obj\SI4703.o
 .debug_info    0x0000e820      0xd27 ..\obj\u8g_rect.o
 .debug_info    0x0000f547      0xde3 ..\obj\RelayBoard.o
 .debug_info    0x0001032a      0x159 ..\obj\u8g_fonts.o
 .debug_info    0x00010483      0x436 ..\obj\u8g_com_null.o
 .debug_info    0x000108b9     0x3244 ..\obj\EntController.o
 .debug_info    0x00013afd      0x9ed ..\obj\delay.o
 .debug_info    0x000144ea      0xa00 ..\obj\u8g_arm_uart.o
 .debug_info    0x00014eea      0x505 ..\obj\u8g_line.o
 .debug_info    0x000153ef      0x846 ..\obj\usart.o
 .debug_info    0x00015c35      0x8a0 ..\obj\u8g_pb32h1.o
 .debug_info    0x000164d5      0x7d6 ..\obj\u8g_pb8h1.o
 .debug_info    0x00016cab     0x1f22 ..\obj\main.o
 .debug_info    0x00018bcd     0x30da ..\obj\SpaController.o
 .debug_info    0x0001bca7      0xb26 ..\obj\stm32f10x_usart.o
 .debug_info    0x0001c7cd     0x2adf ..\obj\u8g_font.o
 .debug_info    0x0001f2ac      0x4f5 ..\obj\u8g_clip.o
 .debug_info    0x0001f7a1      0xcdc ..\obj\LEDS.o
 .debug_info    0x0002047d     0x15a5 ..\obj\OVC3860.o
 .debug_info    0x00021a22      0x950 ..\obj\RDSParser.o
 .debug_info    0x00022372      0x55c ..\obj\misc.o
 .debug_info    0x000228ce      0xb2b ..\obj\stm32f10x_i2c.o
 .debug_info    0x000233f9      0x4c4 ..\obj\system_stm32f10x.o
 .debug_info    0x000238bd      0xaec ..\obj\u8g_circle.o

.debug_abbrev   0x00000000     0x6555
 .debug_abbrev  0x00000000      0x216 ..\obj\u8g_pb.o
 .debug_abbrev  0x00000216      0x106 ..\obj\u8g_com_arduino_st7920_custom.o
 .debug_abbrev  0x0000031c      0x434 ..\obj\printf.o
 .debug_abbrev  0x00000750      0x147 ..\obj\syscalls.o
 .debug_abbrev  0x00000897      0x192 ..\obj\u8g_dev_st7920_128x64.o
 .debug_abbrev  0x00000a29      0x1ee ..\obj\u8g_com_api.o
 .debug_abbrev  0x00000c17      0x2ec ..\obj\radio.o
 .debug_abbrev  0x00000f03      0x3f1 ..\obj\DS18B20.o
 .debug_abbrev  0x000012f4      0x14b ..\obj\u8g_state.o
 .debug_abbrev  0x0000143f      0x40d ..\obj\Display.o
 .debug_abbrev  0x0000184c      0x37b ..\obj\u8g_ll_api.o
 .debug_abbrev  0x00001bc7       0xf3 ..\obj\u8g_page.o
 .debug_abbrev  0x00001cba      0x200 ..\obj\stm32f10x_gpio.o
 .debug_abbrev  0x00001eba      0x26e ..\obj\stm32f10x_rcc.o
 .debug_abbrev  0x00002128      0x35e ..\obj\Keypad.o
 .debug_abbrev  0x00002486      0x2ac ..\obj\mcp23017.o
 .debug_abbrev  0x00002732       0x12 ..\obj\startup_stm32f10x_md.o
 .debug_abbrev  0x00002744      0x490 ..\obj\SI4703.o
 .debug_abbrev  0x00002bd4      0x152 ..\obj\u8g_rect.o
 .debug_abbrev  0x00002d26      0x2a9 ..\obj\RelayBoard.o
 .debug_abbrev  0x00002fcf       0x6c ..\obj\u8g_fonts.o
 .debug_abbrev  0x0000303b      0x106 ..\obj\u8g_com_null.o
 .debug_abbrev  0x00003141      0x5f0 ..\obj\EntController.o
 .debug_abbrev  0x00003731      0x2bc ..\obj\delay.o
 .debug_abbrev  0x000039ed      0x275 ..\obj\u8g_arm_uart.o
 .debug_abbrev  0x00003c62      0x157 ..\obj\u8g_line.o
 .debug_abbrev  0x00003db9      0x1d6 ..\obj\usart.o
 .debug_abbrev  0x00003f8f      0x222 ..\obj\u8g_pb32h1.o
 .debug_abbrev  0x000041b1      0x1bc ..\obj\u8g_pb8h1.o
 .debug_abbrev  0x0000436d      0x4ce ..\obj\main.o
 .debug_abbrev  0x0000483b      0x621 ..\obj\SpaController.o
 .debug_abbrev  0x00004e5c      0x1e4 ..\obj\stm32f10x_usart.o
 .debug_abbrev  0x00005040      0x3fd ..\obj\u8g_font.o
 .debug_abbrev  0x0000543d      0x14f ..\obj\u8g_clip.o
 .debug_abbrev  0x0000558c      0x2a5 ..\obj\LEDS.o
 .debug_abbrev  0x00005831      0x37a ..\obj\OVC3860.o
 .debug_abbrev  0x00005bab      0x291 ..\obj\RDSParser.o
 .debug_abbrev  0x00005e3c      0x156 ..\obj\misc.o
 .debug_abbrev  0x00005f92      0x240 ..\obj\stm32f10x_i2c.o
 .debug_abbrev  0x000061d2      0x16e ..\obj\system_stm32f10x.o
 .debug_abbrev  0x00006340      0x215 ..\obj\u8g_circle.o

.debug_loc      0x00000000     0xffd3
 .debug_loc     0x00000000      0x7bf ..\obj\u8g_pb.o
 .debug_loc     0x000007bf       0x21 ..\obj\u8g_com_arduino_st7920_custom.o
 .debug_loc     0x000007e0      0xf60 ..\obj\printf.o
 .debug_loc     0x00001740       0xe7 ..\obj\syscalls.o
 .debug_loc     0x00001827      0x3ce ..\obj\u8g_dev_st7920_128x64.o
 .debug_loc     0x00001bf5      0x622 ..\obj\u8g_com_api.o
 .debug_loc     0x00002217      0x38f ..\obj\radio.o
 .debug_loc     0x000025a6      0xc38 ..\obj\DS18B20.o
 .debug_loc     0x000031de       0x42 ..\obj\u8g_state.o
 .debug_loc     0x00003220      0x65d ..\obj\Display.o
 .debug_loc     0x0000387d     0x1c60 ..\obj\u8g_ll_api.o
 .debug_loc     0x000054dd       0xd1 ..\obj\u8g_page.o
 .debug_loc     0x000055ae      0x5d7 ..\obj\stm32f10x_gpio.o
 .debug_loc     0x00005b85      0x739 ..\obj\stm32f10x_rcc.o
 .debug_loc     0x000062be      0x182 ..\obj\Keypad.o
 .debug_loc     0x00006440      0x775 ..\obj\mcp23017.o
 .debug_loc     0x00006bb5      0x87e ..\obj\SI4703.o
 .debug_loc     0x00007433      0xafc ..\obj\u8g_rect.o
 .debug_loc     0x00007f2f      0x15b ..\obj\RelayBoard.o
 .debug_loc     0x0000808a       0x21 ..\obj\u8g_com_null.o
 .debug_loc     0x000080ab      0x91d ..\obj\EntController.o
 .debug_loc     0x000089c8      0x12f ..\obj\delay.o
 .debug_loc     0x00008af7      0x1c9 ..\obj\u8g_arm_uart.o
 .debug_loc     0x00008cc0      0x33e ..\obj\u8g_line.o
 .debug_loc     0x00008ffe       0x79 ..\obj\usart.o
 .debug_loc     0x00009077      0x678 ..\obj\u8g_pb32h1.o
 .debug_loc     0x000096ef      0x4d8 ..\obj\u8g_pb8h1.o
 .debug_loc     0x00009bc7       0x78 ..\obj\main.o
 .debug_loc     0x00009c3f      0xbc7 ..\obj\SpaController.o
 .debug_loc     0x0000a806      0x84f ..\obj\stm32f10x_usart.o
 .debug_loc     0x0000b055     0x2d15 ..\obj\u8g_font.o
 .debug_loc     0x0000dd6a      0x2b0 ..\obj\u8g_clip.o
 .debug_loc     0x0000e01a       0xed ..\obj\LEDS.o
 .debug_loc     0x0000e107      0x782 ..\obj\OVC3860.o
 .debug_loc     0x0000e889      0x635 ..\obj\RDSParser.o
 .debug_loc     0x0000eebe      0x193 ..\obj\misc.o
 .debug_loc     0x0000f051      0x6a0 ..\obj\stm32f10x_i2c.o
 .debug_loc     0x0000f6f1       0xbc ..\obj\system_stm32f10x.o
 .debug_loc     0x0000f7ad      0x826 ..\obj\u8g_circle.o

.debug_aranges  0x00000000      0x528
 .debug_aranges
                0x00000000       0x20 ..\obj\u8g_pb.o
 .debug_aranges
                0x00000020       0x20 ..\obj\u8g_com_arduino_st7920_custom.o
 .debug_aranges
                0x00000040       0x20 ..\obj\printf.o
 .debug_aranges
                0x00000060       0x20 ..\obj\syscalls.o
 .debug_aranges
                0x00000080       0x20 ..\obj\u8g_dev_st7920_128x64.o
 .debug_aranges
                0x000000a0       0x20 ..\obj\u8g_com_api.o
 .debug_aranges
                0x000000c0       0x20 ..\obj\radio.o
 .debug_aranges
                0x000000e0       0x20 ..\obj\DS18B20.o
 .debug_aranges
                0x00000100       0x20 ..\obj\u8g_state.o
 .debug_aranges
                0x00000120       0x20 ..\obj\Display.o
 .debug_aranges
                0x00000140       0x20 ..\obj\u8g_ll_api.o
 .debug_aranges
                0x00000160       0x20 ..\obj\u8g_page.o
 .debug_aranges
                0x00000180       0x20 ..\obj\stm32f10x_gpio.o
 .debug_aranges
                0x000001a0       0x20 ..\obj\stm32f10x_rcc.o
 .debug_aranges
                0x000001c0       0x20 ..\obj\Keypad.o
 .debug_aranges
                0x000001e0       0x20 ..\obj\mcp23017.o
 .debug_aranges
                0x00000200       0x28 ..\obj\startup_stm32f10x_md.o
 .debug_aranges
                0x00000228       0x20 ..\obj\SI4703.o
 .debug_aranges
                0x00000248       0x20 ..\obj\u8g_rect.o
 .debug_aranges
                0x00000268       0x20 ..\obj\RelayBoard.o
 .debug_aranges
                0x00000288       0x18 ..\obj\u8g_fonts.o
 .debug_aranges
                0x000002a0       0x20 ..\obj\u8g_com_null.o
 .debug_aranges
                0x000002c0       0x20 ..\obj\EntController.o
 .debug_aranges
                0x000002e0       0x20 ..\obj\delay.o
 .debug_aranges
                0x00000300       0x20 ..\obj\u8g_arm_uart.o
 .debug_aranges
                0x00000320       0x20 ..\obj\u8g_line.o
 .debug_aranges
                0x00000340       0x20 ..\obj\usart.o
 .debug_aranges
                0x00000360       0x20 ..\obj\u8g_pb32h1.o
 .debug_aranges
                0x00000380       0x20 ..\obj\u8g_pb8h1.o
 .debug_aranges
                0x000003a0       0x28 ..\obj\main.o
 .debug_aranges
                0x000003c8       0x20 ..\obj\SpaController.o
 .debug_aranges
                0x000003e8       0x20 ..\obj\stm32f10x_usart.o
 .debug_aranges
                0x00000408       0x20 ..\obj\u8g_font.o
 .debug_aranges
                0x00000428       0x20 ..\obj\u8g_clip.o
 .debug_aranges
                0x00000448       0x20 ..\obj\LEDS.o
 .debug_aranges
                0x00000468       0x20 ..\obj\OVC3860.o
 .debug_aranges
                0x00000488       0x20 ..\obj\RDSParser.o
 .debug_aranges
                0x000004a8       0x20 ..\obj\misc.o
 .debug_aranges
                0x000004c8       0x20 ..\obj\stm32f10x_i2c.o
 .debug_aranges
                0x000004e8       0x20 ..\obj\system_stm32f10x.o
 .debug_aranges
                0x00000508       0x20 ..\obj\u8g_circle.o

.debug_ranges   0x00000000      0xb70
 .debug_ranges  0x00000000       0x38 ..\obj\u8g_pb.o
 .debug_ranges  0x00000038       0x98 ..\obj\printf.o