Archive member included because of file (symbol)

C:\Program Files (x86)\GNU Tools ARM Embedded\4.9 2015q3\arm-none-eabi\lib\armv7-m\libstdc++_nano.a(si_class_type_info.o)
                              ..\obj\EntController.o (vtable for __cxxabiv1::__si_class_type_info)
C:\Program Files (x86)\GNU Tools ARM Embedded\4.9 2015q3\arm-none-eabi\lib\armv7-m\libstdc++_nano.a(tinfo.o)
                              C:\Program Files (x86)\GNU Tools ARM Embedded\4.9 2015q3\arm-none-eabi\lib\armv7-m\libstdc++_nano.a(si_class_type_info.o) (std::type_info::__is_pointer_p() const)
C:\Program Files (x86)\GNU Tools ARM Embedded\4.9 2015q3\arm-none-eabi\lib\armv7-m\libstdc++_nano.a(class_type_info.o)
                              C:\Program Files (x86)\GNU Tools ARM Embedded\4.9 2015q3\arm-none-eabi\lib\armv7-m\libstdc++_nano.a(si_class_type_info.o) (__cxxabiv1::__class_type_info::__do_upcast(__cxxabiv1::__class_type_info const*, void**) const)
C:\Program Files (x86)\GNU Tools ARM Embedded\4.9 2015q3\arm-none-eabi\lib\armv7-m\libstdc++_nano.a(guard.o)
                              ..\obj\EntController.o (__cxa_guard_acquire)
C:\Program Files (x86)\GNU Tools ARM Embedded\4.9 2015q3\arm-none-eabi\lib\armv7-m\libstdc++_nano.a(del_op.o)
                              C:\Program Files (x86)\GNU Tools ARM Embedded\4.9 2015q3\arm-none-eabi\lib\armv7-m\libstdc++_nano.a(si_class_type_info.o) (operator delete(void*))
c:/program files (x86)/gnu tools arm embedded/4.9 2015q3/bin/../lib/gcc/arm-none-eabi/4.9.3/armv7-m\libgcc.a(_arm_addsubdf3.o)
                              ..\obj\DS18B20.o (__aeabi_dadd)
c:/program files (x86)/gnu tools arm embedded/4.9 2015q3/bin/../lib/gcc/arm-none-eabi/4.9.3/armv7-m\libgcc.a(_arm_muldivdf3.o)
                              ..\obj\DS18B20.o (__aeabi_dmul)
c:/program files (x86)/gnu tools arm embedded/4.9 2015q3/bin/../lib/gcc/arm-none-eabi/4.9.3/armv7-m\libgcc.a(_arm_fixdfsi.o)
                              ..\obj\DS18B20.o (__aeabi_d2iz)
c:/program files (x86)/gnu tools arm embedded/4.9 2015q3/bin/../lib/gcc/arm-none-eabi/4.9.3/armv7-m\libgcc.a(_arm_truncdfsf2.o)
                              ..\obj\DS18B20.o (__aeabi_d2f)
c:/program files (x86)/gnu tools arm embedded/4.9 2015q3/bin/../lib/gcc/arm-none-eabi/4.9.3/armv7-m\libgcc.a(_arm_addsubsf3.o)
                              ..\obj\SpaController.o (__aeabi_fsub)
c:/program files (x86)/gnu tools arm embedded/4.9 2015q3/bin/../lib/gcc/arm-none-eabi/4.9.3/armv7-m\libgcc.a(_arm_muldivsf3.o)
                              ..\obj\DS18B20.o (__aeabi_fmul)
c:/program files (x86)/gnu tools arm embedded/4.9 2015q3/bin/../lib/gcc/arm-none-eabi/4.9.3/armv7-m\libgcc.a(_arm_cmpsf2.o)
                              ..\obj\SpaController.o (__aeabi_fcmplt)
c:/program files (x86)/gnu tools arm embedded/4.9 2015q3/bin/../lib/gcc/arm-none-eabi/4.9.3/armv7-m\libgcc.a(_arm_fixsfsi.o)
                              ..\obj\SpaController.o (__aeabi_f2iz)
c:/program files (x86)/gnu tools arm embedded/4.9 2015q3/bin/../lib/gcc/arm-none-eabi/4.9.3/armv7-m\libgcc.a(_arm_fixunssfsi.o)
                              ..\obj\DS18B20.o (__aeabi_f2uiz)
c:/program files (x86)/gnu tools arm embedded/4.9 2015q3/bin/../lib/gcc/arm-none-eabi/4.9.3/armv7-m\libgcc.a(unwind-arm.o)
                              ..\obj\DS18B20.o (__aeabi_unwind_cpp_pr0)
c:/program files (x86)/gnu tools arm embedded/4.9 2015q3/bin/../lib/gcc/arm-none-eabi/4.9.3/armv7-m\libgcc.a(libunwind.o)
                              c:/program files (x86)/gnu tools arm embedded/4.9 2015q3/bin/../lib/gcc/arm-none-eabi/4.9.3/armv7-m\libgcc.a(unwind-arm.o) (restore_core_regs)
c:/program files (x86)/gnu tools arm embedded/4.9 2015q3/bin/../lib/gcc/arm-none-eabi/4.9.3/armv7-m\libgcc.a(pr-support.o)
                              c:/program files (x86)/gnu tools arm embedded/4.9 2015q3/bin/../lib/gcc/arm-none-eabi/4.9.3/armv7-m\libgcc.a(unwind-arm.o) (__gnu_unwind_execute)
C:\Program Files (x86)\GNU Tools ARM Embedded\4.9 2015q3\arm-none-eabi\lib\armv7-m\libg.a(lib_a-malloc.o)
                              C:\Program Files (x86)\GNU Tools ARM Embedded\4.9 2015q3\arm-none-eabi\lib\armv7-m\libstdc++_nano.a(del_op.o) (free)
C:\Program Files (x86)\GNU Tools ARM Embedded\4.9 2015q3\arm-none-eabi\lib\armv7-m\libg.a(lib_a-mallocr.o)
                              C:\Program Files (x86)\GNU Tools ARM Embedded\4.9 2015q3\arm-none-eabi\lib\armv7-m\libg.a(lib_a-malloc.o) (_malloc_r)
C:\Program Files (x86)\GNU Tools ARM Embedded\4.9 2015q3\arm-none-eabi\lib\armv7-m\libg.a(lib_a-memcpy.o)
                              c:/program files (x86)/gnu tools arm embedded/4.9 2015q3/bin/../lib/gcc/arm-none-eabi/4.9.3/armv7-m\libgcc.a(unwind-arm.o) (memcpy)
C:\Program Files (x86)\GNU Tools ARM Embedded\4.9 2015q3\arm-none-eabi\lib\armv7-m\libg.a(lib_a-memset.o)
                              ..\obj\Display.o (memset)
C:\Program Files (x86)\GNU Tools ARM Embedded\4.9 2015q3\arm-none-eabi\lib\armv7-m\libg.a(lib_a-mlock.o)
[...]
Memory Configuration

Name             Origin             Length             Attributes
rom              0x08000000         0x00010000         xr
ram              0x20000000         0x00005000         xrw
*default*        0x00000000         0xffffffff

Linker script and memory map

                0x20005000                _eram = 0x20005000

.text           0x08000000     0xbb42
 *(.isr_vector)
 .isr_vector    0x08000000      0x10c ..\obj\startup_stm32f10x_md.o
                0x08000000                g_pfnVectors
 *(.text*)
 .text          0x0800010c      0x13c ..\obj\u8g_pb.o
                0x0800010c                u8g_pb_Clear
                0x08000120                u8g_pb_IsYIntersection
                0x08000150                u8g_pb_IsXIntersection
                0x08000164                u8g_pb_IsIntersection
                0x080001c4                u8g_pb_GetPageBox
                0x080001d8                u8g_pb_Is8PixelVisible
                0x08000234                u8g_pb_WriteBuffer
 .text          0x08000248        0x4 ..\obj\u8g_com_arduino_st7920_custom.o
                0x08000248                u8g_com_arduino_st7920_custom_fn
 .text          0x0800024c      0x494 ..\obj\printf.o
                0x0800024c                SetOutputUart
                0x08000258                PrintChar
                0x08000274                PutChar
                0x0800027c                PutString
                0x080002a0                PutUnsignedInt
                0x080002f4                PutSignedInt
                0x08000390                PutHexa
                0x080003f8                vsnprintf
                0x08000570                snprintf
                0x08000590                vsprintf
                0x080005a4                sprintf
                0x080005c4                fputc
                0x080005ec                fputs
                0x08000628                vfprintf
                0x08000674                vprintf
                0x08000688                printf
                0x080006b0                fprintf
                0x080006d0                puts
 .text          0x080006e0       0x4c ..\obj\syscalls.o
                0x080006e0                _sbrk
                0x080006fc                link
                0x08000704                _close
                0x0800070c                _fstat
                0x08000718                _isatty
                0x0800071c                _lseek
                0x08000720                _read
                0x08000724                _write
                0x08000728                abort
 .text          0x0800072c      0x1b8 ..\obj\u8g_dev_st7920_128x64.o
                0x0800072c                u8g_dev_st7920_128x64_fn
                0x08000808                u8g_dev_st7920_128x64_4x_fn
 .text          0x080008e4      0x164 ..\obj\u8g_com_api.o
                0x080008e4                u8g_InitCom
                0x080008f4                u8g_StopCom
                0x08000908                u8g_SetChipSelect
                0x08000918                u8g_SetResetLow
                0x0800092c                u8g_SetResetHigh
                0x08000940                u8g_SetAddress
                0x08000950                u8g_WriteByte
                0x08000960                u8g_WriteSequence
                0x08000970                u8g_WriteSequenceP
                0x08000980                u8g_WriteEscSeqP
 .text          0x08000a48      0x66c ..\obj\si4703.o
                0x08000a48                si4703_readRegisters
                0x08000af8                si4703_updateRegisters
                0x08000b90                si4703_init
                0x08000ce8                si4703_setChannel
                0x08000d6c                si4703_getChannel
                0x08000d94                si4703_isStereo
                0x08000da8                si4703_getSignalStrength
                0x08000dbc                si4703_seek
                0x08000e48                si4703_setVolume
                0x08000e7c                si4703_initRDS
                0x08000eb4                strcmp
                0x08000ee0                strcpy1
                0x08000ef4                si4703_checkRDS
                0x08001028                si4703_readRDS
 .text          0x080010b4      0x5cc ..\obj\DS18B20.o
                0x080010b4                DS18B20::DelayNus(unsigned long)
                0x080010c8                DS18B20::Reset()
                0x08001170                DS18B20::Init(unsigned long, GPIO_TypeDef*, unsigned short)
                0x080011d8                DS18B20::BitRead()
                0x08001248                DS18B20::ByteRead()
                0x0800126c                DS18B20::BitWrite(unsigned char)
                0x080012ec                DS18B20::ByteWrite(unsigned char)
                0x0800130c                DS18B20::AlarmSearch()
                0x08001310                DS18B20::ROMRead()
                0x08001344                DS18B20::ROMMatch()
                0x0800138c                DS18B20::ROMSkip()
                0x080013ac                DS18B20::TempConvert()
                0x080013cc                DS18B20::ScratchpadCopy()
                0x08001400                DS18B20::ScratchpadSet(char, char, unsigned char)
                0x0800146c                DS18B20::SetPrecision(unsigned char)
                0x08001488                DS18B20::TempRead(float*)
                0x08001534                DS18B20::TempReadSimple(DS18B20::simple_float*)
                0x080015dc                DS18B20::EEROMRecall()
                0x08001620                DS18B20::PowerSupplyRead()
                0x0800164c                DS18B20::ScratchpadRead(unsigned char*)
 .text          0x08001680       0x10 ..\obj\u8g_state.o
                0x08001680                u8g_state_dummy_cb
                0x08001684                u8g_SetHardwareBackup
                0x0800168c                u8g_backup_spi
 .text          0x08001690      0x5c4 ..\obj\Display.o
                0x08001690                Display::SetDisplayState(bool)
                0x080016a0                Display::DrawSecondScreen()
                0x08001700                Display::SetActiveScreen(Display::Screens)
                0x08001708                Display::SetTemp(unsigned char, char const*)
                0x08001734                Display::SetHeatingState(bool)
                0x0800173c                Display::SetErrorText(char const*)
                0x08001760                Display::ClearErrorText()
                0x0800178c                Display::SetStatusBar(char const*)
                0x080017b0                Display::ClearStatusBar()
                0x080017bc                Display::SetAudioState(bool)
                0x080017c4                Display::SetAudioSource(char const*)
                0x080017e8                Display::SetRadioState(bool)
                0x080017f0                Display::SetRadioStereo(bool)
                0x080017f8                Display::SetRadioChannel(char const*)
                0x0800181c                Display::SetRadioSignalstrength(char)
                0x08001824                Display::WriteText(unsigned char, char const*)
                0x08001854                Display::WriteHLine(unsigned char, unsigned char, unsigned char, unsigned char)
                0x08001874                Display::WriteVLine(unsigned char, unsigned char, unsigned char, unsigned char)
                0x08001894                Display::ClearSecondScreen()
                0x080018dc                Display::Init()
                0x08001974                Display::DrawWaterIcon()
                0x080019d0                Display::DrawFrostIcon()
                0x08001a28                Display::DrawSignalStrength()
                0x08001b0c                Display::DrawMainScreen()
                0x08001c24                Display::Draw()
 .text          0x08001c54      0x488 ..\obj\u8g_ll_api.o
                0x08001c54                u8g_call_dev_fn
                0x08001c60                u8g_InitLL
                0x08001c8c                u8g_FirstPageLL
                0x08001cc4                u8g_NextPageLL
                0x08001d00                u8g_SetContrastLL
                0x08001d14                u8g_DrawPixelLL
                0x08001d30                u8g_Draw8PixelLL
                0x08001d58                u8g_Draw4TPixelLL
                0x08001d80                u8g_GetWidthLL
                0x08001d98                u8g_GetHeightLL
                0x08001db0                u8g_GetModeLL
                0x08001dc0                u8g_UpdateDimension
                0x08001e0c                u8g_Begin
                0x08001e24                u8g_Init
                0x08001e70                u8g_InitComFn
                0x08001ec4                u8g_FirstPage
                0x08001ecc                u8g_NextPage
                0x08001ee4                u8g_SetContrast
                0x08001efc                u8g_SleepOn
                0x08001f10                u8g_SleepOff
                0x08001f24                u8g_DrawPixel
                0x08001f40                u8g_Draw8Pixel
                0x08001f68                u8g_Draw4TPixel
                0x08001f90                u8g_Draw8ColorPixel
                0x08001fbc                u8g_SetColorEntry
                0x08001fe4                u8g_SetColorIndex
                0x08001fec                u8g_SetHiColor
                0x08001ff8                u8g_SetHiColorByRGB
                0x08002014                u8g_SetRGB
                0x0800206c                u8g_GetColorIndex
                0x08002074                u8g_GetDefaultForegroundColor
                0x08002088                u8g_SetDefaultForegroundColor
                0x080020b4                u8g_GetDefaultBackgroundColor
                0x080020b8                u8g_SetDefaultBackgroundColor
                0x080020c0                u8g_GetDefaultMidColor
                0x080020cc                u8g_SetDefaultMidColor
 .text          0x080020dc      0x2e4 ..\obj\stm32f10x_gpio.o
                0x080020dc                GPIO_DeInit
                0x080021b8                GPIO_AFIODeInit
                0x080021d0                GPIO_Init
                0x0800228c                GPIO_StructInit
                0x0800229c                GPIO_ReadInputDataBit
                0x080022a8                GPIO_ReadInputData
                0x080022b0                GPIO_ReadOutputDataBit
                0x080022bc                GPIO_ReadOutputData
                0x080022c4                GPIO_SetBits
                0x080022c8                GPIO_ResetBits
                0x080022cc                GPIO_WriteBit
                0x080022d8                GPIO_Write
                0x080022dc                GPIO_PinLockConfig
                0x080022ec                GPIO_EventOutputConfig
                0x0800230c                GPIO_EventOutputCmd
                0x08002318                GPIO_PinRemapConfig
                0x08002384                GPIO_EXTILineConfig
                0x080023b4                GPIO_ETH_MediaInterfaceConfig
 .text          0x080023c0       0x60 ..\obj\u8g_page.o
                0x080023c0                u8g_page_First
                0x080023d0                u8g_page_Init
                0x080023e4                u8g_page_Next
 .text          0x08002420      0x368 ..\obj\stm32f10x_rcc.o
                0x08002420                RCC_DeInit
                0x08002460                RCC_HSEConfig
                0x08002498                RCC_WaitForHSEStartUp
                0x080024cc                RCC_AdjustHSICalibrationValue
                0x080024e0                RCC_HSICmd
                0x080024ec                RCC_PLLConfig
                0x08002500                RCC_PLLCmd
                0x0800250c                RCC_SYSCLKConfig
                0x08002520                RCC_GetSYSCLKSource
                0x08002530                RCC_HCLKConfig
                0x08002544                RCC_PCLK1Config
                0x08002558                RCC_PCLK2Config
                0x0800256c                RCC_ITConfig
                0x08002584                RCC_USBCLKConfig
                0x08002590                RCC_ADCCLKConfig
                0x080025a4                RCC_LSEConfig
                0x080025c4                RCC_LSICmd
                0x080025d0                RCC_RTCCLKConfig
                0x080025e0                RCC_RTCCLKCmd
                0x080025ec                RCC_GetClocksFreq
                0x08002688                RCC_AHBPeriphClockCmd
                0x080026a0                RCC_APB2PeriphClockCmd
                0x080026b8                RCC_APB1PeriphClockCmd
                0x080026d0                RCC_APB2PeriphResetCmd
                0x080026e8                RCC_APB1PeriphResetCmd
                0x08002700                RCC_BackupResetCmd
                0x0800270c                RCC_ClockSecuritySystemCmd
                0x08002718                RCC_MCOConfig
                0x08002724                RCC_GetFlagStatus
                0x08002758                RCC_ClearFlag
                0x08002768                RCC_GetITStatus
                0x0800277c                RCC_ClearITPendingBit
 .text          0x08002788      0x1ec ..\obj\Keypad.o
                0x08002788                Keypad::Init()
                0x08002820                Keypad::RegisterForCallback(KeypadInterrupt&)
                0x08002850                Keypad::ReadKeys()
                0x0800286c                Keypad::SetKeyCheckEnabled(bool)
                0x08002874                Keypad::CheckKeysPressed()
 .text          0x08002974      0x36c ..\obj\mcp23017.o
                0x08002974                mcp23017::I2C_init()
                0x08002a04                mcp23017::Read(char)
                0x08002aac                mcp23017::Write(char, char)
                0x08002b24                mcp23017::Init(I2C_TypeDef*, unsigned long, GPIO_TypeDef*, unsigned long, unsigned short, unsigned short, unsigned short, bool)
                0x08002b74                mcp23017::Direction(mcp23017::Port, char)
                0x08002b90                mcp23017::ConfigurePullUps(mcp23017::Port, char)
                0x08002bb0                mcp23017::ConfigureBanked(mcp23017::Bank)
                0x08002be0                mcp23017::InterruptEnable(mcp23017::Port, char)
                0x08002c00                mcp23017::MirrorInterrupts(bool)
                0x08002c34                mcp23017::InterruptPolarity(mcp23017::Polarity)
                0x08002c68                mcp23017::DefaultValue(mcp23017::Port, char)
                0x08002c88                mcp23017::InterruptControl(mcp23017::Port, char)
                0x08002ca8                mcp23017::Write(mcp23017::Port, char)
                0x08002cc8                mcp23017::Read(mcp23017::Port)
 .text.Reset_Handler
                0x08002ce0       0x44 ..\obj\startup_stm32f10x_md.o
                0x08002ce0                Reset_Handler
 *fill*         0x08002d24        0xc 
 .text.Default_Handler
                0x08002d30       0x14 ..\obj\startup_stm32f10x_md.o
                0x08002d30                EXTI2_IRQHandler
                0x08002d30                DebugMon_Handler
                0x08002d30                TIM1_CC_IRQHandler
                0x08002d30                HardFault_Handler
                0x08002d30                PVD_IRQHandler
                0x08002d30                PendSV_Handler
                0x08002d30                NMI_Handler
                0x08002d30                EXTI3_IRQHandler
                0x08002d30                EXTI0_IRQHandler
                0x08002d30                I2C2_EV_IRQHandler
                0x08002d30                UsageFault_Handler
                0x08002d30                ADC1_2_IRQHandler
                0x08002d30                SPI1_IRQHandler
                0x08002d30                TAMPER_IRQHandler
                0x08002d30                DMA1_Channel4_IRQHandler
                0x08002d30                USART3_IRQHandler
                0x08002d30                RTC_IRQHandler
                0x08002d30                DMA1_Channel7_IRQHandler
                0x08002d30                CAN1_RX1_IRQHandler
                0x08002d30                TIM4_IRQHandler
                0x08002d30                I2C1_EV_IRQHandler
                0x08002d30                DMA1_Channel6_IRQHandler
                0x08002d30                TIM3_IRQHandler
                0x08002d30                RCC_IRQHandler
                0x08002d30                TIM1_TRG_COM_IRQHandler
                0x08002d30                DMA1_Channel1_IRQHandler
                0x08002d30                Default_Handler
                0x08002d30                EXTI15_10_IRQHandler
                0x08002d30                EXTI9_5_IRQHandler
                0x08002d30                SPI2_IRQHandler
                0x08002d30                MemManage_Handler
                0x08002d30                SVC_Handler
                0x08002d30                DMA1_Channel5_IRQHandler
                0x08002d30                EXTI4_IRQHandler
                0x08002d30                USB_LP_CAN1_RX0_IRQHandler
                0x08002d30                USB_HP_CAN1_TX_IRQHandler
                0x08002d30                DMA1_Channel3_IRQHandler
                0x08002d30                TIM1_UP_IRQHandler
                0x08002d30                WWDG_IRQHandler
                0x08002d30                TIM2_IRQHandler
                0x08002d30                TIM1_BRK_IRQHandler
                0x08002d30                EXTI1_IRQHandler
                0x08002d30                RTCAlarm_IRQHandler
                0x08002d30                USART2_IRQHandler
                0x08002d30                I2C2_ER_IRQHandler
                0x08002d30                DMA1_Channel2_IRQHandler
                0x08002d30                CAN1_SCE_IRQHandler
                0x08002d30                FLASH_IRQHandler
                0x08002d30                BusFault_Handler
                0x08002d30                I2C1_ER_IRQHandler
                0x08002d30                USBWakeUp_IRQHandler
 .text          0x08002d44      0x3fc ..\obj\u8g_rect.o
                0x08002d44                u8g_draw_hline
                0x08002db8                u8g_draw_vline
                0x08002e2c                u8g_DrawHLine
                0x08002e58                u8g_DrawVLine
                0x08002e84                u8g_DrawFrame
                0x08002ee4                u8g_draw_box
                0x08002f10                u8g_DrawBox
                0x08002f44                u8g_DrawRFrame
                0x08003054                u8g_DrawRBox
 .text          0x08003140       0xfc ..\obj\RelayBoard.o
                0x08003140                RelayBoard::Init()
                0x080031b4                RelayBoard::SwitchRelay(RelayBoard::Relays, bool)
                0x08003218                RelayBoard::ResetToSafety()
 .text          0x0800323c        0x4 ..\obj\u8g_com_null.o
                0x0800323c                u8g_com_null_fn
 .text          0x08003240      0x100 ..\obj\EntController.o
                0x08003240                EntController::KeypadKeysPressed(unsigned short, bool)
                0x080032f8                EntController::EntController()
                0x080032f8                EntController::EntController()
                0x08003338                EntController::Init()
 .text          0x08003340      0x118 ..\obj\delay.o
                0x08003340                SysTick_Init
                0x08003394                TimeTick_Decrement
                0x080033a8                delay_setSysTick
                0x080033b4                delay_getSysTick
                0x080033c0                delay_sys_nus
                0x080033c4                delay_sys_1ms
                0x080033d8                delay_sys_nms
                0x080033f8                SysCtlDelay
                0x08003400                delay_nus
                0x08003414                delay_1ms
                0x0800342c                delay_nms
 .text          0x08003458       0xc8 ..\obj\ovc3860.o
                0x08003458                ovc3860_init
                0x08003460                ovc3860_playPause
                0x08003480                ovc3860_stop
                0x080034a0                ovc3860_playPrevious
                0x080034c0                ovc3860_playNext
                0x080034e0                ovc3860_volUp
                0x08003500                ovc3860_volDown
 .text          0x08003520      0x1cc ..\obj\u8g_arm_uart.o
                0x08003520                u8g_Delay
                0x0800355c                u8g_MicroDelay
                0x08003574                u8g_10MicroDelay
                0x08003594                init_UART3
                0x0800361c                UART_write_byte
                0x08003638                u8g_com_uart_fn
 .text          0x080036ec      0x104 ..\obj\u8g_line.o
                0x080036ec                u8g_DrawLine
 .text          0x080037f0      0x174 ..\obj\usart.o
                0x080037f0                USART1_Init
                0x080038a4                USART2_Init
                0x08003928                usart_string_append
                0x08003944                usart_clear_string
                0x08003950                usart_get_string
                0x08003958                usart_get_string_length
 .text          0x08003964      0x210 ..\obj\u8g_pb32h1.o
                0x08003964                u8g_pb32h1_Clear
                0x08003978                u8g_pb32h1_Init
                0x0800398c                u8g_pb32h1_set_pixel
                0x080039c4                u8g_pb32h1_SetPixel
                0x080039f0                u8g_pb32h1_Set8PixelStd
                0x08003a3c                u8g_pb32h1_Set8PixelOpt2
                0x08003aa0                u8g_dev_pb32h1_base_fn
 .text          0x08003b74      0x1d8 ..\obj\u8g_pb8h1.o
                0x08003b74                u8g_pb8h1_Init
                0x08003b7c                u8g_pb8h1_set_pixel
                0x08003bb4                u8g_pb8h1_SetPixel
                0x08003be0                u8g_pb8h1_Set8PixelStd
                0x08003c2c                u8g_pb8h1_Set8PixelOpt2
                0x08003c90                u8g_dev_pb8h1_base_fn
 .text          0x08003d4c       0x34 ..\obj\main.o
                0x08003d4c                SysTick_Handler
                0x08003d50                USART1_IRQHandler
 .text.startup  0x08003d80      0x210 ..\obj\main.o
                0x08003d80                main
 .text          0x08003f90      0x7ac ..\obj\SpaController.o
                0x08003f90                SpaController::SpaController()
                0x08003f90                SpaController::SpaController()
                0x08003fe0                SpaController::SwitchHeater(bool)
                0x08004034                SpaController::CheckTemp(float)
                0x080040b0                SpaController::IsWater()
                0x080040c8                SpaController::WriteFloatToDisplay(float, char)
                0x08004114                SpaController::Init()
                0x08004244                SpaController::IncrementTemp()
                0x08004274                SpaController::DecrementTemp()
                0x080042a4                SpaController::ToggleJets()
                0x080042e0                SpaController::ToggleGas()
                0x0800431c                SpaController::ToggleHeat()
                0x0800434c                SpaController::ToggleCirc()
                0x08004388                SpaController::ToggleLED1()
                0x080043b4                SpaController::ToggleLED2()
                0x080043e0                SpaController::SwitchOff()
                0x08004414                SpaController::Monitor()
                0x080045c4                SpaController::TogglePower()
                0x08004684                SpaController::KeypadKeysPressed(unsigned short, bool)
 .text          0x0800473c      0x414 ..\obj\stm32f10x_usart.o
                0x0800473c                USART_DeInit
                0x080047ec                USART_Init
                0x080048a8                USART_StructInit
                0x080048c0                USART_ClockInit
                0x080048e4                USART_ClockStructInit
                0x080048f0                USART_Cmd
                0x0800490c                USART_ITConfig
                0x08004948                USART_DMACmd
                0x0800495c                USART_SetAddress
                0x08004974                USART_WakeUpConfig
                0x0800498c                USART_ReceiverWakeUpCmd
                0x080049a8                USART_LINBreakDetectLengthConfig
                0x080049c0                USART_LINCmd
                0x080049dc                USART_SendData
                0x080049e4                USART_ReceiveData
                0x080049ec                USART_SendBreak
                0x080049f8                USART_SetGuardTime
                0x08004a0c                USART_SetPrescaler
                0x08004a20                USART_SmartCardCmd
                0x08004a3c                USART_SmartCardNACKCmd
                0x08004a58                USART_HalfDuplexCmd
                0x08004a74                USART_OverSampling8Cmd
                0x08004a90                USART_OneBitMethodCmd
                0x08004aac                USART_IrDAConfig
                0x08004ac4                USART_IrDACmd
                0x08004ae0                USART_GetFlagStatus
                0x08004aec                USART_ClearFlag
                0x08004af4                USART_GetITStatus
                0x08004b40                USART_ClearITPendingBit
 .text          0x08004b50      0xcd8 ..\obj\u8g_font.o
                0x08004b60                u8g_font_calc_vref_font
                0x08004b64                u8g_font_calc_vref_bottom
                0x08004b6c                u8g_font_calc_vref_top
                0x08004b78                u8g_font_calc_vref_center
                0x08004b90                u8g_font_get_char
                0x08004b94                u8g_font_get_charP
                0x08004bb0                u8g_font_GetCapitalAHeight
                0x08004bb4                u8g_font_GetEncoding65Pos
                0x08004bb8                u8g_font_GetEncoding97Pos
                0x08004bbc                u8g_font_GetFontStartEncoding
                0x08004bc0                u8g_font_GetFontEndEncoding
                0x08004bc4                u8g_font_GetLowerGDescent
                0x08004bcc                u8g_font_GetFontAscent
                0x08004bd4                u8g_font_GetFontDescent
                0x08004bdc                u8g_font_GetFontXAscent
                0x08004be4                u8g_font_GetFontXDescent
                0x08004bec                u8g_font_GetSize
                0x08004c48                u8g_GetFontBBXWidth
                0x08004c50                u8g_GetFontBBXHeight
                0x08004c58                u8g_GetFontBBXOffX
                0x08004c60                u8g_GetFontBBXOffY
                0x08004c68                u8g_GetFontCapitalAHeight
                0x08004c70                u8g_GetGlyph
                0x08004df0                u8g_IsGlyph
                0x08004e00                u8g_GetGlyphDeltaX
                0x08004e10                u8g_draw_glyph
                0x08004ec4                u8g_DrawGlyph
                0x08004ee8                u8g_draw_glyph90
                0x08004fa4                u8g_DrawGlyph90
                0x08004fc8                u8g_draw_glyph180
                0x08005090                u8g_DrawGlyph180
                0x080050b4                u8g_draw_glyph270
                0x08005170                u8g_DrawGlyph270
                0x08005194                u8g_DrawStr
                0x080051d8                u8g_DrawStr90
                0x0800521c                u8g_DrawStr180
                0x08005260                u8g_DrawStr270
                0x080052a4                u8g_DrawStrDir
                0x080052e0                u8g_DrawStrP
                0x08005324                u8g_DrawStr90P
                0x08005368                u8g_DrawStr180P
                0x080053ac                u8g_DrawStr270P
                0x080053f0                u8g_DrawStrFontBBX
                0x0800541c                u8g_DrawGlyphFontBBX
                0x08005448                u8g_UpdateRefHeight
                0x080054a0                u8g_SetFontRefHeightText
                0x080054ac                u8g_SetFontRefHeightExtendedText
                0x080054b8                u8g_SetFontRefHeightAll
                0x080054c4                u8g_SetFontLineSpacingFactor
                0x080054cc                u8g_SetFontPosBaseline
                0x080054d8                u8g_SetFontPosBottom
                0x080054e4                u8g_SetFontPosTop
                0x080054f0                u8g_SetFontPosCenter
                0x080054fc                u8g_font_calc_str_pixel_width
                0x08005554                u8g_GetStrPixelWidth
                0x08005560                u8g_GetStrPixelWidthP
                0x0800556c                u8g_GetStrX
                0x0800557c                u8g_GetStrXP
                0x0800558c                u8g_GetStrWidth
                0x080055b4                u8g_GetStrWidthP
                0x080055dc                u8g_font_box_min
                0x080055fc                u8g_font_box_left_gA
                0x08005600                u8g_font_box_all_gA
                0x08005604                u8g_GetStrMinBox
                0x08005664                u8g_GetStrAMinBox
                0x080056dc                u8g_SetFont
                0x080056f8                u8g_draw_aa_glyph
                0x080057ac                u8g_DrawAAGlyph
                0x080057d0                u8g_DrawAAStr
 .text          0x08005828       0x58 ..\obj\u8g_clip.o
                0x08005828                u8g_IsBBXIntersection
 .text          0x08005880       0xd8 ..\obj\LEDS.o
                0x08005880                LEDS::Init()
                0x080058f4                LEDS::SwitchLed(LEDS::Leds, bool)
 .text          0x08005958       0xc8 ..\obj\misc.o
                0x08005958                NVIC_PriorityGroupConfig
                0x0800596c                NVIC_Init
                0x080059dc                NVIC_SetVectorTable
                0x080059f0                NVIC_SystemLPConfig
                0x08005a08                SysTick_CLKSourceConfig
 .text          0x08005a20      0x42c ..\obj\stm32f10x_i2c.o
                0x08005a20                I2C_DeInit
                0x08005a5c                I2C_Init
                0x08005b40                I2C_StructInit
                0x08005b64                I2C_Cmd
                0x08005b80                I2C_DMACmd
                0x08005b9c                I2C_DMALastTransferCmd
                0x08005bb8                I2C_GenerateSTART
                0x08005bd4                I2C_GenerateSTOP
                0x08005bf0                I2C_AcknowledgeConfig
                0x08005c0c                I2C_OwnAddress2Config
                0x08005c20                I2C_DualAddressCmd
                0x08005c3c                I2C_GeneralCallCmd
                0x08005c58                I2C_ITConfig
                0x08005c6c                I2C_SendData
                0x08005c70                I2C_ReceiveData
                0x08005c78                I2C_Send7bitAddress
                0x08005c90                I2C_ReadRegister
                0x08005ca8                I2C_SoftwareResetCmd
                0x08005cc4                I2C_NACKPositionConfig
                0x08005ce4                I2C_SMBusAlertConfig
                0x08005d04                I2C_TransmitPEC
                0x08005d20                I2C_PECPositionConfig
                0x08005d40                I2C_CalculatePEC
                0x08005d5c                I2C_GetPEC
                0x08005d64                I2C_ARPCmd
                0x08005d80                I2C_StretchClockCmd
                0x08005d9c                I2C_FastModeDutyCycleConfig
                0x08005dbc                I2C_CheckEvent
                0x08005dd8                I2C_GetLastEvent
                0x08005de8                I2C_GetFlagStatus
                0x08005e20                I2C_ClearFlag
                0x08005e28                I2C_GetITStatus
                0x08005e44                I2C_ClearITPendingBit
 .text          0x08005e4c      0x15c ..\obj\system_stm32f10x.o
                0x08005e4c                SystemInit
                0x08005f50                SystemCoreClockUpdate
 .text          0x08005fa8      0x2e8 ..\obj\u8g_circle.o
                0x08006118                u8g_draw_circle
                0x0800618c                u8g_DrawCircle
                0x080061d4                u8g_draw_disc
                0x08006248                u8g_DrawDisc
 .text._ZN10__cxxabiv120__si_class_type_infoD2Ev
                0x08006290       0x14 C:\Program Files (x86)\GNU Tools ARM Embedded\4.9 2015q3\arm-none-eabi\lib\armv7-m\libstdc++_nano.a(si_class_type_info.o)
                0x08006290                __cxxabiv1::__si_class_type_info::~__si_class_type_info()
                0x08006290                __cxxabiv1::__si_class_type_info::~__si_class_type_info()
 .text._ZN10__cxxabiv120__si_class_type_infoD0Ev
                0x080062a4       0x12 C:\Program Files (x86)\GNU Tools ARM Embedded\4.9 2015q3\arm-none-eabi\lib\armv7-m\libstdc++_nano.a(si_class_type_info.o)
                0x080062a4                __cxxabiv1::__si_class_type_info::~__si_class_type_info()
 .text._ZNK10__cxxabiv120__si_class_type_info20__do_find_public_srcEiPKvPKNS_17__class_type_infoES2_
                0x080062b6       0x38 C:\Program Files (x86)\GNU Tools ARM Embedded\4.9 2015q3\arm-none-eabi\lib\armv7-m\libstdc++_nano.a(si_class_type_info.o)
                0x080062b6                __cxxabiv1::__si_class_type_info::__do_find_public_src(int, void const*, __cxxabiv1::__class_type_info const*, void const*) const
 .text._ZNK10__cxxabiv120__si_class_type_info12__do_dyncastEiNS_17__class_type_info10__sub_kindEPKS1_PKvS4_S6_RNS1_16__dyncast_resultE
                0x080062ee       0x7c C:\Program Files (x86)\GNU Tools ARM Embedded\4.9 2015q3\arm-none-eabi\lib\armv7-m\libstdc++_nano.a(si_class_type_info.o)
                0x080062ee                __cxxabiv1::__si_class_type_info::__do_dyncast(int, __cxxabiv1::__class_type_info::__sub_kind, __cxxabiv1::__class_type_info const*, void const*, __cxxabiv1::__class_type_info const*, void const*, __cxxabiv1::__class_type_info::__dyncast_result&) const
 .text._ZNK10__cxxabiv120__si_class_type_info11__do_upcastEPKNS_17__class_type_infoEPKvRNS1_15__upcast_resultE
                0x0800636a       0x2a C:\Program Files (x86)\GNU Tools ARM Embedded\4.9 2015q3\arm-none-eabi\lib\armv7-m\libstdc++_nano.a(si_class_type_info.o)
                0x0800636a                __cxxabiv1::__si_class_type_info::__do_upcast(__cxxabiv1::__class_type_info const*, void const*, __cxxabiv1::__class_type_info::__upcast_result&) const
 .text._ZNSt9type_infoD2Ev
                0x08006394        0x2 C:\Program Files (x86)\GNU Tools ARM Embedded\4.9 2015q3\arm-none-eabi\lib\armv7-m\libstdc++_nano.a(tinfo.o)
                0x08006394                std::type_info::~type_info()
                0x08006394                std::type_info::~type_info()
 .text._ZNKSt9type_info14__is_pointer_pEv
                0x08006396        0x4 C:\Program Files (x86)\GNU Tools ARM Embedded\4.9 2015q3\arm-none-eabi\lib\armv7-m\libstdc++_nano.a(tinfo.o)
                0x08006396                std::type_info::__is_pointer_p() const
 .text._ZNKSt9type_info15__is_function_pEv
                0x0800639a        0x4 C:\Program Files (x86)\GNU Tools ARM Embedded\4.9 2015q3\arm-none-eabi\lib\armv7-m\libstdc++_nano.a(tinfo.o)
                0x0800639a                std::type_info::__is_function_p() const
 .text._ZNKSt9type_infoeqERKS_
                0x0800639e       0x2c C:\Program Files (x86)\GNU Tools ARM Embedded\4.9 2015q3\arm-none-eabi\lib\armv7-m\libstdc++_nano.a(tinfo.o)
                0x0800639e                std::type_info::operator==(std::type_info const&) const
 .text._ZNK10__cxxabiv117__class_type_info11__do_upcastEPKS0_PPv
                0x080063ca       0x34 C:\Program Files (x86)\GNU Tools ARM Embedded\4.9 2015q3\arm-none-eabi\lib\armv7-m\libstdc++_nano.a(class_type_info.o)
                0x080063ca                __cxxabiv1::__class_type_info::__do_upcast(__cxxabiv1::__class_type_info const*, void**) const
 .text._ZNK10__cxxabiv117__class_type_info20__do_find_public_srcEiPKvPKS0_S2_
                0x080063fe        0xc C:\Program Files (x86)\GNU Tools ARM Embedded\4.9 2015q3\arm-none-eabi\lib\armv7-m\libstdc++_nano.a(class_type_info.o)
                0x080063fe                __cxxabiv1::__class_type_info::__do_find_public_src(int, void const*, __cxxabiv1::__class_type_info const*, void const*) const
 *fill*         0x0800640a        0x2 
 .text._ZN10__cxxabiv117__class_type_infoD2Ev
                0x0800640c       0x14 C:\Program Files (x86)\GNU Tools ARM Embedded\4.9 2015q3\arm-none-eabi\lib\armv7-m\libstdc++_nano.a(class_type_info.o)
                0x0800640c                __cxxabiv1::__class_type_info::~__class_type_info()
                0x0800640c                __cxxabiv1::__class_type_info::~__class_type_info()
 .text._ZN10__cxxabiv117__class_type_infoD0Ev
                0x08006420       0x12 C:\Program Files (x86)\GNU Tools ARM Embedded\4.9 2015q3\arm-none-eabi\lib\armv7-m\libstdc++_nano.a(class_type_info.o)
                0x08006420                __cxxabiv1::__class_type_info::~__class_type_info()
 .text._ZNK10__cxxabiv117__class_type_info11__do_upcastEPKS0_PKvRNS0_15__upcast_resultE
                0x08006432       0x18 C:\Program Files (x86)\GNU Tools ARM Embedded\4.9 2015q3\arm-none-eabi\lib\armv7-m\libstdc++_nano.a(class_type_info.o)
                0x08006432                __cxxabiv1::__class_type_info::__do_upcast(__cxxabiv1::__class_type_info const*, void const*, __cxxabiv1::__class_type_info::__upcast_result&) const
 .text._ZNK10__cxxabiv117__class_type_info10__do_catchEPKSt9type_infoPPvj
                0x0800644a       0x2a C:\Program Files (x86)\GNU Tools ARM Embedded\4.9 2015q3\arm-none-eabi\lib\armv7-m\libstdc++_nano.a(class_type_info.o)
                0x0800644a                __cxxabiv1::__class_type_info::__do_catch(std::type_info const*, void**, unsigned int) const
 .text._ZNK10__cxxabiv117__class_type_info12__do_dyncastEiNS0_10__sub_kindEPKS0_PKvS3_S5_RNS0_16__dyncast_resultE
                0x08006474       0x38 C:\Program Files (x86)\GNU Tools ARM Embedded\4.9 2015q3\arm-none-eabi\lib\armv7-m\libstdc++_nano.a(class_type_info.o)
                0x08006474                __cxxabiv1::__class_type_info::__do_dyncast(int, __cxxabiv1::__class_type_info::__sub_kind, __cxxabiv1::__class_type_info const*, void const*, __cxxabiv1::__class_type_info const*, void const*, __cxxabiv1::__class_type_info::__dyncast_result&) const
 .text.__cxa_guard_acquire
                0x080064ac       0x18 C:\Program Files (x86)\GNU Tools ARM Embedded\4.9 2015q3\arm-none-eabi\lib\armv7-m\libstdc++_nano.a(guard.o)
                0x080064ac                __cxa_guard_acquire
 .text.__cxa_guard_release
                0x080064c4        0x6 C:\Program Files (x86)\GNU Tools ARM Embedded\4.9 2015q3\arm-none-eabi\lib\armv7-m\libstdc++_nano.a(guard.o)
                0x080064c4                __cxa_guard_release
 .text._ZdlPv   0x080064ca        0x4 C:\Program Files (x86)\GNU Tools ARM Embedded\4.9 2015q3\arm-none-eabi\lib\armv7-m\libstdc++_nano.a(del_op.o)
                0x080064ca                operator delete(void*)
 *fill*         0x080064ce        0x2 
 .text          0x080064d0      0x370 c:/program files (x86)/gnu tools arm embedded/4.9 2015q3/bin/../lib/gcc/arm-none-eabi/4.9.3/armv7-m\libgcc.a(_arm_addsubdf3.o)
                0x080064d0                __aeabi_drsub
                0x080064d8                __aeabi_dsub
                0x080064d8                __subdf3
                0x080064dc                __aeabi_dadd
                0x080064dc                __adddf3
                0x08006754                __floatunsidf
                0x08006754                __aeabi_ui2d
                0x08006774                __floatsidf
                0x08006774                __aeabi_i2d
                0x08006798                __aeabi_f2d
                0x08006798                __extendsfdf2
                0x080067d4                __floatundidf
                0x080067d4                __aeabi_ul2d
                0x080067e4                __floatdidf
                0x080067e4                __aeabi_l2d
 .text          0x08006840      0x424 c:/program files (x86)/gnu tools arm embedded/4.9 2015q3/bin/../lib/gcc/arm-none-eabi/4.9.3/armv7-m\libgcc.a(_arm_muldivdf3.o)
                0x08006840                __aeabi_dmul
                0x08006840                __muldf3
                0x08006a94                __divdf3
                0x08006a94                __aeabi_ddiv
 .text          0x08006c64       0x50 c:/program files (x86)/gnu tools arm embedded/4.9 2015q3/bin/../lib/gcc/arm-none-eabi/4.9.3/armv7-m\libgcc.a(_arm_fixdfsi.o)
                0x08006c64                __aeabi_d2iz
                0x08006c64                __fixdfsi
 .text          0x08006cb4       0xa0 c:/program files (x86)/gnu tools arm embedded/4.9 2015q3/bin/../lib/gcc/arm-none-eabi/4.9.3/armv7-m\libgcc.a(_arm_truncdfsf2.o)
                0x08006cb4                __truncdfsf2
                0x08006cb4                __aeabi_d2f
 .text          0x08006d54      0x21c c:/program files (x86)/gnu tools arm embedded/4.9 2015q3/bin/../lib/gcc/arm-none-eabi/4.9.3/armv7-m\libgcc.a(_arm_addsubsf3.o)
                0x08006d54                __aeabi_frsub
                0x08006d5c                __subsf3
                0x08006d5c                __aeabi_fsub
                0x08006d60                __aeabi_fadd
                0x08006d60                __addsf3
                0x08006ec0                __aeabi_ui2f
                0x08006ec0                __floatunsisf
                0x08006ec8                __aeabi_i2f
                0x08006ec8                __floatsisf
                0x08006ee4                __aeabi_ul2f
                0x08006ee4                __floatundisf
                0x08006ef4                __aeabi_l2f
                0x08006ef4                __floatdisf
 .text          0x08006f70      0x2a0 c:/program files (x86)/gnu tools arm embedded/4.9 2015q3/bin/../lib/gcc/arm-none-eabi/4.9.3/armv7-m\libgcc.a(_arm_muldivsf3.o)
                0x08006f70                __mulsf3
                0x08006f70                __aeabi_fmul
                0x080070d8                __aeabi_fdiv
                0x080070d8                __divsf3
 .text          0x08007210       0xec c:/program files (x86)/gnu tools arm embedded/4.9 2015q3/bin/../lib/gcc/arm-none-eabi/4.9.3/armv7-m\libgcc.a(_arm_cmpsf2.o)
                0x08007210                __gesf2
                0x08007210                __gtsf2
                0x08007218                __lesf2
                0x08007218                __ltsf2
                0x08007220                __nesf2
                0x08007220                __eqsf2
                0x08007220                __cmpsf2
                0x08007280                __aeabi_cfrcmple
                0x08007288                __aeabi_cfcmpeq
                0x08007288                __aeabi_cfcmple
                0x08007298                __aeabi_fcmpeq
                0x080072ac                __aeabi_fcmplt
                0x080072c0                __aeabi_fcmple
                0x080072d4                __aeabi_fcmpge
                0x080072e8                __aeabi_fcmpgt
 .text          0x080072fc       0x4c c:/program files (x86)/gnu tools arm embedded/4.9 2015q3/bin/../lib/gcc/arm-none-eabi/4.9.3/armv7-m\libgcc.a(_arm_fixsfsi.o)
                0x080072fc                __aeabi_f2iz
                0x080072fc                __fixsfsi
 .text          0x08007348       0x40 c:/program files (x86)/gnu tools arm embedded/4.9 2015q3/bin/../lib/gcc/arm-none-eabi/4.9.3/armv7-m\libgcc.a(_arm_fixunssfsi.o)
                0x08007348                __fixunssfsi
                0x08007348                __aeabi_f2uiz
 .text          0x08007388      0xa54 c:/program files (x86)/gnu tools arm embedded/4.9 2015q3/bin/../lib/gcc/arm-none-eabi/4.9.3/armv7-m\libgcc.a(unwind-arm.o)
                0x08007668                _Unwind_GetCFA
                0x0800766c                __gnu_Unwind_RaiseException
                0x080076cc                __gnu_Unwind_ForcedUnwind
                0x080076e0                __gnu_Unwind_Resume
                0x08007724                __gnu_Unwind_Resume_or_Rethrow
                0x08007738                _Unwind_Complete
                0x0800773c                _Unwind_DeleteException
                0x08007748                _Unwind_VRS_Get
                0x08007798                _Unwind_VRS_Set
                0x080077e8                __gnu_Unwind_Backtrace
                0x08007b2c                __aeabi_unwind_cpp_pr0
                0x08007b30                __aeabi_unwind_cpp_pr1
                0x08007b34                __aeabi_unwind_cpp_pr2
                0x08007b38                _Unwind_VRS_Pop
 .text          0x08007ddc      0x1ac c:/program files (x86)/gnu tools arm embedded/4.9 2015q3/bin/../lib/gcc/arm-none-eabi/4.9.3/armv7-m\libgcc.a(libunwind.o)
                0x08007ddc                __restore_core_regs
                0x08007ddc                restore_core_regs
                0x08007df4                __gnu_Unwind_Restore_VFP
                0x08007dfc                __gnu_Unwind_Save_VFP
                0x08007e04                __gnu_Unwind_Restore_VFP_D
                0x08007e0c                __gnu_Unwind_Save_VFP_D
                0x08007e14                __gnu_Unwind_Restore_VFP_D_16_to_31
                0x08007e1c                __gnu_Unwind_Save_VFP_D_16_to_31
                0x08007e24                __gnu_Unwind_Restore_WMMXD
                0x08007e68                __gnu_Unwind_Save_WMMXD
                0x08007eac                __gnu_Unwind_Restore_WMMXC
                0x08007ec0                __gnu_Unwind_Save_WMMXC
                0x08007ed4                ___Unwind_RaiseException
                0x08007ed4                _Unwind_RaiseException
                0x08007ef8                _Unwind_Resume
                0x08007ef8                ___Unwind_Resume
                0x08007f1c                _Unwind_Resume_or_Rethrow
                0x08007f1c                ___Unwind_Resume_or_Rethrow
                0x08007f40                _Unwind_ForcedUnwind
                0x08007f40                ___Unwind_ForcedUnwind
                0x08007f64                ___Unwind_Backtrace
                0x08007f64                _Unwind_Backtrace
 .text          0x08007f88      0x37c c:/program files (x86)/gnu tools arm embedded/4.9 2015q3/bin/../lib/gcc/arm-none-eabi/4.9.3/armv7-m\libgcc.a(pr-support.o)
                0x08007fe0                __gnu_unwind_execute
                0x080082ac                __gnu_unwind_frame
                0x080082d4                _Unwind_GetRegionStart
                0x080082e0                _Unwind_GetLanguageSpecificData
                0x080082f4                _Unwind_GetDataRelBase
                0x080082fc                _Unwind_GetTextRelBase
 .text.free     0x08008304       0x10 C:\Program Files (x86)\GNU Tools ARM Embedded\4.9 2015q3\arm-none-eabi\lib\armv7-m\libg.a(lib_a-malloc.o)
                0x08008304                free
 .text          0x08008314       0xec C:\Program Files (x86)\GNU Tools ARM Embedded\4.9 2015q3\arm-none-eabi\lib\armv7-m\libg.a(lib_a-memcpy.o)
                0x08008314                memcpy
 .text.memset   0x08008400       0x9c C:\Program Files (x86)\GNU Tools ARM Embedded\4.9 2015q3\arm-none-eabi\lib\armv7-m\libg.a(lib_a-memset.o)
                0x08008400                memset
 .text.__malloc_lock
                0x0800849c        0x4 C:\Program Files (x86)\GNU Tools ARM Embedded\4.9 2015q3\arm-none-eabi\lib\armv7-m\libg.a(lib_a-mlock.o)
                0x0800849c                __malloc_lock
 .text.__malloc_unlock
                0x080084a0        0x4 C:\Program Files (x86)\GNU Tools ARM Embedded\4.9 2015q3\arm-none-eabi\lib\armv7-m\libg.a(lib_a-mlock.o)
                0x080084a0                __malloc_unlock
 .text._sbrk_r  0x080084a4       0x24 C:\Program Files (x86)\GNU Tools ARM Embedded\4.9 2015q3\arm-none-eabi\lib\armv7-m\libg.a(lib_a-sbrkr.o)
                0x080084a4                _sbrk_r
 .text.strlen   0x080084c8       0x5c C:\Program Files (x86)\GNU Tools ARM Embedded\4.9 2015q3\arm-none-eabi\lib\armv7-m\libg.a(lib_a-strlen.o)
                0x080084c8                strlen
 .text._malloc_trim_r
                0x08008524       0x9c C:\Program Files (x86)\GNU Tools ARM Embedded\4.9 2015q3\arm-none-eabi\lib\armv7-m\libg.a(lib_a-freer.o)
                0x08008524                _malloc_trim_r
 .text._free_r  0x080085c0      0x1b0 C:\Program Files (x86)\GNU Tools ARM Embedded\4.9 2015q3\arm-none-eabi\lib\armv7-m\libg.a(lib_a-freer.o)
                0x080085c0                _free_r
 *(.init)
 *(.fini)
 *crtbegin.o(.ctors)
 *crtbegin?.o(.ctors)
 *(EXCLUDE_FILE(*crtend.o *crtend?.o) .ctors)
 *(SORT(.ctors.*))
 *(.ctors)
 *crtbegin.o(.dtors)
 *crtbegin?.o(.dtors)
 *(EXCLUDE_FILE(*crtend.o *crtend?.o) .dtors)
 *(SORT(.dtors.*))
 *(.dtors)
 *(.rodata*)
 .rodata.str1.4
                0x08008770       0x24 ..\obj\printf.o
 .rodata        0x08008794       0x17 ..\obj\u8g_dev_st7920_128x64.o
 *fill*         0x080087ab        0x1 
 .rodata.str1.4
                0x080087ac       0x18 ..\obj\Display.o
 .rodata.str1.4
                0x080087c4       0x11 ..\obj\Keypad.o
 *fill*         0x080087d5        0x3 
 .rodata        0x080087d8       0xb0 ..\obj\mcp23017.o
                0x080087d8                mcp23017::IOCON_AB
                0x080087e8                mcp23017::IODIR_AB
                0x080087f8                mcp23017::GPPU_AB
                0x08008808                mcp23017::GPINTEN_AB
                0x08008818                mcp23017::DEFVAL_AB
                0x08008828                mcp23017::INTCON_AB
                0x08008838                mcp23017::OLAT_AB
                0x08008848                mcp23017::GPIO_AB
                0x08008858                mcp23017::INTCAP_AB
                0x08008868                mcp23017::INTF_AB
                0x08008878                mcp23017::IPOL_AB
 .rodata.str1.4
                0x08008888       0xa9 ..\obj\RelayBoard.o
 *fill*         0x08008931        0x3 
 .rodata        0x08008934     0x2e79 ..\obj\u8g_fonts.o
                0x08008934                u8g_font_unifont_0_8
                0x080099c4                u8g_font_7x13
                0x0800a234                u8g_font_6x12
                0x0800a9c4                u8g_font_6x10
                0x0800b110                u8g_font_5x8
 *fill*         0x0800b7ad        0x3 
 .rodata._ZTI15KeypadInterrupt
                0x0800b7b0        0x8 ..\obj\EntController.o
                0x0800b7b0                typeinfo for KeypadInterrupt
 .rodata._ZTS15KeypadInterrupt
                0x0800b7b8       0x12 ..\obj\EntController.o
                0x0800b7b8                typeinfo name for KeypadInterrupt
 *fill*         0x0800b7ca        0x6 
 .rodata        0x0800b7d0       0x28 ..\obj\EntController.o
                0x0800b7d0                vtable for EntController
                0x0800b7dc                typeinfo name for EntController
                0x0800b7ec                typeinfo for EntController
 .rodata.str1.4
                0x0800b7f8       0x33 ..\obj\EntController.o
 *fill*         0x0800b82b        0x1 
 .rodata.str1.4
                0x0800b82c       0x30 ..\obj\ovc3860.o
 .rodata.str1.4
                0x0800b85c       0xca ..\obj\main.o
 *fill*         0x0800b926        0x2 
 .rodata        0x0800b928       0x28 ..\obj\SpaController.o
                0x0800b928                vtable for SpaController
                0x0800b934                typeinfo name for SpaController
                0x0800b944                typeinfo for SpaController
 .rodata.str1.4
                0x0800b950       0xb1 ..\obj\SpaController.o
 *fill*         0x0800ba01        0x3 
 .rodata.str1.4
                0x0800ba04       0x6c ..\obj\LEDS.o
                                 0x99 (size before relaxing)
 .rodata._ZTVN10__cxxabiv120__si_class_type_infoE
                0x0800ba70       0x2c C:\Program Files (x86)\GNU Tools ARM Embedded\4.9 2015q3\arm-none-eabi\lib\armv7-m\libstdc++_nano.a(si_class_type_info.o)
                0x0800ba70                vtable for __cxxabiv1::__si_class_type_info
 .rodata._ZTIN10__cxxabiv120__si_class_type_infoE
                0x0800ba9c        0xc C:\Program Files (x86)\GNU Tools ARM Embedded\4.9 2015q3\arm-none-eabi\lib\armv7-m\libstdc++_nano.a(si_class_type_info.o)
                0x0800ba9c                typeinfo for __cxxabiv1::__si_class_type_info
 .rodata._ZTSN10__cxxabiv120__si_class_type_infoE
                0x0800baa8       0x25 C:\Program Files (x86)\GNU Tools ARM Embedded\4.9 2015q3\arm-none-eabi\lib\armv7-m\libstdc++_nano.a(si_class_type_info.o)
                0x0800baa8                typeinfo name for __cxxabiv1::__si_class_type_info
 *fill*         0x0800bacd        0x3 
 .rodata._ZTISt9type_info
                0x0800bad0        0x8 C:\Program Files (x86)\GNU Tools ARM Embedded\4.9 2015q3\arm-none-eabi\lib\armv7-m\libstdc++_nano.a(tinfo.o)
                0x0800bad0                typeinfo for std::type_info
 .rodata._ZTSSt9type_info
                0x0800bad8        0xd C:\Program Files (x86)\GNU Tools ARM Embedded\4.9 2015q3\arm-none-eabi\lib\armv7-m\libstdc++_nano.a(tinfo.o)
                0x0800bad8                typeinfo name for std::type_info
 *fill*         0x0800bae5        0x3 
 .rodata._ZTVN10__cxxabiv117__class_type_infoE
                0x0800bae8       0x2c C:\Program Files (x86)\GNU Tools ARM Embedded\4.9 2015q3\arm-none-eabi\lib\armv7-m\libstdc++_nano.a(class_type_info.o)
                0x0800bae8                vtable for __cxxabiv1::__class_type_info
 .rodata._ZTIN10__cxxabiv117__class_type_infoE
                0x0800bb14        0xc C:\Program Files (x86)\GNU Tools ARM Embedded\4.9 2015q3\arm-none-eabi\lib\armv7-m\libstdc++_nano.a(class_type_info.o)
                0x0800bb14                typeinfo for __cxxabiv1::__class_type_info
 .rodata._ZTSN10__cxxabiv117__class_type_infoE
                0x0800bb20       0x22 C:\Program Files (x86)\GNU Tools ARM Embedded\4.9 2015q3\arm-none-eabi\lib\armv7-m\libstdc++_nano.a(class_type_info.o)
                0x0800bb20                typeinfo name for __cxxabiv1::__class_type_info
 *(.eh_fram e*)

.glue_7         0x0800bb44        0x0
 .glue_7        0x00000000        0x0 linker stubs

.glue_7t        0x0800bb44        0x0
 .glue_7t       0x00000000        0x0 linker stubs

.vfp11_veneer   0x0800bb44        0x0
 .vfp11_veneer  0x00000000        0x0 linker stubs

.v4_bx          0x0800bb44        0x0
 .v4_bx         0x00000000        0x0 linker stubs

.iplt           0x0800bb44        0x0
 .iplt          0x00000000        0x0 ..\obj\u8g_dev_uc1611_dogxl240.o

.ARM.extab      0x0800bb44       0x30
 *(.ARM.extab* .gnu.linkonce.armextab.*)
 .ARM.extab     0x0800bb44        0xc ..\obj\main.o
 .ARM.extab     0x0800bb50        0xc ..\obj\SpaController.o
 .ARM.extab     0x0800bb5c       0x18 c:/program files (x86)/gnu tools arm embedded/4.9 2015q3/bin/../lib/gcc/arm-none-eabi/4.9.3/armv7-m\libgcc.a(pr-support.o)
                0x0800bb74                __exidx_start = .

.ARM.exidx      0x0800bb74      0x278
 *(.ARM.exidx* .gnu.linkonce.armexidx.*)
 .ARM.exidx     0x0800bb74       0x70 ..\obj\DS18B20.o
                                 0xa0 (size before relaxing)
 .ARM.exidx     0x0800bbe4       0x48 ..\obj\Display.o
                                 0xc8 (size before relaxing)
 .ARM.exidx     0x0800bc2c       0x28 ..\obj\Keypad.o
 .ARM.exidx     0x0800bc54       0x48 ..\obj\mcp23017.o
                                 0x70 (size before relaxing)
 .ARM.exidx     0x0800bc9c       0x20 ..\obj\RelayBoard.o
                                 0x18 (size before relaxing)
 .ARM.exidx     0x0800bcbc        0x0 ..\obj\EntController.o
                                 0x18 (size before relaxing)
 .ARM.exidx.text.startup
                0x0800bcc4        0x8 ..\obj\main.o
 .ARM.exidx     0x0800bcbc        0x8 ..\obj\main.o
                                 0x10 (size before relaxing)
 .ARM.exidx     0x0800bccc       0x58 ..\obj\SpaController.o
                                 0x90 (size before relaxing)
 .ARM.exidx     0x0800bd24       0x18 ..\obj\LEDS.o
                                 0x10 (size before relaxing)
 .ARM.exidx     0x0800bd3c       0x78 c:/program files (x86)/gnu tools arm embedded/4.9 2015q3/bin/../lib/gcc/arm-none-eabi/4.9.3/armv7-m\libgcc.a(unwind-arm.o)
                                 0xd8 (size before relaxing)
 .ARM.exidx     0x0800bdb4       0x38 c:/program files (x86)/gnu tools arm embedded/4.9 2015q3/bin/../lib/gcc/arm-none-eabi/4.9.3/armv7-m\libgcc.a(pr-support.o)
                                 0x48 (size before relaxing)
                0x0800bdec                __exidx_end = .
                0x0800bdec                __etext = .
                0x0800bdec                _sidata = __etext

.rel.dyn        0x0800bdec        0x0
 .rel.iplt      0x00000000        0x0 ..\obj\u8g_dev_uc1611_dogxl240.o

.data           0x20000000      0x91c load address 0x0800bdec
                0x20000000                __data_start__ = .
                0x20000000                _sdata = __data_start__
 *(vtable)
 *(.data*)
 .data          0x20000000      0x430 ..\obj\printf.o
                0x20000000                outputUart
                0x20000004                _impure_ptr
                0x20000008                r
 .data          0x20000430       0x9c ..\obj\u8g_dev_st7920_128x64.o
                0x20000430                u8g_dev_st7920_128x64_4x_custom
                0x2000043c                u8g_dev_st7920_128x64_4x_8bit
                0x20000448                u8g_dev_st7920_128x64_4x_hw_spi
                0x20000454                u8g_dev_st7920_128x64_4x_sw_spi
                0x20000460                u8g_dev_st7920_128x64_4x_pb
                0x2000046c                u8g_dev_st7920_128x64_custom
                0x20000478                u8g_dev_st7920_128x64_custom_pb
                0x20000484                u8g_dev_st7920_128x64_8bit
                0x20000490                u8g_dev_st7920_128x64_8bit_pb
                0x2000049c                u8g_dev_st7920_128x64_hw_spi
                0x200004a8                u8g_dev_st7920_128x64_hw_spi_pb
                0x200004b4                u8g_dev_st7920_128x64_sw_spi
                0x200004c0                u8g_dev_st7920_128x64_sw_spi_pb
 .data          0x200004cc       0x14 ..\obj\stm32f10x_rcc.o
 .data          0x200004e0       0x18 ..\obj\ovc3860.o
                0x200004e0                ovc3860_AT_PLAYPAUSE
                0x200004e4                ovc3860_AT_STOP
                0x200004e8                ovc3860_AT_PREVIOUS
                0x200004ec                ovc3860_AT_NEXT
                0x200004f0                ovc3860_AT_VOLUP
                0x200004f4                ovc3860_AT_VOLDOWN
 .data          0x200004f8       0x14 ..\obj\system_stm32f10x.o
                0x200004f8                AHBPrescTable
                0x20000508                SystemCoreClock
 .data.__malloc_av_
                0x2000050c      0x408 C:\Program Files (x86)\GNU Tools ARM Embedded\4.9 2015q3\arm-none-eabi\lib\armv7-m\libg.a(lib_a-mallocr.o)
                0x2000050c                __malloc_av_
 .data.__malloc_trim_threshold
                0x20000914        0x4 C:\Program Files (x86)\GNU Tools ARM Embedded\4.9 2015q3\arm-none-eabi\lib\armv7-m\libg.a(lib_a-mallocr.o)
                0x20000914                __malloc_trim_threshold
 .data.__malloc_sbrk_base
                0x20000918        0x4 C:\Program Files (x86)\GNU Tools ARM Embedded\4.9 2015q3\arm-none-eabi\lib\armv7-m\libg.a(lib_a-mallocr.o)
                0x20000918                __malloc_sbrk_base
                0x2000091c                . = ALIGN (0x4)
                0x2000091c                PROVIDE (__preinit_array_start, .)
 *(.preinit_array)
                0x2000091c                PROVIDE (__preinit_array_end, .)
                0x2000091c                . = ALIGN (0x4)
                0x2000091c                PROVIDE (__init_array_start, .)
 *(SORT(.init_array.*))
 *(.init_array)
                0x2000091c                PROVIDE (__init_array_end, .)
                0x2000091c                . = ALIGN (0x4)
                0x2000091c                PROVIDE (__fini_array_start, .)
 *(SORT(.fini_array.*))
 *(.fini_array)
                0x2000091c                PROVIDE (__fini_array_end, .)
 *(.jcr*)
                0x2000091c                . = ALIGN (0x4)
                0x2000091c                __data_end__ = .
                0x2000091c                _edata = __data_end__

.igot.plt       0x2000091c        0x0 load address 0x0800c708
 .igot.plt      0x00000000        0x0 ..\obj\u8g_dev_uc1611_dogxl240.o

.bss            0x2000091c      0x840 load address 0x0800c708
                0x2000091c                . = ALIGN (0x4)
                0x2000091c                __bss_start__ = .
                0x2000091c                _sbss = __bss_start__
 *(.bss*)
 .bss           0x2000091c        0x4 ..\obj\syscalls.o
 .bss           0x20000920      0x400 ..\obj\u8g_dev_st7920_128x64.o
                0x20000920                u8g_dev_st7920_128x64_4x_buf
                0x20000b20                u8g_dev_st7920_128x64_custom_buf
                0x20000ba0                u8g_dev_st7920_128x64_8bit_buf
                0x20000c20                u8g_dev_st7920_128x64_hw_spi_buf
                0x20000ca0                u8g_dev_st7920_128x64_sw_spi_buf
 .bss           0x20000d20        0x4 ..\obj\DS18B20.o
                0x20000d20                DS18B20::ulHclk
 .bss._ZZN10RelayBoard11getInstanceEvE8instance
                0x20000d24       0x20 ..\obj\EntController.o
                0x20000d24                RelayBoard::getInstance()::instance
 .bss._ZZN6Keypad11getInstanceEvE8instance
                0x20000d44       0x60 ..\obj\EntController.o
                0x20000d44                Keypad::getInstance()::instance
 .bss._ZGVZN6Keypad11getInstanceEvE8instance
                0x20000da4        0x4 ..\obj\EntController.o
                0x20000da4                guard variable for Keypad::getInstance()::instance
 .bss           0x20000da8        0x8 ..\obj\delay.o
 .bss           0x20000db0        0x5 ..\obj\u8g_arm_uart.o
                0x20000db4                control
 *fill*         0x20000db5        0x3 
 .bss           0x20000db8        0x4 ..\obj\usart.o
                0x20000db8                received_count
 .bss           0x20000dbc       0x56 ..\obj\main.o
                0x20000dbc                iChannel
                0x20000dc0                chChannel
                0x20000dc8                si4703_PSNvalid
                0x20000dcc                si4703_programServiceName
                0x20000dd6                bStereo
                0x20000dd8                iStrength
                0x20000ddc                si4703_registers
                0x20000dfc                si4703_PSName2
                0x20000e08                si4703_PSName1
 *fill*         0x20000e12        0x2 
 .bss._ZZN7Display11getInstanceEvE8instance
                0x20000e14      0x104 ..\obj\main.o
                0x20000e14                Display::getInstance()::instance
 .bss._ZZN4LEDS11getInstanceEvE8instance
                0x20000f18       0x20 ..\obj\main.o
                0x20000f18                LEDS::getInstance()::instance
 .bss.__malloc_top_pad
                0x20000f38        0x4 C:\Program Files (x86)\GNU Tools ARM Embedded\4.9 2015q3\arm-none-eabi\lib\armv7-m\libg.a(lib_a-mallocr.o)
                0x20000f38                __malloc_top_pad
 .bss.__malloc_current_mallinfo
                0x20000f3c       0x28 C:\Program Files (x86)\GNU Tools ARM Embedded\4.9 2015q3\arm-none-eabi\lib\armv7-m\libg.a(lib_a-mallocr.o)
                0x20000f3c                __malloc_current_mallinfo
 *(COMMON)
 COMMON         0x20000f64      0x1f4 ..\obj\usart.o
                0x20000f64                received_string
 COMMON         0x20001158        0x4 C:\Program Files (x86)\GNU Tools ARM Embedded\4.9 2015q3\arm-none-eabi\lib\armv7-m\libg.a(lib_a-reent.o)
                0x20001158                errno
                0x2000115c                . = ALIGN (0x4)
                0x2000115c                __bss_end__ = .
                0x2000115c                _ebss = __bss_end__

.heap           0x2000115c        0x0
                0x2000115c                __end__ = .
                0x2000115c                _end = __end__
                0x2000115c                end = __end__
 *(.heap*)
                0x2000115c                __HeapLimit = .

.co_stack       0x2000115c        0x4 load address 0x0800cf48
                0x20001160                . = ALIGN (0x8)
 *fill*         0x2000115c        0x4 
 *(.co_stack .co_stack.*)
                0x20005000                __StackTop = (ORIGIN (ram) + 0x5000)
                0x20004ffc                __StackLimit = (__StackTop - SIZEOF (.co_stack))
                0x20005000                PROVIDE (__stack, __StackTop)
                0x00000001                ASSERT ((__StackLimit >= __HeapLimit), region ram  overflowed with stack)
LOAD ..\obj\u8g_dev_uc1611_dogxl240.o
LOAD ..\obj\stm32f10x_fsmc.o
LOAD ..\obj\u8g_com_arduino_hw_usart_spi.o
LOAD ..\obj\u8g_pb.o
LOAD ..\obj\u8g_com_atxmega_st7920_hw_spi.o
LOAD ..\obj\u8g_com_msp430_hw_spi.o
LOAD ..\obj\u8g_com_arduino_st7920_custom.o
LOAD ..\obj\u8g_pb8v1.o
LOAD ..\obj\u8g_com_arduino_common.o
LOAD ..\obj\u8g_dev_ili9325d_320x240.o
LOAD ..\obj\stm32f10x_pwr.o
LOAD ..\obj\u8g_com_i2c.o
LOAD ..\obj\printf.o
LOAD ..\obj\u8g_com_raspberrypi_hw_spi.o
LOAD ..\obj\stm32f10x_cec.o
LOAD ..\obj\u8g_dev_pcf8812_96x65.o
LOAD ..\obj\syscalls.o
LOAD ..\obj\u8g_dev_st7920_128x64.o
LOAD ..\obj\u8g_pb16h2.o
LOAD ..\obj\u8g_cursor.o
LOAD ..\obj\u8g_com_arduino_st7920_spi.o
LOAD ..\obj\u8g_com_api.o
LOAD ..\obj\u8g_com_arduino_port_d_wr.o
LOAD ..\obj\u8g_dev_tls8204_84x48.o
LOAD ..\obj\u8g_ellipse.o
LOAD ..\obj\u8g_bitmap.o
LOAD ..\obj\stm32f10x_crc.o
LOAD ..\obj\si4703.o
LOAD ..\obj\stm32f10x_dac.o
LOAD ..\obj\DS18B20.o
LOAD ..\obj\u8g_dev_t6963_240x128.o
LOAD ..\obj\u8g_state.o
LOAD ..\obj\u8g_dev_st7565_lm6059.o
LOAD ..\obj\u8g_com_io.o
LOAD ..\obj\u8g_dev_pcd8544_84x48.o
LOAD ..\obj\Display.o
LOAD ..\obj\u8g_ll_api.o
LOAD ..\obj\u8g_dev_st7565_dogm132.o
LOAD ..\obj\stm32f10x_gpio.o
LOAD ..\obj\u8g_page.o
LOAD ..\obj\stm32f10x_rcc.o
LOAD ..\obj\Keypad.o
LOAD ..\obj\u8g_pb16v2.o
LOAD ..\obj\u8g_com_arduino_attiny85_hw_spi.o
LOAD ..\obj\u8g_dev_uc1601_c128032.o
LOAD ..\obj\stm32f10x_sdio.o
LOAD ..\obj\mcp23017.o
LOAD ..\obj\u8g_dev_ssd1353_160x128.o
LOAD ..\obj\startup_stm32f10x_md.o
LOAD ..\obj\u8g_pbxh24.o
LOAD ..\obj\u8g_com_arduino_std_sw_spi.o
LOAD ..\obj\u8g_dev_ssd1325_nhd27oled_gr.o
LOAD ..\obj\u8g_dev_ssd1306_128x64.o
LOAD ..\obj\stm32f10x_can.o
LOAD ..\obj\u8g_pb14v1.o
LOAD ..\obj\u8g_rect.o
LOAD ..\obj\u8g_dev_st7565_nhd_c12864.o
LOAD ..\obj\stm32f10x_iwdg.o
LOAD ..\obj\RelayBoard.o
LOAD ..\obj\u8g_dev_lc7981_160x80.o
LOAD ..\obj\u8g_dev_lc7981_320x64.o
LOAD ..\obj\stm32f10x_tim.o
LOAD ..\obj\u8g_com_arduino_fast_parallel.o
LOAD ..\obj\u8g_fonts.o
LOAD ..\obj\u8g_com_null.o
LOAD ..\obj\u8g_dev_flipdisc_2x7.o
LOAD ..\obj\u8g_com_arduino_ssd_i2c.o
LOAD ..\obj\u8g_com_atmega_sw_spi.o
LOAD ..\obj\EntController.o
LOAD ..\obj\u8g_pb16v1.o
LOAD ..\obj\u8g_pb8h1f.o
LOAD ..\obj\u8g_pb16h1.o
LOAD ..\obj\delay.o
LOAD ..\obj\u8g_dev_st7920_202x32.o
LOAD ..\obj\u8g_dev_ks0108_128x64.o
LOAD ..\obj\u8g_dev_lc7981_240x64.o
LOAD ..\obj\u8g_com_atmega_st7920_spi.o
LOAD ..\obj\u8g_dev_st7920_192x32.o
LOAD ..\obj\ovc3860.o
LOAD ..\obj\u8g_delay.o
LOAD ..\obj\u8g_arm_uart.o
LOAD ..\obj\stm32f10x_dma.o
LOAD ..\obj\u8g_com_atxmega_hw_spi.o
LOAD ..\obj\u8g_dev_ld7032_60x32.o
LOAD ..\obj\u8g_com_api_16gr.o
LOAD ..\obj\u8g_dev_ssd1322_nhd31oled_gr.o
LOAD ..\obj\u8g_com_atmega_parallel.o
LOAD ..\obj\u8g_dev_ssd1325_nhd27oled_gr_new.o
LOAD ..\obj\stm32f10x_dbgmcu.o
LOAD ..\obj\u8g_line.o
LOAD ..\obj\chessengine.o
LOAD ..\obj\u8g_com_arduino_t6963.o
LOAD ..\obj\u8g_dev_uc1611_dogm240.o
LOAD ..\obj\u8g_dev_ssd1306_64x48.o
LOAD ..\obj\u8g_com_atmega_hw_spi.o
LOAD ..\obj\u8g_dev_st7565_dogm128.o
LOAD ..\obj\u8g_dev_ssd1306_128x32.o
LOAD ..\obj\stm32f10x_spi.o
LOAD ..\obj\usart.o
LOAD ..\obj\stm32f10x_wwdg.o
LOAD ..\obj\u8g_dev_ht1632.o
LOAD ..\obj\u8g_dev_lc7981_240x128.o
LOAD ..\obj\u8g_com_atmega_st7920_hw_spi.o
LOAD ..\obj\u8g_u8toa.o
LOAD ..\obj\u8g_dev_ssd1325_nhd27oled_bw.o
LOAD ..\obj\u8g_dev_sbn1661_122x32.o
LOAD ..\obj\u8g_dev_st7565_64128n.o
LOAD ..\obj\u8g_pb32h1.o
LOAD ..\obj\u8g_pb8h1.o
LOAD ..\obj\main.o
LOAD ..\obj\stm32f10x_rtc.o
LOAD ..\obj\u8g_dev_uc1701_mini12864.o
LOAD ..\obj\SpaController.o
LOAD ..\obj\stm32f10x_usart.o
LOAD ..\obj\u8g_dev_ssd1309_128x64.o
LOAD ..\obj\u8g_dev_uc1701_dogs102.o
LOAD ..\obj\u8g_dev_ssd1327_96x96_gr.o
LOAD ..\obj\stm32f10x_adc.o
LOAD ..\obj\u8g_com_arduino_st7920_hw_spi.o
LOAD ..\obj\u8g_font.o
LOAD ..\obj\u8g_clip.o
LOAD ..\obj\u8g_pb8h2.o
LOAD ..\obj\u8g_dev_null.o
LOAD ..\obj\u8g_com_arduino_uc_i2c.o
LOAD ..\obj\u8g_pbxh16.o
LOAD ..\obj\u8g_pb8v2.o
LOAD ..\obj\LEDS.o
LOAD ..\obj\u8g_com_raspberrypi_ssd_i2c.o
LOAD ..\obj\u8g_polygon.o
LOAD ..\obj\u8g_virtual_screen.o
LOAD ..\obj\misc.o
LOAD ..\obj\stm32f10x_i2c.o
LOAD ..\obj\u8g_dev_uc1610_dogxl160.o
LOAD ..\obj\u8g_pb8h8.o
LOAD ..\obj\system_stm32f10x.o
LOAD ..\obj\u8g_dev_uc1608_240x128.o
LOAD ..\obj\u8g_dev_st7687_c144mvgd.o
LOAD ..\obj\u8g_dev_a2_micro_printer.o
LOAD ..\obj\u8g_dev_t6963_128x64.o
LOAD ..\obj\stm32f10x_bkp.o
LOAD ..\obj\u8g_com_arduino_no_en_parallel.o
LOAD ..\obj\stm32f10x_flash.o
LOAD ..\obj\u8g_com_psoc5_ssd_hw_parallel.o
LOAD ..\obj\u8g_dev_ssd1351_128x128.o
LOAD ..\obj\u8g_com_arduino_hw_spi.o
LOAD ..\obj\u8g_dev_st7565_lm6063.o
LOAD ..\obj\u8g_dev_t6963_240x64.o
LOAD ..\obj\u8g_dev_uc1608_240x64.o
LOAD ..\obj\u8g_circle.o
LOAD ..\obj\u8g_u16toa.o
LOAD ..\obj\u8g_dev_gprof.o
LOAD ..\obj\u8g_com_arduino_parallel.o
LOAD ..\obj\u8g_rot.o
LOAD ..\obj\u8g_dev_ssd1322_nhd31oled_bw.o
LOAD ..\obj\u8g_scale.o
LOAD ..\obj\u8g_dev_st7565_nhd_c12832.o
LOAD ..\obj\u8g_dev_ssd1325_nhd27oled_bw_new.o
LOAD ..\obj\u8g_dev_t6963_128x128.o
LOAD ..\obj\u8g_com_arduino_sw_spi.o
LOAD ..\obj\stm32f10x_exti.o
LOAD ..\obj\u8g_com_std_sw_spi.o
LOAD C:\Program Files (x86)\GNU Tools ARM Embedded\4.9 2015q3\arm-none-eabi\lib\armv7-m\libstdc++_nano.a
LOAD C:\Program Files (x86)\GNU Tools ARM Embedded\4.9 2015q3\arm-none-eabi\lib\armv7-m\libsupc++_nano.a
LOAD C:\Program Files (x86)\GNU Tools ARM Embedded\4.9 2015q3\arm-none-eabi\lib\armv7-m\libnosys.a
START GROUP
LOAD c:/program files (x86)/gnu tools arm embedded/4.9 2015q3/bin/../lib/gcc/arm-none-eabi/4.9.3/armv7-m\libgcc.a
LOAD C:\Program Files (x86)\GNU Tools ARM Embedded\4.9 2015q3\arm-none-eabi\lib\armv7-m\libg.a
LOAD C:\Program Files (x86)\GNU Tools ARM Embedded\4.9 2015q3\arm-none-eabi\lib\armv7-m\libc.a
END GROUP
OUTPUT(JacuzziV2.elf elf32-littlearm)

.debug_info     0x00000000    0x1f28d
 .debug_info    0x00000000      0x890 ..\obj\u8g_pb.o
 .debug_info    0x00000890      0x434 ..\obj\u8g_com_arduino_st7920_custom.o
 .debug_info    0x00000cc4     0x1517 ..\obj\printf.o
 .debug_info    0x000021db      0x3ed ..\obj\syscalls.o
 .debug_info    0x000025c8      0xbe8 ..\obj\u8g_dev_st7920_128x64.o
 .debug_info    0x000031b0      0xa0d ..\obj\u8g_com_api.o
 .debug_info    0x00003bbd      0xfa9 ..\obj\si4703.o
 .debug_info    0x00004b66     0x1618 ..\obj\DS18B20.o
 .debug_info    0x0000617e      0x468 ..\obj\u8g_state.o
 .debug_info    0x000065e6     0x1b78 ..\obj\Display.o
 .debug_info    0x0000815e     0x1aab ..\obj\u8g_ll_api.o
 .debug_info    0x00009c09      0x887 ..\obj\stm32f10x_gpio.o
 .debug_info    0x0000a490      0x195 ..\obj\u8g_page.o
 .debug_info    0x0000a625      0x92e ..\obj\stm32f10x_rcc.o
 .debug_info    0x0000af53     0x100f ..\obj\Keypad.o
 .debug_info    0x0000bf62     0x144f ..\obj\mcp23017.o
 .debug_info    0x0000d3b1       0xcb ..\obj\startup_stm32f10x_md.o
 .debug_info    0x0000d47c      0xd88 ..\obj\u8g_rect.o
 .debug_info    0x0000e204      0xcde ..\obj\RelayBoard.o
 .debug_info    0x0000eee2      0x14d ..\obj\u8g_fonts.o
 .debug_info    0x0000f02f      0x42f ..\obj\u8g_com_null.o
 .debug_info    0x0000f45e     0x11e3 ..\obj\EntController.o
 .debug_info    0x00010641      0x781 ..\obj\delay.o
 .debug_info    0x00010dc2      0x2f4 ..\obj\ovc3860.o
 .debug_info    0x000110b6      0xa3f ..\obj\u8g_arm_uart.o
 .debug_info    0x00011af5      0x504 ..\obj\u8g_line.o
 .debug_info    0x00011ff9      0x858 ..\obj\usart.o
 .debug_info    0x00012851      0x8cf ..\obj\u8g_pb32h1.o
 .debug_info    0x00013120      0x80b ..\obj\u8g_pb8h1.o
 .debug_info    0x0001392b     0x2218 ..\obj\main.o
 .debug_info    0x00015b43     0x2f73 ..\obj\SpaController.o
 .debug_info    0x00018ab6      0xb3c ..\obj\stm32f10x_usart.o
 .debug_info    0x000195f2     0x2abc ..\obj\u8g_font.o
 .debug_info    0x0001c0ae      0x4ee ..\obj\u8g_clip.o
 .debug_info    0x0001c59c      0xc50 ..\obj\LEDS.o
 .debug_info    0x0001d1ec      0x543 ..\obj\misc.o
 .debug_info    0x0001d72f      0xb99 ..\obj\stm32f10x_i2c.o
 .debug_info    0x0001e2c8      0x4a1 ..\obj\system_stm32f10x.o
 .debug_info    0x0001e769      0xb24 ..\obj\u8g_circle.o

.debug_abbrev   0x00000000     0x5ab0
 .debug_abbrev  0x00000000      0x211 ..\obj\u8g_pb.o
 .debug_abbrev  0x00000211      0x106 ..\obj\u8g_com_arduino_st7920_custom.o
 .debug_abbrev  0x00000317      0x445 ..\obj\printf.o
 .debug_abbrev  0x0000075c       0xf1 ..\obj\syscalls.o
 .debug_abbrev  0x0000084d      0x1bc ..\obj\u8g_dev_st7920_128x64.o
 .debug_abbrev  0x00000a09      0x1ee ..\obj\u8g_com_api.o
 .debug_abbrev  0x00000bf7      0x36b ..\obj\si4703.o
 .debug_abbrev  0x00000f62      0x486 ..\obj\DS18B20.o
 .debug_abbrev  0x000013e8      0x139 ..\obj\u8g_state.o
 .debug_abbrev  0x00001521      0x3cf ..\obj\Display.o
 .debug_abbrev  0x000018f0      0x374 ..\obj\u8g_ll_api.o
 .debug_abbrev  0x00001c64      0x203 ..\obj\stm32f10x_gpio.o
 .debug_abbrev  0x00001e67       0xf3 ..\obj\u8g_page.o
 .debug_abbrev  0x00001f5a      0x25e ..\obj\stm32f10x_rcc.o
 .debug_abbrev  0x000021b8      0x36e ..\obj\Keypad.o
 .debug_abbrev  0x00002526      0x2c6 ..\obj\mcp23017.o
 .debug_abbrev  0x000027ec       0x12 ..\obj\startup_stm32f10x_md.o
 .debug_abbrev  0x000027fe      0x185 ..\obj\u8g_rect.o
 .debug_abbrev  0x00002983      0x27e ..\obj\RelayBoard.o
 .debug_abbrev  0x00002c01       0x6c ..\obj\u8g_fonts.o
 .debug_abbrev  0x00002c6d      0x106 ..\obj\u8g_com_null.o
 .debug_abbrev  0x00002d73      0x411 ..\obj\EntController.o
 .debug_abbrev  0x00003184      0x2b8 ..\obj\delay.o
 .debug_abbrev  0x0000343c       0xec ..\obj\ovc3860.o
 .debug_abbrev  0x00003528      0x273 ..\obj\u8g_arm_uart.o
 .debug_abbrev  0x0000379b      0x157 ..\obj\u8g_line.o
 .debug_abbrev  0x000038f2      0x1e3 ..\obj\usart.o
 .debug_abbrev  0x00003ad5      0x239 ..\obj\u8g_pb32h1.o
 .debug_abbrev  0x00003d0e      0x1d3 ..\obj\u8g_pb8h1.o
 .debug_abbrev  0x00003ee1      0x51d ..\obj\main.o
 .debug_abbrev  0x000043fe      0x608 ..\obj\SpaController.o
 .debug_abbrev  0x00004a06      0x1f8 ..\obj\stm32f10x_usart.o
 .debug_abbrev  0x00004bfe      0x412 ..\obj\u8g_font.o
 .debug_abbrev  0x00005010      0x14f ..\obj\u8g_clip.o
 .debug_abbrev  0x0000515f      0x27a ..\obj\LEDS.o
 .debug_abbrev  0x000053d9      0x154 ..\obj\misc.o
 .debug_abbrev  0x0000552d      0x1ed ..\obj\stm32f10x_i2c.o
 .debug_abbrev  0x0000571a      0x16c ..\obj\system_stm32f10x.o
 .debug_abbrev  0x00005886      0x22a ..\obj\u8g_circle.o

.debug_loc      0x00000000     0xe681
 .debug_loc     0x00000000      0x918 ..\obj\u8g_pb.o
 .debug_loc     0x00000918       0x21 ..\obj\u8g_com_arduino_st7920_custom.o
 .debug_loc     0x00000939     0x1045 ..\obj\printf.o
 .debug_loc     0x0000197e      0x108 ..\obj\syscalls.o
 .debug_loc     0x00001a86      0x3ce ..\obj\u8g_dev_st7920_128x64.o
 .debug_loc     0x00001e54      0x661 ..\obj\u8g_com_api.o
 .debug_loc     0x000024b5      0x748 ..\obj\si4703.o
 .debug_loc     0x00002bfd      0xd00 ..\obj\DS18B20.o
 .debug_loc     0x000038fd       0x42 ..\obj\u8g_state.o
 .debug_loc     0x0000393f      0x64d ..\obj\Display.o
 .debug_loc     0x00003f8c     0x1979 ..\obj\u8g_ll_api.o
 .debug_loc     0x00005905      0x5d0 ..\obj\stm32f10x_gpio.o
 .debug_loc     0x00005ed5       0xd1 ..\obj\u8g_page.o
 .debug_loc     0x00005fa6      0x7fb ..\obj\stm32f10x_rcc.o
 .debug_loc     0x000067a1      0x190 ..\obj\Keypad.o
 .debug_loc     0x00006931      0x659 ..\obj\mcp23017.o
 .debug_loc     0x00006f8a      0xa79 ..\obj\u8g_rect.o
 .debug_loc     0x00007a03      0x124 ..\obj\RelayBoard.o
 .debug_loc     0x00007b27       0x21 ..\obj\u8g_com_null.o
 .debug_loc     0x00007b48      0x247 ..\obj\EntController.o
 .debug_loc     0x00007d8f       0xdb ..\obj\delay.o
 .debug_loc     0x00007e6a      0x21a ..\obj\u8g_arm_uart.o
 .debug_loc     0x00008084      0x32c ..\obj\u8g_line.o
 .debug_loc     0x000083b0       0x58 ..\obj\usart.o
 .debug_loc     0x00008408      0x6ba ..\obj\u8g_pb32h1.o
 .debug_loc     0x00008ac2      0x4fc ..\obj\u8g_pb8h1.o
 .debug_loc     0x00008fbe      0xaf3 ..\obj\SpaController.o
 .debug_loc     0x00009ab1      0x82e ..\obj\stm32f10x_usart.o
 .debug_loc     0x0000a2df     0x2dcf ..\obj\u8g_font.o
 .debug_loc     0x0000d0ae      0x378 ..\obj\u8g_clip.o
 .debug_loc     0x0000d426       0xed ..\obj\LEDS.o
 .debug_loc     0x0000d513      0x18e ..\obj\misc.o
 .debug_loc     0x0000d6a1      0x73c ..\obj\stm32f10x_i2c.o
 .debug_loc     0x0000dddd       0xbc ..\obj\system_stm32f10x.o
 .debug_loc     0x0000de99      0x7e8 ..\obj\u8g_circle.o

.debug_aranges  0x00000000      0x4e8
 .debug_aranges
                0x00000000       0x20 ..\obj\u8g_pb.o
 .debug_aranges
                0x00000020       0x20 ..\obj\u8g_com_arduino_st7920_custom.o
 .debug_aranges
                0x00000040       0x20 ..\obj\printf.o
 .debug_aranges
                0x00000060       0x20 ..\obj\syscalls.o
 .debug_aranges
                0x00000080       0x20 ..\obj\u8g_dev_st7920_128x64.o
 .debug_aranges
                0x000000a0       0x20 ..\obj\u8g_com_api.o
 .debug_aranges
                0x000000c0       0x20 ..\obj\si4703.o
 .debug_aranges
                0x000000e0       0x20 ..\obj\DS18B20.o
 .debug_aranges
                0x00000100       0x20 ..\obj\u8g_state.o
 .debug_aranges
                0x00000120       0x20 ..\obj\Display.o
 .debug_aranges
                0x00000140       0x20 ..\obj\u8g_ll_api.o
 .debug_aranges
                0x00000160       0x20 ..\obj\stm32f10x_gpio.o
 .debug_aranges
                0x00000180       0x20 ..\obj\u8g_page.o
 .debug_aranges
                0x000001a0       0x20 ..\obj\stm32f10x_rcc.o
 .debug_aranges
                0x000001c0       0x20 ..\obj\Keypad.o
 .debug_aranges
                0x000001e0       0x20 ..\obj\mcp23017.o
 .debug_aranges
                0x00000200       0x28 ..\obj\startup_stm32f10x_md.o
 .debug_aranges
                0x00000228       0x20 ..\obj\u8g_rect.o
 .debug_aranges
                0x00000248       0x20 ..\obj\RelayBoard.o
 .debug_aranges
                0x00000268       0x18 ..\obj\u8g_fonts.o
 .debug_aranges
                0x00000280       0x20 ..\obj\u8g_com_null.o
 .debug_aranges
                0x000002a0       0x20 ..\obj\EntController.o
 .debug_aranges
                0x000002c0       0x20 ..\obj\delay.o
 .debug_aranges
                0x000002e0       0x20 ..\obj\ovc3860.o
 .debug_aranges
                0x00000300       0x20 ..\obj\u8g_arm_uart.o
 .debug_aranges
                0x00000320       0x20 ..\obj\u8g_line.o
 .debug_aranges
                0x00000340       0x20 ..\obj\usart.o
 .debug_aranges
                0x00000360       0x20 ..\obj\u8g_pb32h1.o
 .debug_aranges
                0x00000380       0x20 ..\obj\u8g_pb8h1.o
 .debug_aranges
                0x000003a0       0x28 ..\obj\main.o
 .debug_aranges
                0x000003c8       0x20 ..\obj\SpaController.o
 .debug_aranges
                0x000003e8       0x20 ..\obj\stm32f10x_usart.o
 .debug_aranges
                0x00000408       0x20 ..\obj\u8g_font.o
 .debug_aranges
                0x00000428       0x20 ..\obj\u8g_clip.o
 .debug_aranges
                0x00000448       0x20 ..\obj\LEDS.o
 .debug_aranges
                0x00000468       0x20 ..\obj\misc.o
 .debug_aranges
                0x00000488       0x20 ..\obj\stm32f10x_i2c.o
 .debug_aranges
                0x000004a8       0x20 ..\obj\system_stm32f10x.o
 .debug_aranges
                0x000004c8       0x20 ..\obj\u8g_circle.o

.debug_ranges   0x00000000      0xad8
 .debug_ranges  0x00000000       0x40 ..\obj\u8g_pb.o
 .debug_ranges  0x00000040       0x80 ..\obj\printf.o
 .debug_ranges  0x000000c0       0x20 ..\obj\u8g_com_api.o
 .debug_ranges  0x000000e0       0x48 ..\obj\si4703.o
 .debug_ranges  0x00000128      0x108 ..\obj\DS18B20.o
 .debug_ranges  0x00000230       0x30 ..\obj\Display.o
 .debug_ranges  0x00000260      0x198 ..\obj\u8g_ll_api.o
 .debug_ranges  0x000003f8       0x20 ..\obj\stm32f10x_rcc.o
 .debug_ranges  0x00000418       0x70 ..\obj\Keypad.o
 .debug_ranges  0x00000488       0x58 ..\obj\mcp23017.o
 .debug_ranges  0x000004e0       0x20 ..\obj\startup_stm32f10x_md.o
 .debug_ranges  0x00000500       0x30 ..\obj\u8g_rect.o
 .debug_ranges  0x00000530       0x58 ..\obj\EntController.o
 .debug_ranges  0x00000588       0x50 ..\obj\delay.o
 .debug_ranges  0x000005d8       0x68 ..\obj\main.o
 .debug_ranges  0x00000640      0x1e0 ..\obj\SpaController.o
 .debug_ranges  0x00000820      0x1e8 ..\obj\u8g_font.o
 .debug_ranges  0x00000a08       0x58 ..\obj\u8g_clip.o
 .debug_ranges  0x00000a60       0x28 ..\obj\system_stm32f10x.o
 .debug_ranges  0x00000a88       0x50 ..\obj\u8g_circle.o

.debug_line     0x00000000     0x6c49
 .debug_line    0x00000000      0x1c9 ..\obj\u8g_pb.o
 .debug_line    0x000001c9      0x154 ..\obj\u8g_com_arduino_st7920_custom.o
 .debug_line    0x0000031d      0x4d1 ..\obj\printf.o
 .debug_line    0x000007ee      0x118 ..\obj\syscalls.o
 .debug_line    0x00000906      0x1f0 ..\obj\u8g_dev_st7920_128x64.o
 .debug_line    0x00000af6      0x1c4 ..\obj\u8g_com_api.o
 .debug_line    0x00000cba      0x446 ..\obj\si4703.o
 .debug_line    0x00001100      0x461 ..\obj\DS18B20.o
 .debug_line    0x00001561      0x145 ..\obj\u8g_state.o
 .debug_line    0x000016a6      0x4b4 ..\obj\Display.o
 .debug_line    0x00001b5a      0x354 ..\obj\u8g_ll_api.o
 .debug_line    0x00001eae      0x314 ..\obj\stm32f10x_gpio.o
 .debug_line    0x000021c2      0x167 ..\obj\u8g_page.o
 .debug_line    0x00002329      0x32e ..\obj\stm32f10x_rcc.o
 .debug_line    0x00002657      0x364 ..\obj\Keypad.o
 .debug_line    0x000029bb      0x349 ..\obj\mcp23017.o
 .debug_line    0x00002d04       0xcd ..\obj\startup_stm32f10x_md.o
 .debug_line    0x00002dd1      0x221 ..\obj\u8g_rect.o
 .debug_line    0x00002ff2      0x2c8 ..\obj\RelayBoard.o
 .debug_line    0x000032ba      0x15f ..\obj\u8g_fonts.o
 .debug_line    0x00003419      0x144 ..\obj\u8g_com_null.o
 .debug_line    0x0000355d      0x2f4 ..\obj\EntController.o
 .debug_line    0x00003851      0x26b ..\obj\delay.o
 .debug_line    0x00003abc      0x24f ..\obj\ovc3860.o
 .debug_line    0x00003d0b      0x341 ..\obj\u8g_arm_uart.o
 .debug_line    0x0000404c      0x1a3 ..\obj\u8g_line.o
 .debug_line    0x000041ef      0x2a2 ..\obj\usart.o
 .debug_line    0x00004491      0x208 ..\obj\u8g_pb32h1.o
 .debug_line    0x00004699      0x1e5 ..\obj\u8g_pb8h1.o
 .debug_line    0x0000487e      0x525 ..\obj\main.o
 .debug_line    0x00004da3      0x63c ..\obj\SpaController.o
 .debug_line    0x000053df      0x363 ..\obj\stm32f10x_usart.o
 .debug_line    0x00005742      0x706 ..\obj\u8g_font.o
 .debug_line    0x00005e48      0x17d ..\obj\u8g_clip.o
 .debug_line    0x00005fc5      0x2b4 ..\obj\LEDS.o
 .debug_line    0x00006279      0x20e ..\obj\misc.o
 .debug_line    0x00006487      0x36c ..\obj\stm32f10x_i2c.o
 .debug_line    0x000067f3      0x248 ..\obj\system_stm32f10x.o
 .debug_line    0x00006a3b      0x20e ..\obj\u8g_circle.o

.debug_str      0x00000000     0x591e
 .debug_str     0x00000000      0x3c3 ..\obj\u8g_pb.o
                                0x49c (size before relaxing)
 .debug_str     0x000003c3       0x80 ..\obj\u8g_com_arduino_st7920_custom.o
                                0x3c0 (size before relaxing)
 .debug_str     0x00000443      0x58a ..\obj\printf.o
                                0x750 (size before relaxing)
 .debug_str     0x000009cd      0x160 ..\obj\syscalls.o
                                0x2da (size before relaxing)
 .debug_str     0x00000b2d      0x33d ..\obj\u8g_dev_st7920_128x64.o
                                0x6e7 (size before relaxing)
 .debug_str     0x00000e6a       0xa8 ..\obj\u8g_com_api.o
                                0x468 (size before relaxing)
 .debug_str     0x00000f12      0x48e ..\obj\si4703.o
                                0x6cf (size before relaxing)
 .debug_str     0x000013a0      0x66e ..\obj\DS18B20.o
                                0x908 (size before relaxing)
 .debug_str     0x00001a0e       0x7d ..\obj\u8g_state.o
                                0x3bd (size before relaxing)
 .debug_str     0x00001a8b      0x6c5 ..\obj\Display.o
                                0xc9f (size before relaxing)
 .debug_str     0x00002150      0x2d3 ..\obj\u8g_ll_api.o
                                0x663 (size before relaxing)
 .debug_str     0x00002423      0x256 ..\obj\stm32f10x_gpio.o
                                0x54c (size before relaxing)
 .debug_str     0x00002679       0x65 ..\obj\u8g_page.o
                                0x1bd (size before relaxing)
 .debug_str     0x000026de      0x41a ..\obj\stm32f10x_rcc.o
                                0x636 (size before relaxing)
 .debug_str     0x00002af8      0x842 ..\obj\Keypad.o
                                0xb16 (size before relaxing)
 .debug_str     0x0000333a      0x218 ..\obj\mcp23017.o
                                0xc98 (size before relaxing)
 .debug_str     0x00003552       0xd4 ..\obj\u8g_rect.o
                                0x43f (size before relaxing)
 .debug_str     0x00003626      0x15d ..\obj\RelayBoard.o
                                0x956 (size before relaxing)
 .debug_str     0x00003783       0x6d ..\obj\u8g_fonts.o
                                0x1a3 (size before relaxing)
 .debug_str     0x000037f0       0x4e ..\obj\u8g_com_null.o
                                0x39e (size before relaxing)
 .debug_str     0x0000383e      0x187 ..\obj\EntController.o
                                0xd4d (size before relaxing)
 .debug_str     0x000039c5      0x437 ..\obj\delay.o
                                0x60b (size before relaxing)
 .debug_str     0x00003dfc      0x123 ..\obj\ovc3860.o
                                0x28a (size before relaxing)
 .debug_str     0x00003f1f      0x12e ..\obj\u8g_arm_uart.o
                                0x70b (size before relaxing)
 .debug_str     0x0000404d       0x51 ..\obj\u8g_line.o
                                0x3ac (size before relaxing)
 .debug_str     0x0000409e      0x16f ..\obj\usart.o
                                0x815 (size before relaxing)
 .debug_str     0x0000420d       0xc3 ..\obj\u8g_pb32h1.o
                                0x4de (size before relaxing)
 .debug_str     0x000042d0       0xa0 ..\obj\u8g_pb8h1.o
                                0x4b7 (size before relaxing)
 .debug_str     0x00004370      0x16e ..\obj\main.o
                               0x18e8 (size before relaxing)
 .debug_str     0x000044de      0x3e0 ..\obj\SpaController.o
                               0x1f32 (size before relaxing)
 .debug_str     0x000048be      0x365 ..\obj\stm32f10x_usart.o
                                0x6ec (size before relaxing)
 .debug_str     0x00004c23      0x71e ..\obj\u8g_font.o
                                0xb29 (size before relaxing)
 .debug_str     0x00005341       0x5c ..\obj\u8g_clip.o
                                0x3b2 (size before relaxing)
 .debug_str     0x0000539d       0x3d ..\obj\LEDS.o
                                0x8c4 (size before relaxing)
 .debug_str     0x000053da      0x10f ..\obj\misc.o
                                0x3da (size before relaxing)
 .debug_str     0x000054e9      0x2c5 ..\obj\stm32f10x_i2c.o
                                0x6ab (size before relaxing)
 .debug_str     0x000057ae       0xcc ..\obj\system_stm32f10x.o
                                0x30c (size before relaxing)
 .debug_str     0x0000587a       0xa4 ..\obj\u8g_circle.o
                                0x43e (size before relaxing)

.comment        0x00000000       0x70
 .comment       0x00000000       0x70 ..\obj\u8g_pb.o
                                 0x71 (size before relaxing)
 .comment       0x00000000       0x71 ..\obj\u8g_com_arduino_st7920_custom.o
 .comment       0x00000000       0x71 ..\obj\printf.o
 .comment       0x00000000       0x71 ..\obj\syscalls.o
 .comment       0x00000000       0x71 ..\obj\u8g_dev_st7920_128x64.o
 .comment       0x00000000       0x71 ..\obj\u8g_com_api.o
 .comment       0x00000000       0x71 ..\obj\si4703.o
 .comment       0x00000000       0x71 ..\obj\DS18B20.o
 .comment       0x00000000       0x71 ..\obj\u8g_state.o
 .comment       0x00000000       0x71 ..\obj\Display.o
 .comment       0x00000000       0x71 ..\obj\u8g_ll_api.o
 .comment       0x00000000       0x71 ..\obj\stm32f10x_gpio.o
 .comment       0x00000000       0x71 ..\obj\u8g_page.o
 .comment       0x00000000       0x71 ..\obj\stm32f10x_rcc.o
 .comment       0x00000000       0x71 ..\obj\Keypad.o
 .comment       0x00000000       0x71 ..\obj\mcp23017.o
 .comment       0x00000000       0x71 ..\obj\u8g_rect.o
 .comment       0x00000000       0x71 ..\obj\RelayBoard.o
 .comment       0x00000000       0x71 ..\obj\u8g_fonts.o
 .comment       0x00000000       0x71 ..\obj\u8g_com_null.o
 .comment       0x00000000       0x71 ..\obj\EntController.o
 .comment       0x00000000       0x71 ..\obj\delay.o
 .comment       0x00000000       0x71 ..\obj\ovc3860.o
 .comment       0x00000000       0x71 ..\obj\u8g_arm_uart.o
 .comment       0x00000000       0x71 ..\obj\u8g_line.o
 .comment       0x00000000       0x71 ..\obj\usart.o
 .comment       0x00000000       0x71 ..\obj\u8g_pb32h1.o
 .comment       0x00000000       0x71 ..\obj\u8g_pb8h1.o
 .comment       0x00000000       0x71 ..\obj\main.o
 .comment       0x00000000       0x71 ..\obj\SpaController.o
 .comment       0x00000000       0x71 ..\obj\stm32f10x_usart.o
 .comment       0x00000000       0x71 ..\obj\u8g_font.o
 .comment       0x00000000       0x71 ..\obj\u8g_clip.o
 .comment       0x00000000       0x71 ..\obj\LEDS.o
 .comment       0x00000000       0x71 ..\obj\misc.o
 .comment       0x00000000       0x71 ..\obj\stm32f10x_i2c.o
 .comment       0x00000000       0x71 ..\obj\system_stm32f10x.o
 .comment       0x00000000       0x71 ..\obj\u8g_circle.o

.ARM.attributes
                0x00000000       0x31
 .ARM.attributes
                0x00000000       0x33 ..\obj\u8g_pb.o
 .ARM.attributes
                0x00000033       0x33 ..\obj\u8g_com_arduino_st7920_custom.o
 .ARM.attributes
                0x00000066       0x33 ..\obj\printf.o
 .ARM.attributes
                0x00000099       0x33 ..\obj\syscalls.o
 .ARM.attributes
                0x000000cc       0x33 ..\obj\u8g_dev_st7920_128x64.o
 .ARM.attributes
                0x000000ff       0x33 ..\obj\u8g_com_api.o
 .ARM.attributes
                0x00000132       0x33 ..\obj\si4703.o
 .ARM.attributes
                0x00000165       0x33 ..\obj\DS18B20.o
 .ARM.attributes
                0x00000198       0x33 ..\obj\u8g_state.o
 .ARM.attributes
                0x000001cb       0x33 ..\obj\Display.o
 .ARM.attributes
                0x000001fe       0x33 ..\obj\u8g_ll_api.o
 .ARM.attributes
                0x00000231       0x33 ..\obj\stm32f10x_gpio.o
 .ARM.attributes
                0x00000264       0x33 ..\obj\u8g_page.o
 .ARM.attributes
                0x00000297       0x33 ..\obj\stm32f10x_rcc.o
 .ARM.attributes
                0x000002ca       0x33 ..\obj\Keypad.o
 .ARM.attributes
                0x000002fd       0x33 ..\obj\mcp23017.o
 .ARM.attributes
                0x00000330       0x21 ..\obj\startup_stm32f10x_md.o
 .ARM.attributes
                0x00000351       0x33 ..\obj\u8g_rect.o
 .ARM.attributes
                0x00000384       0x33 ..\obj\RelayBoard.o
 .ARM.attributes
                0x000003b7       0x33 ..\obj\u8g_fonts.o
 .ARM.attributes
                0x000003ea       0x33 ..\obj\u8g_com_null.o
 .ARM.attributes
                0x0000041d       0x33 ..\obj\EntController.o
 .ARM.attributes
                0x00000450       0x33 ..\obj\delay.o
 .ARM.attributes
                0x00000483       0x33 ..\obj\ovc3860.o
 .ARM.attributes
                0x000004b6       0x33 ..\obj\u8g_arm_uart.o
 .ARM.attributes
                0x000004e9       0x33 ..\obj\u8g_line.o
 .ARM.attributes