Archive member included because of file (symbol)

C:\Program Files (x86)\GNU Tools ARM Embedded\4.9 2015q3\arm-none-eabi\lib\armv7-m\libstdc++_nano.a(si_class_type_info.o)
                              ..\obj\Entertainment.o (vtable for __cxxabiv1::__si_class_type_info)
C:\Program Files (x86)\GNU Tools ARM Embedded\4.9 2015q3\arm-none-eabi\lib\armv7-m\libstdc++_nano.a(tinfo.o)
                              C:\Program Files (x86)\GNU Tools ARM Embedded\4.9 2015q3\arm-none-eabi\lib\armv7-m\libstdc++_nano.a(si_class_type_info.o) (std::type_info::__is_pointer_p() const)
C:\Program Files (x86)\GNU Tools ARM Embedded\4.9 2015q3\arm-none-eabi\lib\armv7-m\libstdc++_nano.a(class_type_info.o)
                              C:\Program Files (x86)\GNU Tools ARM Embedded\4.9 2015q3\arm-none-eabi\lib\armv7-m\libstdc++_nano.a(si_class_type_info.o) (__cxxabiv1::__class_type_info::__do_upcast(__cxxabiv1::__class_type_info const*, void**) const)
C:\Program Files (x86)\GNU Tools ARM Embedded\4.9 2015q3\arm-none-eabi\lib\armv7-m\libstdc++_nano.a(del_op.o)
                              C:\Program Files (x86)\GNU Tools ARM Embedded\4.9 2015q3\arm-none-eabi\lib\armv7-m\libstdc++_nano.a(si_class_type_info.o) (operator delete(void*))
c:/program files (x86)/gnu tools arm embedded/4.9 2015q3/bin/../lib/gcc/arm-none-eabi/4.9.3/armv7-m\libgcc.a(_arm_addsubdf3.o)
                              ..\obj\DS18B20.o (__aeabi_dadd)
c:/program files (x86)/gnu tools arm embedded/4.9 2015q3/bin/../lib/gcc/arm-none-eabi/4.9.3/armv7-m\libgcc.a(_arm_muldivdf3.o)
                              ..\obj\DS18B20.o (__aeabi_dmul)
c:/program files (x86)/gnu tools arm embedded/4.9 2015q3/bin/../lib/gcc/arm-none-eabi/4.9.3/armv7-m\libgcc.a(_arm_fixdfsi.o)
                              ..\obj\DS18B20.o (__aeabi_d2iz)
c:/program files (x86)/gnu tools arm embedded/4.9 2015q3/bin/../lib/gcc/arm-none-eabi/4.9.3/armv7-m\libgcc.a(_arm_truncdfsf2.o)
                              ..\obj\DS18B20.o (__aeabi_d2f)
c:/program files (x86)/gnu tools arm embedded/4.9 2015q3/bin/../lib/gcc/arm-none-eabi/4.9.3/armv7-m\libgcc.a(_arm_addsubsf3.o)
                              ..\obj\DS18B20.o (__aeabi_i2f)
c:/program files (x86)/gnu tools arm embedded/4.9 2015q3/bin/../lib/gcc/arm-none-eabi/4.9.3/armv7-m\libgcc.a(_arm_muldivsf3.o)
                              ..\obj\DS18B20.o (__aeabi_fmul)
c:/program files (x86)/gnu tools arm embedded/4.9 2015q3/bin/../lib/gcc/arm-none-eabi/4.9.3/armv7-m\libgcc.a(_arm_fixunssfsi.o)
                              ..\obj\DS18B20.o (__aeabi_f2uiz)
c:/program files (x86)/gnu tools arm embedded/4.9 2015q3/bin/../lib/gcc/arm-none-eabi/4.9.3/armv7-m\libgcc.a(unwind-arm.o)
                              ..\obj\Entertainment.o (__aeabi_unwind_cpp_pr0)
c:/program files (x86)/gnu tools arm embedded/4.9 2015q3/bin/../lib/gcc/arm-none-eabi/4.9.3/armv7-m\libgcc.a(libunwind.o)
                              c:/program files (x86)/gnu tools arm embedded/4.9 2015q3/bin/../lib/gcc/arm-none-eabi/4.9.3/armv7-m\libgcc.a(unwind-arm.o) (restore_core_regs)
c:/program files (x86)/gnu tools arm embedded/4.9 2015q3/bin/../lib/gcc/arm-none-eabi/4.9.3/armv7-m\libgcc.a(pr-support.o)
                              c:/program files (x86)/gnu tools arm embedded/4.9 2015q3/bin/../lib/gcc/arm-none-eabi/4.9.3/armv7-m\libgcc.a(unwind-arm.o) (__gnu_unwind_execute)
C:\Program Files (x86)\GNU Tools ARM Embedded\4.9 2015q3\arm-none-eabi\lib\armv7-m\libg.a(lib_a-malloc.o)
                              C:\Program Files (x86)\GNU Tools ARM Embedded\4.9 2015q3\arm-none-eabi\lib\armv7-m\libstdc++_nano.a(del_op.o) (free)
C:\Program Files (x86)\GNU Tools ARM Embedded\4.9 2015q3\arm-none-eabi\lib\armv7-m\libg.a(lib_a-mallocr.o)
                              C:\Program Files (x86)\GNU Tools ARM Embedded\4.9 2015q3\arm-none-eabi\lib\armv7-m\libg.a(lib_a-malloc.o) (_malloc_r)
C:\Program Files (x86)\GNU Tools ARM Embedded\4.9 2015q3\arm-none-eabi\lib\armv7-m\libg.a(lib_a-memcpy.o)
                              c:/program files (x86)/gnu tools arm embedded/4.9 2015q3/bin/../lib/gcc/arm-none-eabi/4.9.3/armv7-m\libgcc.a(unwind-arm.o) (memcpy)
C:\Program Files (x86)\GNU Tools ARM Embedded\4.9 2015q3\arm-none-eabi\lib\armv7-m\libg.a(lib_a-mlock.o)
                              C:\Program Files (x86)\GNU Tools ARM Embedded\4.9 2015q3\arm-none-eabi\lib\armv7-m\libg.a(lib_a-mallocr.o) (__malloc_lock)
C:\Program Files (x86)\GNU Tools ARM Embedded\4.9 2015q3\arm-none-eabi\lib\armv7-m\libg.a(lib_a-sbrkr.o)
                              C:\Program Files (x86)\GNU Tools ARM Embedded\4.9 2015q3\arm-none-eabi\lib\armv7-m\libg.a(lib_a-mallocr.o) (_sbrk_r)
C:\Program Files (x86)\GNU Tools ARM Embedded\4.9 2015q3\arm-none-eabi\lib\armv7-m\libg.a(lib_a-freer.o)
                              C:\Program Files (x86)\GNU Tools ARM Embedded\4.9 2015q3\arm-none-eabi\lib\armv7-m\libg.a(lib_a-malloc.o) (_free_r)
C:\Program Files (x86)\GNU Tools ARM Embedded\4.9 2015q3\arm-none-eabi\lib\armv7-m\libg.a(lib_a-reent.o)
[...]
Memory Configuration

Name             Origin             Length             Attributes
rom              0x08000000         0x00010000         xr
ram              0x20000000         0x00005000         xrw
*default*        0x00000000         0xffffffff

Linker script and memory map

                0x20005000                _eram = 0x20005000

.text           0x08000000     0xab1a
 *(.isr_vector)
 .isr_vector    0x08000000      0x10c ..\obj\startup_stm32f10x_md.o
                0x08000000                g_pfnVectors
 *(.text*)
 .text          0x0800010c      0x13c ..\obj\u8g_pb.o
                0x0800010c                u8g_pb_Clear
                0x08000120                u8g_pb_IsYIntersection
                0x08000150                u8g_pb_IsXIntersection
                0x08000164                u8g_pb_IsIntersection
                0x080001c4                u8g_pb_GetPageBox
                0x080001d8                u8g_pb_Is8PixelVisible
                0x08000234                u8g_pb_WriteBuffer
 .text          0x08000248        0x4 ..\obj\u8g_com_arduino_st7920_custom.o
                0x08000248                u8g_com_arduino_st7920_custom_fn
 .text          0x0800024c      0x494 ..\obj\printf.o
                0x0800024c                SetOutputUart
                0x08000258                PrintChar
                0x08000274                PutChar
                0x0800027c                PutString
                0x080002a0                PutUnsignedInt
                0x080002f4                PutSignedInt
                0x08000390                PutHexa
                0x080003f8                vsnprintf
                0x08000570                snprintf
                0x08000590                vsprintf
                0x080005a4                sprintf
                0x080005c4                fputc
                0x080005ec                fputs
                0x08000628                vfprintf
                0x08000674                vprintf
                0x08000688                printf
                0x080006b0                fprintf
                0x080006d0                puts
 .text          0x080006e0       0x34 ..\obj\Entertainment.o
                0x080006e0                Entertainment::KeypadKeysPressed(unsigned short)
                0x08000710                Entertainment::Init()
 .text          0x08000714       0x4c ..\obj\syscalls.o
                0x08000714                _sbrk
                0x08000730                link
                0x08000738                _close
                0x08000740                _fstat
                0x0800074c                _isatty
                0x08000750                _lseek
                0x08000754                _read
                0x08000758                _write
                0x0800075c                abort
 .text          0x08000760      0x1b8 ..\obj\u8g_dev_st7920_128x64.o
                0x08000760                u8g_dev_st7920_128x64_fn
                0x0800083c                u8g_dev_st7920_128x64_4x_fn
 .text          0x08000918      0x164 ..\obj\u8g_com_api.o
                0x08000918                u8g_InitCom
                0x08000928                u8g_StopCom
                0x0800093c                u8g_SetChipSelect
                0x0800094c                u8g_SetResetLow
                0x08000960                u8g_SetResetHigh
                0x08000974                u8g_SetAddress
                0x08000984                u8g_WriteByte
                0x08000994                u8g_WriteSequence
                0x080009a4                u8g_WriteSequenceP
                0x080009b4                u8g_WriteEscSeqP
 .text          0x08000a7c      0x66c ..\obj\si4703.o
                0x08000a7c                si4703_readRegisters
                0x08000b2c                si4703_updateRegisters
                0x08000bc4                si4703_init
                0x08000d1c                si4703_setChannel
                0x08000da0                si4703_getChannel
                0x08000dc8                si4703_isStereo
                0x08000ddc                si4703_getSignalStrength
                0x08000df0                si4703_seek
                0x08000e7c                si4703_setVolume
                0x08000eb0                si4703_initRDS
                0x08000ee8                strcmp
                0x08000f14                strcpy1
                0x08000f28                si4703_checkRDS
                0x0800105c                si4703_readRDS
 .text          0x080010e8      0x5d8 ..\obj\DS18B20.o
                0x080010e8                DS18B20::DelayNus(unsigned long)
                0x080010fc                DS18B20::Reset()
                0x080011a4                DS18B20::Init(unsigned long, GPIO_TypeDef*, unsigned short)
                0x08001200                DS18B20::BitRead()
                0x08001270                DS18B20::ByteRead()
                0x08001294                DS18B20::BitWrite(unsigned char)
                0x08001314                DS18B20::ByteWrite(unsigned char)
                0x08001334                DS18B20::AlarmSearch()
                0x08001338                DS18B20::ROMRead()
                0x0800136c                DS18B20::ROMMatch()
                0x080013b4                DS18B20::ROMSkip()
                0x080013d4                DS18B20::TempConvert()
                0x0800140c                DS18B20::ScratchpadCopy()
                0x08001440                DS18B20::ScratchpadSet(char, char, unsigned char)
                0x080014ac                DS18B20::SetPrecision(unsigned char)
                0x080014c8                DS18B20::TempRead(float*)
                0x08001574                DS18B20::TempReadSimple(DS18B20::simple_float*)
                0x0800161c                DS18B20::EEROMRecall()
                0x08001660                DS18B20::PowerSupplyRead()
                0x0800168c                DS18B20::ScratchpadRead(unsigned char*)
 .text          0x080016c0       0x10 ..\obj\u8g_state.o
                0x080016c0                u8g_state_dummy_cb
                0x080016c4                u8g_SetHardwareBackup
                0x080016cc                u8g_backup_spi
 .text          0x080016d0      0x488 ..\obj\u8g_ll_api.o
                0x080016d0                u8g_call_dev_fn
                0x080016dc                u8g_InitLL
                0x08001708                u8g_FirstPageLL
                0x08001740                u8g_NextPageLL
                0x0800177c                u8g_SetContrastLL
                0x08001790                u8g_DrawPixelLL
                0x080017ac                u8g_Draw8PixelLL
                0x080017d4                u8g_Draw4TPixelLL
                0x080017fc                u8g_GetWidthLL
                0x08001814                u8g_GetHeightLL
                0x0800182c                u8g_GetModeLL
                0x0800183c                u8g_UpdateDimension
                0x08001888                u8g_Begin
                0x080018a0                u8g_Init
                0x080018ec                u8g_InitComFn
                0x08001940                u8g_FirstPage
                0x08001948                u8g_NextPage
                0x08001960                u8g_SetContrast
                0x08001978                u8g_SleepOn
                0x0800198c                u8g_SleepOff
                0x080019a0                u8g_DrawPixel
                0x080019bc                u8g_Draw8Pixel
                0x080019e4                u8g_Draw4TPixel
                0x08001a0c                u8g_Draw8ColorPixel
                0x08001a38                u8g_SetColorEntry
                0x08001a60                u8g_SetColorIndex
                0x08001a68                u8g_SetHiColor
                0x08001a74                u8g_SetHiColorByRGB
                0x08001a90                u8g_SetRGB
                0x08001ae8                u8g_GetColorIndex
                0x08001af0                u8g_GetDefaultForegroundColor
                0x08001b04                u8g_SetDefaultForegroundColor
                0x08001b30                u8g_GetDefaultBackgroundColor
                0x08001b34                u8g_SetDefaultBackgroundColor
                0x08001b3c                u8g_GetDefaultMidColor
                0x08001b48                u8g_SetDefaultMidColor
 .text          0x08001b58      0x2e4 ..\obj\stm32f10x_gpio.o
                0x08001b58                GPIO_DeInit
                0x08001c34                GPIO_AFIODeInit
                0x08001c4c                GPIO_Init
                0x08001d08                GPIO_StructInit
                0x08001d18                GPIO_ReadInputDataBit
                0x08001d24                GPIO_ReadInputData
                0x08001d2c                GPIO_ReadOutputDataBit
                0x08001d38                GPIO_ReadOutputData
                0x08001d40                GPIO_SetBits
                0x08001d44                GPIO_ResetBits
                0x08001d48                GPIO_WriteBit
                0x08001d54                GPIO_Write
                0x08001d58                GPIO_PinLockConfig
                0x08001d68                GPIO_EventOutputConfig
                0x08001d88                GPIO_EventOutputCmd
                0x08001d94                GPIO_PinRemapConfig
                0x08001e00                GPIO_EXTILineConfig
                0x08001e30                GPIO_ETH_MediaInterfaceConfig
 .text          0x08001e3c       0x60 ..\obj\u8g_page.o
                0x08001e3c                u8g_page_First
                0x08001e4c                u8g_page_Init
                0x08001e60                u8g_page_Next
 .text          0x08001e9c      0x118 ..\obj\Keypad.o
                0x08001e9c                Keypad::Init()
                0x08001f24                Keypad::RegisterForCallback(KeypadInterrupt&)
                0x08001f54                Keypad::GetKeysPressed()
 .text          0x08001fb4      0x368 ..\obj\stm32f10x_rcc.o
                0x08001fb4                RCC_DeInit
                0x08001ff4                RCC_HSEConfig
                0x0800202c                RCC_WaitForHSEStartUp
                0x08002060                RCC_AdjustHSICalibrationValue
                0x08002074                RCC_HSICmd
                0x08002080                RCC_PLLConfig
                0x08002094                RCC_PLLCmd
                0x080020a0                RCC_SYSCLKConfig
                0x080020b4                RCC_GetSYSCLKSource
                0x080020c4                RCC_HCLKConfig
                0x080020d8                RCC_PCLK1Config
                0x080020ec                RCC_PCLK2Config
                0x08002100                RCC_ITConfig
                0x08002118                RCC_USBCLKConfig
                0x08002124                RCC_ADCCLKConfig
                0x08002138                RCC_LSEConfig
                0x08002158                RCC_LSICmd
                0x08002164                RCC_RTCCLKConfig
                0x08002174                RCC_RTCCLKCmd
                0x08002180                RCC_GetClocksFreq
                0x0800221c                RCC_AHBPeriphClockCmd
                0x08002234                RCC_APB2PeriphClockCmd
                0x0800224c                RCC_APB1PeriphClockCmd
                0x08002264                RCC_APB2PeriphResetCmd
                0x0800227c                RCC_APB1PeriphResetCmd
                0x08002294                RCC_BackupResetCmd
                0x080022a0                RCC_ClockSecuritySystemCmd
                0x080022ac                RCC_MCOConfig
                0x080022b8                RCC_GetFlagStatus
                0x080022ec                RCC_ClearFlag
                0x080022fc                RCC_GetITStatus
                0x08002310                RCC_ClearITPendingBit
 .text          0x0800231c      0x36c ..\obj\mcp23017.o
                0x0800231c                mcp23017::I2C_init()
                0x080023ac                mcp23017::Read(char)
                0x08002454                mcp23017::Write(char, char)
                0x080024cc                mcp23017::Init(I2C_TypeDef*, unsigned long, GPIO_TypeDef*, unsigned long, unsigned short, unsigned short, unsigned short, bool)
                0x0800251c                mcp23017::Direction(mcp23017::Port, char)
                0x08002538                mcp23017::ConfigurePullUps(mcp23017::Port, char)
                0x08002558                mcp23017::ConfigureBanked(mcp23017::Bank)
                0x08002588                mcp23017::InterruptEnable(mcp23017::Port, char)
                0x080025a8                mcp23017::MirrorInterrupts(bool)
                0x080025dc                mcp23017::InterruptPolarity(mcp23017::Polarity)
                0x08002610                mcp23017::DefaultValue(mcp23017::Port, char)
                0x08002630                mcp23017::InterruptControl(mcp23017::Port, char)
                0x08002650                mcp23017::Write(mcp23017::Port, char)
                0x08002670                mcp23017::Read(mcp23017::Port)
 .text.Reset_Handler
                0x08002688       0x44 ..\obj\startup_stm32f10x_md.o
                0x08002688                Reset_Handler
 *fill*         0x080026cc        0x4 
 .text.Default_Handler
                0x080026d0       0x14 ..\obj\startup_stm32f10x_md.o
                0x080026d0                EXTI2_IRQHandler
                0x080026d0                DebugMon_Handler
                0x080026d0                TIM1_CC_IRQHandler
                0x080026d0                HardFault_Handler
                0x080026d0                PVD_IRQHandler
                0x080026d0                PendSV_Handler
                0x080026d0                NMI_Handler
                0x080026d0                EXTI3_IRQHandler
                0x080026d0                EXTI0_IRQHandler
                0x080026d0                I2C2_EV_IRQHandler
                0x080026d0                UsageFault_Handler
                0x080026d0                ADC1_2_IRQHandler
                0x080026d0                SPI1_IRQHandler
                0x080026d0                TAMPER_IRQHandler
                0x080026d0                DMA1_Channel4_IRQHandler
                0x080026d0                USART3_IRQHandler
                0x080026d0                RTC_IRQHandler
                0x080026d0                DMA1_Channel7_IRQHandler
                0x080026d0                CAN1_RX1_IRQHandler
                0x080026d0                TIM4_IRQHandler
                0x080026d0                I2C1_EV_IRQHandler
                0x080026d0                DMA1_Channel6_IRQHandler
                0x080026d0                TIM3_IRQHandler
                0x080026d0                RCC_IRQHandler
                0x080026d0                TIM1_TRG_COM_IRQHandler
                0x080026d0                DMA1_Channel1_IRQHandler
                0x080026d0                Default_Handler
                0x080026d0                EXTI15_10_IRQHandler
                0x080026d0                EXTI9_5_IRQHandler
                0x080026d0                SPI2_IRQHandler
                0x080026d0                MemManage_Handler
                0x080026d0                SVC_Handler
                0x080026d0                DMA1_Channel5_IRQHandler
                0x080026d0                EXTI4_IRQHandler
                0x080026d0                USB_LP_CAN1_RX0_IRQHandler
                0x080026d0                USB_HP_CAN1_TX_IRQHandler
                0x080026d0                DMA1_Channel3_IRQHandler
                0x080026d0                TIM1_UP_IRQHandler
                0x080026d0                WWDG_IRQHandler
                0x080026d0                TIM2_IRQHandler
                0x080026d0                TIM1_BRK_IRQHandler
                0x080026d0                EXTI1_IRQHandler
                0x080026d0                RTCAlarm_IRQHandler
                0x080026d0                USART2_IRQHandler
                0x080026d0                I2C2_ER_IRQHandler
                0x080026d0                DMA1_Channel2_IRQHandler
                0x080026d0                CAN1_SCE_IRQHandler
                0x080026d0                FLASH_IRQHandler
                0x080026d0                BusFault_Handler
                0x080026d0                I2C1_ER_IRQHandler
                0x080026d0                USBWakeUp_IRQHandler
 .text          0x080026e4      0x3fc ..\obj\u8g_rect.o
                0x080026e4                u8g_draw_hline
                0x08002758                u8g_draw_vline
                0x080027cc                u8g_DrawHLine
                0x080027f8                u8g_DrawVLine
                0x08002824                u8g_DrawFrame
                0x08002884                u8g_draw_box
                0x080028b0                u8g_DrawBox
                0x080028e4                u8g_DrawRFrame
                0x080029f4                u8g_DrawRBox
 .text          0x08002ae0        0x4 ..\obj\u8g_com_null.o
                0x08002ae0                u8g_com_null_fn
 .text          0x08002ae4      0x118 ..\obj\delay.o
                0x08002ae4                SysTick_Init
                0x08002b38                TimeTick_Decrement
                0x08002b4c                delay_setSysTick
                0x08002b58                delay_getSysTick
                0x08002b64                delay_sys_nus
                0x08002b68                delay_sys_1ms
                0x08002b7c                delay_sys_nms
                0x08002b9c                SysCtlDelay
                0x08002ba4                delay_nus
                0x08002bb8                delay_1ms
                0x08002bd0                delay_nms
 .text          0x08002bfc       0xc8 ..\obj\ovc3860.o
                0x08002bfc                ovc3860_init
                0x08002c04                ovc3860_playPause
                0x08002c24                ovc3860_stop
                0x08002c44                ovc3860_playPrevious
                0x08002c64                ovc3860_playNext
                0x08002c84                ovc3860_volUp
                0x08002ca4                ovc3860_volDown
 .text          0x08002cc4      0x1cc ..\obj\u8g_arm_uart.o
                0x08002cc4                u8g_Delay
                0x08002d00                u8g_MicroDelay
                0x08002d18                u8g_10MicroDelay
                0x08002d38                init_UART3
                0x08002dc0                UART_write_byte
                0x08002ddc                u8g_com_uart_fn
 .text          0x08002e90      0x104 ..\obj\u8g_line.o
                0x08002e90                u8g_DrawLine
 .text          0x08002f94      0x174 ..\obj\usart.o
                0x08002f94                USART1_Init
                0x08003048                USART2_Init
                0x080030cc                usart_string_append
                0x080030e8                usart_clear_string
                0x080030f4                usart_get_string
                0x080030fc                usart_get_string_length
 .text          0x08003108      0x210 ..\obj\u8g_pb32h1.o
                0x08003108                u8g_pb32h1_Clear
                0x0800311c                u8g_pb32h1_Init
                0x08003130                u8g_pb32h1_set_pixel
                0x08003168                u8g_pb32h1_SetPixel
                0x08003194                u8g_pb32h1_Set8PixelStd
                0x080031e0                u8g_pb32h1_Set8PixelOpt2
                0x08003244                u8g_dev_pb32h1_base_fn
 .text          0x08003318      0x1d8 ..\obj\u8g_pb8h1.o
                0x08003318                u8g_pb8h1_Init
                0x08003320                u8g_pb8h1_set_pixel
                0x08003358                u8g_pb8h1_SetPixel
                0x08003384                u8g_pb8h1_Set8PixelStd
                0x080033d0                u8g_pb8h1_Set8PixelOpt2
                0x08003434                u8g_dev_pb8h1_base_fn
 .text          0x080034f0      0x2e4 ..\obj\main.o
                0x080034f0                drawWaterIcon()
                0x08003550                drawFrostIcon()
                0x080035b0                drawSignalStrength(int)
                0x08003688                draw()
                0x080037a0                SysTick_Handler
                0x080037a4                USART1_IRQHandler
 .text.startup  0x080037d4      0x37c ..\obj\main.o
                0x080037d4                main
 .text          0x08003b50      0x414 ..\obj\stm32f10x_usart.o
                0x08003b50                USART_DeInit
                0x08003c00                USART_Init
                0x08003cbc                USART_StructInit
                0x08003cd4                USART_ClockInit
                0x08003cf8                USART_ClockStructInit
                0x08003d04                USART_Cmd
                0x08003d20                USART_ITConfig
                0x08003d5c                USART_DMACmd
                0x08003d70                USART_SetAddress
                0x08003d88                USART_WakeUpConfig
                0x08003da0                USART_ReceiverWakeUpCmd
                0x08003dbc                USART_LINBreakDetectLengthConfig
                0x08003dd4                USART_LINCmd
                0x08003df0                USART_SendData
                0x08003df8                USART_ReceiveData
                0x08003e00                USART_SendBreak
                0x08003e0c                USART_SetGuardTime
                0x08003e20                USART_SetPrescaler
                0x08003e34                USART_SmartCardCmd
                0x08003e50                USART_SmartCardNACKCmd
                0x08003e6c                USART_HalfDuplexCmd
                0x08003e88                USART_OverSampling8Cmd
                0x08003ea4                USART_OneBitMethodCmd
                0x08003ec0                USART_IrDAConfig
                0x08003ed8                USART_IrDACmd
                0x08003ef4                USART_GetFlagStatus
                0x08003f00                USART_ClearFlag
                0x08003f08                USART_GetITStatus
                0x08003f54                USART_ClearITPendingBit
 .text          0x08003f64      0xcd8 ..\obj\u8g_font.o
                0x08003f74                u8g_font_calc_vref_font
                0x08003f78                u8g_font_calc_vref_bottom
                0x08003f80                u8g_font_calc_vref_top
                0x08003f8c                u8g_font_calc_vref_center
                0x08003fa4                u8g_font_get_char
                0x08003fa8                u8g_font_get_charP
                0x08003fc4                u8g_font_GetCapitalAHeight
                0x08003fc8                u8g_font_GetEncoding65Pos
                0x08003fcc                u8g_font_GetEncoding97Pos
                0x08003fd0                u8g_font_GetFontStartEncoding
                0x08003fd4                u8g_font_GetFontEndEncoding
                0x08003fd8                u8g_font_GetLowerGDescent
                0x08003fe0                u8g_font_GetFontAscent
                0x08003fe8                u8g_font_GetFontDescent
                0x08003ff0                u8g_font_GetFontXAscent
                0x08003ff8                u8g_font_GetFontXDescent
                0x08004000                u8g_font_GetSize
                0x0800405c                u8g_GetFontBBXWidth
                0x08004064                u8g_GetFontBBXHeight
                0x0800406c                u8g_GetFontBBXOffX
                0x08004074                u8g_GetFontBBXOffY
                0x0800407c                u8g_GetFontCapitalAHeight
                0x08004084                u8g_GetGlyph
                0x08004204                u8g_IsGlyph
                0x08004214                u8g_GetGlyphDeltaX
                0x08004224                u8g_draw_glyph
                0x080042d8                u8g_DrawGlyph
                0x080042fc                u8g_draw_glyph90
                0x080043b8                u8g_DrawGlyph90
                0x080043dc                u8g_draw_glyph180
                0x080044a4                u8g_DrawGlyph180
                0x080044c8                u8g_draw_glyph270
                0x08004584                u8g_DrawGlyph270
                0x080045a8                u8g_DrawStr
                0x080045ec                u8g_DrawStr90
                0x08004630                u8g_DrawStr180
                0x08004674                u8g_DrawStr270
                0x080046b8                u8g_DrawStrDir
                0x080046f4                u8g_DrawStrP
                0x08004738                u8g_DrawStr90P
                0x0800477c                u8g_DrawStr180P
                0x080047c0                u8g_DrawStr270P
                0x08004804                u8g_DrawStrFontBBX
                0x08004830                u8g_DrawGlyphFontBBX
                0x0800485c                u8g_UpdateRefHeight
                0x080048b4                u8g_SetFontRefHeightText
                0x080048c0                u8g_SetFontRefHeightExtendedText
                0x080048cc                u8g_SetFontRefHeightAll
                0x080048d8                u8g_SetFontLineSpacingFactor
                0x080048e0                u8g_SetFontPosBaseline
                0x080048ec                u8g_SetFontPosBottom
                0x080048f8                u8g_SetFontPosTop
                0x08004904                u8g_SetFontPosCenter
                0x08004910                u8g_font_calc_str_pixel_width
                0x08004968                u8g_GetStrPixelWidth
                0x08004974                u8g_GetStrPixelWidthP
                0x08004980                u8g_GetStrX
                0x08004990                u8g_GetStrXP
                0x080049a0                u8g_GetStrWidth
                0x080049c8                u8g_GetStrWidthP
                0x080049f0                u8g_font_box_min
                0x08004a10                u8g_font_box_left_gA
                0x08004a14                u8g_font_box_all_gA
                0x08004a18                u8g_GetStrMinBox
                0x08004a78                u8g_GetStrAMinBox
                0x08004af0                u8g_SetFont
                0x08004b0c                u8g_draw_aa_glyph
                0x08004bc0                u8g_DrawAAGlyph
                0x08004be4                u8g_DrawAAStr
 .text          0x08004c3c       0x58 ..\obj\u8g_clip.o
                0x08004c3c                u8g_IsBBXIntersection
 .text          0x08004c94       0xc8 ..\obj\misc.o
                0x08004c94                NVIC_PriorityGroupConfig
                0x08004ca8                NVIC_Init
                0x08004d18                NVIC_SetVectorTable
                0x08004d2c                NVIC_SystemLPConfig
                0x08004d44                SysTick_CLKSourceConfig
 .text          0x08004d5c      0x42c ..\obj\stm32f10x_i2c.o
                0x08004d5c                I2C_DeInit
                0x08004d98                I2C_Init
                0x08004e7c                I2C_StructInit
                0x08004ea0                I2C_Cmd
                0x08004ebc                I2C_DMACmd
                0x08004ed8                I2C_DMALastTransferCmd
                0x08004ef4                I2C_GenerateSTART
                0x08004f10                I2C_GenerateSTOP
                0x08004f2c                I2C_AcknowledgeConfig
                0x08004f48                I2C_OwnAddress2Config
                0x08004f5c                I2C_DualAddressCmd
                0x08004f78                I2C_GeneralCallCmd
                0x08004f94                I2C_ITConfig
                0x08004fa8                I2C_SendData
                0x08004fac                I2C_ReceiveData
                0x08004fb4                I2C_Send7bitAddress
                0x08004fcc                I2C_ReadRegister
                0x08004fe4                I2C_SoftwareResetCmd
                0x08005000                I2C_NACKPositionConfig
                0x08005020                I2C_SMBusAlertConfig
                0x08005040                I2C_TransmitPEC
                0x0800505c                I2C_PECPositionConfig
                0x0800507c                I2C_CalculatePEC
                0x08005098                I2C_GetPEC
                0x080050a0                I2C_ARPCmd
                0x080050bc                I2C_StretchClockCmd
                0x080050d8                I2C_FastModeDutyCycleConfig
                0x080050f8                I2C_CheckEvent
                0x08005114                I2C_GetLastEvent
                0x08005124                I2C_GetFlagStatus
                0x0800515c                I2C_ClearFlag
                0x08005164                I2C_GetITStatus
                0x08005180                I2C_ClearITPendingBit
 .text          0x08005188      0x15c ..\obj\system_stm32f10x.o
                0x08005188                SystemInit
                0x0800528c                SystemCoreClockUpdate
 .text          0x080052e4      0x2e8 ..\obj\u8g_circle.o
                0x08005454                u8g_draw_circle
                0x080054c8                u8g_DrawCircle
                0x08005510                u8g_draw_disc
                0x08005584                u8g_DrawDisc
 .text._ZN10__cxxabiv120__si_class_type_infoD2Ev
                0x080055cc       0x14 C:\Program Files (x86)\GNU Tools ARM Embedded\4.9 2015q3\arm-none-eabi\lib\armv7-m\libstdc++_nano.a(si_class_type_info.o)
                0x080055cc                __cxxabiv1::__si_class_type_info::~__si_class_type_info()
                0x080055cc                __cxxabiv1::__si_class_type_info::~__si_class_type_info()
 .text._ZN10__cxxabiv120__si_class_type_infoD0Ev
                0x080055e0       0x12 C:\Program Files (x86)\GNU Tools ARM Embedded\4.9 2015q3\arm-none-eabi\lib\armv7-m\libstdc++_nano.a(si_class_type_info.o)
                0x080055e0                __cxxabiv1::__si_class_type_info::~__si_class_type_info()
 .text._ZNK10__cxxabiv120__si_class_type_info20__do_find_public_srcEiPKvPKNS_17__class_type_infoES2_
                0x080055f2       0x38 C:\Program Files (x86)\GNU Tools ARM Embedded\4.9 2015q3\arm-none-eabi\lib\armv7-m\libstdc++_nano.a(si_class_type_info.o)
                0x080055f2                __cxxabiv1::__si_class_type_info::__do_find_public_src(int, void const*, __cxxabiv1::__class_type_info const*, void const*) const
 .text._ZNK10__cxxabiv120__si_class_type_info12__do_dyncastEiNS_17__class_type_info10__sub_kindEPKS1_PKvS4_S6_RNS1_16__dyncast_resultE
                0x0800562a       0x7c C:\Program Files (x86)\GNU Tools ARM Embedded\4.9 2015q3\arm-none-eabi\lib\armv7-m\libstdc++_nano.a(si_class_type_info.o)
                0x0800562a                __cxxabiv1::__si_class_type_info::__do_dyncast(int, __cxxabiv1::__class_type_info::__sub_kind, __cxxabiv1::__class_type_info const*, void const*, __cxxabiv1::__class_type_info const*, void const*, __cxxabiv1::__class_type_info::__dyncast_result&) const
 .text._ZNK10__cxxabiv120__si_class_type_info11__do_upcastEPKNS_17__class_type_infoEPKvRNS1_15__upcast_resultE
                0x080056a6       0x2a C:\Program Files (x86)\GNU Tools ARM Embedded\4.9 2015q3\arm-none-eabi\lib\armv7-m\libstdc++_nano.a(si_class_type_info.o)
                0x080056a6                __cxxabiv1::__si_class_type_info::__do_upcast(__cxxabiv1::__class_type_info const*, void const*, __cxxabiv1::__class_type_info::__upcast_result&) const
 .text._ZNSt9type_infoD2Ev
                0x080056d0        0x2 C:\Program Files (x86)\GNU Tools ARM Embedded\4.9 2015q3\arm-none-eabi\lib\armv7-m\libstdc++_nano.a(tinfo.o)
                0x080056d0                std::type_info::~type_info()
                0x080056d0                std::type_info::~type_info()
 .text._ZNKSt9type_info14__is_pointer_pEv
                0x080056d2        0x4 C:\Program Files (x86)\GNU Tools ARM Embedded\4.9 2015q3\arm-none-eabi\lib\armv7-m\libstdc++_nano.a(tinfo.o)
                0x080056d2                std::type_info::__is_pointer_p() const
 .text._ZNKSt9type_info15__is_function_pEv
                0x080056d6        0x4 C:\Program Files (x86)\GNU Tools ARM Embedded\4.9 2015q3\arm-none-eabi\lib\armv7-m\libstdc++_nano.a(tinfo.o)
                0x080056d6                std::type_info::__is_function_p() const
 .text._ZNKSt9type_infoeqERKS_
                0x080056da       0x2c C:\Program Files (x86)\GNU Tools ARM Embedded\4.9 2015q3\arm-none-eabi\lib\armv7-m\libstdc++_nano.a(tinfo.o)
                0x080056da                std::type_info::operator==(std::type_info const&) const
 .text._ZNK10__cxxabiv117__class_type_info11__do_upcastEPKS0_PPv
                0x08005706       0x34 C:\Program Files (x86)\GNU Tools ARM Embedded\4.9 2015q3\arm-none-eabi\lib\armv7-m\libstdc++_nano.a(class_type_info.o)
                0x08005706                __cxxabiv1::__class_type_info::__do_upcast(__cxxabiv1::__class_type_info const*, void**) const
 .text._ZNK10__cxxabiv117__class_type_info20__do_find_public_srcEiPKvPKS0_S2_
                0x0800573a        0xc C:\Program Files (x86)\GNU Tools ARM Embedded\4.9 2015q3\arm-none-eabi\lib\armv7-m\libstdc++_nano.a(class_type_info.o)
                0x0800573a                __cxxabiv1::__class_type_info::__do_find_public_src(int, void const*, __cxxabiv1::__class_type_info const*, void const*) const
 *fill*         0x08005746        0x2 
 .text._ZN10__cxxabiv117__class_type_infoD2Ev
                0x08005748       0x14 C:\Program Files (x86)\GNU Tools ARM Embedded\4.9 2015q3\arm-none-eabi\lib\armv7-m\libstdc++_nano.a(class_type_info.o)
                0x08005748                __cxxabiv1::__class_type_info::~__class_type_info()
                0x08005748                __cxxabiv1::__class_type_info::~__class_type_info()
 .text._ZN10__cxxabiv117__class_type_infoD0Ev
                0x0800575c       0x12 C:\Program Files (x86)\GNU Tools ARM Embedded\4.9 2015q3\arm-none-eabi\lib\armv7-m\libstdc++_nano.a(class_type_info.o)
                0x0800575c                __cxxabiv1::__class_type_info::~__class_type_info()
 .text._ZNK10__cxxabiv117__class_type_info11__do_upcastEPKS0_PKvRNS0_15__upcast_resultE
                0x0800576e       0x18 C:\Program Files (x86)\GNU Tools ARM Embedded\4.9 2015q3\arm-none-eabi\lib\armv7-m\libstdc++_nano.a(class_type_info.o)
                0x0800576e                __cxxabiv1::__class_type_info::__do_upcast(__cxxabiv1::__class_type_info const*, void const*, __cxxabiv1::__class_type_info::__upcast_result&) const
 .text._ZNK10__cxxabiv117__class_type_info10__do_catchEPKSt9type_infoPPvj
                0x08005786       0x2a C:\Program Files (x86)\GNU Tools ARM Embedded\4.9 2015q3\arm-none-eabi\lib\armv7-m\libstdc++_nano.a(class_type_info.o)
                0x08005786                __cxxabiv1::__class_type_info::__do_catch(std::type_info const*, void**, unsigned int) const
 .text._ZNK10__cxxabiv117__class_type_info12__do_dyncastEiNS0_10__sub_kindEPKS0_PKvS3_S5_RNS0_16__dyncast_resultE
                0x080057b0       0x38 C:\Program Files (x86)\GNU Tools ARM Embedded\4.9 2015q3\arm-none-eabi\lib\armv7-m\libstdc++_nano.a(class_type_info.o)
                0x080057b0                __cxxabiv1::__class_type_info::__do_dyncast(int, __cxxabiv1::__class_type_info::__sub_kind, __cxxabiv1::__class_type_info const*, void const*, __cxxabiv1::__class_type_info const*, void const*, __cxxabiv1::__class_type_info::__dyncast_result&) const
 .text._ZdlPv   0x080057e8        0x4 C:\Program Files (x86)\GNU Tools ARM Embedded\4.9 2015q3\arm-none-eabi\lib\armv7-m\libstdc++_nano.a(del_op.o)
                0x080057e8                operator delete(void*)
 .text          0x080057ec      0x370 c:/program files (x86)/gnu tools arm embedded/4.9 2015q3/bin/../lib/gcc/arm-none-eabi/4.9.3/armv7-m\libgcc.a(_arm_addsubdf3.o)
                0x080057ec                __aeabi_drsub
                0x080057f4                __aeabi_dsub
                0x080057f4                __subdf3
                0x080057f8                __aeabi_dadd
                0x080057f8                __adddf3
                0x08005a70                __floatunsidf
                0x08005a70                __aeabi_ui2d
                0x08005a90                __floatsidf
                0x08005a90                __aeabi_i2d
                0x08005ab4                __aeabi_f2d
                0x08005ab4                __extendsfdf2
                0x08005af0                __floatundidf
                0x08005af0                __aeabi_ul2d
                0x08005b00                __floatdidf
                0x08005b00                __aeabi_l2d
 .text          0x08005b5c      0x424 c:/program files (x86)/gnu tools arm embedded/4.9 2015q3/bin/../lib/gcc/arm-none-eabi/4.9.3/armv7-m\libgcc.a(_arm_muldivdf3.o)
                0x08005b5c                __aeabi_dmul
                0x08005b5c                __muldf3
                0x08005db0                __divdf3
                0x08005db0                __aeabi_ddiv
 .text          0x08005f80       0x50 c:/program files (x86)/gnu tools arm embedded/4.9 2015q3/bin/../lib/gcc/arm-none-eabi/4.9.3/armv7-m\libgcc.a(_arm_fixdfsi.o)
                0x08005f80                __aeabi_d2iz
                0x08005f80                __fixdfsi
 .text          0x08005fd0       0xa0 c:/program files (x86)/gnu tools arm embedded/4.9 2015q3/bin/../lib/gcc/arm-none-eabi/4.9.3/armv7-m\libgcc.a(_arm_truncdfsf2.o)
                0x08005fd0                __truncdfsf2
                0x08005fd0                __aeabi_d2f
 .text          0x08006070      0x21c c:/program files (x86)/gnu tools arm embedded/4.9 2015q3/bin/../lib/gcc/arm-none-eabi/4.9.3/armv7-m\libgcc.a(_arm_addsubsf3.o)
                0x08006070                __aeabi_frsub
                0x08006078                __subsf3
                0x08006078                __aeabi_fsub
                0x0800607c                __aeabi_fadd
                0x0800607c                __addsf3
                0x080061dc                __aeabi_ui2f
                0x080061dc                __floatunsisf
                0x080061e4                __aeabi_i2f
                0x080061e4                __floatsisf
                0x08006200                __aeabi_ul2f
                0x08006200                __floatundisf
                0x08006210                __aeabi_l2f
                0x08006210                __floatdisf
 .text          0x0800628c      0x2a0 c:/program files (x86)/gnu tools arm embedded/4.9 2015q3/bin/../lib/gcc/arm-none-eabi/4.9.3/armv7-m\libgcc.a(_arm_muldivsf3.o)
                0x0800628c                __mulsf3
                0x0800628c                __aeabi_fmul
                0x080063f4                __aeabi_fdiv
                0x080063f4                __divsf3
 .text          0x0800652c       0x40 c:/program files (x86)/gnu tools arm embedded/4.9 2015q3/bin/../lib/gcc/arm-none-eabi/4.9.3/armv7-m\libgcc.a(_arm_fixunssfsi.o)
                0x0800652c                __fixunssfsi
                0x0800652c                __aeabi_f2uiz
 .text          0x0800656c      0xa54 c:/program files (x86)/gnu tools arm embedded/4.9 2015q3/bin/../lib/gcc/arm-none-eabi/4.9.3/armv7-m\libgcc.a(unwind-arm.o)
                0x0800684c                _Unwind_GetCFA
                0x08006850                __gnu_Unwind_RaiseException
                0x080068b0                __gnu_Unwind_ForcedUnwind
                0x080068c4                __gnu_Unwind_Resume
                0x08006908                __gnu_Unwind_Resume_or_Rethrow
                0x0800691c                _Unwind_Complete
                0x08006920                _Unwind_DeleteException
                0x0800692c                _Unwind_VRS_Get
                0x0800697c                _Unwind_VRS_Set
                0x080069cc                __gnu_Unwind_Backtrace
                0x08006d10                __aeabi_unwind_cpp_pr0
                0x08006d14                __aeabi_unwind_cpp_pr1
                0x08006d18                __aeabi_unwind_cpp_pr2
                0x08006d1c                _Unwind_VRS_Pop
 .text          0x08006fc0      0x1ac c:/program files (x86)/gnu tools arm embedded/4.9 2015q3/bin/../lib/gcc/arm-none-eabi/4.9.3/armv7-m\libgcc.a(libunwind.o)
                0x08006fc0                __restore_core_regs
                0x08006fc0                restore_core_regs
                0x08006fd8                __gnu_Unwind_Restore_VFP
                0x08006fe0                __gnu_Unwind_Save_VFP
                0x08006fe8                __gnu_Unwind_Restore_VFP_D
                0x08006ff0                __gnu_Unwind_Save_VFP_D
                0x08006ff8                __gnu_Unwind_Restore_VFP_D_16_to_31
                0x08007000                __gnu_Unwind_Save_VFP_D_16_to_31
                0x08007008                __gnu_Unwind_Restore_WMMXD
                0x0800704c                __gnu_Unwind_Save_WMMXD
                0x08007090                __gnu_Unwind_Restore_WMMXC
                0x080070a4                __gnu_Unwind_Save_WMMXC
                0x080070b8                ___Unwind_RaiseException
                0x080070b8                _Unwind_RaiseException
                0x080070dc                _Unwind_Resume
                0x080070dc                ___Unwind_Resume
                0x08007100                _Unwind_Resume_or_Rethrow
                0x08007100                ___Unwind_Resume_or_Rethrow
                0x08007124                _Unwind_ForcedUnwind
                0x08007124                ___Unwind_ForcedUnwind
                0x08007148                ___Unwind_Backtrace
                0x08007148                _Unwind_Backtrace
 .text          0x0800716c      0x37c c:/program files (x86)/gnu tools arm embedded/4.9 2015q3/bin/../lib/gcc/arm-none-eabi/4.9.3/armv7-m\libgcc.a(pr-support.o)
                0x080071c4                __gnu_unwind_execute
                0x08007490                __gnu_unwind_frame
                0x080074b8                _Unwind_GetRegionStart
                0x080074c4                _Unwind_GetLanguageSpecificData
                0x080074d8                _Unwind_GetDataRelBase
                0x080074e0                _Unwind_GetTextRelBase
 .text.free     0x080074e8       0x10 C:\Program Files (x86)\GNU Tools ARM Embedded\4.9 2015q3\arm-none-eabi\lib\armv7-m\libg.a(lib_a-malloc.o)
                0x080074e8                free
 .text          0x080074f8       0xec C:\Program Files (x86)\GNU Tools ARM Embedded\4.9 2015q3\arm-none-eabi\lib\armv7-m\libg.a(lib_a-memcpy.o)
                0x080074f8                memcpy
 .text.__malloc_lock
                0x080075e4        0x4 C:\Program Files (x86)\GNU Tools ARM Embedded\4.9 2015q3\arm-none-eabi\lib\armv7-m\libg.a(lib_a-mlock.o)
                0x080075e4                __malloc_lock
 .text.__malloc_unlock
                0x080075e8        0x4 C:\Program Files (x86)\GNU Tools ARM Embedded\4.9 2015q3\arm-none-eabi\lib\armv7-m\libg.a(lib_a-mlock.o)
                0x080075e8                __malloc_unlock
 .text._sbrk_r  0x080075ec       0x24 C:\Program Files (x86)\GNU Tools ARM Embedded\4.9 2015q3\arm-none-eabi\lib\armv7-m\libg.a(lib_a-sbrkr.o)
                0x080075ec                _sbrk_r
 .text._malloc_trim_r
                0x08007610       0x9c C:\Program Files (x86)\GNU Tools ARM Embedded\4.9 2015q3\arm-none-eabi\lib\armv7-m\libg.a(lib_a-freer.o)
                0x08007610                _malloc_trim_r
 .text._free_r  0x080076ac      0x1b0 C:\Program Files (x86)\GNU Tools ARM Embedded\4.9 2015q3\arm-none-eabi\lib\armv7-m\libg.a(lib_a-freer.o)
                0x080076ac                _free_r
 *(.init)
 *(.fini)
 *crtbegin.o(.ctors)
 *crtbegin?.o(.ctors)
 *(EXCLUDE_FILE(*crtend.o *crtend?.o) .ctors)
 *(SORT(.ctors.*))
 *(.ctors)
 *crtbegin.o(.dtors)
 *crtbegin?.o(.dtors)
 *(EXCLUDE_FILE(*crtend.o *crtend?.o) .dtors)
 *(SORT(.dtors.*))
 *(.dtors)
 *(.rodata*)
 .rodata.str1.4
                0x0800785c       0x24 ..\obj\printf.o
 .rodata._ZTI15KeypadInterrupt
                0x08007880        0x8 ..\obj\Entertainment.o
                0x08007880                typeinfo for KeypadInterrupt
 .rodata._ZTS15KeypadInterrupt
                0x08007888       0x12 ..\obj\Entertainment.o
                0x08007888                typeinfo name for KeypadInterrupt
 *fill*         0x0800789a        0x6 
 .rodata        0x080078a0       0x2c ..\obj\Entertainment.o
                0x080078a0                typeinfo name for Entertainment
                0x080078b0                typeinfo for Entertainment
                0x080078c0                vtable for Entertainment
 .rodata.str1.4
                0x080078cc       0x3d ..\obj\Entertainment.o
 *fill*         0x08007909        0x3 
 .rodata        0x0800790c       0x17 ..\obj\u8g_dev_st7920_128x64.o
 *fill*         0x08007923        0x1 
 .rodata.str1.4
                0x08007924        0x5 ..\obj\Keypad.o
 *fill*         0x08007929        0x3 
 .rodata        0x0800792c       0xb0 ..\obj\mcp23017.o
                0x0800792c                mcp23017::IOCON_AB
                0x0800793c                mcp23017::IODIR_AB
                0x0800794c                mcp23017::GPPU_AB
                0x0800795c                mcp23017::GPINTEN_AB
                0x0800796c                mcp23017::DEFVAL_AB
                0x0800797c                mcp23017::INTCON_AB
                0x0800798c                mcp23017::OLAT_AB
                0x0800799c                mcp23017::GPIO_AB
                0x080079ac                mcp23017::INTCAP_AB
                0x080079bc                mcp23017::INTF_AB
                0x080079cc                mcp23017::IPOL_AB
 .rodata        0x080079dc     0x2e79 ..\obj\u8g_fonts.o
                0x080079dc                u8g_font_unifont_0_8
                0x08008a6c                u8g_font_7x13
                0x080092dc                u8g_font_6x12
                0x08009a6c                u8g_font_6x10
                0x0800a1b8                u8g_font_5x8
 *fill*         0x0800a855        0x3 
 .rodata.str1.4
                0x0800a858       0x30 ..\obj\ovc3860.o
 .rodata.str1.4
                0x0800a888      0x1bc ..\obj\main.o
                                0x1c2 (size before relaxing)
 *fill*         0x0800aa44        0x4 
 .rodata._ZTVN10__cxxabiv120__si_class_type_infoE
                0x0800aa48       0x2c C:\Program Files (x86)\GNU Tools ARM Embedded\4.9 2015q3\arm-none-eabi\lib\armv7-m\libstdc++_nano.a(si_class_type_info.o)
                0x0800aa48                vtable for __cxxabiv1::__si_class_type_info
 .rodata._ZTIN10__cxxabiv120__si_class_type_infoE
                0x0800aa74        0xc C:\Program Files (x86)\GNU Tools ARM Embedded\4.9 2015q3\arm-none-eabi\lib\armv7-m\libstdc++_nano.a(si_class_type_info.o)
                0x0800aa74                typeinfo for __cxxabiv1::__si_class_type_info
 .rodata._ZTSN10__cxxabiv120__si_class_type_infoE
                0x0800aa80       0x25 C:\Program Files (x86)\GNU Tools ARM Embedded\4.9 2015q3\arm-none-eabi\lib\armv7-m\libstdc++_nano.a(si_class_type_info.o)
                0x0800aa80                typeinfo name for __cxxabiv1::__si_class_type_info
 *fill*         0x0800aaa5        0x3 
 .rodata._ZTISt9type_info
                0x0800aaa8        0x8 C:\Program Files (x86)\GNU Tools ARM Embedded\4.9 2015q3\arm-none-eabi\lib\armv7-m\libstdc++_nano.a(tinfo.o)
                0x0800aaa8                typeinfo for std::type_info
 .rodata._ZTSSt9type_info
                0x0800aab0        0xd C:\Program Files (x86)\GNU Tools ARM Embedded\4.9 2015q3\arm-none-eabi\lib\armv7-m\libstdc++_nano.a(tinfo.o)
                0x0800aab0                typeinfo name for std::type_info
 *fill*         0x0800aabd        0x3 
 .rodata._ZTVN10__cxxabiv117__class_type_infoE
                0x0800aac0       0x2c C:\Program Files (x86)\GNU Tools ARM Embedded\4.9 2015q3\arm-none-eabi\lib\armv7-m\libstdc++_nano.a(class_type_info.o)
                0x0800aac0                vtable for __cxxabiv1::__class_type_info
 .rodata._ZTIN10__cxxabiv117__class_type_infoE
                0x0800aaec        0xc C:\Program Files (x86)\GNU Tools ARM Embedded\4.9 2015q3\arm-none-eabi\lib\armv7-m\libstdc++_nano.a(class_type_info.o)
                0x0800aaec                typeinfo for __cxxabiv1::__class_type_info
 .rodata._ZTSN10__cxxabiv117__class_type_infoE
                0x0800aaf8       0x22 C:\Program Files (x86)\GNU Tools ARM Embedded\4.9 2015q3\arm-none-eabi\lib\armv7-m\libstdc++_nano.a(class_type_info.o)
                0x0800aaf8                typeinfo name for __cxxabiv1::__class_type_info
 *(.eh_fram e*)

.glue_7         0x0800ab1c        0x0
 .glue_7        0x00000000        0x0 linker stubs

.glue_7t        0x0800ab1c        0x0
 .glue_7t       0x00000000        0x0 linker stubs

.vfp11_veneer   0x0800ab1c        0x0
 .vfp11_veneer  0x00000000        0x0 linker stubs

.v4_bx          0x0800ab1c        0x0
 .v4_bx         0x00000000        0x0 linker stubs

.iplt           0x0800ab1c        0x0
 .iplt          0x00000000        0x0 ..\obj\u8g_dev_uc1611_dogxl240.o

.ARM.extab      0x0800ab1c       0x24
 *(.ARM.extab* .gnu.linkonce.armextab.*)
 .ARM.extab     0x0800ab1c        0xc ..\obj\main.o
 .ARM.extab     0x0800ab28       0x18 c:/program files (x86)/gnu tools arm embedded/4.9 2015q3/bin/../lib/gcc/arm-none-eabi/4.9.3/armv7-m\libgcc.a(pr-support.o)
                0x0800ab40                __exidx_start = .

.ARM.exidx      0x0800ab40      0x1c0
 *(.ARM.exidx* .gnu.linkonce.armexidx.*)
 .ARM.exidx     0x0800ab40       0x10 ..\obj\Entertainment.o
 .ARM.exidx     0x0800ab50       0x68 ..\obj\DS18B20.o
                                 0xa0 (size before relaxing)
 .ARM.exidx     0x0800abb8       0x20 ..\obj\Keypad.o
                                 0x18 (size before relaxing)
 .ARM.exidx     0x0800abd8       0x48 ..\obj\mcp23017.o
                                 0x70 (size before relaxing)
 .ARM.exidx     0x0800ac20       0x20 ..\obj\main.o
                                 0x30 (size before relaxing)
 .ARM.exidx.text.startup
                0x0800ac40       0x10 ..\obj\main.o
 .ARM.exidx     0x0800ac50       0x78 c:/program files (x86)/gnu tools arm embedded/4.9 2015q3/bin/../lib/gcc/arm-none-eabi/4.9.3/armv7-m\libgcc.a(unwind-arm.o)
                                 0xd8 (size before relaxing)
 .ARM.exidx     0x0800acc8       0x38 c:/program files (x86)/gnu tools arm embedded/4.9 2015q3/bin/../lib/gcc/arm-none-eabi/4.9.3/armv7-m\libgcc.a(pr-support.o)
                                 0x48 (size before relaxing)
                0x0800ad00                __exidx_end = .
                0x0800ad00                __etext = .
                0x0800ad00                _sidata = __etext

.rel.dyn        0x0800ad00        0x0
 .rel.iplt      0x00000000        0x0 ..\obj\u8g_dev_uc1611_dogxl240.o

.data           0x20000000      0x924 load address 0x0800ad00
                0x20000000                __data_start__ = .
                0x20000000                _sdata = __data_start__
 *(vtable)
 *(.data*)
 .data          0x20000000      0x430 ..\obj\printf.o
                0x20000000                outputUart
                0x20000004                _impure_ptr
                0x20000008                r
 .data          0x20000430       0x9c ..\obj\u8g_dev_st7920_128x64.o
                0x20000430                u8g_dev_st7920_128x64_4x_custom
                0x2000043c                u8g_dev_st7920_128x64_4x_8bit
                0x20000448                u8g_dev_st7920_128x64_4x_hw_spi
                0x20000454                u8g_dev_st7920_128x64_4x_sw_spi
                0x20000460                u8g_dev_st7920_128x64_4x_pb
                0x2000046c                u8g_dev_st7920_128x64_custom
                0x20000478                u8g_dev_st7920_128x64_custom_pb
                0x20000484                u8g_dev_st7920_128x64_8bit
                0x20000490                u8g_dev_st7920_128x64_8bit_pb
                0x2000049c                u8g_dev_st7920_128x64_hw_spi
                0x200004a8                u8g_dev_st7920_128x64_hw_spi_pb
                0x200004b4                u8g_dev_st7920_128x64_sw_spi
                0x200004c0                u8g_dev_st7920_128x64_sw_spi_pb
 .data          0x200004cc       0x14 ..\obj\stm32f10x_rcc.o
 .data          0x200004e0       0x18 ..\obj\ovc3860.o
                0x200004e0                ovc3860_AT_PLAYPAUSE
                0x200004e4                ovc3860_AT_STOP
                0x200004e8                ovc3860_AT_PREVIOUS
                0x200004ec                ovc3860_AT_NEXT
                0x200004f0                ovc3860_AT_VOLUP
                0x200004f4                ovc3860_AT_VOLDOWN
 .data          0x200004f8        0x4 ..\obj\main.o
                0x200004f8                entertainment
 .data          0x200004fc       0x14 ..\obj\system_stm32f10x.o
                0x200004fc                AHBPrescTable
                0x2000050c                SystemCoreClock
 .data.__malloc_av_
                0x20000510      0x408 C:\Program Files (x86)\GNU Tools ARM Embedded\4.9 2015q3\arm-none-eabi\lib\armv7-m\libg.a(lib_a-mallocr.o)
                0x20000510                __malloc_av_
 .data.__malloc_trim_threshold
                0x20000918        0x4 C:\Program Files (x86)\GNU Tools ARM Embedded\4.9 2015q3\arm-none-eabi\lib\armv7-m\libg.a(lib_a-mallocr.o)
                0x20000918                __malloc_trim_threshold
 .data.__malloc_sbrk_base
                0x2000091c        0x4 C:\Program Files (x86)\GNU Tools ARM Embedded\4.9 2015q3\arm-none-eabi\lib\armv7-m\libg.a(lib_a-mallocr.o)
                0x2000091c                __malloc_sbrk_base
                0x20000920                . = ALIGN (0x4)
                0x20000920                PROVIDE (__preinit_array_start, .)
 *(.preinit_array)
                0x20000920                PROVIDE (__preinit_array_end, .)
                0x20000920                . = ALIGN (0x4)
                0x20000920                PROVIDE (__init_array_start, .)
 *(SORT(.init_array.*))
 *(.init_array)
 .init_array    0x20000920        0x4 ..\obj\main.o
                0x20000924                PROVIDE (__init_array_end, .)
                0x20000924                . = ALIGN (0x4)
                0x20000924                PROVIDE (__fini_array_start, .)
 *(SORT(.fini_array.*))
 *(.fini_array)
                0x20000924                PROVIDE (__fini_array_end, .)
 *(.jcr*)
                0x20000924                . = ALIGN (0x4)
                0x20000924                __data_end__ = .
                0x20000924                _edata = __data_end__

.igot.plt       0x20000924        0x0 load address 0x0800b624
 .igot.plt      0x00000000        0x0 ..\obj\u8g_dev_uc1611_dogxl240.o

.bss            0x20000924      0x794 load address 0x0800b624
                0x20000924                . = ALIGN (0x4)
                0x20000924                __bss_start__ = .
                0x20000924                _sbss = __bss_start__
 *(.bss*)
 .bss           0x20000924        0x4 ..\obj\syscalls.o
 .bss           0x20000928      0x400 ..\obj\u8g_dev_st7920_128x64.o
                0x20000928                u8g_dev_st7920_128x64_4x_buf
                0x20000b28                u8g_dev_st7920_128x64_custom_buf
                0x20000ba8                u8g_dev_st7920_128x64_8bit_buf
                0x20000c28                u8g_dev_st7920_128x64_hw_spi_buf
                0x20000ca8                u8g_dev_st7920_128x64_sw_spi_buf
 .bss           0x20000d28        0x4 ..\obj\DS18B20.o
                0x20000d28                DS18B20::ulHclk
 .bss           0x20000d2c        0x8 ..\obj\delay.o
 .bss           0x20000d34        0x5 ..\obj\u8g_arm_uart.o
                0x20000d38                control
 *fill*         0x20000d39        0x3 
 .bss           0x20000d3c        0x4 ..\obj\usart.o
                0x20000d3c                received_count
 .bss           0x20000d40      0x152 ..\obj\main.o
                0x20000d7c                chTemp1
                0x20000d84                chTemp2
                0x20000d8c                chTempSet
                0x20000d92                si4703_PSNvalid
                0x20000d94                si4703_programServiceName
                0x20000d9e                bStereo
                0x20000da0                chChannel
                0x20000da8                iChannel
                0x20000dac                relais
                0x20000dc8                temp1
                0x20000de0                leds
                0x20000dfc                keypad
                0x20000e58                iStrength
                0x20000e5c                si4703_registers
                0x20000e7c                si4703_PSName2
                0x20000e88                si4703_PSName1
 *fill*         0x20000e92        0x2 
 .bss.__malloc_top_pad
                0x20000e94        0x4 C:\Program Files (x86)\GNU Tools ARM Embedded\4.9 2015q3\arm-none-eabi\lib\armv7-m\libg.a(lib_a-mallocr.o)
                0x20000e94                __malloc_top_pad
 .bss.__malloc_current_mallinfo
                0x20000e98       0x28 C:\Program Files (x86)\GNU Tools ARM Embedded\4.9 2015q3\arm-none-eabi\lib\armv7-m\libg.a(lib_a-mallocr.o)
                0x20000e98                __malloc_current_mallinfo
 *(COMMON)
 COMMON         0x20000ec0      0x1f4 ..\obj\usart.o
                0x20000ec0                received_string
 COMMON         0x200010b4        0x4 C:\Program Files (x86)\GNU Tools ARM Embedded\4.9 2015q3\arm-none-eabi\lib\armv7-m\libg.a(lib_a-reent.o)
                0x200010b4                errno
                0x200010b8                . = ALIGN (0x4)
                0x200010b8                __bss_end__ = .
                0x200010b8                _ebss = __bss_end__

.heap           0x200010b8        0x0
                0x200010b8                __end__ = .
                0x200010b8                _end = __end__
                0x200010b8                end = __end__
 *(.heap*)
                0x200010b8                __HeapLimit = .

.co_stack       0x200010b8        0x0
                0x200010b8                . = ALIGN (0x8)
 *(.co_stack .co_stack.*)
                0x20005000                __StackTop = (ORIGIN (ram) + 0x5000)
                0x20005000                __StackLimit = (__StackTop - SIZEOF (.co_stack))
                0x20005000                PROVIDE (__stack, __StackTop)
                0x00000001                ASSERT ((__StackLimit >= __HeapLimit), region ram  overflowed with stack)
LOAD ..\obj\u8g_dev_uc1611_dogxl240.o
LOAD ..\obj\stm32f10x_fsmc.o
LOAD ..\obj\u8g_com_arduino_hw_usart_spi.o
LOAD ..\obj\u8g_pb.o
LOAD ..\obj\u8g_com_atxmega_st7920_hw_spi.o
LOAD ..\obj\u8g_com_msp430_hw_spi.o
LOAD ..\obj\u8g_com_arduino_st7920_custom.o
LOAD ..\obj\u8g_pb8v1.o
LOAD ..\obj\u8g_com_arduino_common.o
LOAD ..\obj\u8g_dev_ili9325d_320x240.o
LOAD ..\obj\stm32f10x_pwr.o
LOAD ..\obj\u8g_com_i2c.o
LOAD ..\obj\printf.o
LOAD ..\obj\u8g_com_raspberrypi_hw_spi.o
LOAD ..\obj\stm32f10x_cec.o
LOAD ..\obj\u8g_dev_pcf8812_96x65.o
LOAD ..\obj\Entertainment.o
LOAD ..\obj\syscalls.o
LOAD ..\obj\u8g_dev_st7920_128x64.o
LOAD ..\obj\u8g_pb16h2.o
LOAD ..\obj\u8g_cursor.o
LOAD ..\obj\u8g_com_arduino_st7920_spi.o
LOAD ..\obj\u8g_com_api.o
LOAD ..\obj\u8g_com_arduino_port_d_wr.o
LOAD ..\obj\u8g_dev_tls8204_84x48.o
LOAD ..\obj\u8g_ellipse.o
LOAD ..\obj\u8g_bitmap.o
LOAD ..\obj\stm32f10x_crc.o
LOAD ..\obj\si4703.o
LOAD ..\obj\stm32f10x_dac.o
LOAD ..\obj\DS18B20.o
LOAD ..\obj\u8g_dev_t6963_240x128.o
LOAD ..\obj\u8g_state.o
LOAD ..\obj\u8g_dev_st7565_lm6059.o
LOAD ..\obj\u8g_com_io.o
LOAD ..\obj\u8g_dev_pcd8544_84x48.o
LOAD ..\obj\u8g_ll_api.o
LOAD ..\obj\u8g_dev_st7565_dogm132.o
LOAD ..\obj\stm32f10x_gpio.o
LOAD ..\obj\u8g_page.o
LOAD ..\obj\Keypad.o
LOAD ..\obj\stm32f10x_rcc.o
LOAD ..\obj\u8g_pb16v2.o
LOAD ..\obj\u8g_com_arduino_attiny85_hw_spi.o
LOAD ..\obj\stm32f10x_sdio.o
LOAD ..\obj\u8g_dev_uc1601_c128032.o
LOAD ..\obj\mcp23017.o
LOAD ..\obj\u8g_dev_ssd1353_160x128.o
LOAD ..\obj\startup_stm32f10x_md.o
LOAD ..\obj\u8g_pbxh24.o
LOAD ..\obj\u8g_com_arduino_std_sw_spi.o
LOAD ..\obj\u8g_dev_ssd1306_128x64.o
LOAD ..\obj\u8g_dev_ssd1325_nhd27oled_gr.o
LOAD ..\obj\stm32f10x_can.o
LOAD ..\obj\u8g_pb14v1.o
LOAD ..\obj\u8g_rect.o
LOAD ..\obj\u8g_dev_st7565_nhd_c12864.o
LOAD ..\obj\stm32f10x_iwdg.o
LOAD ..\obj\u8g_dev_lc7981_320x64.o
LOAD ..\obj\u8g_dev_lc7981_160x80.o
LOAD ..\obj\stm32f10x_tim.o
LOAD ..\obj\u8g_com_arduino_fast_parallel.o
LOAD ..\obj\u8g_fonts.o
LOAD ..\obj\u8g_com_null.o
LOAD ..\obj\u8g_com_arduino_ssd_i2c.o
LOAD ..\obj\u8g_dev_flipdisc_2x7.o
LOAD ..\obj\u8g_com_atmega_sw_spi.o
LOAD ..\obj\u8g_pb16v1.o
LOAD ..\obj\u8g_pb8h1f.o
LOAD ..\obj\u8g_pb16h1.o
LOAD ..\obj\delay.o
LOAD ..\obj\u8g_dev_st7920_202x32.o
LOAD ..\obj\u8g_dev_ks0108_128x64.o
LOAD ..\obj\u8g_dev_lc7981_240x64.o
LOAD ..\obj\u8g_com_atmega_st7920_spi.o
LOAD ..\obj\u8g_dev_st7920_192x32.o
LOAD ..\obj\ovc3860.o
LOAD ..\obj\u8g_delay.o
LOAD ..\obj\u8g_arm_uart.o
LOAD ..\obj\u8g_com_atxmega_hw_spi.o
LOAD ..\obj\stm32f10x_dma.o
LOAD ..\obj\u8g_dev_ld7032_60x32.o
LOAD ..\obj\u8g_com_api_16gr.o
LOAD ..\obj\u8g_dev_ssd1322_nhd31oled_gr.o
LOAD ..\obj\u8g_dev_ssd1325_nhd27oled_gr_new.o
LOAD ..\obj\u8g_com_atmega_parallel.o
LOAD ..\obj\u8g_line.o
LOAD ..\obj\stm32f10x_dbgmcu.o
LOAD ..\obj\chessengine.o
LOAD ..\obj\u8g_com_arduino_t6963.o
LOAD ..\obj\u8g_dev_uc1611_dogm240.o
LOAD ..\obj\u8g_dev_ssd1306_64x48.o
LOAD ..\obj\u8g_com_atmega_hw_spi.o
LOAD ..\obj\u8g_dev_st7565_dogm128.o
LOAD ..\obj\u8g_dev_ssd1306_128x32.o
LOAD ..\obj\stm32f10x_spi.o
LOAD ..\obj\usart.o
LOAD ..\obj\stm32f10x_wwdg.o
LOAD ..\obj\u8g_dev_lc7981_240x128.o
LOAD ..\obj\u8g_dev_ht1632.o
LOAD ..\obj\u8g_com_atmega_st7920_hw_spi.o
LOAD ..\obj\u8g_u8toa.o
LOAD ..\obj\u8g_dev_sbn1661_122x32.o
LOAD ..\obj\u8g_dev_ssd1325_nhd27oled_bw.o
LOAD ..\obj\u8g_dev_st7565_64128n.o
LOAD ..\obj\u8g_pb32h1.o
LOAD ..\obj\u8g_pb8h1.o
LOAD ..\obj\main.o
LOAD ..\obj\stm32f10x_rtc.o
LOAD ..\obj\u8g_dev_uc1701_mini12864.o
LOAD ..\obj\stm32f10x_usart.o
LOAD ..\obj\u8g_dev_ssd1309_128x64.o
LOAD ..\obj\u8g_dev_uc1701_dogs102.o
LOAD ..\obj\stm32f10x_adc.o
LOAD ..\obj\u8g_dev_ssd1327_96x96_gr.o
LOAD ..\obj\u8g_com_arduino_st7920_hw_spi.o
LOAD ..\obj\u8g_font.o
LOAD ..\obj\u8g_clip.o
LOAD ..\obj\u8g_pb8h2.o
LOAD ..\obj\u8g_dev_null.o
LOAD ..\obj\u8g_com_arduino_uc_i2c.o
LOAD ..\obj\u8g_pb8v2.o
LOAD ..\obj\u8g_pbxh16.o
LOAD ..\obj\u8g_com_raspberrypi_ssd_i2c.o
LOAD ..\obj\u8g_polygon.o
LOAD ..\obj\u8g_virtual_screen.o
LOAD ..\obj\misc.o
LOAD ..\obj\stm32f10x_i2c.o
LOAD ..\obj\u8g_dev_uc1610_dogxl160.o
LOAD ..\obj\u8g_pb8h8.o
LOAD ..\obj\system_stm32f10x.o
LOAD ..\obj\u8g_dev_uc1608_240x128.o
LOAD ..\obj\u8g_dev_st7687_c144mvgd.o
LOAD ..\obj\u8g_dev_a2_micro_printer.o
LOAD ..\obj\u8g_dev_t6963_128x64.o
LOAD ..\obj\u8g_com_arduino_no_en_parallel.o
LOAD ..\obj\stm32f10x_bkp.o
LOAD ..\obj\stm32f10x_flash.o
LOAD ..\obj\u8g_com_psoc5_ssd_hw_parallel.o
LOAD ..\obj\u8g_dev_ssd1351_128x128.o
LOAD ..\obj\u8g_com_arduino_hw_spi.o
LOAD ..\obj\u8g_dev_st7565_lm6063.o
LOAD ..\obj\u8g_dev_t6963_240x64.o
LOAD ..\obj\u8g_dev_uc1608_240x64.o
LOAD ..\obj\u8g_circle.o
LOAD ..\obj\u8g_u16toa.o
LOAD ..\obj\u8g_dev_gprof.o
LOAD ..\obj\u8g_com_arduino_parallel.o
LOAD ..\obj\u8g_rot.o
LOAD ..\obj\u8g_dev_ssd1322_nhd31oled_bw.o
LOAD ..\obj\u8g_scale.o
LOAD ..\obj\u8g_dev_st7565_nhd_c12832.o
LOAD ..\obj\u8g_dev_ssd1325_nhd27oled_bw_new.o
LOAD ..\obj\u8g_dev_t6963_128x128.o
LOAD ..\obj\u8g_com_arduino_sw_spi.o
LOAD ..\obj\stm32f10x_exti.o
LOAD ..\obj\u8g_com_std_sw_spi.o
LOAD C:\Program Files (x86)\GNU Tools ARM Embedded\4.9 2015q3\arm-none-eabi\lib\armv7-m\libstdc++_nano.a
LOAD C:\Program Files (x86)\GNU Tools ARM Embedded\4.9 2015q3\arm-none-eabi\lib\armv7-m\libsupc++_nano.a
LOAD C:\Program Files (x86)\GNU Tools ARM Embedded\4.9 2015q3\arm-none-eabi\lib\armv7-m\libnosys.a
START GROUP
LOAD c:/program files (x86)/gnu tools arm embedded/4.9 2015q3/bin/../lib/gcc/arm-none-eabi/4.9.3/armv7-m\libgcc.a
LOAD C:\Program Files (x86)\GNU Tools ARM Embedded\4.9 2015q3\arm-none-eabi\lib\armv7-m\libg.a
LOAD C:\Program Files (x86)\GNU Tools ARM Embedded\4.9 2015q3\arm-none-eabi\lib\armv7-m\libc.a
END GROUP
OUTPUT(JacuzziV2.elf elf32-littlearm)

.debug_info     0x00000000    0x18460
 .debug_info    0x00000000      0x890 ..\obj\u8g_pb.o
 .debug_info    0x00000890      0x434 ..\obj\u8g_com_arduino_st7920_custom.o
 .debug_info    0x00000cc4     0x1517 ..\obj\printf.o
 .debug_info    0x000021db      0x2b2 ..\obj\Entertainment.o
 .debug_info    0x0000248d      0x3ed ..\obj\syscalls.o
 .debug_info    0x0000287a      0xbe8 ..\obj\u8g_dev_st7920_128x64.o
 .debug_info    0x00003462      0xa0d ..\obj\u8g_com_api.o
 .debug_info    0x00003e6f      0xfa9 ..\obj\si4703.o
 .debug_info    0x00004e18     0x160d ..\obj\DS18B20.o
 .debug_info    0x00006425      0x468 ..\obj\u8g_state.o
 .debug_info    0x0000688d     0x1aab ..\obj\u8g_ll_api.o
 .debug_info    0x00008338      0x887 ..\obj\stm32f10x_gpio.o
 .debug_info    0x00008bbf      0x195 ..\obj\u8g_page.o
 .debug_info    0x00008d54      0xe56 ..\obj\Keypad.o
 .debug_info    0x00009baa      0x92e ..\obj\stm32f10x_rcc.o
 .debug_info    0x0000a4d8     0x144f ..\obj\mcp23017.o
 .debug_info    0x0000b927       0xcb ..\obj\startup_stm32f10x_md.o
 .debug_info    0x0000b9f2      0xd88 ..\obj\u8g_rect.o
 .debug_info    0x0000c77a      0x14d ..\obj\u8g_fonts.o
 .debug_info    0x0000c8c7      0x42f ..\obj\u8g_com_null.o
 .debug_info    0x0000ccf6      0x781 ..\obj\delay.o
 .debug_info    0x0000d477      0x2f4 ..\obj\ovc3860.o
 .debug_info    0x0000d76b      0xa3f ..\obj\u8g_arm_uart.o
 .debug_info    0x0000e1aa      0x504 ..\obj\u8g_line.o
 .debug_info    0x0000e6ae      0x858 ..\obj\usart.o
 .debug_info    0x0000ef06      0x8cf ..\obj\u8g_pb32h1.o
 .debug_info    0x0000f7d5      0x80b ..\obj\u8g_pb8h1.o
 .debug_info    0x0000ffe0     0x28f9 ..\obj\main.o
 .debug_info    0x000128d9      0xb3c ..\obj\stm32f10x_usart.o
 .debug_info    0x00013415     0x2abc ..\obj\u8g_font.o
 .debug_info    0x00015ed1      0x4ee ..\obj\u8g_clip.o
 .debug_info    0x000163bf      0x543 ..\obj\misc.o
 .debug_info    0x00016902      0xb99 ..\obj\stm32f10x_i2c.o
 .debug_info    0x0001749b      0x4a1 ..\obj\system_stm32f10x.o
 .debug_info    0x0001793c      0xb24 ..\obj\u8g_circle.o

.debug_abbrev   0x00000000     0x4938
 .debug_abbrev  0x00000000      0x211 ..\obj\u8g_pb.o
 .debug_abbrev  0x00000211      0x106 ..\obj\u8g_com_arduino_st7920_custom.o
 .debug_abbrev  0x00000317      0x445 ..\obj\printf.o
 .debug_abbrev  0x0000075c      0x18f ..\obj\Entertainment.o
 .debug_abbrev  0x000008eb       0xf1 ..\obj\syscalls.o
 .debug_abbrev  0x000009dc      0x1bc ..\obj\u8g_dev_st7920_128x64.o
 .debug_abbrev  0x00000b98      0x1ee ..\obj\u8g_com_api.o
 .debug_abbrev  0x00000d86      0x36b ..\obj\si4703.o
 .debug_abbrev  0x000010f1      0x463 ..\obj\DS18B20.o
 .debug_abbrev  0x00001554      0x139 ..\obj\u8g_state.o
 .debug_abbrev  0x0000168d      0x374 ..\obj\u8g_ll_api.o
 .debug_abbrev  0x00001a01      0x203 ..\obj\stm32f10x_gpio.o
 .debug_abbrev  0x00001c04       0xf3 ..\obj\u8g_page.o
 .debug_abbrev  0x00001cf7      0x336 ..\obj\Keypad.o
 .debug_abbrev  0x0000202d      0x25e ..\obj\stm32f10x_rcc.o
 .debug_abbrev  0x0000228b      0x2c6 ..\obj\mcp23017.o
 .debug_abbrev  0x00002551       0x12 ..\obj\startup_stm32f10x_md.o
 .debug_abbrev  0x00002563      0x185 ..\obj\u8g_rect.o
 .debug_abbrev  0x000026e8       0x6c ..\obj\u8g_fonts.o
 .debug_abbrev  0x00002754      0x106 ..\obj\u8g_com_null.o
 .debug_abbrev  0x0000285a      0x2b8 ..\obj\delay.o
 .debug_abbrev  0x00002b12       0xec ..\obj\ovc3860.o
 .debug_abbrev  0x00002bfe      0x273 ..\obj\u8g_arm_uart.o
 .debug_abbrev  0x00002e71      0x157 ..\obj\u8g_line.o
 .debug_abbrev  0x00002fc8      0x1e3 ..\obj\usart.o
 .debug_abbrev  0x000031ab      0x239 ..\obj\u8g_pb32h1.o
 .debug_abbrev  0x000033e4      0x1d3 ..\obj\u8g_pb8h1.o
 .debug_abbrev  0x000035b7      0x551 ..\obj\main.o
 .debug_abbrev  0x00003b08      0x1f8 ..\obj\stm32f10x_usart.o
 .debug_abbrev  0x00003d00      0x412 ..\obj\u8g_font.o
 .debug_abbrev  0x00004112      0x14f ..\obj\u8g_clip.o
 .debug_abbrev  0x00004261      0x154 ..\obj\misc.o
 .debug_abbrev  0x000043b5      0x1ed ..\obj\stm32f10x_i2c.o
 .debug_abbrev  0x000045a2      0x16c ..\obj\system_stm32f10x.o
 .debug_abbrev  0x0000470e      0x22a ..\obj\u8g_circle.o

.debug_loc      0x00000000     0xd156
 .debug_loc     0x00000000      0x918 ..\obj\u8g_pb.o
 .debug_loc     0x00000918       0x21 ..\obj\u8g_com_arduino_st7920_custom.o
 .debug_loc     0x00000939     0x1045 ..\obj\printf.o
 .debug_loc     0x0000197e       0x42 ..\obj\Entertainment.o
 .debug_loc     0x000019c0      0x108 ..\obj\syscalls.o
 .debug_loc     0x00001ac8      0x3ce ..\obj\u8g_dev_st7920_128x64.o
 .debug_loc     0x00001e96      0x661 ..\obj\u8g_com_api.o
 .debug_loc     0x000024f7      0x748 ..\obj\si4703.o
 .debug_loc     0x00002c3f      0xcf9 ..\obj\DS18B20.o
 .debug_loc     0x00003938       0x42 ..\obj\u8g_state.o
 .debug_loc     0x0000397a     0x1979 ..\obj\u8g_ll_api.o
 .debug_loc     0x000052f3      0x5d0 ..\obj\stm32f10x_gpio.o
 .debug_loc     0x000058c3       0xd1 ..\obj\u8g_page.o
 .debug_loc     0x00005994      0x10b ..\obj\Keypad.o
 .debug_loc     0x00005a9f      0x7fb ..\obj\stm32f10x_rcc.o
 .debug_loc     0x0000629a      0x659 ..\obj\mcp23017.o
 .debug_loc     0x000068f3      0xa79 ..\obj\u8g_rect.o
 .debug_loc     0x0000736c       0x21 ..\obj\u8g_com_null.o
 .debug_loc     0x0000738d       0xdb ..\obj\delay.o
 .debug_loc     0x00007468      0x21a ..\obj\u8g_arm_uart.o
 .debug_loc     0x00007682      0x32c ..\obj\u8g_line.o
 .debug_loc     0x000079ae       0x58 ..\obj\usart.o
 .debug_loc     0x00007a06      0x6ba ..\obj\u8g_pb32h1.o
 .debug_loc     0x000080c0      0x4fc ..\obj\u8g_pb8h1.o
 .debug_loc     0x000085bc       0xb7 ..\obj\main.o
 .debug_loc     0x00008673      0x82e ..\obj\stm32f10x_usart.o
 .debug_loc     0x00008ea1     0x2dcf ..\obj\u8g_font.o
 .debug_loc     0x0000bc70      0x378 ..\obj\u8g_clip.o
 .debug_loc     0x0000bfe8      0x18e ..\obj\misc.o
 .debug_loc     0x0000c176      0x73c ..\obj\stm32f10x_i2c.o
 .debug_loc     0x0000c8b2       0xbc ..\obj\system_stm32f10x.o
 .debug_loc     0x0000c96e      0x7e8 ..\obj\u8g_circle.o

.debug_aranges  0x00000000      0x470
 .debug_aranges
                0x00000000       0x20 ..\obj\u8g_pb.o
 .debug_aranges
                0x00000020       0x20 ..\obj\u8g_com_arduino_st7920_custom.o
 .debug_aranges
                0x00000040       0x20 ..\obj\printf.o
 .debug_aranges
                0x00000060       0x20 ..\obj\Entertainment.o
 .debug_aranges
                0x00000080       0x20 ..\obj\syscalls.o
 .debug_aranges
                0x000000a0       0x20 ..\obj\u8g_dev_st7920_128x64.o
 .debug_aranges
                0x000000c0       0x20 ..\obj\u8g_com_api.o
 .debug_aranges
                0x000000e0       0x20 ..\obj\si4703.o
 .debug_aranges
                0x00000100       0x20 ..\obj\DS18B20.o
 .debug_aranges
                0x00000120       0x20 ..\obj\u8g_state.o
 .debug_aranges
                0x00000140       0x20 ..\obj\u8g_ll_api.o
 .debug_aranges
                0x00000160       0x20 ..\obj\stm32f10x_gpio.o
 .debug_aranges
                0x00000180       0x20 ..\obj\u8g_page.o
 .debug_aranges
                0x000001a0       0x20 ..\obj\Keypad.o
 .debug_aranges
                0x000001c0       0x20 ..\obj\stm32f10x_rcc.o
 .debug_aranges
                0x000001e0       0x20 ..\obj\mcp23017.o
 .debug_aranges
                0x00000200       0x28 ..\obj\startup_stm32f10x_md.o
 .debug_aranges
                0x00000228       0x20 ..\obj\u8g_rect.o
 .debug_aranges
                0x00000248       0x18 ..\obj\u8g_fonts.o
 .debug_aranges
                0x00000260       0x20 ..\obj\u8g_com_null.o
 .debug_aranges
                0x00000280       0x20 ..\obj\delay.o
 .debug_aranges
                0x000002a0       0x20 ..\obj\ovc3860.o
 .debug_aranges
                0x000002c0       0x20 ..\obj\u8g_arm_uart.o
 .debug_aranges
                0x000002e0       0x20 ..\obj\u8g_line.o
 .debug_aranges
                0x00000300       0x20 ..\obj\usart.o
 .debug_aranges
                0x00000320       0x20 ..\obj\u8g_pb32h1.o
 .debug_aranges
                0x00000340       0x20 ..\obj\u8g_pb8h1.o
 .debug_aranges
                0x00000360       0x30 ..\obj\main.o
 .debug_aranges
                0x00000390       0x20 ..\obj\stm32f10x_usart.o
 .debug_aranges
                0x000003b0       0x20 ..\obj\u8g_font.o
 .debug_aranges
                0x000003d0       0x20 ..\obj\u8g_clip.o
 .debug_aranges
                0x000003f0       0x20 ..\obj\misc.o
 .debug_aranges
                0x00000410       0x20 ..\obj\stm32f10x_i2c.o
 .debug_aranges
                0x00000430       0x20 ..\obj\system_stm32f10x.o
 .debug_aranges
                0x00000450       0x20 ..\obj\u8g_circle.o

.debug_ranges   0x00000000      0x7e8
 .debug_ranges  0x00000000       0x40 ..\obj\u8g_pb.o
 .debug_ranges  0x00000040       0x80 ..\obj\printf.o
 .debug_ranges  0x000000c0       0x20 ..\obj\u8g_com_api.o
 .debug_ranges  0x000000e0       0x48 ..\obj\si4703.o
 .debug_ranges  0x00000128       0xd8 ..\obj\DS18B20.o
 .debug_ranges  0x00000200      0x198 ..\obj\u8g_ll_api.o
 .debug_ranges  0x00000398       0x30 ..\obj\Keypad.o
 .debug_ranges  0x000003c8       0x20 ..\obj\stm32f10x_rcc.o
 .debug_ranges  0x000003e8       0x58 ..\obj\mcp23017.o
 .debug_ranges  0x00000440       0x20 ..\obj\startup_stm32f10x_md.o
 .debug_ranges  0x00000460       0x30 ..\obj\u8g_rect.o
 .debug_ranges  0x00000490       0x50 ..\obj\delay.o
 .debug_ranges  0x000004e0       0x50 ..\obj\main.o
 .debug_ranges  0x00000530      0x1e8 ..\obj\u8g_font.o
 .debug_ranges  0x00000718       0x58 ..\obj\u8g_clip.o
 .debug_ranges  0x00000770       0x28 ..\obj\system_stm32f10x.o
 .debug_ranges  0x00000798       0x50 ..\obj\u8g_circle.o

.debug_line     0x00000000     0x59d6
 .debug_line    0x00000000      0x1c9 ..\obj\u8g_pb.o
 .debug_line    0x000001c9      0x154 ..\obj\u8g_com_arduino_st7920_custom.o
 .debug_line    0x0000031d      0x4d1 ..\obj\printf.o
 .debug_line    0x000007ee      0x1ce ..\obj\Entertainment.o
 .debug_line    0x000009bc      0x118 ..\obj\syscalls.o
 .debug_line    0x00000ad4      0x1f0 ..\obj\u8g_dev_st7920_128x64.o
 .debug_line    0x00000cc4      0x1c4 ..\obj\u8g_com_api.o
 .debug_line    0x00000e88      0x446 ..\obj\si4703.o
 .debug_line    0x000012ce      0x466 ..\obj\DS18B20.o
 .debug_line    0x00001734      0x145 ..\obj\u8g_state.o
 .debug_line    0x00001879      0x354 ..\obj\u8g_ll_api.o
 .debug_line    0x00001bcd      0x314 ..\obj\stm32f10x_gpio.o
 .debug_line    0x00001ee1      0x167 ..\obj\u8g_page.o
 .debug_line    0x00002048      0x301 ..\obj\Keypad.o
 .debug_line    0x00002349      0x32e ..\obj\stm32f10x_rcc.o
 .debug_line    0x00002677      0x349 ..\obj\mcp23017.o
 .debug_line    0x000029c0       0xcd ..\obj\startup_stm32f10x_md.o
 .debug_line    0x00002a8d      0x221 ..\obj\u8g_rect.o
 .debug_line    0x00002cae      0x15f ..\obj\u8g_fonts.o
 .debug_line    0x00002e0d      0x144 ..\obj\u8g_com_null.o
 .debug_line    0x00002f51      0x26b ..\obj\delay.o
 .debug_line    0x000031bc      0x24f ..\obj\ovc3860.o
 .debug_line    0x0000340b      0x341 ..\obj\u8g_arm_uart.o
 .debug_line    0x0000374c      0x1a3 ..\obj\u8g_line.o
 .debug_line    0x000038ef      0x2a2 ..\obj\usart.o
 .debug_line    0x00003b91      0x208 ..\obj\u8g_pb32h1.o
 .debug_line    0x00003d99      0x1e5 ..\obj\u8g_pb8h1.o
 .debug_line    0x00003f7e      0x4a2 ..\obj\main.o
 .debug_line    0x00004420      0x363 ..\obj\stm32f10x_usart.o
 .debug_line    0x00004783      0x706 ..\obj\u8g_font.o
 .debug_line    0x00004e89      0x17d ..\obj\u8g_clip.o
 .debug_line    0x00005006      0x20e ..\obj\misc.o
 .debug_line    0x00005214      0x36c ..\obj\stm32f10x_i2c.o
 .debug_line    0x00005580      0x248 ..\obj\system_stm32f10x.o
 .debug_line    0x000057c8      0x20e ..\obj\u8g_circle.o

.debug_str      0x00000000     0x4cbb
 .debug_str     0x00000000      0x3c3 ..\obj\u8g_pb.o
                                0x49c (size before relaxing)
 .debug_str     0x000003c3       0x80 ..\obj\u8g_com_arduino_st7920_custom.o
                                0x3c0 (size before relaxing)
 .debug_str     0x00000443      0x58a ..\obj\printf.o
                                0x750 (size before relaxing)
 .debug_str     0x000009cd      0x1bb ..\obj\Entertainment.o
                                0x2be (size before relaxing)
 .debug_str     0x00000b88      0x160 ..\obj\syscalls.o
                                0x2da (size before relaxing)
 .debug_str     0x00000ce8      0x33d ..\obj\u8g_dev_st7920_128x64.o
                                0x6e7 (size before relaxing)
 .debug_str     0x00001025       0xa8 ..\obj\u8g_com_api.o
                                0x468 (size before relaxing)
 .debug_str     0x000010cd      0x47f ..\obj\si4703.o
                                0x6cf (size before relaxing)
 .debug_str     0x0000154c      0x5f4 ..\obj\DS18B20.o
                                0x908 (size before relaxing)
 .debug_str     0x00001b40       0x7d ..\obj\u8g_state.o
                                0x3bd (size before relaxing)
 .debug_str     0x00001bbd      0x2fc ..\obj\u8g_ll_api.o
                                0x663 (size before relaxing)
 .debug_str     0x00001eb9      0x256 ..\obj\stm32f10x_gpio.o
                                0x54c (size before relaxing)
 .debug_str     0x0000210f       0x65 ..\obj\u8g_page.o
                                0x1bd (size before relaxing)
 .debug_str     0x00002174      0x76a ..\obj\Keypad.o
                                0xa2a (size before relaxing)
 .debug_str     0x000028de      0x41a ..\obj\stm32f10x_rcc.o
                                0x636 (size before relaxing)
 .debug_str     0x00002cf8      0x218 ..\obj\mcp23017.o
                                0xc98 (size before relaxing)
 .debug_str     0x00002f10       0xf0 ..\obj\u8g_rect.o
                                0x43f (size before relaxing)
 .debug_str     0x00003000       0x9b ..\obj\u8g_fonts.o
                                0x1a3 (size before relaxing)
 .debug_str     0x0000309b       0x4e ..\obj\u8g_com_null.o
                                0x39e (size before relaxing)
 .debug_str     0x000030e9      0x437 ..\obj\delay.o
                                0x60b (size before relaxing)
 .debug_str     0x00003520      0x123 ..\obj\ovc3860.o
                                0x28a (size before relaxing)
 .debug_str     0x00003643      0x12e ..\obj\u8g_arm_uart.o
                                0x70b (size before relaxing)
 .debug_str     0x00003771       0x5e ..\obj\u8g_line.o
                                0x3ac (size before relaxing)
 .debug_str     0x000037cf      0x16f ..\obj\usart.o
                                0x815 (size before relaxing)
 .debug_str     0x0000393e       0xc3 ..\obj\u8g_pb32h1.o
                                0x4de (size before relaxing)
 .debug_str     0x00003a01       0xa0 ..\obj\u8g_pb8h1.o
                                0x4b7 (size before relaxing)
 .debug_str     0x00003aa1      0x1f7 ..\obj\main.o
                               0x16cd (size before relaxing)
 .debug_str     0x00003c98      0x365 ..\obj\stm32f10x_usart.o
                                0x6ec (size before relaxing)
 .debug_str     0x00003ffd      0x71e ..\obj\u8g_font.o
                                0xb29 (size before relaxing)
 .debug_str     0x0000471b       0x5c ..\obj\u8g_clip.o
                                0x3b2 (size before relaxing)
 .debug_str     0x00004777      0x10f ..\obj\misc.o
                                0x3da (size before relaxing)
 .debug_str     0x00004886      0x2c5 ..\obj\stm32f10x_i2c.o
                                0x6ab (size before relaxing)
 .debug_str     0x00004b4b       0xcc ..\obj\system_stm32f10x.o
                                0x30c (size before relaxing)
 .debug_str     0x00004c17       0xa4 ..\obj\u8g_circle.o
                                0x43e (size before relaxing)

.comment        0x00000000       0x70
 .comment       0x00000000       0x70 ..\obj\u8g_pb.o
                                 0x71 (size before relaxing)
 .comment       0x00000000       0x71 ..\obj\u8g_com_arduino_st7920_custom.o
 .comment       0x00000000       0x71 ..\obj\printf.o
 .comment       0x00000000       0x71 ..\obj\Entertainment.o
 .comment       0x00000000       0x71 ..\obj\syscalls.o
 .comment       0x00000000       0x71 ..\obj\u8g_dev_st7920_128x64.o
 .comment       0x00000000       0x71 ..\obj\u8g_com_api.o
 .comment       0x00000000       0x71 ..\obj\si4703.o
 .comment       0x00000000       0x71 ..\obj\DS18B20.o
 .comment       0x00000000       0x71 ..\obj\u8g_state.o
 .comment       0x00000000       0x71 ..\obj\u8g_ll_api.o
 .comment       0x00000000       0x71 ..\obj\stm32f10x_gpio.o
 .comment       0x00000000       0x71 ..\obj\u8g_page.o
 .comment       0x00000000       0x71 ..\obj\Keypad.o
 .comment       0x00000000       0x71 ..\obj\stm32f10x_rcc.o
 .comment       0x00000000       0x71 ..\obj\mcp23017.o
 .comment       0x00000000       0x71 ..\obj\u8g_rect.o
 .comment       0x00000000       0x71 ..\obj\u8g_fonts.o
 .comment       0x00000000       0x71 ..\obj\u8g_com_null.o
 .comment       0x00000000       0x71 ..\obj\delay.o
 .comment       0x00000000       0x71 ..\obj\ovc3860.o
 .comment       0x00000000       0x71 ..\obj\u8g_arm_uart.o
 .comment       0x00000000       0x71 ..\obj\u8g_line.o
 .comment       0x00000000       0x71 ..\obj\usart.o
 .comment       0x00000000       0x71 ..\obj\u8g_pb32h1.o
 .comment       0x00000000       0x71 ..\obj\u8g_pb8h1.o
 .comment       0x00000000       0x71 ..\obj\main.o
 .comment       0x00000000       0x71 ..\obj\stm32f10x_usart.o
 .comment       0x00000000       0x71 ..\obj\u8g_font.o
 .comment       0x00000000       0x71 ..\obj\u8g_clip.o
 .comment       0x00000000       0x71 ..\obj\misc.o
 .comment       0x00000000       0x71 ..\obj\stm32f10x_i2c.o
 .comment       0x00000000       0x71 ..\obj\system_stm32f10x.o
 .comment       0x00000000       0x71 ..\obj\u8g_circle.o

.ARM.attributes
                0x00000000       0x31
 .ARM.attributes
                0x00000000       0x33 ..\obj\u8g_pb.o
 .ARM.attributes
                0x00000033       0x33 ..\obj\u8g_com_arduino_st7920_custom.o
 .ARM.attributes
                0x00000066       0x33 ..\obj\printf.o
 .ARM.attributes
                0x00000099       0x33 ..\obj\Entertainment.o
 .ARM.attributes
                0x000000cc       0x33 ..\obj\syscalls.o
 .ARM.attributes
                0x000000ff       0x33 ..\obj\u8g_dev_st7920_128x64.o
 .ARM.attributes
                0x00000132       0x33 ..\obj\u8g_com_api.o
 .ARM.attributes
                0x00000165       0x33 ..\obj\si4703.o
 .ARM.attributes
                0x00000198       0x33 ..\obj\DS18B20.o
 .ARM.attributes
                0x000001cb       0x33 ..\obj\u8g_state.o
 .ARM.attributes
                0x000001fe       0x33 ..\obj\u8g_ll_api.o
 .ARM.attributes
                0x00000231       0x33 ..\obj\stm32f10x_gpio.o
 .ARM.attributes
                0x00000264       0x33 ..\obj\u8g_page.o
 .ARM.attributes
                0x00000297       0x33 ..\obj\Keypad.o
 .ARM.attributes
                0x000002ca       0x33 ..\obj\stm32f10x_rcc.o
 .ARM.attributes
                0x000002fd       0x33 ..\obj\mcp23017.o
 .ARM.attributes
                0x00000330       0x21 ..\obj\startup_stm32f10x_md.o
 .ARM.attributes
                0x00000351       0x33 ..\obj\u8g_rect.o
 .ARM.attributes
                0x00000384       0x33 ..\obj\u8g_fonts.o
 .ARM.attributes
                0x000003b7       0x33 ..\obj\u8g_com_null.o
 .ARM.attributes
                0x000003ea       0x33 ..\obj\delay.o
 .ARM.attributes
                0x0000041d       0x33 ..\obj\ovc3860.o
 .ARM.attributes
                0x00000450       0x33 ..\obj\u8g_arm_uart.o
 .ARM.attributes
                0x00000483       0x33 ..\obj\u8g_line.o
 .ARM.attributes
                0x000004b6       0x33 ..\obj\usart.o
 .ARM.attributes
                0x000004e9       0x33 ..\obj\u8g_pb32h1.o
 .ARM.attributes
                0x0000051c       0x33 ..\obj\u8g_pb8h1.o
 .ARM.attributes
                0x0000054f       0x33 ..\obj\main.o
 .ARM.attributes
                0x00000582       0x33 ..\obj\stm32f10x_usart.o
 .ARM.attributes
                0x000005b5       0x33 ..\obj\u8g_font.o
 .ARM.attributes
                0x000005e8       0x33 ..\obj\u8g_clip.o
 .ARM.attributes
                0x0000061b       0x33 ..\obj\misc.o
 .ARM.attributes
                0x0000064e       0x33 ..\obj\stm32f10x_i2c.o
 .ARM.attributes
                0x00000681       0x33 ..\obj\system_stm32f10x.o
 .ARM.attributes
                0x000006b4       0x33 ..\obj\u8g_circle.o
 .ARM.attributes
                0x000006e7       0x2d C:\Program Files (x86)\GNU Tools ARM Embedded\4.9 2015q3\arm-none-eabi\lib\armv7-m\libstdc++_nano.a(si_class_type_info.o)
 .ARM.attributes
                0x00000714       0x2d C:\Program Files (x86)\GNU Tools ARM Embedded\4.9 2015q3\arm-none-eabi\lib\armv7-m\libstdc++_nano.a(tinfo.o)
 .ARM.attributes
                0x00000741       0x2d C:\Program Files (x86)\GNU Tools ARM Embedded\4.9 2015q3\arm-none-eabi\lib\armv7-m\libstdc++_nano.a(class_type_info.o)
 .ARM.attributes
                0x0000076e       0x2d C:\Program Files (x86)\GNU Tools ARM Embedded\4.9 2015q3\arm-none-eabi\lib\armv7-m\libstdc++_nano.a(del_op.o)
 .ARM.attributes
                0x0000079b       0x1d c:/program files (x86)/gnu tools arm embedded/4.9 2015q3/bin/../lib/gcc/arm-none-eabi/4.9.3/armv7-m\libgcc.a(_arm_addsubdf3.o)
 .ARM.attributes
                0x000007b8       0x1d c:/program files (x86)/gnu tools arm embedded/4.9 2015q3/bin/../lib/gcc/arm-none-eabi/4.9.3/armv7-m\libgcc.a(_arm_muldivdf3.o)
 .ARM.attributes
                0x000007d5       0x1d c:/program files (x86)/gnu tools arm embedded/4.9 2015q3/bin/../lib/gcc/arm-none-eabi/4.9.3/armv7-m\libgcc.a(_arm_fixdfsi.o)
 .ARM.attributes
                0x000007f2       0x1d c:/program files (x86)/gnu tools arm embedded/4.9 2015q3/bin/../lib/gcc/arm-none-eabi/4.9.3/armv7-m\libgcc.a(_arm_truncdfsf2.o)
 .ARM.attributes
                0x0000080f       0x1d c:/program files (x86)/gnu tools arm embedded/4.9 2015q3/bin/../lib/gcc/arm-none-eabi/4.9.3/armv7-m\libgcc.a(_arm_addsubsf3.o)
 .ARM.attributes
                0x0000082c       0x1d c:/program files (x86)/gnu tools arm embedded/4.9 2015q3/bin/../lib/gcc/arm-none-eabi/4.9.3/armv7-m\libgcc.a(_arm_muldivsf3.o)
 .ARM.attributes
                0x00000849       0x1d c:/program files (x86)/gnu tools arm embedded/4.9 2015q3/bin/../lib/gcc/arm-none-eabi/4.9.3/armv7-m\libgcc.a(_arm_fixunssfsi.o)
 .ARM.attributes
                0x00000866       0x2d C:\Program Files (x86)\GNU Tools ARM Embedded\4.9 2015q3\arm-none-eabi\lib\armv7-m\libg.a(lib_a-malloc.o)
 .ARM.attributes
                0x00000893       0x2d C:\Program Files (x86)\GNU Tools ARM Embedded\4.9 2015q3\arm-none-eabi\lib\armv7-m\libg.a(lib_a-mallocr.o)
 .ARM.attributes
                0x000008c0       0x2d C:\Program Files (x86)\GNU Tools ARM Embedded\4.9 2015q3\arm-none-eabi\lib\armv7-m\libg.a(lib_a-mlock.o)
 .ARM.attributes
                0x000008ed       0x2d C:\Program Files (x86)\GNU Tools ARM Embedded\4.9 2015q3\arm-none-eabi\lib\armv7-m\libg.a(lib_a-sbrkr.o)
 .ARM.attributes
                0x0000091a       0x2d C:\Program Files (x86)\GNU Tools ARM Embedded\4.9 2015q3\arm-none-eabi\lib\armv7-m\libg.a(lib_a-freer.o)
 .ARM.attributes
                0x00000947       0x2d C:\Program Files (x86)\GNU Tools ARM Embedded\4.9 2015q3\arm-none-eabi\lib\armv7-m\libg.a(lib_a-reent.o)

.debug_frame    0x00000000     0x2f04
 .debug_frame   0x00000000       0xc8 ..\obj\u8g_pb.o
 .debug_frame   0x000000c8       0x20 ..\obj\u8g_com_arduino_st7920_custom.o
 .debug_frame   0x000000e8      0x26c ..\obj\printf.o
 .debug_frame   0x00000354       0x3c ..\obj\Entertainment.o
 .debug_frame   0x00000390       0xa0 ..\obj\syscalls.o
 .debug_frame   0x00000430       0x90 ..\obj\u8g_dev_st7920_128x64.o
 .debug_frame   0x000004c0      0x12c ..\obj\u8g_com_api.o
 .debug_frame   0x000005ec      0x1a0 ..\obj\si4703.o
 .debug_frame   0x0000078c      0x268 ..\obj\DS18B20.o
 .debug_frame   0x000009f4       0x40 ..\obj\u8g_state.o
 .debug_frame   0x00000a34      0x3d8 ..\obj\u8g_ll_api.o
 .debug_frame   0x00000e0c      0x1b0 ..\obj\stm32f10x_gpio.o
 .debug_frame   0x00000fbc       0x58 ..\obj\u8g_page.o
 .debug_frame   0x00001014       0x7c ..\obj\Keypad.o
 .debug_frame   0x00001090      0x224 ..\obj\stm32f10x_rcc.o
 .debug_frame   0x000012b4      0x1c0 ..\obj\mcp23017.o
 .debug_frame   0x00001474      0x1d8 ..\obj\u8g_rect.o
 .debug_frame   0x0000164c       0x20 ..\obj\u8g_com_null.o
 .debug_frame   0x0000166c       0xe0 ..\obj\delay.o
 .debug_frame   0x0000174c       0xc8 ..\obj\ovc3860.o
 .debug_frame   0x00001814       0xcc ..\obj\u8g_arm_uart.o
 .debug_frame   0x000018e0       0x3c ..\obj\u8g_line.o
 .debug_frame   0x0000191c       0xa4 ..\obj\usart.o
 .debug_frame   0x000019c0       0xf8 ..\obj\u8g_pb32h1.o
 .debug_frame   0x00001ab8       0xe0 ..\obj\u8g_pb8h1.o
 .debug_frame   0x00001b98       0xec ..\obj\main.o
 .debug_frame   0x00001c84      0x258 ..\obj\stm32f10x_usart.o
 .debug_frame   0x00001edc      0x784 ..\obj\u8g_font.o
 .debug_frame   0x00002660       0x44 ..\obj\u8g_clip.o
 .debug_frame   0x000026a4       0x6c ..\obj\misc.o
 .debug_frame   0x00002710      0x26c ..\obj\stm32f10x_i2c.o
 .debug_frame   0x0000297c       0x48 ..\obj\system_stm32f10x.o
 .debug_frame   0x000029c4      0x138 ..\obj\u8g_circle.o
 .debug_frame   0x00002afc       0xd4 C:\Program Files (x86)\GNU Tools ARM Embedded\4.9 2015q3\arm-none-eabi\lib\armv7-m\libstdc++_nano.a(si_class_type_info.o)
 .debug_frame   0x00002bd0       0x90 C:\Program Files (x86)\GNU Tools ARM Embedded\4.9 2015q3\arm-none-eabi\lib\armv7-m\libstdc++_nano.a(tinfo.o)
 .debug_frame   0x00002c60       0xd8 C:\Program Files (x86)\GNU Tools ARM Embedded\4.9 2015q3\arm-none-eabi\lib\armv7-m\libstdc++_nano.a(class_type_info.o)
 .debug_frame   0x00002d38       0x20 C:\Program Files (x86)\GNU Tools ARM Embedded\4.9 2015q3\arm-none-eabi\lib\armv7-m\libstdc++_nano.a(del_op.o)
 .debug_frame   0x00002d58       0x30 C:\Program Files (x86)\GNU Tools ARM Embedded\4.9 2015q3\arm-none-eabi\lib\armv7-m\libg.a(lib_a-malloc.o)
 .debug_frame   0x00002d88       0x54 C:\Program Files (x86)\GNU Tools ARM Embedded\4.9 2015q3\arm-none-eabi\lib\armv7-m\libg.a(lib_a-mallocr.o)
 .debug_frame   0x00002ddc       0x30 C:\Program Files (x86)\GNU Tools ARM Embedded\4.9 2015q3\arm-none-eabi\lib\armv7-m\libg.a(lib_a-mlock.o)
 .debug_frame   0x00002e0c       0x2c C:\Program Files (x86)\GNU Tools ARM Embedded\4.9 2015q3\arm-none-eabi\lib\armv7-m\libg.a(lib_a-sbrkr.o)
 .debug_frame   0x00002e38       0x74 C:\Program Files (x86)\GNU Tools ARM Embedded\4.9 2015q3\arm-none-eabi\lib\armv7-m\libg.a(lib_a-freer.o)
 .debug_frame   0x00002eac       0x58 C:\Program Files (x86)\GNU Tools ARM Embedded\4.9 2015q3\arm-none-eabi\lib\armv7-m\libg.a(lib_a-reent.o)
