Archive member included to satisfy reference by file (symbol)

..\..\..\..\..\..\..\..\Program Files (x86)\GNU Tools ARM Embedded\5.3 2016q1\arm-none-eabi\lib\armv7-m\libstdc++_nano.a(si_class_type_info.o)
                              ..\obj\SI4703.o (vtable for __cxxabiv1::__si_class_type_info)
..\..\..\..\..\..\..\..\Program Files (x86)\GNU Tools ARM Embedded\5.3 2016q1\arm-none-eabi\lib\armv7-m\libstdc++_nano.a(vmi_class_type_info.o)
                              ..\obj\EntController.o (vtable for __cxxabiv1::__vmi_class_type_info)
..\..\..\..\..\..\..\..\Program Files (x86)\GNU Tools ARM Embedded\5.3 2016q1\arm-none-eabi\lib\armv7-m\libstdc++_nano.a(tinfo.o)
                              ..\..\..\..\..\..\..\..\Program Files (x86)\GNU Tools ARM Embedded\5.3 2016q1\arm-none-eabi\lib\armv7-m\libstdc++_nano.a(si_class_type_info.o) (std::type_info::__is_function_p() const)
..\..\..\..\..\..\..\..\Program Files (x86)\GNU Tools ARM Embedded\5.3 2016q1\arm-none-eabi\lib\armv7-m\libstdc++_nano.a(class_type_info.o)
                              ..\..\..\..\..\..\..\..\Program Files (x86)\GNU Tools ARM Embedded\5.3 2016q1\arm-none-eabi\lib\armv7-m\libstdc++_nano.a(si_class_type_info.o) (__cxxabiv1::__class_type_info::__do_upcast(__cxxabiv1::__class_type_info const*, void**) const)
..\..\..\..\..\..\..\..\Program Files (x86)\GNU Tools ARM Embedded\5.3 2016q1\arm-none-eabi\lib\armv7-m\libstdc++_nano.a(guard.o)
                              ..\obj\EntController.o (__cxa_guard_acquire)
..\..\..\..\..\..\..\..\Program Files (x86)\GNU Tools ARM Embedded\5.3 2016q1\arm-none-eabi\lib\armv7-m\libstdc++_nano.a(del_op.o)
                              ..\..\..\..\..\..\..\..\Program Files (x86)\GNU Tools ARM Embedded\5.3 2016q1\arm-none-eabi\lib\armv7-m\libstdc++_nano.a(si_class_type_info.o) (operator delete(void*))
c:/program files (x86)/gnu tools arm embedded/5.3 2016q1/bin/../lib/gcc/arm-none-eabi/5.3.1/armv7-m\libgcc.a(_arm_addsubdf3.o)
                              ..\obj\DS18B20.o (__aeabi_dadd)
c:/program files (x86)/gnu tools arm embedded/5.3 2016q1/bin/../lib/gcc/arm-none-eabi/5.3.1/armv7-m\libgcc.a(_arm_muldivdf3.o)
                              ..\obj\DS18B20.o (__aeabi_dmul)
c:/program files (x86)/gnu tools arm embedded/5.3 2016q1/bin/../lib/gcc/arm-none-eabi/5.3.1/armv7-m\libgcc.a(_arm_fixdfsi.o)
                              ..\obj\DS18B20.o (__aeabi_d2iz)
c:/program files (x86)/gnu tools arm embedded/5.3 2016q1/bin/../lib/gcc/arm-none-eabi/5.3.1/armv7-m\libgcc.a(_arm_truncdfsf2.o)
                              ..\obj\DS18B20.o (__aeabi_d2f)
c:/program files (x86)/gnu tools arm embedded/5.3 2016q1/bin/../lib/gcc/arm-none-eabi/5.3.1/armv7-m\libgcc.a(_arm_addsubsf3.o)
                              ..\obj\SpaController.o (__aeabi_fsub)
c:/program files (x86)/gnu tools arm embedded/5.3 2016q1/bin/../lib/gcc/arm-none-eabi/5.3.1/armv7-m\libgcc.a(_arm_muldivsf3.o)
                              ..\obj\DS18B20.o (__aeabi_fmul)
c:/program files (x86)/gnu tools arm embedded/5.3 2016q1/bin/../lib/gcc/arm-none-eabi/5.3.1/armv7-m\libgcc.a(_arm_cmpsf2.o)
                              ..\obj\SpaController.o (__aeabi_fcmplt)
c:/program files (x86)/gnu tools arm embedded/5.3 2016q1/bin/../lib/gcc/arm-none-eabi/5.3.1/armv7-m\libgcc.a(_arm_fixsfsi.o)
                              ..\obj\SpaController.o (__aeabi_f2iz)
c:/program files (x86)/gnu tools arm embedded/5.3 2016q1/bin/../lib/gcc/arm-none-eabi/5.3.1/armv7-m\libgcc.a(_arm_fixunssfsi.o)
                              ..\obj\DS18B20.o (__aeabi_f2uiz)
c:/program files (x86)/gnu tools arm embedded/5.3 2016q1/bin/../lib/gcc/arm-none-eabi/5.3.1/armv7-m\libgcc.a(unwind-arm.o)
                              ..\obj\TemperatureSensor.o (__aeabi_unwind_cpp_pr0)
c:/program files (x86)/gnu tools arm embedded/5.3 2016q1/bin/../lib/gcc/arm-none-eabi/5.3.1/armv7-m\libgcc.a(libunwind.o)
                              c:/program files (x86)/gnu tools arm embedded/5.3 2016q1/bin/../lib/gcc/arm-none-eabi/5.3.1/armv7-m\libgcc.a(unwind-arm.o) (restore_core_regs)
c:/program files (x86)/gnu tools arm embedded/5.3 2016q1/bin/../lib/gcc/arm-none-eabi/5.3.1/armv7-m\libgcc.a(pr-support.o)
                              c:/program files (x86)/gnu tools arm embedded/5.3 2016q1/bin/../lib/gcc/arm-none-eabi/5.3.1/armv7-m\libgcc.a(unwind-arm.o) (__gnu_unwind_execute)
..\..\..\..\..\..\..\..\Program Files (x86)\GNU Tools ARM Embedded\5.3 2016q1\arm-none-eabi\lib\armv7-m\libg.a(lib_a-malloc.o)
                              ..\..\..\..\..\..\..\..\Program Files (x86)\GNU Tools ARM Embedded\5.3 2016q1\arm-none-eabi\lib\armv7-m\libstdc++_nano.a(del_op.o) (free)
..\..\..\..\..\..\..\..\Program Files (x86)\GNU Tools ARM Embedded\5.3 2016q1\arm-none-eabi\lib\armv7-m\libg.a(lib_a-mallocr.o)
                              ..\..\..\..\..\..\..\..\Program Files (x86)\GNU Tools ARM Embedded\5.3 2016q1\arm-none-eabi\lib\armv7-m\libg.a(lib_a-malloc.o) (_malloc_r)
[...]
Memory Configuration

Name             Origin             Length             Attributes
rom              0x08000000         0x00010000         xr
ram              0x20000000         0x00005000         xrw
*default*        0x00000000         0xffffffff

Linker script and memory map

                0x20005000                _eram = 0x20005000

.text           0x08000000     0xd0f2
 *(.isr_vector)
 .isr_vector    0x08000000      0x10c ..\obj\startup_stm32f10x_md.o
                0x08000000                g_pfnVectors
 *(.text*)
 .text          0x0800010c      0x134 ..\obj\u8g_pb.o
                0x0800010c                u8g_pb_Clear
                0x08000120                u8g_pb_IsYIntersection
                0x0800014c                u8g_pb_IsXIntersection
                0x08000160                u8g_pb_IsIntersection
                0x080001c0                u8g_pb_GetPageBox
                0x080001d4                u8g_pb_Is8PixelVisible
                0x0800022c                u8g_pb_WriteBuffer
 .text          0x08000240        0x4 ..\obj\u8g_com_arduino_st7920_custom.o
                0x08000240                u8g_com_arduino_st7920_custom_fn
 .text          0x08000244      0x48c ..\obj\printf.o
                0x08000244                SetOutputUart
                0x08000250                PrintChar
                0x08000290                PutChar
                0x08000298                PutString
                0x080002b8                PutUnsignedInt
                0x0800030c                PutSignedInt
                0x0800039c                PutHexa
                0x08000404                vsnprintf
                0x0800056c                snprintf
                0x0800058c                vsprintf
                0x08000598                sprintf
                0x080005b8                fputc
                0x080005e0                fputs
                0x08000618                vfprintf
                0x08000664                vprintf
                0x08000678                printf
                0x080006a0                fprintf
                0x080006c0                puts
 .text          0x080006d0       0x4c ..\obj\syscalls.o
                0x080006d0                _sbrk
                0x080006ec                link
                0x080006f4                _close
                0x080006fc                _fstat
                0x08000708                _isatty
                0x0800070c                _lseek
                0x08000710                _read
                0x08000714                _write
                0x08000718                abort
 .text          0x0800071c      0x1b8 ..\obj\u8g_dev_st7920_128x64.o
                0x0800071c                u8g_dev_st7920_128x64_fn
                0x080007f8                u8g_dev_st7920_128x64_4x_fn
 .text          0x080008d4      0x148 ..\obj\u8g_com_api.o
                0x080008d4                u8g_InitCom
                0x080008e4                u8g_StopCom
                0x080008f4                u8g_SetChipSelect
                0x08000904                u8g_SetResetLow
                0x08000914                u8g_SetResetHigh
                0x08000924                u8g_SetAddress
                0x08000934                u8g_WriteByte
                0x08000944                u8g_WriteSequence
                0x08000950                u8g_WriteSequenceP
                0x0800095c                u8g_WriteEscSeqP
 .text          0x08000a1c      0x154 ..\obj\TemperatureSensor.o
                0x08000a1c                TemperatureSensor::Reset()
                0x08000a40                TemperatureSensor::IsAvailable()
                0x08000a4c                TemperatureSensor::StartConversion()
                0x08000a88                TemperatureSensor::Init(unsigned long, GPIO_TypeDef*, unsigned short)
                0x08000ac4                TemperatureSensor::ReadTemperature()
                0x08000b00                TemperatureSensor::TempIsValid()
                0x08000b08                TemperatureSensor::GetTemperature(char (&) [7])
                0x08000b3c                TemperatureSensor::GetTemperature()
 .text          0x08000b70      0x19c ..\obj\radio.o
                0x08000b70                RADIO::init(bool)
                0x08000b74                RADIO::term()
                0x08000b78                RADIO::setVolume(unsigned char)
                0x08000b7c                RADIO::getVolume()
                0x08000b80                RADIO::setBassBoost(bool)
                0x08000b84                RADIO::getBassBoost()
                0x08000b88                RADIO::setMono(bool)
                0x08000b8c                RADIO::getMono()
                0x08000b90                RADIO::setMute(bool)
                0x08000b94                RADIO::getMute()
                0x08000b98                RADIO::setSoftMute(bool)
                0x08000b9c                RADIO::getSoftMute()
                0x08000ba0                RADIO::setBand(RADIO_BAND)
                0x08000bc4                RADIO::setFrequency(unsigned short)
                0x08000bc8                RADIO::seekUp(bool)
                0x08000bc8                RADIO::seekDown(bool)
                0x08000bcc                RADIO::getBand()
                0x08000bd0                RADIO::getFrequency()
                0x08000bd4                RADIO::getMinFrequency()
                0x08000bd8                RADIO::getMaxFrequency()
                0x08000bdc                RADIO::getFrequencyStep()
                0x08000be0                RADIO::checkRDS(unsigned short*, unsigned short*, unsigned short*, unsigned short*)
                0x08000be4                RADIO::getRadioInfo(RADIO_INFO*)
                0x08000bf4                RADIO::getAudioInfo(AUDIO_INFO*)
                0x08000c10                RADIO::formatFrequency(char*, unsigned char)
                0x08000cb0                RADIO::RADIO()
                0x08000cb0                RADIO::RADIO()
                0x08000cd0                RADIO::int16_to_s(char*, unsigned short)
 .text          0x08000d0c      0x5bc ..\obj\DS18B20.o
                0x08000d0c                DS18B20::Reset()
                0x08000da0                DS18B20::Init(unsigned long, GPIO_TypeDef*, unsigned short)
                0x08000dec                DS18B20::BitRead()
                0x08000e3c                DS18B20::ByteRead()
                0x08000e60                DS18B20::BitWrite(unsigned char)
                0x08000ec0                DS18B20::ByteWrite(unsigned char)
                0x08000ee0                DS18B20::AlarmSearch()
                0x08000ee4                DS18B20::ROMRead()
                0x08000f34                DS18B20::ROMMatch()
                0x08000f7c                DS18B20::ROMSkip()
                0x08000f9c                DS18B20::TempConvert()
                0x08000fbc                DS18B20::ScratchpadCopy()
                0x08000fe4                DS18B20::ScratchpadSet(char, char, unsigned char)
                0x08001050                DS18B20::SetPrecision(unsigned char)
                0x0800106c                DS18B20::TempRead(float*)
                0x08001140                DS18B20::TempReadSimple(DS18B20::simple_float*)
                0x08001214                DS18B20::EEROMRecall()
                0x0800124c                DS18B20::PowerSupplyRead()
                0x08001278                DS18B20::ScratchpadRead(unsigned char*)
 .text          0x080012c8       0x10 ..\obj\u8g_state.o
                0x080012c8                u8g_state_dummy_cb
                0x080012cc                u8g_SetHardwareBackup
                0x080012d4                u8g_backup_spi
 .text          0x080012d8      0x5f8 ..\obj\Display.o
                0x080012d8                Display::SetDisplayState(bool)
                0x080012e8                Display::DrawSecondScreen()
                0x08001348                Display::SetActiveScreen(Display::Screens)
                0x08001350                Display::SetTemp(unsigned char, char const*)
                0x0800137c                Display::SetHeatingState(bool)
                0x08001384                Display::SetErrorText(char const*)
                0x080013a8                Display::ClearErrorText()
                0x080013b8                Display::SetNoWaterAvailable(bool)
                0x080013c0                Display::SetNoTempAvailable(bool)
                0x080013c8                Display::SetStatusBar(char const*)
                0x080013ec                Display::ClearStatusBar()
                0x08001404                Display::SetAudioState(bool)
                0x0800140c                Display::SetAudioSource(char const*)
                0x08001430                Display::SetRadioState(bool)
                0x08001438                Display::SetRadioStereo(bool)
                0x08001440                Display::SetRadioChannel(unsigned short)
                0x0800147c                Display::SetRadioSignalstrength(char)
                0x08001484                Display::WriteText(unsigned char, char const*)
                0x080014b4                Display::WriteHLine(unsigned char, unsigned char, unsigned char, unsigned char)
                0x080014d0                Display::WriteVLine(unsigned char, unsigned char, unsigned char, unsigned char)
                0x080014ec                Display::ClearSecondScreen()
                0x08001534                Display::Init()
                0x080015c0                Display::DrawWaterIcon()
                0x0800161c                Display::DrawFrostIcon()
                0x08001674                Display::DrawSignalStrength()
                0x08001758                Display::DrawMainScreen()
                0x080018a0                Display::Draw()
 .text          0x080018d0      0x478 ..\obj\u8g_ll_api.o
                0x080018d0                u8g_call_dev_fn
                0x080018dc                u8g_InitLL
                0x08001908                u8g_FirstPageLL
                0x08001940                u8g_NextPageLL
                0x0800197c                u8g_SetContrastLL
                0x08001990                u8g_DrawPixelLL
                0x080019a8                u8g_Draw8PixelLL
                0x080019d0                u8g_Draw4TPixelLL
                0x080019f8                u8g_GetWidthLL
                0x08001a10                u8g_GetHeightLL
                0x08001a28                u8g_GetModeLL
                0x08001a38                u8g_UpdateDimension
                0x08001a84                u8g_Begin
                0x08001a9c                u8g_Init
                0x08001ae8                u8g_InitComFn
                0x08001b3c                u8g_FirstPage
                0x08001b44                u8g_NextPage
                0x08001b5c                u8g_SetContrast
                0x08001b74                u8g_SleepOn
                0x08001b84                u8g_SleepOff
                0x08001b94                u8g_DrawPixel
                0x08001bb0                u8g_Draw8Pixel
                0x08001bd8                u8g_Draw4TPixel
                0x08001c00                u8g_Draw8ColorPixel
                0x08001c2c                u8g_SetColorEntry
                0x08001c54                u8g_SetColorIndex
                0x08001c5c                u8g_SetHiColor
                0x08001c68                u8g_SetHiColorByRGB
                0x08001c88                u8g_SetRGB
                0x08001cd8                u8g_GetColorIndex
                0x08001ce0                u8g_GetDefaultForegroundColor
                0x08001cf4                u8g_SetDefaultForegroundColor
                0x08001d20                u8g_GetDefaultBackgroundColor
                0x08001d24                u8g_SetDefaultBackgroundColor
                0x08001d2c                u8g_GetDefaultMidColor
                0x08001d38                u8g_SetDefaultMidColor
 .text          0x08001d48       0x5c ..\obj\u8g_page.o
                0x08001d48                u8g_page_First
                0x08001d58                u8g_page_Init
                0x08001d68                u8g_page_Next
 .text          0x08001da4      0x2d8 ..\obj\stm32f10x_gpio.o
                0x08001da4                GPIO_DeInit
                0x08001e80                GPIO_AFIODeInit
                0x08001e98                GPIO_Init
                0x08001f50                GPIO_StructInit
                0x08001f60                GPIO_ReadInputDataBit
                0x08001f6c                GPIO_ReadInputData
                0x08001f74                GPIO_ReadOutputDataBit
                0x08001f80                GPIO_ReadOutputData
                0x08001f88                GPIO_SetBits
                0x08001f8c                GPIO_ResetBits
                0x08001f90                GPIO_WriteBit
                0x08001f9c                GPIO_Write
                0x08001fa0                GPIO_PinLockConfig
                0x08001fb0                GPIO_EventOutputConfig
                0x08001fcc                GPIO_EventOutputCmd
                0x08001fd8                GPIO_PinRemapConfig
                0x08002044                GPIO_EXTILineConfig
                0x08002070                GPIO_ETH_MediaInterfaceConfig
 .text          0x0800207c      0x1e8 ..\obj\Keypad.o
                0x0800207c                Keypad::Init()
                0x08002114                Keypad::RegisterForCallback(KeypadInterrupt&)
                0x08002140                Keypad::ReadKeys()
                0x0800215c                Keypad::SetKeyCheckEnabled(bool)
                0x08002164                Keypad::CheckKeysPressed()
 .text          0x08002264      0x37c ..\obj\stm32f10x_rcc.o
                0x08002264                RCC_DeInit
                0x080022a4                RCC_HSEConfig
                0x080022dc                RCC_WaitForHSEStartUp
                0x08002310                RCC_AdjustHSICalibrationValue
                0x08002324                RCC_HSICmd
                0x08002330                RCC_PLLConfig
                0x08002344                RCC_PLLCmd
                0x08002350                RCC_SYSCLKConfig
                0x08002364                RCC_GetSYSCLKSource
                0x08002374                RCC_HCLKConfig
                0x08002388                RCC_PCLK1Config
                0x0800239c                RCC_PCLK2Config
                0x080023b0                RCC_ITConfig
                0x080023cc                RCC_USBCLKConfig
                0x080023d8                RCC_ADCCLKConfig
                0x080023ec                RCC_LSEConfig
                0x0800240c                RCC_LSICmd
                0x08002418                RCC_RTCCLKConfig
                0x08002428                RCC_RTCCLKCmd
                0x08002434                RCC_GetClocksFreq
                0x080024cc                RCC_AHBPeriphClockCmd
                0x080024e8                RCC_APB2PeriphClockCmd
                0x08002504                RCC_APB1PeriphClockCmd
                0x08002520                RCC_APB2PeriphResetCmd
                0x0800253c                RCC_APB1PeriphResetCmd
                0x08002558                RCC_BackupResetCmd
                0x08002564                RCC_ClockSecuritySystemCmd
                0x08002570                RCC_MCOConfig
                0x0800257c                RCC_GetFlagStatus
                0x080025b0                RCC_ClearFlag
                0x080025c0                RCC_GetITStatus
                0x080025d4                RCC_ClearITPendingBit
 .text          0x080025e0      0x360 ..\obj\mcp23017.o
                0x080025e0                mcp23017::I2C_init()
                0x08002670                mcp23017::Read(char)
                0x08002718                mcp23017::Write(char, char)
                0x08002790                mcp23017::Init(I2C_TypeDef*, unsigned long, GPIO_TypeDef*, unsigned long, unsigned short, unsigned short, unsigned short, bool)
                0x080027e4                mcp23017::Direction(mcp23017::Port, char)
                0x08002800                mcp23017::ConfigurePullUps(mcp23017::Port, char)
                0x0800281c                mcp23017::ConfigureBanked(mcp23017::Bank)
                0x08002850                mcp23017::InterruptEnable(mcp23017::Port, char)
                0x0800286c                mcp23017::MirrorInterrupts(bool)
                0x080028a0                mcp23017::InterruptPolarity(mcp23017::Polarity)
                0x080028d4                mcp23017::DefaultValue(mcp23017::Port, char)
                0x080028f0                mcp23017::InterruptControl(mcp23017::Port, char)
                0x0800290c                mcp23017::Write(mcp23017::Port, char)
                0x08002928                mcp23017::Read(mcp23017::Port)
 .text.Reset_Handler
                0x08002940       0x44 ..\obj\startup_stm32f10x_md.o
                0x08002940                Reset_Handler
 *fill*         0x08002984        0xc 
 .text.Default_Handler
                0x08002990       0x14 ..\obj\startup_stm32f10x_md.o
                0x08002990                EXTI2_IRQHandler
                0x08002990                DebugMon_Handler
                0x08002990                TIM1_CC_IRQHandler
                0x08002990                HardFault_Handler
                0x08002990                PVD_IRQHandler
                0x08002990                PendSV_Handler
                0x08002990                NMI_Handler
                0x08002990                EXTI3_IRQHandler
                0x08002990                EXTI0_IRQHandler
                0x08002990                I2C2_EV_IRQHandler
                0x08002990                UsageFault_Handler
                0x08002990                ADC1_2_IRQHandler
                0x08002990                SPI1_IRQHandler
                0x08002990                TAMPER_IRQHandler
                0x08002990                DMA1_Channel4_IRQHandler
                0x08002990                USART3_IRQHandler
                0x08002990                RTC_IRQHandler
                0x08002990                DMA1_Channel7_IRQHandler
                0x08002990                CAN1_RX1_IRQHandler
                0x08002990                TIM4_IRQHandler
                0x08002990                I2C1_EV_IRQHandler
                0x08002990                DMA1_Channel6_IRQHandler
                0x08002990                TIM3_IRQHandler
                0x08002990                RCC_IRQHandler
                0x08002990                TIM1_TRG_COM_IRQHandler
                0x08002990                DMA1_Channel1_IRQHandler
                0x08002990                Default_Handler
                0x08002990                EXTI15_10_IRQHandler
                0x08002990                EXTI9_5_IRQHandler
                0x08002990                SPI2_IRQHandler
                0x08002990                MemManage_Handler
                0x08002990                SVC_Handler
                0x08002990                DMA1_Channel5_IRQHandler
                0x08002990                EXTI4_IRQHandler
                0x08002990                USB_LP_CAN1_RX0_IRQHandler
                0x08002990                USB_HP_CAN1_TX_IRQHandler
                0x08002990                DMA1_Channel3_IRQHandler
                0x08002990                TIM1_UP_IRQHandler
                0x08002990                WWDG_IRQHandler
                0x08002990                TIM2_IRQHandler
                0x08002990                TIM1_BRK_IRQHandler
                0x08002990                EXTI1_IRQHandler
                0x08002990                RTCAlarm_IRQHandler
                0x08002990                USART2_IRQHandler
                0x08002990                I2C2_ER_IRQHandler
                0x08002990                DMA1_Channel2_IRQHandler
                0x08002990                CAN1_SCE_IRQHandler
                0x08002990                FLASH_IRQHandler
                0x08002990                BusFault_Handler
                0x08002990                I2C1_ER_IRQHandler
                0x08002990                USBWakeUp_IRQHandler
 .text          0x080029a4      0x5c8 ..\obj\SI4703.o
                0x080029a4                SI4703::SI4703()
                0x080029a4                SI4703::SI4703()
                0x080029bc                SI4703::_readRegisters()
                0x08002a98                SI4703::getFrequency()
                0x08002ab4                SI4703::checkRDS(unsigned short*, unsigned short*, unsigned short*, unsigned short*)
                0x08002ae0                SI4703::_saveRegisters()
                0x08002b74                SI4703::init(bool)
                0x08002cd0                SI4703::setPower(bool)
                0x08002d14                SI4703::_waitEnd()
                0x08002d50                SI4703::setFrequency(unsigned short)
                0x08002da0                SI4703::_seek(bool)
                0x08002dd0                SI4703::seekUp(bool)
                0x08002df4                SI4703::seekDown(bool)
                0x08002e18                SI4703::setVolume(unsigned char)
                0x08002e44                SI4703::setMono(bool)
                0x08002e78                SI4703::setMute(bool)
                0x08002ea8                SI4703::setSoftMute(bool)
                0x08002edc                SI4703::setBand(RADIO_BAND)
                0x08002ef8                SI4703::getRadioInfo(RADIO_INFO*)
                0x08002f38                SI4703::getAudioInfo(AUDIO_INFO*)
 .text          0x08002f6c      0x3d8 ..\obj\u8g_rect.o
                0x08002f6c                u8g_draw_hline
                0x08002fe0                u8g_draw_vline
                0x08003054                u8g_DrawHLine
                0x08003080                u8g_DrawVLine
                0x080030ac                u8g_DrawFrame
                0x0800310c                u8g_draw_box
                0x08003138                u8g_DrawBox
                0x0800316c                u8g_DrawRFrame
                0x08003264                u8g_DrawRBox
 .text          0x08003344      0x120 ..\obj\RelayBoard.o
                0x08003344                RelayBoard::Init()
                0x080033b8                RelayBoard::SwitchRelay(RelayBoard::Relays, bool)
                0x0800341c                RelayBoard::ResetToSafety()
                0x08003440                RelayBoard::ResetAudio()
 .text          0x08003464        0x4 ..\obj\u8g_com_null.o
                0x08003464                u8g_com_null_fn
 .text          0x08003468      0x5d8 ..\obj\EntController.o
                0x08003468                EntController::RdsReceiveTime(unsigned char, unsigned char)
                0x0800346c                non-virtual thunk to EntController::RdsReceiveTime(unsigned char, unsigned char)
                0x08003474                EntController::RdsReceiveText(char*)
                0x08003480                non-virtual thunk to EntController::RdsReceiveText(char*)
                0x08003488                EntController::RdsReceiveServiceName(char*)
                0x080034b0                non-virtual thunk to EntController::RdsReceiveServiceName(char*)
                0x0800350c                EntController::EntController()
                0x0800350c                EntController::EntController()
                0x0800358c                EntController::RotateAudioOutput()
                0x08003598                EntController::MoveTV(bool)
                0x080035f4                EntController::Init()
                0x08003668                EntController::ChangeChannel(bool, bool)
                0x080036ac                EntController::SetAudioOut(EntController::AudioOutput)
                0x080037e8                EntController::Monitor()
                0x08003908                EntController::TogglePower()
                0x0800392c                EntController::ToggleTV()
                0x08003938                EntController::ChangeVolume(bool)
                0x0800398c                EntController::KeypadKeysPressed(unsigned short, bool)
 .text          0x08003a40      0x15c ..\obj\delay.o
                0x08003a40                TimerInit
                0x08003aa4                SysTick_Handler
                0x08003ab4                SetSysTick
                0x08003ac0                GetSysTick
                0x08003acc                SysTickDelay1ms
                0x08003adc                SysTickDelayMs
                0x08003af8                DwtDelayUs
                0x08003b28                DwtDelay1ms
                0x08003b58                DwtDelayMs
 .text          0x08003b9c      0x150 ..\obj\u8g_arm_uart.o
                0x08003b9c                u8g_Delay
                0x08003ba0                u8g_MicroDelay
                0x08003ba8                u8g_10MicroDelay
                0x08003bb0                init_UART3
                0x08003c38                UART_write_byte
                0x08003c54                u8g_com_uart_fn
 .text          0x08003cec      0x108 ..\obj\u8g_line.o
                0x08003cec                u8g_DrawLine
 .text          0x08003df4      0x1a4 ..\obj\usart.o
                0x08003df4                USART1_Init
                0x08003ea8                USART2_Init
                0x08003f2c                USART2_SetTX
                0x08003f5c                usart_string_append
                0x08003f78                usart_clear_string
                0x08003f84                usart_get_string
                0x08003f8c                usart_get_string_length
 .text          0x08003f98      0x20c ..\obj\u8g_pb32h1.o
                0x08003f98                u8g_pb32h1_Clear
                0x08003fac                u8g_pb32h1_Init
                0x08003fc0                u8g_pb32h1_set_pixel
                0x08003ff8                u8g_pb32h1_SetPixel
                0x08004020                u8g_pb32h1_Set8PixelStd
                0x0800406c                u8g_pb32h1_Set8PixelOpt2
                0x080040d0                u8g_dev_pb32h1_base_fn
 .text          0x080041a4      0x1d4 ..\obj\u8g_pb8h1.o
                0x080041a4                u8g_pb8h1_Init
                0x080041ac                u8g_pb8h1_set_pixel
                0x080041e4                u8g_pb8h1_SetPixel
                0x0800420c                u8g_pb8h1_Set8PixelStd
                0x08004258                u8g_pb8h1_Set8PixelOpt2
                0x080042bc                u8g_dev_pb8h1_base_fn
 .text          0x08004378       0x30 ..\obj\main.o
                0x08004378                USART1_IRQHandler
 .text.startup  0x080043a8      0x144 ..\obj\main.o
                0x080043a8                main
 .text          0x080044ec      0x6f8 ..\obj\SpaController.o
                0x080044ec                SpaController::SpaController()
                0x080044ec                SpaController::SpaController()
                0x08004540                SpaController::SwitchHeater(bool)
                0x08004594                SpaController::CheckTemp(float)
                0x08004610                SpaController::IsWater()
                0x08004628                SpaController::WriteFloatToDisplay(float, char)
                0x08004678                SpaController::Init()
                0x0800472c                SpaController::IncrementTemp()
                0x0800475c                SpaController::DecrementTemp()
                0x0800478c                SpaController::ToggleJets()
                0x080047c8                SpaController::ToggleGas()
                0x08004804                SpaController::ToggleHeat()
                0x08004834                SpaController::ToggleCirc()
                0x08004870                SpaController::ToggleLED1()
                0x0800489c                SpaController::ToggleLED2()
                0x080048c8                SpaController::SwitchOff()
                0x08004928                SpaController::Monitor()
                0x08004a0c                SpaController::TogglePower()
                0x08004acc                SpaController::KeypadKeysPressed(unsigned short, bool)
 .text          0x08004be4      0x40c ..\obj\stm32f10x_usart.o
                0x08004be4                USART_DeInit
                0x08004c94                USART_Init
                0x08004d50                USART_StructInit
                0x08004d68                USART_ClockInit
                0x08004d8c                USART_ClockStructInit
                0x08004d98                USART_Cmd
                0x08004db4                USART_ITConfig
                0x08004dec                USART_DMACmd
                0x08004e00                USART_SetAddress
                0x08004e18                USART_WakeUpConfig
                0x08004e30                USART_ReceiverWakeUpCmd
                0x08004e4c                USART_LINBreakDetectLengthConfig
                0x08004e64                USART_LINCmd
                0x08004e80                USART_SendData
                0x08004e88                USART_ReceiveData
                0x08004e90                USART_SendBreak
                0x08004e9c                USART_SetGuardTime
                0x08004eb0                USART_SetPrescaler
                0x08004ec4                USART_SmartCardCmd
                0x08004ee0                USART_SmartCardNACKCmd
                0x08004efc                USART_HalfDuplexCmd
                0x08004f18                USART_OverSampling8Cmd
                0x08004f34                USART_OneBitMethodCmd
                0x08004f50                USART_IrDAConfig
                0x08004f68                USART_IrDACmd
                0x08004f84                USART_GetFlagStatus
                0x08004f90                USART_ClearFlag
                0x08004f98                USART_GetITStatus
                0x08004fe0                USART_ClearITPendingBit
 .text          0x08004ff0      0xce0 ..\obj\u8g_font.o
                0x08005000                u8g_font_calc_vref_font
                0x08005004                u8g_font_calc_vref_bottom
                0x0800500c                u8g_font_calc_vref_top
                0x08005018                u8g_font_calc_vref_center
                0x08005030                u8g_font_get_charP
                0x0800504c                u8g_font_get_char
                0x08005050                u8g_font_GetCapitalAHeight
                0x08005054                u8g_font_GetEncoding65Pos
                0x08005058                u8g_font_GetEncoding97Pos
                0x0800505c                u8g_font_GetFontStartEncoding
                0x08005060                u8g_font_GetFontEndEncoding
                0x08005064                u8g_font_GetLowerGDescent
                0x0800506c                u8g_font_GetFontAscent
                0x08005074                u8g_font_GetFontDescent
                0x0800507c                u8g_font_GetFontXAscent
                0x08005084                u8g_font_GetFontXDescent
                0x0800508c                u8g_font_GetSize
                0x080050e8                u8g_GetFontBBXWidth
                0x080050f0                u8g_GetFontBBXHeight
                0x080050f8                u8g_GetFontBBXOffX
                0x08005100                u8g_GetFontBBXOffY
                0x08005108                u8g_GetFontCapitalAHeight
                0x08005110                u8g_GetGlyph
                0x08005290                u8g_IsGlyph
                0x080052a0                u8g_GetGlyphDeltaX
                0x080052b0                u8g_draw_glyph
                0x08005364                u8g_DrawGlyph
                0x08005388                u8g_draw_glyph90
                0x08005444                u8g_DrawGlyph90
                0x08005468                u8g_draw_glyph180
                0x08005530                u8g_DrawGlyph180
                0x08005554                u8g_draw_glyph270
                0x08005610                u8g_DrawGlyph270
                0x08005634                u8g_DrawStr
                0x08005674                u8g_DrawStr90
                0x080056b4                u8g_DrawStr180
                0x080056f4                u8g_DrawStr270
                0x08005734                u8g_DrawStrDir
                0x08005770                u8g_DrawStrP
                0x080057b0                u8g_DrawStr90P
                0x08005804                u8g_DrawStr180P
                0x08005858                u8g_DrawStr270P
                0x080058ac                u8g_DrawStrFontBBX
                0x080058d0                u8g_DrawGlyphFontBBX
                0x080058f4                u8g_UpdateRefHeight
                0x08005954                u8g_SetFontRefHeightText
                0x08005960                u8g_SetFontRefHeightExtendedText
                0x0800596c                u8g_SetFontRefHeightAll
                0x08005978                u8g_SetFontLineSpacingFactor
                0x08005980                u8g_SetFontPosBaseline
                0x0800598c                u8g_SetFontPosBottom
                0x08005998                u8g_SetFontPosTop
                0x080059a4                u8g_SetFontPosCenter
                0x080059b0                u8g_font_calc_str_pixel_width
                0x08005a08                u8g_GetStrPixelWidth
                0x08005a14                u8g_GetStrPixelWidthP
                0x08005a20                u8g_GetStrX
                0x08005a30                u8g_GetStrXP
                0x08005a40                u8g_GetStrWidth
                0x08005a68                u8g_GetStrWidthP
                0x08005a90                u8g_font_box_min
                0x08005aac                u8g_font_box_left_gA
                0x08005ab0                u8g_font_box_all_gA
                0x08005ab4                u8g_GetStrMinBox
                0x08005b14                u8g_GetStrAMinBox
                0x08005b88                u8g_SetFont
                0x08005ba4                u8g_draw_aa_glyph
                0x08005c58                u8g_DrawAAGlyph
                0x08005c7c                u8g_DrawAAStr
 .text          0x08005cd0       0x58 ..\obj\u8g_clip.o
                0x08005cd0                u8g_IsBBXIntersection
 .text          0x08005d28       0xd8 ..\obj\LEDS.o
                0x08005d28                LEDS::Init()
                0x08005d9c                LEDS::SwitchLed(LEDS::Leds, bool)
 .text          0x08005e00      0x538 ..\obj\OVC3860.o
                0x08005e00                OVC3860::Init(unsigned long, GPIO_TypeDef*, unsigned short)
                0x08005e50                OVC3860::Reset()
                0x08005e70                OVC3860::SetPower(bool)
                0x08005ea8                OVC3860::PlayPause()
                0x08005ec8                OVC3860::Stop()
                0x08005ee8                OVC3860::PlayPrevious()
                0x08005f08                OVC3860::PlayNext()
                0x08005f28                OVC3860::VolumeUp()
                0x08005f48                OVC3860::VolumeDown()
                0x08005f68                OVC3860::SetVolume(unsigned char)
                0x08005fb0                OVC3860::ReceiveByte(char*, unsigned long)
                0x08005fe8                OVC3860::ReceiveAndCompare(unsigned char const*, int, unsigned long, bool)
                0x08006084                OVC3860::EnterConfigMode()
                0x08006134                OVC3860::ExitConfigMode()
                0x0800619c                OVC3860::SetBluetoothName()
                0x08006258                OVC3860::CompareBluetoothName()
                0x08006300                OVC3860::CheckBluetoothName()
 .text          0x08006338      0x2b0 ..\obj\RDSParser.o
                0x08006338                RDSParser::RDSParser()
                0x08006338                RDSParser::RDSParser()
                0x08006350                RDSParser::init()
                0x08006398                RDSParser::registerForCallback(RDSParserInterrupt&)
                0x080063bc                RDSParser::processData(unsigned short, unsigned short, unsigned short, unsigned short)
 .text          0x080065e8       0xc4 ..\obj\misc.o
                0x080065e8                NVIC_PriorityGroupConfig
                0x080065fc                NVIC_Init
                0x08006668                NVIC_SetVectorTable
                0x0800667c                NVIC_SystemLPConfig
                0x08006694                SysTick_CLKSourceConfig
 .text          0x080066ac      0x40c ..\obj\stm32f10x_i2c.o
                0x080066ac                I2C_DeInit
                0x080066e8                I2C_Init
                0x080067cc                I2C_StructInit
                0x080067ec                I2C_Cmd
                0x08006808                I2C_DMACmd
                0x08006824                I2C_DMALastTransferCmd
                0x08006840                I2C_GenerateSTART
                0x0800685c                I2C_GenerateSTOP
                0x08006878                I2C_AcknowledgeConfig
                0x08006894                I2C_OwnAddress2Config
                0x080068a8                I2C_DualAddressCmd
                0x080068c4                I2C_GeneralCallCmd
                0x080068e0                I2C_ITConfig
                0x080068f4                I2C_SendData
                0x080068f8                I2C_ReceiveData
                0x08006900                I2C_Send7bitAddress
                0x08006918                I2C_ReadRegister
                0x08006930                I2C_SoftwareResetCmd
                0x0800694c                I2C_SMBusAlertConfig
                0x0800696c                I2C_TransmitPEC
                0x08006988                I2C_PECPositionConfig
                0x080069a8                I2C_NACKPositionConfig
                0x080069ac                I2C_CalculatePEC
                0x080069c8                I2C_GetPEC
                0x080069d0                I2C_ARPCmd
                0x080069ec                I2C_StretchClockCmd
                0x08006a08                I2C_FastModeDutyCycleConfig
                0x08006a28                I2C_CheckEvent
                0x08006a44                I2C_GetLastEvent
                0x08006a54                I2C_GetFlagStatus
                0x08006a8c                I2C_ClearFlag
                0x08006a94                I2C_GetITStatus
                0x08006ab0                I2C_ClearITPendingBit
 .text          0x08006ab8      0x15c ..\obj\system_stm32f10x.o
                0x08006ab8                SystemInit
                0x08006bbc                SystemCoreClockUpdate
 .text          0x08006c14      0x2d8 ..\obj\u8g_circle.o
                0x08006d84                u8g_draw_circle
                0x08006df0                u8g_DrawCircle
                0x08006e38                u8g_draw_disc
                0x08006ea4                u8g_DrawDisc
 .text._ZN10__cxxabiv120__si_class_type_infoD2Ev
                0x08006eec       0x14 ..\..\..\..\..\..\..\..\Program Files (x86)\GNU Tools ARM Embedded\5.3 2016q1\arm-none-eabi\lib\armv7-m\libstdc++_nano.a(si_class_type_info.o)
                0x08006eec                __cxxabiv1::__si_class_type_info::~__si_class_type_info()
                0x08006eec                __cxxabiv1::__si_class_type_info::~__si_class_type_info()
 .text._ZN10__cxxabiv120__si_class_type_infoD0Ev
                0x08006f00       0x12 ..\..\..\..\..\..\..\..\Program Files (x86)\GNU Tools ARM Embedded\5.3 2016q1\arm-none-eabi\lib\armv7-m\libstdc++_nano.a(si_class_type_info.o)
                0x08006f00                __cxxabiv1::__si_class_type_info::~__si_class_type_info()
 .text._ZNK10__cxxabiv120__si_class_type_info12__do_dyncastEiNS_17__class_type_info10__sub_kindEPKS1_PKvS4_S6_RNS1_16__dyncast_resultE
                0x08006f12       0x7c ..\..\..\..\..\..\..\..\Program Files (x86)\GNU Tools ARM Embedded\5.3 2016q1\arm-none-eabi\lib\armv7-m\libstdc++_nano.a(si_class_type_info.o)
                0x08006f12                __cxxabiv1::__si_class_type_info::__do_dyncast(int, __cxxabiv1::__class_type_info::__sub_kind, __cxxabiv1::__class_type_info const*, void const*, __cxxabiv1::__class_type_info const*, void const*, __cxxabiv1::__class_type_info::__dyncast_result&) const
 .text._ZNK10__cxxabiv120__si_class_type_info20__do_find_public_srcEiPKvPKNS_17__class_type_infoES2_
                0x08006f8e       0x38 ..\..\..\..\..\..\..\..\Program Files (x86)\GNU Tools ARM Embedded\5.3 2016q1\arm-none-eabi\lib\armv7-m\libstdc++_nano.a(si_class_type_info.o)
                0x08006f8e                __cxxabiv1::__si_class_type_info::__do_find_public_src(int, void const*, __cxxabiv1::__class_type_info const*, void const*) const
 .text._ZNK10__cxxabiv120__si_class_type_info11__do_upcastEPKNS_17__class_type_infoEPKvRNS1_15__upcast_resultE
                0x08006fc6       0x2a ..\..\..\..\..\..\..\..\Program Files (x86)\GNU Tools ARM Embedded\5.3 2016q1\arm-none-eabi\lib\armv7-m\libstdc++_nano.a(si_class_type_info.o)
                0x08006fc6                __cxxabiv1::__si_class_type_info::__do_upcast(__cxxabiv1::__class_type_info const*, void const*, __cxxabiv1::__class_type_info::__upcast_result&) const
 .text._ZN10__cxxabiv121__vmi_class_type_infoD2Ev
                0x08006ff0       0x14 ..\..\..\..\..\..\..\..\Program Files (x86)\GNU Tools ARM Embedded\5.3 2016q1\arm-none-eabi\lib\armv7-m\libstdc++_nano.a(vmi_class_type_info.o)
                0x08006ff0                __cxxabiv1::__vmi_class_type_info::~__vmi_class_type_info()
                0x08006ff0                __cxxabiv1::__vmi_class_type_info::~__vmi_class_type_info()
 .text._ZN10__cxxabiv121__vmi_class_type_infoD0Ev
                0x08007004       0x12 ..\..\..\..\..\..\..\..\Program Files (x86)\GNU Tools ARM Embedded\5.3 2016q1\arm-none-eabi\lib\armv7-m\libstdc++_nano.a(vmi_class_type_info.o)
                0x08007004                __cxxabiv1::__vmi_class_type_info::~__vmi_class_type_info()
 .text._ZNK10__cxxabiv121__vmi_class_type_info20__do_find_public_srcEiPKvPKNS_17__class_type_infoES2_
                0x08007016       0x74 ..\..\..\..\..\..\..\..\Program Files (x86)\GNU Tools ARM Embedded\5.3 2016q1\arm-none-eabi\lib\armv7-m\libstdc++_nano.a(vmi_class_type_info.o)
                0x08007016                __cxxabiv1::__vmi_class_type_info::__do_find_public_src(int, void const*, __cxxabiv1::__class_type_info const*, void const*) const
 .text._ZNK10__cxxabiv117__class_type_info17__find_public_srcEiPKvPKS0_S2_
                0x0800708a       0x2a ..\..\..\..\..\..\..\..\Program Files (x86)\GNU Tools ARM Embedded\5.3 2016q1\arm-none-eabi\lib\armv7-m\libstdc++_nano.a(vmi_class_type_info.o)
                0x0800708a                __cxxabiv1::__class_type_info::__find_public_src(int, void const*, __cxxabiv1::__class_type_info const*, void const*) const
 .text._ZNK10__cxxabiv121__vmi_class_type_info12__do_dyncastEiNS_17__class_type_info10__sub_kindEPKS1_PKvS4_S6_RNS1_16__dyncast_resultE
                0x080070b4      0x28e ..\..\..\..\..\..\..\..\Program Files (x86)\GNU Tools ARM Embedded\5.3 2016q1\arm-none-eabi\lib\armv7-m\libstdc++_nano.a(vmi_class_type_info.o)
                0x080070b4                __cxxabiv1::__vmi_class_type_info::__do_dyncast(int, __cxxabiv1::__class_type_info::__sub_kind, __cxxabiv1::__class_type_info const*, void const*, __cxxabiv1::__class_type_info const*, void const*, __cxxabiv1::__class_type_info::__dyncast_result&) const
 .text._ZNK10__cxxabiv121__vmi_class_type_info11__do_upcastEPKNS_17__class_type_infoEPKvRNS1_15__upcast_resultE
                0x08007342      0x12c ..\..\..\..\..\..\..\..\Program Files (x86)\GNU Tools ARM Embedded\5.3 2016q1\arm-none-eabi\lib\armv7-m\libstdc++_nano.a(vmi_class_type_info.o)
                0x08007342                __cxxabiv1::__vmi_class_type_info::__do_upcast(__cxxabiv1::__class_type_info const*, void const*, __cxxabiv1::__class_type_info::__upcast_result&) const
 .text._ZNSt9type_infoD2Ev
                0x0800746e        0x2 ..\..\..\..\..\..\..\..\Program Files (x86)\GNU Tools ARM Embedded\5.3 2016q1\arm-none-eabi\lib\armv7-m\libstdc++_nano.a(tinfo.o)
                0x0800746e                std::type_info::~type_info()
                0x0800746e                std::type_info::~type_info()
 .text._ZNKSt9type_info15__is_function_pEv
                0x08007470        0x4 ..\..\..\..\..\..\..\..\Program Files (x86)\GNU Tools ARM Embedded\5.3 2016q1\arm-none-eabi\lib\armv7-m\libstdc++_nano.a(tinfo.o)
                0x08007470                std::type_info::__is_pointer_p() const
                0x08007470                std::type_info::__is_function_p() const
 .text._ZNKSt9type_infoeqERKS_
                0x08007474       0x2c ..\..\..\..\..\..\..\..\Program Files (x86)\GNU Tools ARM Embedded\5.3 2016q1\arm-none-eabi\lib\armv7-m\libstdc++_nano.a(tinfo.o)
                0x08007474                std::type_info::operator==(std::type_info const&) const
 .text._ZNK10__cxxabiv117__class_type_info11__do_upcastEPKS0_PPv
                0x080074a0       0x34 ..\..\..\..\..\..\..\..\Program Files (x86)\GNU Tools ARM Embedded\5.3 2016q1\arm-none-eabi\lib\armv7-m\libstdc++_nano.a(class_type_info.o)
                0x080074a0                __cxxabiv1::__class_type_info::__do_upcast(__cxxabiv1::__class_type_info const*, void**) const
 .text._ZNK10__cxxabiv117__class_type_info20__do_find_public_srcEiPKvPKS0_S2_
                0x080074d4        0xc ..\..\..\..\..\..\..\..\Program Files (x86)\GNU Tools ARM Embedded\5.3 2016q1\arm-none-eabi\lib\armv7-m\libstdc++_nano.a(class_type_info.o)
                0x080074d4                __cxxabiv1::__class_type_info::__do_find_public_src(int, void const*, __cxxabiv1::__class_type_info const*, void const*) const
 .text._ZN10__cxxabiv117__class_type_infoD2Ev
                0x080074e0       0x14 ..\..\..\..\..\..\..\..\Program Files (x86)\GNU Tools ARM Embedded\5.3 2016q1\arm-none-eabi\lib\armv7-m\libstdc++_nano.a(class_type_info.o)
                0x080074e0                __cxxabiv1::__class_type_info::~__class_type_info()
                0x080074e0                __cxxabiv1::__class_type_info::~__class_type_info()
 .text._ZN10__cxxabiv117__class_type_infoD0Ev
                0x080074f4       0x12 ..\..\..\..\..\..\..\..\Program Files (x86)\GNU Tools ARM Embedded\5.3 2016q1\arm-none-eabi\lib\armv7-m\libstdc++_nano.a(class_type_info.o)
                0x080074f4                __cxxabiv1::__class_type_info::~__class_type_info()
 .text._ZNK10__cxxabiv117__class_type_info11__do_upcastEPKS0_PKvRNS0_15__upcast_resultE
                0x08007506       0x18 ..\..\..\..\..\..\..\..\Program Files (x86)\GNU Tools ARM Embedded\5.3 2016q1\arm-none-eabi\lib\armv7-m\libstdc++_nano.a(class_type_info.o)
                0x08007506                __cxxabiv1::__class_type_info::__do_upcast(__cxxabiv1::__class_type_info const*, void const*, __cxxabiv1::__class_type_info::__upcast_result&) const
 .text._ZNK10__cxxabiv117__class_type_info12__do_dyncastEiNS0_10__sub_kindEPKS0_PKvS3_S5_RNS0_16__dyncast_resultE
                0x0800751e       0x38 ..\..\..\..\..\..\..\..\Program Files (x86)\GNU Tools ARM Embedded\5.3 2016q1\arm-none-eabi\lib\armv7-m\libstdc++_nano.a(class_type_info.o)
                0x0800751e                __cxxabiv1::__class_type_info::__do_dyncast(int, __cxxabiv1::__class_type_info::__sub_kind, __cxxabiv1::__class_type_info const*, void const*, __cxxabiv1::__class_type_info const*, void const*, __cxxabiv1::__class_type_info::__dyncast_result&) const
 .text._ZNK10__cxxabiv117__class_type_info10__do_catchEPKSt9type_infoPPvj
                0x08007556       0x2a ..\..\..\..\..\..\..\..\Program Files (x86)\GNU Tools ARM Embedded\5.3 2016q1\arm-none-eabi\lib\armv7-m\libstdc++_nano.a(class_type_info.o)
                0x08007556                __cxxabiv1::__class_type_info::__do_catch(std::type_info const*, void**, unsigned int) const
 .text.__cxa_guard_acquire
                0x08007580       0x18 ..\..\..\..\..\..\..\..\Program Files (x86)\GNU Tools ARM Embedded\5.3 2016q1\arm-none-eabi\lib\armv7-m\libstdc++_nano.a(guard.o)
                0x08007580                __cxa_guard_acquire
 .text.__cxa_guard_release
                0x08007598        0x6 ..\..\..\..\..\..\..\..\Program Files (x86)\GNU Tools ARM Embedded\5.3 2016q1\arm-none-eabi\lib\armv7-m\libstdc++_nano.a(guard.o)
                0x08007598                __cxa_guard_release
 .text._ZdlPv   0x0800759e        0x4 ..\..\..\..\..\..\..\..\Program Files (x86)\GNU Tools ARM Embedded\5.3 2016q1\arm-none-eabi\lib\armv7-m\libstdc++_nano.a(del_op.o)
                0x0800759e                operator delete(void*)
 *fill*         0x080075a2        0x2 
 .text          0x080075a4      0x370 c:/program files (x86)/gnu tools arm embedded/5.3 2016q1/bin/../lib/gcc/arm-none-eabi/5.3.1/armv7-m\libgcc.a(_arm_addsubdf3.o)
                0x080075a4                __aeabi_drsub
                0x080075ac                __aeabi_dsub
                0x080075ac                __subdf3
                0x080075b0                __aeabi_dadd
                0x080075b0                __adddf3
                0x08007828                __floatunsidf
                0x08007828                __aeabi_ui2d
                0x08007848                __floatsidf
                0x08007848                __aeabi_i2d
                0x0800786c                __aeabi_f2d
                0x0800786c                __extendsfdf2
                0x080078a8                __floatundidf
                0x080078a8                __aeabi_ul2d
                0x080078b8                __floatdidf
                0x080078b8                __aeabi_l2d
 .text          0x08007914      0x424 c:/program files (x86)/gnu tools arm embedded/5.3 2016q1/bin/../lib/gcc/arm-none-eabi/5.3.1/armv7-m\libgcc.a(_arm_muldivdf3.o)
                0x08007914                __aeabi_dmul
                0x08007914                __muldf3
                0x08007b68                __divdf3
                0x08007b68                __aeabi_ddiv
 .text          0x08007d38       0x50 c:/program files (x86)/gnu tools arm embedded/5.3 2016q1/bin/../lib/gcc/arm-none-eabi/5.3.1/armv7-m\libgcc.a(_arm_fixdfsi.o)
                0x08007d38                __aeabi_d2iz
                0x08007d38                __fixdfsi
 .text          0x08007d88       0xa0 c:/program files (x86)/gnu tools arm embedded/5.3 2016q1/bin/../lib/gcc/arm-none-eabi/5.3.1/armv7-m\libgcc.a(_arm_truncdfsf2.o)
                0x08007d88                __truncdfsf2
                0x08007d88                __aeabi_d2f
 .text          0x08007e28      0x21c c:/program files (x86)/gnu tools arm embedded/5.3 2016q1/bin/../lib/gcc/arm-none-eabi/5.3.1/armv7-m\libgcc.a(_arm_addsubsf3.o)
                0x08007e28                __aeabi_frsub
                0x08007e30                __subsf3
                0x08007e30                __aeabi_fsub
                0x08007e34                __aeabi_fadd
                0x08007e34                __addsf3
                0x08007f94                __aeabi_ui2f
                0x08007f94                __floatunsisf
                0x08007f9c                __aeabi_i2f
                0x08007f9c                __floatsisf
                0x08007fb8                __aeabi_ul2f
                0x08007fb8                __floatundisf
                0x08007fc8                __aeabi_l2f
                0x08007fc8                __floatdisf
 .text          0x08008044      0x2a0 c:/program files (x86)/gnu tools arm embedded/5.3 2016q1/bin/../lib/gcc/arm-none-eabi/5.3.1/armv7-m\libgcc.a(_arm_muldivsf3.o)
                0x08008044                __mulsf3
                0x08008044                __aeabi_fmul
                0x080081ac                __aeabi_fdiv
                0x080081ac                __divsf3
 .text          0x080082e4       0xec c:/program files (x86)/gnu tools arm embedded/5.3 2016q1/bin/../lib/gcc/arm-none-eabi/5.3.1/armv7-m\libgcc.a(_arm_cmpsf2.o)
                0x080082e4                __gesf2
                0x080082e4                __gtsf2
                0x080082ec                __lesf2
                0x080082ec                __ltsf2
                0x080082f4                __nesf2
                0x080082f4                __eqsf2
                0x080082f4                __cmpsf2
                0x08008354                __aeabi_cfrcmple
                0x0800835c                __aeabi_cfcmpeq
                0x0800835c                __aeabi_cfcmple
                0x0800836c                __aeabi_fcmpeq
                0x08008380                __aeabi_fcmplt
                0x08008394                __aeabi_fcmple
                0x080083a8                __aeabi_fcmpge
                0x080083bc                __aeabi_fcmpgt
 .text          0x080083d0       0x4c c:/program files (x86)/gnu tools arm embedded/5.3 2016q1/bin/../lib/gcc/arm-none-eabi/5.3.1/armv7-m\libgcc.a(_arm_fixsfsi.o)
                0x080083d0                __aeabi_f2iz
                0x080083d0                __fixsfsi
 .text          0x0800841c       0x40 c:/program files (x86)/gnu tools arm embedded/5.3 2016q1/bin/../lib/gcc/arm-none-eabi/5.3.1/armv7-m\libgcc.a(_arm_fixunssfsi.o)
                0x0800841c                __fixunssfsi
                0x0800841c                __aeabi_f2uiz
 .text          0x0800845c      0x9e4 c:/program files (x86)/gnu tools arm embedded/5.3 2016q1/bin/../lib/gcc/arm-none-eabi/5.3.1/armv7-m\libgcc.a(unwind-arm.o)
                0x0800871c                _Unwind_GetCFA
                0x08008720                __gnu_Unwind_RaiseException
                0x08008780                __gnu_Unwind_ForcedUnwind
                0x08008794                __gnu_Unwind_Resume
                0x080087d8                __gnu_Unwind_Resume_or_Rethrow
                0x080087ec                _Unwind_Complete
                0x080087f0                _Unwind_DeleteException
                0x080087fc                _Unwind_VRS_Get
                0x08008848                _Unwind_VRS_Set
                0x08008898                __gnu_Unwind_Backtrace
                0x08008be4                __aeabi_unwind_cpp_pr0
                0x08008be8                __aeabi_unwind_cpp_pr1
                0x08008bec                __aeabi_unwind_cpp_pr2
                0x08008bf0                _Unwind_VRS_Pop
 .text          0x08008e40      0x1ac c:/program files (x86)/gnu tools arm embedded/5.3 2016q1/bin/../lib/gcc/arm-none-eabi/5.3.1/armv7-m\libgcc.a(libunwind.o)
                0x08008e40                __restore_core_regs
                0x08008e40                restore_core_regs
                0x08008e58                __gnu_Unwind_Restore_VFP
                0x08008e60                __gnu_Unwind_Save_VFP
                0x08008e68                __gnu_Unwind_Restore_VFP_D
                0x08008e70                __gnu_Unwind_Save_VFP_D
                0x08008e78                __gnu_Unwind_Restore_VFP_D_16_to_31
                0x08008e80                __gnu_Unwind_Save_VFP_D_16_to_31
                0x08008e88                __gnu_Unwind_Restore_WMMXD
                0x08008ecc                __gnu_Unwind_Save_WMMXD
                0x08008f10                __gnu_Unwind_Restore_WMMXC
                0x08008f24                __gnu_Unwind_Save_WMMXC
                0x08008f38                ___Unwind_RaiseException
                0x08008f38                _Unwind_RaiseException
                0x08008f5c                _Unwind_Resume
                0x08008f5c                ___Unwind_Resume
                0x08008f80                _Unwind_Resume_or_Rethrow
                0x08008f80                ___Unwind_Resume_or_Rethrow
                0x08008fa4                _Unwind_ForcedUnwind
                0x08008fa4                ___Unwind_ForcedUnwind
                0x08008fc8                ___Unwind_Backtrace
                0x08008fc8                _Unwind_Backtrace
 .text          0x08008fec      0x354 c:/program files (x86)/gnu tools arm embedded/5.3 2016q1/bin/../lib/gcc/arm-none-eabi/5.3.1/armv7-m\libgcc.a(pr-support.o)
                0x08009044                __gnu_unwind_execute
                0x080092e8                __gnu_unwind_frame
                0x08009310                _Unwind_GetRegionStart
                0x0800931c                _Unwind_GetLanguageSpecificData
                0x08009330                _Unwind_GetTextRelBase
                0x08009338                _Unwind_GetDataRelBase
 .text.free     0x08009340       0x10 ..\..\..\..\..\..\..\..\Program Files (x86)\GNU Tools ARM Embedded\5.3 2016q1\arm-none-eabi\lib\armv7-m\libg.a(lib_a-malloc.o)
                0x08009340                free
 .text.memcmp   0x08009350       0x64 ..\..\..\..\..\..\..\..\Program Files (x86)\GNU Tools ARM Embedded\5.3 2016q1\arm-none-eabi\lib\armv7-m\libg.a(lib_a-memcmp.o)
                0x08009350                memcmp
 .text          0x080093b4       0xec ..\..\..\..\..\..\..\..\Program Files (x86)\GNU Tools ARM Embedded\5.3 2016q1\arm-none-eabi\lib\armv7-m\libg.a(lib_a-memcpy.o)
                0x080093b4                memcpy
 .text.memset   0x080094a0       0x9c ..\..\..\..\..\..\..\..\Program Files (x86)\GNU Tools ARM Embedded\5.3 2016q1\arm-none-eabi\lib\armv7-m\libg.a(lib_a-memset.o)
                0x080094a0                memset
 .text.__malloc_lock
                0x0800953c        0x4 ..\..\..\..\..\..\..\..\Program Files (x86)\GNU Tools ARM Embedded\5.3 2016q1\arm-none-eabi\lib\armv7-m\libg.a(lib_a-mlock.o)
                0x0800953c                __malloc_lock
 .text.__malloc_unlock
                0x08009540        0x4 ..\..\..\..\..\..\..\..\Program Files (x86)\GNU Tools ARM Embedded\5.3 2016q1\arm-none-eabi\lib\armv7-m\libg.a(lib_a-mlock.o)
                0x08009540                __malloc_unlock
 .text._sbrk_r  0x08009544       0x24 ..\..\..\..\..\..\..\..\Program Files (x86)\GNU Tools ARM Embedded\5.3 2016q1\arm-none-eabi\lib\armv7-m\libg.a(lib_a-sbrkr.o)
                0x08009544                _sbrk_r
 .text          0x08009568      0x1bc ..\..\..\..\..\..\..\..\Program Files (x86)\GNU Tools ARM Embedded\5.3 2016q1\arm-none-eabi\lib\armv7-m\libg.a(lib_a-strcmp.o)
                0x08009568                strcmp
 .text.strcpy   0x08009724       0xbc ..\..\..\..\..\..\..\..\Program Files (x86)\GNU Tools ARM Embedded\5.3 2016q1\arm-none-eabi\lib\armv7-m\libg.a(lib_a-strcpy.o)
                0x08009724                strcpy
 .text.strlen   0x080097e0       0x5c ..\..\..\..\..\..\..\..\Program Files (x86)\GNU Tools ARM Embedded\5.3 2016q1\arm-none-eabi\lib\armv7-m\libg.a(lib_a-strlen-stub.o)
                0x080097e0                strlen
 .text._malloc_trim_r
                0x0800983c       0x9c ..\..\..\..\..\..\..\..\Program Files (x86)\GNU Tools ARM Embedded\5.3 2016q1\arm-none-eabi\lib\armv7-m\libg.a(lib_a-freer.o)
                0x0800983c                _malloc_trim_r
 .text._free_r  0x080098d8      0x1d0 ..\..\..\..\..\..\..\..\Program Files (x86)\GNU Tools ARM Embedded\5.3 2016q1\arm-none-eabi\lib\armv7-m\libg.a(lib_a-freer.o)
                0x080098d8                _free_r
 *(.init)
 *(.fini)
 *crtbegin.o(.ctors)
 *crtbegin?.o(.ctors)
 *(EXCLUDE_FILE(*crtend.o *crtend?.o) .ctors)
 *(SORT(.ctors.*))
 *(.ctors)
 *crtbegin.o(.dtors)
 *crtbegin?.o(.dtors)
 *(EXCLUDE_FILE(*crtend.o *crtend?.o) .dtors)
 *(SORT(.dtors.*))
 *(.dtors)
 *(.rodata*)
 .rodata.str1.4
                0x08009aa8       0x24 ..\obj\printf.o
 .rodata        0x08009acc       0x17 ..\obj\u8g_dev_st7920_128x64.o
 *fill*         0x08009ae3        0x1 
 .rodata.str1.4
                0x08009ae4        0xb ..\obj\TemperatureSensor.o
 *fill*         0x08009aef        0x1 
 .rodata        0x08009af0       0x7c ..\obj\radio.o
                0x08009af0                vtable for RADIO
                0x08009b5c                typeinfo name for RADIO
                0x08009b64                typeinfo for RADIO
 .rodata.str1.4
                0x08009b6c        0x5 ..\obj\radio.o
 *fill*         0x08009b71        0x3 
 .rodata.str1.4
                0x08009b74       0x3c ..\obj\Display.o
 .rodata.str1.4
                0x08009bb0       0x11 ..\obj\Keypad.o
 *fill*         0x08009bc1        0x3 
 .rodata        0x08009bc4       0xb0 ..\obj\mcp23017.o
                0x08009bc4                mcp23017::IOCON_AB
                0x08009bd4                mcp23017::IODIR_AB
                0x08009be4                mcp23017::GPPU_AB
                0x08009bf4                mcp23017::GPINTEN_AB
                0x08009c04                mcp23017::DEFVAL_AB
                0x08009c14                mcp23017::INTCON_AB
                0x08009c24                mcp23017::OLAT_AB
                0x08009c34                mcp23017::GPIO_AB
                0x08009c44                mcp23017::INTCAP_AB
                0x08009c54                mcp23017::INTF_AB
                0x08009c64                mcp23017::IPOL_AB
 .rodata        0x08009c74       0x80 ..\obj\SI4703.o
                0x08009c74                vtable for SI4703
                0x08009ce0                typeinfo name for SI4703
                0x08009ce8                typeinfo for SI4703
 .rodata.str1.4
                0x08009cf4       0xa9 ..\obj\RelayBoard.o
 *fill*         0x08009d9d        0x3 
 .rodata        0x08009da0     0x2e79 ..\obj\u8g_fonts.o
                0x08009da0                u8g_font_unifont_0_8
                0x0800ae30                u8g_font_7x13
                0x0800b6a0                u8g_font_6x12
                0x0800be30                u8g_font_6x10
                0x0800c57c                u8g_font_5x8
 *fill*         0x0800cc19        0x3 
 .rodata._ZTS15KeypadInterrupt
                0x0800cc1c       0x12 ..\obj\EntController.o
                0x0800cc1c                typeinfo name for KeypadInterrupt
 *fill*         0x0800cc2e        0x2 
 .rodata._ZTI15KeypadInterrupt
                0x0800cc30        0x8 ..\obj\EntController.o
                0x0800cc30                typeinfo for KeypadInterrupt
 .rodata._ZTS18RDSParserInterrupt
                0x0800cc38       0x15 ..\obj\EntController.o
                0x0800cc38                typeinfo name for RDSParserInterrupt
 *fill*         0x0800cc4d        0x3 
 .rodata._ZTI18RDSParserInterrupt
                0x0800cc50        0x8 ..\obj\EntController.o
                0x0800cc50                typeinfo for RDSParserInterrupt
 .rodata        0x0800cc58       0x5c ..\obj\EntController.o
                0x0800cc58                vtable for EntController
                0x0800cc84                typeinfo name for EntController
                0x0800cc94                typeinfo for EntController
 .rodata.str1.4
                0x0800ccb4       0x56 ..\obj\EntController.o
 *fill*         0x0800cd0a        0x2 
 .rodata.str1.4
                0x0800cd0c       0x82 ..\obj\main.o
 *fill*         0x0800cd8e        0x2 
 .rodata        0x0800cd90       0x28 ..\obj\SpaController.o
                0x0800cd90                vtable for SpaController
                0x0800cd9c                typeinfo name for SpaController
                0x0800cdac                typeinfo for SpaController
 .rodata.str1.4
                0x0800cdb8       0x86 ..\obj\SpaController.o
                                 0x8e (size before relaxing)
 *fill*         0x0800ce3e        0x2 
 .rodata.str1.4
                0x0800ce40       0x69 ..\obj\LEDS.o
                                 0x99 (size before relaxing)
 *fill*         0x0800cea9        0x3 
 .rodata        0x0800ceac       0x2c ..\obj\OVC3860.o
                0x0800ceac                OVC3860::STARTUP_BYTES
                0x0800ceb0                OVC3860::ENTERCONFIG_BYTES
                0x0800cebc                OVC3860::CONFIGMODE_BYTES
                0x0800cec0                OVC3860::EXITCONFIG_BYTES
                0x0800cec4                OVC3860::EXITCONFIG_RESPONSE_BYTES
                0x0800cec8                OVC3860::SEND_BLUETOOTH_NAME
                0x0800cecc                OVC3860::SEND_RESPONSE_BLUETOOTH_NAME
                0x0800ced0                OVC3860::REQUEST_BLUETOOTH_NAME
                0x0800ced4                OVC3860::RESPONSE_BLUETOOTH_NAME
 .rodata.str1.4
                0x0800ced8       0xd0 ..\obj\OVC3860.o
 .rodata.str1.4
                0x0800cfa8       0x18 ..\obj\RDSParser.o
                                 0x19 (size before relaxing)
 .rodata._ZTVN10__cxxabiv120__si_class_type_infoE
                0x0800cfc0       0x2c ..\..\..\..\..\..\..\..\Program Files (x86)\GNU Tools ARM Embedded\5.3 2016q1\arm-none-eabi\lib\armv7-m\libstdc++_nano.a(si_class_type_info.o)
                0x0800cfc0                vtable for __cxxabiv1::__si_class_type_info
 .rodata._ZTIN10__cxxabiv120__si_class_type_infoE
                0x0800cfec        0xc ..\..\..\..\..\..\..\..\Program Files (x86)\GNU Tools ARM Embedded\5.3 2016q1\arm-none-eabi\lib\armv7-m\libstdc++_nano.a(si_class_type_info.o)
                0x0800cfec                typeinfo for __cxxabiv1::__si_class_type_info
 .rodata._ZTSN10__cxxabiv120__si_class_type_infoE
                0x0800cff8       0x25 ..\..\..\..\..\..\..\..\Program Files (x86)\GNU Tools ARM Embedded\5.3 2016q1\arm-none-eabi\lib\armv7-m\libstdc++_nano.a(si_class_type_info.o)
                0x0800cff8                typeinfo name for __cxxabiv1::__si_class_type_info
 *fill*         0x0800d01d        0x3 
 .rodata._ZTIN10__cxxabiv121__vmi_class_type_infoE
                0x0800d020        0xc ..\..\..\..\..\..\..\..\Program Files (x86)\GNU Tools ARM Embedded\5.3 2016q1\arm-none-eabi\lib\armv7-m\libstdc++_nano.a(vmi_class_type_info.o)
                0x0800d020                typeinfo for __cxxabiv1::__vmi_class_type_info
 .rodata._ZTSN10__cxxabiv121__vmi_class_type_infoE
                0x0800d02c       0x26 ..\..\..\..\..\..\..\..\Program Files (x86)\GNU Tools ARM Embedded\5.3 2016q1\arm-none-eabi\lib\armv7-m\libstdc++_nano.a(vmi_class_type_info.o)
                0x0800d02c                typeinfo name for __cxxabiv1::__vmi_class_type_info
 *fill*         0x0800d052        0x2 
 .rodata._ZTVN10__cxxabiv121__vmi_class_type_infoE
                0x0800d054       0x2c ..\..\..\..\..\..\..\..\Program Files (x86)\GNU Tools ARM Embedded\5.3 2016q1\arm-none-eabi\lib\armv7-m\libstdc++_nano.a(vmi_class_type_info.o)
                0x0800d054                vtable for __cxxabiv1::__vmi_class_type_info
 .rodata._ZTISt9type_info
                0x0800d080        0x8 ..\..\..\..\..\..\..\..\Program Files (x86)\GNU Tools ARM Embedded\5.3 2016q1\arm-none-eabi\lib\armv7-m\libstdc++_nano.a(tinfo.o)
                0x0800d080                typeinfo for std::type_info
 .rodata._ZTSSt9type_info
                0x0800d088        0xd ..\..\..\..\..\..\..\..\Program Files (x86)\GNU Tools ARM Embedded\5.3 2016q1\arm-none-eabi\lib\armv7-m\libstdc++_nano.a(tinfo.o)
                0x0800d088                typeinfo name for std::type_info
 *fill*         0x0800d095        0x3 
 .rodata._ZTVN10__cxxabiv117__class_type_infoE
                0x0800d098       0x2c ..\..\..\..\..\..\..\..\Program Files (x86)\GNU Tools ARM Embedded\5.3 2016q1\arm-none-eabi\lib\armv7-m\libstdc++_nano.a(class_type_info.o)
                0x0800d098                vtable for __cxxabiv1::__class_type_info
 .rodata._ZTIN10__cxxabiv117__class_type_infoE
                0x0800d0c4        0xc ..\..\..\..\..\..\..\..\Program Files (x86)\GNU Tools ARM Embedded\5.3 2016q1\arm-none-eabi\lib\armv7-m\libstdc++_nano.a(class_type_info.o)
                0x0800d0c4                typeinfo for __cxxabiv1::__class_type_info
 .rodata._ZTSN10__cxxabiv117__class_type_infoE
                0x0800d0d0       0x22 ..\..\..\..\..\..\..\..\Program Files (x86)\GNU Tools ARM Embedded\5.3 2016q1\arm-none-eabi\lib\armv7-m\libstdc++_nano.a(class_type_info.o)
                0x0800d0d0                typeinfo name for __cxxabiv1::__class_type_info
 *(.eh_fram e*)

.glue_7         0x0800d0f4        0x0
 .glue_7        0x0800d0f4        0x0 linker stubs

.glue_7t        0x0800d0f4        0x0
 .glue_7t       0x0800d0f4        0x0 linker stubs

.vfp11_veneer   0x0800d0f4        0x0
 .vfp11_veneer  0x0800d0f4        0x0 linker stubs

.v4_bx          0x0800d0f4        0x0
 .v4_bx         0x0800d0f4        0x0 linker stubs

.iplt           0x0800d0f4        0x0
 .iplt          0x0800d0f4        0x0 ..\obj\u8g_dev_uc1611_dogxl240.o

.ARM.extab      0x0800d0f4       0x84
 *(.ARM.extab* .gnu.linkonce.armextab.*)
 .ARM.extab     0x0800d0f4        0xc ..\obj\main.o
 .ARM.extab     0x0800d100        0xc ..\obj\SpaController.o
 .ARM.extab     0x0800d10c       0x54 ..\obj\OVC3860.o
 .ARM.extab     0x0800d160       0x18 c:/program files (x86)/gnu tools arm embedded/5.3 2016q1/bin/../lib/gcc/arm-none-eabi/5.3.1/armv7-m\libgcc.a(pr-support.o)
                0x0800d178                __exidx_start = .

.ARM.exidx      0x0800d178      0x450
 *(.ARM.exidx* .gnu.linkonce.armexidx.*)
 .ARM.exidx     0x0800d178       0x28 ..\obj\TemperatureSensor.o
                                 0x40 (size before relaxing)
 .ARM.exidx     0x0800d1a0       0x10 ..\obj\radio.o
                                 0xd0 (size before relaxing)
 .ARM.exidx     0x0800d1b0       0x78 ..\obj\DS18B20.o
                                 0x98 (size before relaxing)
 .ARM.exidx     0x0800d228       0x58 ..\obj\Display.o
                                 0xd8 (size before relaxing)
 .ARM.exidx     0x0800d280       0x30 ..\obj\Keypad.o
                                 0x28 (size before relaxing)
 .ARM.exidx     0x0800d2b0       0x48 ..\obj\mcp23017.o
                                 0x70 (size before relaxing)
 .ARM.exidx     0x0800d2f8       0x70 ..\obj\SI4703.o
                                 0x98 (size before relaxing)
 .ARM.exidx     0x0800d368       0x20 ..\obj\RelayBoard.o
 .ARM.exidx     0x0800d388       0x78 ..\obj\EntController.o
                                 0x98 (size before relaxing)
 .ARM.exidx.text.startup
                0x0800d408        0x8 ..\obj\main.o
 .ARM.exidx     0x0800d400        0x8 ..\obj\main.o
 .ARM.exidx     0x0800d410       0x58 ..\obj\SpaController.o
                                 0x90 (size before relaxing)
 .ARM.exidx     0x0800d468       0x10 ..\obj\LEDS.o
 .ARM.exidx     0x0800d478       0x88 ..\obj\OVC3860.o
 .ARM.exidx     0x0800d500       0x18 ..\obj\RDSParser.o
                                 0x20 (size before relaxing)
 .ARM.exidx     0x0800d518       0x78 c:/program files (x86)/gnu tools arm embedded/5.3 2016q1/bin/../lib/gcc/arm-none-eabi/5.3.1/armv7-m\libgcc.a(unwind-arm.o)
                                 0xd8 (size before relaxing)
 .ARM.exidx     0x0800d590       0x38 c:/program files (x86)/gnu tools arm embedded/5.3 2016q1/bin/../lib/gcc/arm-none-eabi/5.3.1/armv7-m\libgcc.a(pr-support.o)
                                 0x48 (size before relaxing)
                0x0800d5c8                __exidx_end = .
                0x0800d5c8                __etext = .
                0x0800d5c8                _sidata = __etext

.rel.dyn        0x0800d5c8        0x0
 .rel.iplt      0x0800d5c8        0x0 ..\obj\u8g_dev_uc1611_dogxl240.o

.data           0x20000000      0x924 load address 0x0800d5c8
                0x20000000                __data_start__ = .
                0x20000000                _sdata = __data_start__
 *(vtable)
 *(.data*)
 .data          0x20000000      0x430 ..\obj\printf.o
                0x20000000                outputUart
                0x20000004                _impure_ptr
                0x20000008                r
 .data          0x20000430       0x9c ..\obj\u8g_dev_st7920_128x64.o
                0x20000430                u8g_dev_st7920_128x64_4x_custom
                0x2000043c                u8g_dev_st7920_128x64_4x_8bit
                0x20000448                u8g_dev_st7920_128x64_4x_hw_spi
                0x20000454                u8g_dev_st7920_128x64_4x_sw_spi
                0x20000460                u8g_dev_st7920_128x64_4x_pb
                0x2000046c                u8g_dev_st7920_128x64_custom
                0x20000478                u8g_dev_st7920_128x64_custom_pb
                0x20000484                u8g_dev_st7920_128x64_8bit
                0x20000490                u8g_dev_st7920_128x64_8bit_pb
                0x2000049c                u8g_dev_st7920_128x64_hw_spi
                0x200004a8                u8g_dev_st7920_128x64_hw_spi_pb
                0x200004b4                u8g_dev_st7920_128x64_sw_spi
                0x200004c0                u8g_dev_st7920_128x64_sw_spi_pb
 .data          0x200004cc       0x14 ..\obj\stm32f10x_rcc.o
 .data          0x200004e0       0x20 ..\obj\OVC3860.o
                0x200004e0                OVC3860::AT_RESET
                0x200004e4                OVC3860::AT_PLAYPAUSE
                0x200004e8                OVC3860::AT_STOP
                0x200004ec                OVC3860::AT_PREVIOUS
                0x200004f0                OVC3860::AT_NEXT
                0x200004f4                OVC3860::AT_VOLUP
                0x200004f8                OVC3860::AT_VOLDOWN
                0x200004fc                OVC3860::BLUETOOTH_NAME
 .data          0x20000500       0x14 ..\obj\system_stm32f10x.o
                0x20000500                AHBPrescTable
                0x20000510                SystemCoreClock
 .data.__malloc_av_
                0x20000514      0x408 ..\..\..\..\..\..\..\..\Program Files (x86)\GNU Tools ARM Embedded\5.3 2016q1\arm-none-eabi\lib\armv7-m\libg.a(lib_a-mallocr.o)
                0x20000514                __malloc_av_
 .data.__malloc_trim_threshold
                0x2000091c        0x4 ..\..\..\..\..\..\..\..\Program Files (x86)\GNU Tools ARM Embedded\5.3 2016q1\arm-none-eabi\lib\armv7-m\libg.a(lib_a-mallocr.o)
                0x2000091c                __malloc_trim_threshold
 .data.__malloc_sbrk_base
                0x20000920        0x4 ..\..\..\..\..\..\..\..\Program Files (x86)\GNU Tools ARM Embedded\5.3 2016q1\arm-none-eabi\lib\armv7-m\libg.a(lib_a-mallocr.o)
                0x20000920                __malloc_sbrk_base
                0x20000924                . = ALIGN (0x4)
                [!provide]                PROVIDE (__preinit_array_start, .)
 *(.preinit_array)
                [!provide]                PROVIDE (__preinit_array_end, .)
                0x20000924                . = ALIGN (0x4)
                [!provide]                PROVIDE (__init_array_start, .)
 *(SORT(.init_array.*))
 *(.init_array)
                [!provide]                PROVIDE (__init_array_end, .)
                0x20000924                . = ALIGN (0x4)
                [!provide]                PROVIDE (__fini_array_start, .)
 *(SORT(.fini_array.*))
 *(.fini_array)
                [!provide]                PROVIDE (__fini_array_end, .)
 *(.jcr*)
                0x20000924                . = ALIGN (0x4)
                0x20000924                __data_end__ = .
                0x20000924                _edata = __data_end__

.igot.plt       0x20000924        0x0 load address 0x0800deec
 .igot.plt      0x20000924        0x0 ..\obj\u8g_dev_uc1611_dogxl240.o

.bss            0x20000924      0x7e4 load address 0x0800deec
                0x20000924                . = ALIGN (0x4)
                0x20000924                __bss_start__ = .
                0x20000924                _sbss = __bss_start__
 *(.bss*)
 .bss           0x20000924        0x4 ..\obj\syscalls.o
 .bss           0x20000928      0x400 ..\obj\u8g_dev_st7920_128x64.o
                0x20000928                u8g_dev_st7920_128x64_4x_buf
                0x20000b28                u8g_dev_st7920_128x64_custom_buf
                0x20000ba8                u8g_dev_st7920_128x64_8bit_buf
                0x20000c28                u8g_dev_st7920_128x64_hw_spi_buf
                0x20000ca8                u8g_dev_st7920_128x64_sw_spi_buf
 .bss._ZZN7Display11getInstanceEvE8instance
                0x20000d28      0x108 ..\obj\EntController.o
                0x20000d28                Display::getInstance()::instance
 .bss._ZZN10RelayBoard11getInstanceEvE8instance
                0x20000e30       0x20 ..\obj\EntController.o
                0x20000e30                RelayBoard::getInstance()::instance
 .bss._ZZN4LEDS11getInstanceEvE8instance
                0x20000e50       0x20 ..\obj\EntController.o
                0x20000e50                LEDS::getInstance()::instance
 .bss._ZGVZN6Keypad11getInstanceEvE8instance
                0x20000e70        0x4 ..\obj\EntController.o
                0x20000e70                guard variable for Keypad::getInstance()::instance
 .bss._ZZN6Keypad11getInstanceEvE8instance
                0x20000e74       0x60 ..\obj\EntController.o
                0x20000e74                Keypad::getInstance()::instance
 .bss           0x20000ed4        0x4 ..\obj\delay.o
 .bss           0x20000ed8        0x8 ..\obj\u8g_arm_uart.o
                0x20000ed8                control
 .bss           0x20000ee0        0x4 ..\obj\usart.o
                0x20000ee0                received_count
 .bss.__malloc_top_pad
                0x20000ee4        0x4 ..\..\..\..\..\..\..\..\Program Files (x86)\GNU Tools ARM Embedded\5.3 2016q1\arm-none-eabi\lib\armv7-m\libg.a(lib_a-mallocr.o)
                0x20000ee4                __malloc_top_pad
 .bss.__malloc_current_mallinfo
                0x20000ee8       0x28 ..\..\..\..\..\..\..\..\Program Files (x86)\GNU Tools ARM Embedded\5.3 2016q1\arm-none-eabi\lib\armv7-m\libg.a(lib_a-mallocr.o)
                0x20000ee8                __malloc_current_mallinfo
 *(COMMON)
 COMMON         0x20000f10      0x1f4 ..\obj\usart.o
                0x20000f10                received_string
 COMMON         0x20001104        0x4 ..\..\..\..\..\..\..\..\Program Files (x86)\GNU Tools ARM Embedded\5.3 2016q1\arm-none-eabi\lib\armv7-m\libg.a(lib_a-reent.o)
                0x20001104                errno
                0x20001108                . = ALIGN (0x4)
                0x20001108                __bss_end__ = .
                0x20001108                _ebss = __bss_end__

.heap           0x20001108        0x0
                0x20001108                __end__ = .
                0x20001108                _end = __end__
                0x20001108                end = __end__
 *(.heap*)
                0x20001108                __HeapLimit = .

.co_stack       0x20001108        0x0
                0x20001108                . = ALIGN (0x8)
 *(.co_stack .co_stack.*)
                0x20005000                __StackTop = (ORIGIN (ram) + LENGTH (ram))
                0x20005000                __StackLimit = (__StackTop - SIZEOF (.co_stack))
                [!provide]                PROVIDE (__stack, __StackTop)
                0x00000001                ASSERT ((__StackLimit >= __HeapLimit), region ram  overflowed with stack)
LOAD ..\obj\u8g_dev_uc1611_dogxl240.o
LOAD ..\obj\stm32f10x_fsmc.o
LOAD ..\obj\u8g_com_arduino_hw_usart_spi.o
LOAD ..\obj\u8g_pb.o
LOAD ..\obj\u8g_com_atxmega_st7920_hw_spi.o
LOAD ..\obj\u8g_com_msp430_hw_spi.o
LOAD ..\obj\u8g_pb8v1.o
LOAD ..\obj\u8g_com_arduino_st7920_custom.o
LOAD ..\obj\u8g_com_arduino_common.o
LOAD ..\obj\u8g_dev_ili9325d_320x240.o
LOAD ..\obj\stm32f10x_pwr.o
LOAD ..\obj\u8g_com_i2c.o
LOAD ..\obj\printf.o
LOAD ..\obj\u8g_com_raspberrypi_hw_spi.o
LOAD ..\obj\stm32f10x_cec.o
LOAD ..\obj\u8g_dev_pcf8812_96x65.o
LOAD ..\obj\syscalls.o
LOAD ..\obj\u8g_dev_st7920_128x64.o
LOAD ..\obj\u8g_pb16h2.o
LOAD ..\obj\u8g_cursor.o
LOAD ..\obj\u8g_com_arduino_st7920_spi.o
LOAD ..\obj\u8g_com_api.o
LOAD ..\obj\u8g_com_arduino_port_d_wr.o
LOAD ..\obj\TemperatureSensor.o
LOAD ..\obj\u8g_dev_tls8204_84x48.o
LOAD ..\obj\u8g_ellipse.o
LOAD ..\obj\u8g_bitmap.o
LOAD ..\obj\radio.o
LOAD ..\obj\stm32f10x_crc.o
LOAD ..\obj\stm32f10x_dac.o
LOAD ..\obj\DS18B20.o
LOAD ..\obj\u8g_dev_t6963_240x128.o
LOAD ..\obj\u8g_dev_st7565_lm6059.o
LOAD ..\obj\u8g_state.o
LOAD ..\obj\u8g_dev_pcd8544_84x48.o
LOAD ..\obj\u8g_com_io.o
LOAD ..\obj\Display.o
LOAD ..\obj\u8g_ll_api.o
LOAD ..\obj\u8g_dev_st7565_dogm132.o
LOAD ..\obj\u8g_page.o
LOAD ..\obj\stm32f10x_gpio.o
LOAD ..\obj\Keypad.o
LOAD ..\obj\stm32f10x_rcc.o
LOAD ..\obj\u8g_pb16v2.o
LOAD ..\obj\u8g_com_arduino_attiny85_hw_spi.o
LOAD ..\obj\stm32f10x_sdio.o
LOAD ..\obj\u8g_dev_uc1601_c128032.o
LOAD ..\obj\mcp23017.o
LOAD ..\obj\u8g_dev_ssd1353_160x128.o
LOAD ..\obj\startup_stm32f10x_md.o
LOAD ..\obj\u8g_pbxh24.o
LOAD ..\obj\SI4703.o
LOAD ..\obj\u8g_com_arduino_std_sw_spi.o
LOAD ..\obj\u8g_dev_ssd1325_nhd27oled_gr.o
LOAD ..\obj\u8g_dev_ssd1306_128x64.o
LOAD ..\obj\stm32f10x_can.o
LOAD ..\obj\u8g_pb14v1.o
LOAD ..\obj\u8g_rect.o
LOAD ..\obj\u8g_dev_st7565_nhd_c12864.o
LOAD ..\obj\stm32f10x_iwdg.o
LOAD ..\obj\RelayBoard.o
LOAD ..\obj\u8g_dev_lc7981_160x80.o
LOAD ..\obj\u8g_dev_lc7981_320x64.o
LOAD ..\obj\stm32f10x_tim.o
LOAD ..\obj\u8g_com_arduino_fast_parallel.o
LOAD ..\obj\u8g_fonts.o
LOAD ..\obj\u8g_com_null.o
LOAD ..\obj\u8g_dev_flipdisc_2x7.o
LOAD ..\obj\u8g_com_arduino_ssd_i2c.o
LOAD ..\obj\u8g_com_atmega_sw_spi.o
LOAD ..\obj\EntController.o
LOAD ..\obj\u8g_pb16v1.o
LOAD ..\obj\u8g_pb8h1f.o
LOAD ..\obj\u8g_pb16h1.o
LOAD ..\obj\delay.o
LOAD ..\obj\u8g_dev_st7920_202x32.o
LOAD ..\obj\u8g_dev_ks0108_128x64.o
LOAD ..\obj\u8g_dev_lc7981_240x64.o
LOAD ..\obj\u8g_com_atmega_st7920_spi.o
LOAD ..\obj\u8g_dev_st7920_192x32.o
LOAD ..\obj\u8g_delay.o
LOAD ..\obj\u8g_arm_uart.o
LOAD ..\obj\stm32f10x_dma.o
LOAD ..\obj\u8g_com_atxmega_hw_spi.o
LOAD ..\obj\u8g_dev_ld7032_60x32.o
LOAD ..\obj\u8g_com_api_16gr.o
LOAD ..\obj\u8g_dev_ssd1322_nhd31oled_gr.o
LOAD ..\obj\u8g_com_atmega_parallel.o
LOAD ..\obj\u8g_dev_ssd1325_nhd27oled_gr_new.o
LOAD ..\obj\stm32f10x_dbgmcu.o
LOAD ..\obj\u8g_line.o
LOAD ..\obj\chessengine.o
LOAD ..\obj\u8g_com_arduino_t6963.o
LOAD ..\obj\u8g_dev_uc1611_dogm240.o
LOAD ..\obj\u8g_dev_ssd1306_64x48.o
LOAD ..\obj\u8g_com_atmega_hw_spi.o
LOAD ..\obj\u8g_dev_st7565_dogm128.o
LOAD ..\obj\u8g_dev_ssd1306_128x32.o
LOAD ..\obj\stm32f10x_spi.o
LOAD ..\obj\usart.o
LOAD ..\obj\stm32f10x_wwdg.o
LOAD ..\obj\u8g_dev_ht1632.o
LOAD ..\obj\u8g_dev_lc7981_240x128.o
LOAD ..\obj\u8g_com_atmega_st7920_hw_spi.o
LOAD ..\obj\u8g_u8toa.o
LOAD ..\obj\u8g_dev_ssd1325_nhd27oled_bw.o
LOAD ..\obj\u8g_dev_sbn1661_122x32.o
LOAD ..\obj\u8g_dev_st7565_64128n.o
LOAD ..\obj\u8g_pb32h1.o
LOAD ..\obj\u8g_pb8h1.o
LOAD ..\obj\main.o
LOAD ..\obj\stm32f10x_rtc.o
LOAD ..\obj\SpaController.o
LOAD ..\obj\u8g_dev_uc1701_mini12864.o
LOAD ..\obj\stm32f10x_usart.o
LOAD ..\obj\u8g_dev_ssd1309_128x64.o
LOAD ..\obj\u8g_dev_uc1701_dogs102.o
LOAD ..\obj\stm32f10x_adc.o
LOAD ..\obj\u8g_dev_ssd1327_96x96_gr.o
LOAD ..\obj\u8g_com_arduino_st7920_hw_spi.o
LOAD ..\obj\u8g_font.o
LOAD ..\obj\u8g_clip.o
LOAD ..\obj\u8g_pb8h2.o
LOAD ..\obj\u8g_dev_null.o
LOAD ..\obj\u8g_com_arduino_uc_i2c.o
LOAD ..\obj\u8g_pb8v2.o
LOAD ..\obj\u8g_pbxh16.o
LOAD ..\obj\LEDS.o
LOAD ..\obj\OVC3860.o
LOAD ..\obj\RDSParser.o
LOAD ..\obj\u8g_com_raspberrypi_ssd_i2c.o
LOAD ..\obj\u8g_polygon.o
LOAD ..\obj\u8g_virtual_screen.o
LOAD ..\obj\misc.o
LOAD ..\obj\stm32f10x_i2c.o
LOAD ..\obj\u8g_dev_uc1610_dogxl160.o
LOAD ..\obj\u8g_pb8h8.o
LOAD ..\obj\system_stm32f10x.o
LOAD ..\obj\u8g_dev_uc1608_240x128.o
LOAD ..\obj\u8g_dev_st7687_c144mvgd.o
LOAD ..\obj\u8g_dev_a2_micro_printer.o
LOAD ..\obj\u8g_dev_t6963_128x64.o
LOAD ..\obj\stm32f10x_bkp.o
LOAD ..\obj\u8g_com_arduino_no_en_parallel.o
LOAD ..\obj\stm32f10x_flash.o
LOAD ..\obj\u8g_com_psoc5_ssd_hw_parallel.o
LOAD ..\obj\u8g_dev_ssd1351_128x128.o
LOAD ..\obj\u8g_com_arduino_hw_spi.o
LOAD ..\obj\u8g_dev_st7565_lm6063.o
LOAD ..\obj\u8g_dev_t6963_240x64.o
LOAD ..\obj\u8g_dev_uc1608_240x64.o
LOAD ..\obj\u8g_circle.o
LOAD ..\obj\u8g_dev_gprof.o
LOAD ..\obj\u8g_u16toa.o
LOAD ..\obj\u8g_com_arduino_parallel.o
LOAD ..\obj\u8g_rot.o
LOAD ..\obj\u8g_dev_ssd1322_nhd31oled_bw.o
LOAD ..\obj\u8g_scale.o
LOAD ..\obj\u8g_dev_ssd1325_nhd27oled_bw_new.o
LOAD ..\obj\u8g_dev_st7565_nhd_c12832.o
LOAD ..\obj\u8g_dev_t6963_128x128.o
LOAD ..\obj\u8g_com_arduino_sw_spi.o
LOAD ..\obj\stm32f10x_exti.o
LOAD ..\obj\u8g_com_std_sw_spi.o
LOAD ..\..\..\..\..\..\..\..\Program Files (x86)\GNU Tools ARM Embedded\5.3 2016q1\arm-none-eabi\lib\armv7-m\libstdc++_nano.a
LOAD ..\..\..\..\..\..\..\..\Program Files (x86)\GNU Tools ARM Embedded\5.3 2016q1\arm-none-eabi\lib\armv7-m\libsupc++_nano.a
LOAD ..\..\..\..\..\..\..\..\Program Files (x86)\GNU Tools ARM Embedded\5.3 2016q1\arm-none-eabi\lib\armv7-m\libnosys.a
START GROUP
LOAD c:/program files (x86)/gnu tools arm embedded/5.3 2016q1/bin/../lib/gcc/arm-none-eabi/5.3.1/armv7-m\libgcc.a
LOAD ..\..\..\..\..\..\..\..\Program Files (x86)\GNU Tools ARM Embedded\5.3 2016q1\arm-none-eabi\lib\armv7-m\libg.a
LOAD ..\..\..\..\..\..\..\..\Program Files (x86)\GNU Tools ARM Embedded\5.3 2016q1\arm-none-eabi\lib\armv7-m\libc.a
END GROUP
OUTPUT(JacuzziV2.elf elf32-littlearm)

.debug_info     0x00000000    0x24fab
 .debug_info    0x00000000      0x878 ..\obj\u8g_pb.o
 .debug_info    0x00000878      0x43b ..\obj\u8g_com_arduino_st7920_custom.o
 .debug_info    0x00000cb3     0x154a ..\obj\printf.o
 .debug_info    0x000021fd      0x3cf ..\obj\syscalls.o
 .debug_info    0x000025cc      0xb46 ..\obj\u8g_dev_st7920_128x64.o
 .debug_info    0x00003112      0x9fc ..\obj\u8g_com_api.o
 .debug_info    0x00003b0e      0xa85 ..\obj\TemperatureSensor.o
 .debug_info    0x00004593      0xd52 ..\obj\radio.o
 .debug_info    0x000052e5     0x1539 ..\obj\DS18B20.o
 .debug_info    0x0000681e      0x45c ..\obj\u8g_state.o
 .debug_info    0x00006c7a     0x1c12 ..\obj\Display.o
 .debug_info    0x0000888c     0x1afe ..\obj\u8g_ll_api.o
 .debug_info    0x0000a38a      0x19c ..\obj\u8g_page.o
 .debug_info    0x0000a526      0x88f ..\obj\stm32f10x_gpio.o
 .debug_info    0x0000adb5     0x10c0 ..\obj\Keypad.o
 .debug_info    0x0000be75      0x942 ..\obj\stm32f10x_rcc.o
 .debug_info    0x0000c7b7     0x13ee ..\obj\mcp23017.o
 .debug_info    0x0000dba5       0xcf ..\obj\startup_stm32f10x_md.o
 .debug_info    0x0000dc74     0x1759 ..\obj\SI4703.o
 .debug_info    0x0000f3cd      0xd27 ..\obj\u8g_rect.o
 .debug_info    0x000100f4      0xde3 ..\obj\RelayBoard.o
 .debug_info    0x00010ed7      0x159 ..\obj\u8g_fonts.o
 .debug_info    0x00011030      0x436 ..\obj\u8g_com_null.o
 .debug_info    0x00011466     0x329a ..\obj\EntController.o
 .debug_info    0x00014700      0x9ed ..\obj\delay.o
 .debug_info    0x000150ed      0xa00 ..\obj\u8g_arm_uart.o
 .debug_info    0x00015aed      0x505 ..\obj\u8g_line.o
 .debug_info    0x00015ff2      0x846 ..\obj\usart.o
 .debug_info    0x00016838      0x8a0 ..\obj\u8g_pb32h1.o
 .debug_info    0x000170d8      0x7d6 ..\obj\u8g_pb8h1.o
 .debug_info    0x000178ae     0x1f7b ..\obj\main.o
 .debug_info    0x00019829     0x3080 ..\obj\SpaController.o
 .debug_info    0x0001c8a9      0xb26 ..\obj\stm32f10x_usart.o
 .debug_info    0x0001d3cf     0x2adf ..\obj\u8g_font.o
 .debug_info    0x0001feae      0x4f5 ..\obj\u8g_clip.o
 .debug_info    0x000203a3      0xcdc ..\obj\LEDS.o
 .debug_info    0x0002107f     0x15a5 ..\obj\OVC3860.o
 .debug_info    0x00022624      0x950 ..\obj\RDSParser.o
 .debug_info    0x00022f74      0x55c ..\obj\misc.o
 .debug_info    0x000234d0      0xb2b ..\obj\stm32f10x_i2c.o
 .debug_info    0x00023ffb      0x4c4 ..\obj\system_stm32f10x.o
 .debug_info    0x000244bf      0xaec ..\obj\u8g_circle.o

.debug_abbrev   0x00000000     0x67b6
 .debug_abbrev  0x00000000      0x216 ..\obj\u8g_pb.o
 .debug_abbrev  0x00000216      0x106 ..\obj\u8g_com_arduino_st7920_custom.o
 .debug_abbrev  0x0000031c      0x434 ..\obj\printf.o
 .debug_abbrev  0x00000750      0x147 ..\obj\syscalls.o
 .debug_abbrev  0x00000897      0x192 ..\obj\u8g_dev_st7920_128x64.o
 .debug_abbrev  0x00000a29      0x1ee ..\obj\u8g_com_api.o
 .debug_abbrev  0x00000c17      0x275 ..\obj\TemperatureSensor.o
 .debug_abbrev  0x00000e8c      0x2ec ..\obj\radio.o
 .debug_abbrev  0x00001178      0x3fa ..\obj\DS18B20.o
 .debug_abbrev  0x00001572      0x14b ..\obj\u8g_state.o
 .debug_abbrev  0x000016bd      0x41c ..\obj\Display.o
 .debug_abbrev  0x00001ad9      0x37b ..\obj\u8g_ll_api.o
 .debug_abbrev  0x00001e54       0xf3 ..\obj\u8g_page.o
 .debug_abbrev  0x00001f47      0x200 ..\obj\stm32f10x_gpio.o
 .debug_abbrev  0x00002147      0x35e ..\obj\Keypad.o
 .debug_abbrev  0x000024a5      0x26e ..\obj\stm32f10x_rcc.o
 .debug_abbrev  0x00002713      0x2ac ..\obj\mcp23017.o
 .debug_abbrev  0x000029bf       0x12 ..\obj\startup_stm32f10x_md.o
 .debug_abbrev  0x000029d1      0x490 ..\obj\SI4703.o
 .debug_abbrev  0x00002e61      0x152 ..\obj\u8g_rect.o
 .debug_abbrev  0x00002fb3      0x2a9 ..\obj\RelayBoard.o
 .debug_abbrev  0x0000325c       0x6c ..\obj\u8g_fonts.o
 .debug_abbrev  0x000032c8      0x106 ..\obj\u8g_com_null.o
 .debug_abbrev  0x000033ce      0x5f0 ..\obj\EntController.o
 .debug_abbrev  0x000039be      0x2bc ..\obj\delay.o
 .debug_abbrev  0x00003c7a      0x275 ..\obj\u8g_arm_uart.o
 .debug_abbrev  0x00003eef      0x157 ..\obj\u8g_line.o
 .debug_abbrev  0x00004046      0x1d6 ..\obj\usart.o
 .debug_abbrev  0x0000421c      0x222 ..\obj\u8g_pb32h1.o
 .debug_abbrev  0x0000443e      0x1bc ..\obj\u8g_pb8h1.o
 .debug_abbrev  0x000045fa      0x4ce ..\obj\main.o
 .debug_abbrev  0x00004ac8      0x5f5 ..\obj\SpaController.o
 .debug_abbrev  0x000050bd      0x1e4 ..\obj\stm32f10x_usart.o
 .debug_abbrev  0x000052a1      0x3fd ..\obj\u8g_font.o
 .debug_abbrev  0x0000569e      0x14f ..\obj\u8g_clip.o
 .debug_abbrev  0x000057ed      0x2a5 ..\obj\LEDS.o
 .debug_abbrev  0x00005a92      0x37a ..\obj\OVC3860.o
 .debug_abbrev  0x00005e0c      0x291 ..\obj\RDSParser.o
 .debug_abbrev  0x0000609d      0x156 ..\obj\misc.o
 .debug_abbrev  0x000061f3      0x240 ..\obj\stm32f10x_i2c.o
 .debug_abbrev  0x00006433      0x16e ..\obj\system_stm32f10x.o
 .debug_abbrev  0x000065a1      0x215 ..\obj\u8g_circle.o

.debug_loc      0x00000000    0x10176
 .debug_loc     0x00000000      0x7bf ..\obj\u8g_pb.o
 .debug_loc     0x000007bf       0x21 ..\obj\u8g_com_arduino_st7920_custom.o
 .debug_loc     0x000007e0      0xf60 ..\obj\printf.o
 .debug_loc     0x00001740       0xe7 ..\obj\syscalls.o
 .debug_loc     0x00001827      0x3ce ..\obj\u8g_dev_st7920_128x64.o
 .debug_loc     0x00001bf5      0x622 ..\obj\u8g_com_api.o
 .debug_loc     0x00002217      0x1d5 ..\obj\TemperatureSensor.o
 .debug_loc     0x000023ec      0x38f ..\obj\radio.o
 .debug_loc     0x0000277b      0xc38 ..\obj\DS18B20.o
 .debug_loc     0x000033b3       0x42 ..\obj\u8g_state.o
 .debug_loc     0x000033f5      0x65d ..\obj\Display.o
 .debug_loc     0x00003a52     0x1c60 ..\obj\u8g_ll_api.o
 .debug_loc     0x000056b2       0xd1 ..\obj\u8g_page.o
 .debug_loc     0x00005783      0x5d7 ..\obj\stm32f10x_gpio.o
 .debug_loc     0x00005d5a      0x182 ..\obj\Keypad.o
 .debug_loc     0x00005edc      0x739 ..\obj\stm32f10x_rcc.o
 .debug_loc     0x00006615      0x775 ..\obj\mcp23017.o
 .debug_loc     0x00006d8a      0x87e ..\obj\SI4703.o
 .debug_loc     0x00007608      0xafc ..\obj\u8g_rect.o
 .debug_loc     0x00008104      0x15b ..\obj\RelayBoard.o
 .debug_loc     0x0000825f       0x21 ..\obj\u8g_com_null.o
 .debug_loc     0x00008280      0x8dc ..\obj\EntController.o
 .debug_loc     0x00008b5c      0x12f ..\obj\delay.o
 .debug_loc     0x00008c8b      0x1c9 ..\obj\u8g_arm_uart.o
 .debug_loc     0x00008e54      0x33e ..\obj\u8g_line.o
 .debug_loc     0x00009192       0x79 ..\obj\usart.o
 .debug_loc     0x0000920b      0x678 ..\obj\u8g_pb32h1.o
 .debug_loc     0x00009883      0x4d8 ..\obj\u8g_pb8h1.o
 .debug_loc     0x00009d5b       0x78 ..\obj\main.o
 .debug_loc     0x00009dd3      0xbd6 ..\obj\SpaController.o
 .debug_loc     0x0000a9a9      0x84f ..\obj\stm32f10x_usart.o
 .debug_loc     0x0000b1f8     0x2d15 ..\obj\u8g_font.o
 .debug_loc     0x0000df0d      0x2b0 ..\obj\u8g_clip.o
 .debug_loc     0x0000e1bd       0xed ..\obj\LEDS.o
 .debug_loc     0x0000e2aa      0x782 ..\obj\OVC3860.o
 .debug_loc     0x0000ea2c      0x635 ..\obj\RDSParser.o
 .debug_loc     0x0000f061      0x193 ..\obj\misc.o
 .debug_loc     0x0000f1f4      0x6a0 ..\obj\stm32f10x_i2c.o
 .debug_loc     0x0000f894       0xbc ..\obj\system_stm32f10x.o
 .debug_loc     0x0000f950      0x826 ..\obj\u8g_circle.o

.debug_aranges  0x00000000      0x548
 .debug_aranges
                0x00000000       0x20 ..\obj\u8g_pb.o
 .debug_aranges
                0x00000020       0x20 ..\obj\u8g_com_arduino_st7920_custom.o
 .debug_aranges
                0x00000040       0x20 ..\obj\printf.o
 .debug_aranges
                0x00000060       0x20 ..\obj\syscalls.o
 .debug_aranges
                0x00000080       0x20 ..\obj\u8g_dev_st7920_128x64.o
 .debug_aranges
                0x000000a0       0x20 ..\obj\u8g_com_api.o
 .debug_aranges
                0x000000c0       0x20 ..\obj\TemperatureSensor.o
 .debug_aranges
                0x000000e0       0x20 ..\obj\radio.o
 .debug_aranges
                0x00000100       0x20 ..\obj\DS18B20.o
 .debug_aranges
                0x00000120       0x20 ..\obj\u8g_state.o
 .debug_aranges
                0x00000140       0x20 ..\obj\Display.o
 .debug_aranges
                0x00000160       0x20 ..\obj\u8g_ll_api.o
 .debug_aranges
                0x00000180       0x20 ..\obj\u8g_page.o
 .debug_aranges
                0x000001a0       0x20 ..\obj\stm32f10x_gpio.o
 .debug_aranges
                0x000001c0       0x20 ..\obj\Keypad.o
 .debug_aranges
                0x000001e0       0x20 ..\obj\stm32f10x_rcc.o
 .debug_aranges
                0x00000200       0x20 ..\obj\mcp23017.o
 .debug_aranges
                0x00000220       0x28 ..\obj\startup_stm32f10x_md.o
 .debug_aranges
                0x00000248       0x20 ..\obj\SI4703.o
 .debug_aranges
                0x00000268       0x20 ..\obj\u8g_rect.o
 .debug_aranges
                0x00000288       0x20 ..\obj\RelayBoard.o
 .debug_aranges
                0x000002a8       0x18 ..\obj\u8g_fonts.o
 .debug_aranges
                0x000002c0       0x20 ..\obj\u8g_com_null.o
 .debug_aranges